[ENV]: Started init Environment
[ENV]: ACTIONS_SPACE: 66, [(0.0, 0.09375, 0.4), (0.0, 0.6875, 0.4), (1.0, 0.09375, 0.4), (1.0, 0.59375, 0.4), (0.0, 0.46875, 0.4), (0.0, 0.5625, 0.4), (0.0, 0.28125, 0.4), (1.0, 0.6875, 0.4), (0.0, 0.375, 0.4), (0.0, 0.1875, 0.4), (1.0, 0.0625, 0.4), (1.0, 0.5, 0.4), (0.0, 0.4375, 0.4), (1.0, 0.0, 0.4), (0.0, 0.25, 0.4), (1.0, 0.96875, 0.4), (0.0, 0.8125, 0.4), (1.0, 0.25, 0.4), (0.0, 0.125, 0.4), (0.0, 0.65625, 0.4), (1.0, 0.8125, 0.4), (1.0, 0.34375, 0.4), (0.0, 0.0, 0.4), (1.0, 0.1875, 0.4), (1.0, 1.0, 0.4), (0.0, 0.96875, 0.4), (1.0, 0.78125, 0.4), (0.0, 0.15625, 0.4), (1.0, 0.71875, 0.4), (0.0, 0.9375, 0.4), (1.0, 0.375, 0.4), (1.0, 0.40625, 0.4), (0.0, 0.75, 0.4), (0.0, 0.625, 0.4), (0.0, 0.90625, 0.4), (1.0, 0.75, 0.4), (0.0, 0.03125, 0.4), (1.0, 0.53125, 0.4), (0.0, 0.53125, 0.4), (1.0, 0.46875, 0.4), (0.0, 0.875, 0.4), (1.0, 0.03125, 0.4), (1.0, 0.90625, 0.4), (0.0, 1.0, 0.4), (0.0, 0.78125, 0.4), (1.0, 0.21875, 0.4), (0.0, 0.84375, 0.4), (1.0, 0.84375, 0.4), (1.0, 0.3125, 0.4), (1.0, 0.125, 0.4), (0.0, 0.0625, 0.4), (1.0, 0.875, 0.4), (0.0, 0.40625, 0.4), (1.0, 0.15625, 0.4), (0.0, 0.5, 0.4), (0.0, 0.59375, 0.4), (1.0, 0.65625, 0.4), (1.0, 0.28125, 0.4), (1.0, 0.5625, 0.4), (1.0, 0.4375, 0.4), (1.0, 0.9375, 0.4), (1.0, 0.625, 0.4), (0.0, 0.71875, 0.4), (0.0, 0.3125, 0.4), (0.0, 0.34375, 0.4), (0.0, 0.21875, 0.4)]
[ENV]: Finished init Environment
[TRAIN]: actions: 66, observations: 11
[TRAIN]: CUDA: True
[TRAIN]: (1/1600): reward: -8.717289388179779, rates: 0.28271061182022095, loss: 0, rho: 0.4000000000000001
[TRAIN]: (2/1600): reward: -9.610361576080322, rates: 5.389638423919678, loss: 0, rho: 0.4000000000000001
[TRAIN]: (3/1600): reward: -3.1466126441955566, rates: 5.853387355804443, loss: 0, rho: 0.4000000000000001
[TRAIN]: (4/1600): reward: -1.0237278118729591, rates: 8.97627218812704, loss: 1.6871271764530855, rho: 0.4000000000000001
[TRAIN]: (5/1600): reward: 1.8271222114562988, rates: 9.827122211456299, loss: 1.8985980927944184, rho: 0.4000000000000001
[TRAIN]: (6/1600): reward: 7.688687205314636, rates: 16.688687205314636, loss: 2.2048772901296614, rho: 0.4000000000000001
[TRAIN]: (7/1600): reward: -5.355181895196438, rates: 1.6448181048035622, loss: 2.158772897720337, rho: 0.4000000000000001
[TRAIN]: (8/1600): reward: -13.0, rates: 0, loss: 1.6926146775484086, rho: 0.4000000000000001
[TRAIN]: (9/1600): reward: 1.5225377082824707, rates: 8.52253770828247, loss: 1.7245430380105973, rho: 0.4000000000000001
[TRAIN]: (10/1600): reward: -3.8553967028856277, rates: 5.144603297114372, loss: 1.5626017957925797, rho: 0.4000000000000001
[TRAIN]: (11/1600): reward: -10.891890101134777, rates: 0.10810989886522293, loss: 1.5378127217292785, rho: 0.4000000000000001
[TRAIN]: (12/1600): reward: -7.600187301635742, rates: 6.399812698364258, loss: 1.499354387819767, rho: 0.4000000000000001
[TRAIN]: (13/1600): reward: -8.849712580442429, rates: 0.1502874195575714, loss: 1.3850787043571473, rho: 0.4000000000000001
[TRAIN]: (14/1600): reward: 1.7135076522827148, rates: 10.713507652282715, loss: 1.038512332737446, rho: 0.4000000000000001
[TRAIN]: (15/1600): reward: -10.0, rates: 0, loss: 1.164476992189884, rho: 0.4000000000000001
[TRAIN]: (16/1600): reward: -4.968802839517593, rates: 4.031197160482407, loss: 1.118401402235031, rho: 0.4000000000000001
[TRAIN]: (17/1600): reward: -10.165207862854004, rates: 2.834792137145996, loss: 1.037201388180256, rho: 0.4000000000000001
[TRAIN]: (18/1600): reward: -9.869374081492424, rates: 0.130625918507576, loss: 1.1006658628582955, rho: 0.4000000000000001
[TRAIN]: (19/1600): reward: 1.3905720710754395, rates: 11.39057207107544, loss: 0.9161914214491844, rho: 0.4000000000000001
[TRAIN]: (20/1600): reward: -10.94529901817441, rates: 0.054700981825590134, loss: 0.8622640758752823, rho: 0.4000000000000001
[TRAIN]: (21/1600): reward: -10.930590972304344, rates: 0.06940902769565582, loss: 0.9604293510317803, rho: 0.4000000000000001
[TRAIN]: (22/1600): reward: -9.857281118631363, rates: 0.14271888136863708, loss: 0.9168180488049984, rho: 0.4000000000000001
[TRAIN]: (23/1600): reward: -9.476172685623169, rates: 3.523827314376831, loss: 0.8454247370362282, rho: 0.4000000000000001
[TRAIN]: (24/1600): reward: -3.731665790081024, rates: 6.268334209918976, loss: 0.8240323483943939, rho: 0.4000000000000001
[TRAIN]: (25/1600): reward: -15.0, rates: 0, loss: 0.7995651118457318, rho: 0.4000000000000001
[TRAIN]: (26/1600): reward: -1.4932569488883018, rates: 9.506743051111698, loss: 0.77176768258214, rho: 0.4000000000000001
[TRAIN]: (27/1600): reward: -7.517505377531052, rates: 0.48249462246894836, loss: 0.8879181265830993, rho: 0.4000000000000001
[TRAIN]: (28/1600): reward: -9.0, rates: 0, loss: 1.1778188303112984, rho: 0.4000000000000001
[TRAIN]: (29/1600): reward: -13.0, rates: 0, loss: 1.0915429301559925, rho: 0.4000000000000001
[TRAIN]: (30/1600): reward: 10.640913486480713, rates: 19.640913486480713, loss: 0.8962021410465241, rho: 0.4000000000000001
[MAIN]: END
