[MAIN]: START
[ENV]: Started init Environment
[ENV]: ACTIONS_SPACE: 66
[ENV]: Finished init Environment
[TRAIN]: actions: 66, observations: 12
[TRAIN]: CUDA: True
[TRAIN]: (1/1600): reward: -14.717289388179779, rates: 0.2827106194849325, loss: 0, rho: 0.4000000000000001, transmit_actions: 7, P: [0.875, 0.4375, 0.40625, 0.71875, 0.75, 0.3125, 0.34375, 0.21875, 0.21875, 0.5625, 0.4375, 0.78125, 0.5625, 0.71875, 0.71875, 0.03125, 0.34375, 0.90625, 0.625, 0.46875]
[TRAIN]: (2/1600): reward: -6.452646836638451, rates: 7.5473533081326405, loss: 0, rho: 0.4000000000000001, transmit_actions: 13, P: [0.53125, 0.34375, 0.34375, 0.40625, 0.46875, 0.78125, 0.71875, 0.21875, 0.84375, 0.1875, 1.0, 0.6875, 1.0, 0.0, 0.6875, 0.28125, 0.90625, 0.9375, 0.0, 0.25]
[TRAIN]: (3/1600): reward: -7.888859689235687, rates: 6.111140545170613, loss: 0, rho: 0.4000000000000001, transmit_actions: 10, P: [0.90625, 0.40625, 0.78125, 0.6875, 0.5, 0.46875, 0.6875, 0.84375, 0.84375, 0.0, 0.40625, 0.59375, 0.0625, 0.25, 0.375, 0.59375, 0.5625, 0.09375, 0.84375, 0.75]
[TRAIN]: (4/1600): reward: 5.144989728927612, rates: 18.144989495825534, loss: 3.0228405349394856, rho: 0.4000000000000001, transmit_actions: 13, P: [0.8125, 0.8125, 0.1875, 0.09375, 0.125, 0.5625, 0.40625, 0.65625, 0.46875, 0.09375, 0.78125, 0.25, 0.03125, 1.0, 0.71875, 0.59375, 0.46875, 0.28125, 0.5625, 0.625]
[TRAIN]: (5/1600): reward: 6.661081314086914, rates: 20.66108134550874, loss: 3.8992894291877747, rho: 0.4000000000000001, transmit_actions: 10, P: [0.875, 0.65625, 0.9375, 0.71875, 0.5, 0.875, 0.0, 0.59375, 0.28125, 0.8125, 0.0625, 0.71875, 0.21875, 0.03125, 0.125, 1.0, 0.625, 0.625, 0.15625, 0.09375]
[TRAIN]: (6/1600): reward: -5.986002027988434, rates: 7.013997801891296, loss: 3.7826072216033935, rho: 0.4000000000000001, transmit_actions: 12, P: [0.25, 0.6875, 0.75, 0.46875, 0.8125, 0.8125, 0.34375, 0.4375, 0.5625, 0.9375, 0.21875, 0.46875, 0.40625, 0.9375, 0.65625, 0.1875, 0.75, 0.0625, 0.9375, 0.84375]
[TRAIN]: (7/1600): reward: 4.202283948659897, rates: 17.20228389176301, loss: 3.7037447333335876, rho: 0.4000000000000001, transmit_actions: 11, P: [0.75, 0.5, 0.75, 0.09375, 0.65625, 0.46875, 0.125, 0.40625, 0.8125, 0.25, 0.21875, 0.5, 0.375, 0.0, 0.4375, 0.09375, 0.1875, 0.9375, 0.0, 0.15625]
[TRAIN]: (8/1600): reward: -6.583714544773102, rates: 7.41628526493437, loss: 3.8690131425857546, rho: 0.4000000000000001, transmit_actions: 8, P: [0.59375, 0.4375, 0.5625, 0.46875, 0.3125, 0.15625, 0.78125, 0.59375, 0.5, 0.21875, 0.09375, 0.28125, 0.15625, 0.1875, 0.4375, 0.625, 0.84375, 0.09375, 0.96875, 0.84375]
[TRAIN]: (9/1600): reward: 0.7041722536087036, rates: 14.704172461385717, loss: 3.524619686603546, rho: 0.4000000000000001, transmit_actions: 8, P: [0.53125, 0.84375, 0.46875, 0.09375, 0.40625, 0.4375, 0.0, 0.46875, 0.96875, 0.09375, 0.28125, 0.6875, 0.40625, 0.71875, 0.4375, 0.78125, 0.1875, 0.09375, 0.03125, 0.59375]
[TRAIN]: (10/1600): reward: 1.7062934190034866, rates: 8.70629356819498, loss: 2.9213629007339477, rho: 0.4000000000000001, transmit_actions: 8, P: [0.84375, 0.46875, 0.1875, 0.71875, 0.71875, 1.0, 0.25, 0.84375, 0.0625, 0.4375, 0.25, 0.78125, 0.0625, 0.96875, 0.75, 0.96875, 0.96875, 0.0625, 0.90625, 0.0625]
[TRAIN]: (11/1600): reward: -10.491802334785461, rates: 4.508197702472458, loss: 2.5711516737937927, rho: 0.4000000000000001, transmit_actions: 8, P: [0.15625, 0.0, 0.59375, 0.9375, 0.5625, 0.3125, 0.53125, 0.21875, 0.5625, 0.125, 0.84375, 0.90625, 0.625, 0.625, 0.15625, 0.71875, 0.53125, 0.0625, 0.9375, 0.8125]
[TRAIN]: (12/1600): reward: -8.154735192656517, rates: 4.845264654196099, loss: 2.448584872484207, rho: 0.4000000000000001, transmit_actions: 12, P: [0.71875, 0.625, 0.5, 0.0625, 0.4375, 0.1875, 0.21875, 0.0, 0.125, 0.15625, 0.375, 0.5, 0.46875, 0.8125, 0.53125, 0.125, 0.9375, 0.90625, 0.65625, 0.0]
[TRAIN]: (13/1600): reward: -8.28254845738411, rates: 6.717451379331827, loss: 2.3471852481365203, rho: 0.4000000000000001, transmit_actions: 8, P: [0.03125, 0.25, 0.65625, 0.5, 0.4375, 0.90625, 0.40625, 0.21875, 0.75, 0.34375, 0.8125, 0.4375, 0.375, 0.875, 0.21875, 0.125, 0.4375, 0.65625, 0.59375, 0.125]
[TRAIN]: (14/1600): reward: -11.425919968634844, rates: 0.574080023211145, loss: 2.2669438779354096, rho: 0.4000000000000001, transmit_actions: 8, P: [0.1875, 0.0625, 0.21875, 0.28125, 0.625, 0.75, 0.875, 0.75, 0.40625, 0.9375, 0.84375, 0.90625, 0.0625, 0.71875, 1.0, 0.875, 0.3125, 0.6875, 0.875, 0.4375]
[TRAIN]: (15/1600): reward: 1.276932742446661, rates: 12.27693279227231, loss: 2.1622081339359283, rho: 0.4000000000000001, transmit_actions: 11, P: [0.4375, 0.0, 0.4375, 0.09375, 0.875, 0.15625, 0.125, 0.15625, 0.4375, 0.125, 0.96875, 0.75, 1.0, 0.71875, 0.25, 0.6875, 0.59375, 0.625, 0.75, 0.21875]
[TRAIN]: (16/1600): reward: -10.129747450351715, rates: 1.8702525507463457, loss: 2.3058059573173524, rho: 0.4000000000000001, transmit_actions: 12, P: [0.0, 0.4375, 0.78125, 0.1875, 0.78125, 0.09375, 0.71875, 0.375, 0.71875, 0.90625, 0.5625, 0.90625, 0.34375, 0.5625, 0.59375, 0.0625, 0.78125, 0.0, 0.875, 0.75]
[TRAIN]: (17/1600): reward: -7.958425924181938, rates: 6.041574238631657, loss: 2.151189225912094, rho: 0.4000000000000001, transmit_actions: 9, P: [0.25, 0.28125, 0.8125, 0.3125, 0.3125, 0.4375, 0.53125, 0.65625, 0.6875, 0.03125, 0.4375, 0.09375, 0.84375, 0.46875, 0.3125, 0.65625, 0.78125, 0.46875, 0.3125, 0.25]
[TRAIN]: (18/1600): reward: -3.9048955887556076, rates: 10.095104448034338, loss: 1.9457033395767211, rho: 0.4000000000000001, transmit_actions: 12, P: [0.625, 0.53125, 0.1875, 0.625, 0.875, 0.53125, 0.90625, 0.46875, 0.0625, 0.5, 0.21875, 0.78125, 0.0625, 0.65625, 0.34375, 0.5, 0.46875, 0.5625, 0.9375, 0.5625]
[TRAIN]: (19/1600): reward: -9.302012771368027, rates: 5.697987326827987, loss: 2.1386146664619448, rho: 0.4000000000000001, transmit_actions: 9, P: [0.9375, 0.75, 0.6875, 0.25, 0.25, 0.3125, 0.84375, 0.15625, 0.875, 0.21875, 0.1875, 0.90625, 0.5625, 0.84375, 0.34375, 0.3125, 0.65625, 0.53125, 0.4375, 0.25]
[TRAIN]: (20/1600): reward: -11.827618822455406, rates: 0.17238117793179322, loss: 2.051741862297058, rho: 0.4000000000000001, transmit_actions: 6, P: [0.65625, 0.15625, 0.90625, 0.03125, 0.8125, 0.4375, 0.375, 0.9375, 1.0, 0.84375, 0.1875, 0.21875, 0.25, 0.25, 0.9375, 0.90625, 0.3125, 0.875, 1.0, 0.75]
[TRAIN]: (21/1600): reward: -13.362422406673431, rates: 0.6375775876348013, loss: 1.8312968730926513, rho: 0.4000000000000001, transmit_actions: 7, P: [0.34375, 0.03125, 0.875, 0.53125, 0.1875, 0.84375, 0.46875, 0.0625, 0.625, 0.0, 0.625, 0.21875, 0.65625, 0.625, 0.5, 0.1875, 0.875, 0.3125, 0.8125, 0.59375]
[TRAIN]: (22/1600): reward: -11.830697536468506, rates: 4.1693024988445595, loss: 1.7201816856861114, rho: 0.4000000000000001, transmit_actions: 12, P: [0.0, 0.78125, 0.34375, 0.21875, 0.1875, 0.59375, 0.6875, 0.03125, 0.375, 0.125, 0.03125, 0.9375, 0.65625, 0.84375, 0.875, 0.96875, 0.3125, 0.4375, 0.125, 0.78125]
[TRAIN]: (23/1600): reward: 1.8728121519088745, rates: 11.87281189953967, loss: 1.9171262800693512, rho: 0.4000000000000001, transmit_actions: 11, P: [0.90625, 0.75, 0.125, 0.15625, 0.84375, 0.75, 0.5, 1.0, 1.0, 0.40625, 0.375, 0.5625, 1.0, 0.84375, 0.6875, 0.125, 0.0, 0.375, 0.59375, 0.65625]
[TRAIN]: (24/1600): reward: 7.907750815153122, rates: 18.907750936233136, loss: 2.0294288098812103, rho: 0.4000000000000001, transmit_actions: 13, P: [0.90625, 0.8125, 0.03125, 0.25, 1.0, 0.0625, 0.9375, 0.28125, 0.0625, 0.9375, 0.71875, 0.875, 0.5, 0.21875, 0.3125, 0.875, 0.5625, 0.34375, 0.40625, 0.125]
[TRAIN]: (25/1600): reward: -6.948470778763294, rates: 5.051529185710403, loss: 2.228144496679306, rho: 0.4000000000000001, transmit_actions: 11, P: [0.28125, 0.5625, 0.0, 0.28125, 0.8125, 0.96875, 0.34375, 0.0, 0.1875, 0.0625, 0.46875, 0.5625, 0.6875, 0.75, 0.0, 0.78125, 0.71875, 0.0, 0.59375, 0.125]
[TRAIN]: (26/1600): reward: -8.98161494731903, rates: 6.018384821808998, loss: 2.078575736284256, rho: 0.4000000000000001, transmit_actions: 9, P: [0.5, 0.5, 1.0, 0.4375, 0.28125, 0.9375, 0.375, 0.375, 0.625, 0.25, 0.59375, 0.25, 0.34375, 0.6875, 0.28125, 0.96875, 0.09375, 1.0, 0.375, 0.25]
[TRAIN]: (27/1600): reward: -1.3417460322380066, rates: 11.658254226138421, loss: 2.178776425123215, rho: 0.4000000000000001, transmit_actions: 12, P: [0.84375, 0.71875, 0.09375, 0.8125, 0.25, 0.40625, 0.0, 0.4375, 0.15625, 0.28125, 0.15625, 0.3125, 1.0, 0.0625, 0.34375, 0.8125, 0.21875, 0.0, 0.65625, 0.78125]
[TRAIN]: (28/1600): reward: -11.81167060136795, rates: 4.1883296332186655, loss: 2.2223979592323304, rho: 0.4000000000000001, transmit_actions: 17, P: [0.0, 0.3125, 0.96875, 0.53125, 1.0, 0.59375, 0.125, 0.5, 0.8125, 0.0625, 0.875, 0.53125, 0.4375, 0.4375, 0.9375, 0.90625, 0.03125, 0.71875, 0.75, 0.9375]
[TRAIN]: (29/1600): reward: -0.8878998905420303, rates: 11.112099974750784, loss: 2.2638364374637603, rho: 0.4000000000000001, transmit_actions: 10, P: [0.15625, 0.25, 0.0, 0.59375, 0.96875, 0.15625, 1.0, 0.0625, 0.5625, 0.25, 0.59375, 0.625, 0.9375, 0.28125, 0.71875, 0.125, 0.875, 0.46875, 0.96875, 0.0]
[TRAIN]: (30/1600): reward: -3.485442817211151, rates: 11.514556814652897, loss: 1.9484604001045227, rho: 0.4000000000000001, transmit_actions: 6, P: [0.25, 0.1875, 0.5, 0.4375, 0.53125, 0.78125, 0.8125, 0.03125, 0.75, 0.375, 0.40625, 0.15625, 0.46875, 0.5625, 0.53125, 0.96875, 0.90625, 0.09375, 0.15625, 0.15625]
[TRAIN]: (31/1600): reward: -10.945259355008602, rates: 0.054740644315856686, loss: 1.970645123720169, rho: 0.4000000000000001, transmit_actions: 8, P: [0.90625, 0.625, 0.0625, 0.96875, 0.59375, 0.8125, 0.34375, 0.28125, 0.5625, 0.78125, 0.125, 0.9375, 0.75, 1.0, 0.9375, 0.65625, 1.0, 0.9375, 1.0, 0.46875]
[TRAIN]: (32/1600): reward: -9.91517162322998, rates: 5.084828419171859, loss: 2.0520139038562775, rho: 0.4000000000000001, transmit_actions: 11, P: [0.1875, 0.34375, 0.84375, 0.9375, 0.71875, 0.8125, 0.46875, 0.78125, 0.53125, 0.4375, 0.6875, 0.59375, 0.96875, 0.875, 0.6875, 0.875, 0.75, 1.0, 0.65625, 0.1875]
[TRAIN]: (33/1600): reward: -9.213829681277275, rates: 5.786170318514653, loss: 2.126499021053314, rho: 0.4000000000000001, transmit_actions: 10, P: [0.15625, 0.9375, 0.09375, 0.03125, 0.8125, 0.15625, 0.65625, 0.8125, 0.3125, 0.375, 0.28125, 0.75, 0.0625, 0.3125, 0.625, 0.375, 0.65625, 0.53125, 0.9375, 0.96875]
[TRAIN]: (34/1600): reward: 7.720086183398962, rates: 16.720086251318186, loss: 2.022045040130615, rho: 0.4000000000000001, transmit_actions: 10, P: [0.90625, 0.0625, 0.40625, 0.375, 0.15625, 0.6875, 0.625, 0.40625, 0.25, 0.0625, 0.59375, 0.96875, 0.5625, 0.0625, 0.0625, 0.9375, 0.3125, 0.03125, 0.15625, 0.375]
[TRAIN]: (35/1600): reward: -3.4530926570296288, rates: 10.546907310724286, loss: 2.180778443813324, rho: 0.4000000000000001, transmit_actions: 12, P: [0.71875, 0.6875, 0.5, 0.09375, 0.28125, 0.125, 0.59375, 0.875, 0.9375, 0.21875, 0.90625, 0.4375, 0.84375, 0.21875, 0.84375, 0.3125, 0.375, 0.5625, 0.71875, 0.75]
[TRAIN]: (36/1600): reward: 4.012634575366974, rates: 16.012634256462338, loss: 2.0626659274101256, rho: 0.4000000000000001, transmit_actions: 8, P: [0.59375, 0.59375, 0.625, 0.5625, 0.8125, 0.125, 0.78125, 0.03125, 0.375, 0.28125, 0.125, 0.53125, 0.0, 0.5, 0.25, 0.59375, 0.25, 0.46875, 0.46875, 0.21875]
[TRAIN]: (37/1600): reward: -7.172913551330566, rates: 8.827086521967182, loss: 2.3245466887950896, rho: 0.4000000000000001, transmit_actions: 14, P: [0.90625, 0.9375, 0.28125, 0.21875, 1.0, 0.4375, 0.84375, 0.0, 0.78125, 0.84375, 0.75, 0.625, 0.03125, 0.21875, 0.65625, 0.59375, 0.5625, 1.0, 0.59375, 0.6875]
[TRAIN]: (38/1600): reward: -17.50500899553299, rates: 0.4949909974459899, loss: 2.2379362523555755, rho: 0.4000000000000001, transmit_actions: 8, P: [0.78125, 0.28125, 0.1875, 0.34375, 0.59375, 0.5, 0.15625, 0.375, 0.1875, 0.8125, 0.5625, 0.09375, 0.21875, 0.1875, 0.53125, 0.09375, 0.5625, 0.40625, 0.71875, 0.875]
[TRAIN]: (39/1600): reward: -7.6992309875786304, rates: 5.300768835726722, loss: 2.0034266769886018, rho: 0.4000000000000001, transmit_actions: 12, P: [0.375, 0.84375, 0.25, 0.375, 0.40625, 0.9375, 1.0, 0.0, 0.09375, 0.875, 0.0625, 0.34375, 0.75, 0.71875, 0.28125, 0.875, 0.5, 0.8125, 0.65625, 0.5]
[TRAIN]: (40/1600): reward: -12.770432472229004, rates: 4.229567325977947, loss: 1.9955526888370514, rho: 0.4000000000000001, transmit_actions: 11, P: [0.8125, 0.5625, 0.84375, 0.28125, 0.1875, 0.65625, 0.59375, 0.28125, 0.8125, 0.3125, 0.8125, 0.78125, 0.125, 0.09375, 0.75, 0.1875, 0.65625, 0.40625, 0.75, 0.65625]
[TRAIN]: (41/1600): reward: -6.865911640226841, rates: 7.134088097138058, loss: 2.235958629846573, rho: 0.4000000000000001, transmit_actions: 9, P: [0.9375, 0.4375, 1.0, 0.5, 0.59375, 0.90625, 0.71875, 0.21875, 0.46875, 0.0625, 0.59375, 0.5, 0.53125, 0.59375, 0.625, 0.625, 0.90625, 0.40625, 0.4375, 0.5625]
[TRAIN]: (42/1600): reward: -11.768831871449947, rates: 5.231167923231713, loss: 2.0171189963817597, rho: 0.4000000000000001, transmit_actions: 8, P: [0.84375, 0.4375, 0.40625, 0.8125, 0.5625, 0.03125, 0.84375, 0.15625, 0.25, 0.34375, 0.40625, 0.125, 0.25, 0.59375, 0.4375, 0.5625, 0.5, 0.125, 0.28125, 0.84375]
[TRAIN]: (43/1600): reward: -12.15902355313301, rates: 0.8409764739449267, loss: 2.1975413858890533, rho: 0.4000000000000001, transmit_actions: 15, P: [0.78125, 0.34375, 0.125, 0.9375, 0.0, 0.40625, 0.28125, 0.3125, 0.0, 0.40625, 0.625, 0.875, 0.875, 0.53125, 0.625, 0.875, 0.6875, 0.875, 0.5625, 0.78125]
[TRAIN]: (44/1600): reward: -13.815514519810677, rates: 0.1844854771249693, loss: 2.0842511355876923, rho: 0.4000000000000001, transmit_actions: 9, P: [0.5625, 0.4375, 0.25, 0.6875, 0.84375, 0.03125, 0.875, 0.875, 0.0, 0.03125, 0.0625, 0.625, 0.875, 0.375, 0.65625, 0.4375, 0.09375, 0.78125, 0.59375, 0.53125]
[TRAIN]: (45/1600): reward: -10.32925045862794, rates: 4.670749539104535, loss: 2.049961340427399, rho: 0.4000000000000001, transmit_actions: 7, P: [0.3125, 0.25, 0.28125, 0.6875, 0.90625, 0.875, 0.625, 0.09375, 0.625, 0.78125, 0.71875, 0.03125, 0.34375, 0.90625, 0.53125, 0.0625, 0.71875, 0.4375, 0.75, 0.0625]
[TRAIN]: (46/1600): reward: -1.1498892307281494, rates: 12.850110647423573, loss: 1.9960296392440795, rho: 0.4000000000000001, transmit_actions: 8, P: [0.34375, 0.15625, 0.84375, 0.375, 0.84375, 0.84375, 0.1875, 0.375, 0.71875, 0.78125, 0.4375, 0.375, 0.0625, 0.90625, 0.78125, 0.21875, 0.8125, 0.09375, 0.875, 0.9375]
[TRAIN]: (47/1600): reward: -3.500679314136505, rates: 11.499320572219915, loss: 1.9950357377529144, rho: 0.4000000000000001, transmit_actions: 12, P: [0.84375, 0.1875, 0.96875, 0.1875, 0.71875, 0.09375, 0.25, 0.78125, 0.15625, 0.09375, 0.0625, 0.5625, 0.96875, 0.1875, 0.90625, 0.0625, 0.09375, 0.6875, 0.84375, 0.25]
[TRAIN]: (48/1600): reward: 6.629318207502365, rates: 17.629317823713798, loss: 1.8146594703197478, rho: 0.4000000000000001, transmit_actions: 10, P: [0.46875, 0.46875, 0.84375, 0.9375, 0.3125, 0.96875, 0.1875, 0.4375, 0.0, 0.125, 0.5625, 0.375, 0.90625, 0.125, 0.625, 0.1875, 0.53125, 0.03125, 0.59375, 0.78125]
[TRAIN]: (49/1600): reward: -9.221320152282715, rates: 5.7786799520590195, loss: 1.91139874458313, rho: 0.4000000000000001, transmit_actions: 9, P: [0.1875, 0.15625, 0.8125, 0.1875, 0.46875, 0.4375, 0.96875, 0.5625, 1.0, 0.5625, 0.6875, 0.65625, 0.9375, 0.78125, 0.46875, 0.0, 1.0, 0.65625, 0.71875, 0.59375]
[TRAIN]: (50/1600): reward: -14.320547580718994, rates: 1.679452365616937, loss: 2.151139897108078, rho: 0.4000000000000001, transmit_actions: 11, P: [0.03125, 0.96875, 0.90625, 0.0, 0.84375, 0.1875, 0.34375, 0.25, 0.78125, 0.8125, 0.5, 0.96875, 0.46875, 0.09375, 0.09375, 1.0, 0.65625, 0.1875, 0.28125, 0.25]
[TRAIN]: (51/1600): reward: -12.747016485780478, rates: 4.2529836836033565, loss: 1.9881488144397736, rho: 0.4000000000000001, transmit_actions: 12, P: [0.3125, 0.15625, 0.21875, 0.625, 0.53125, 0.53125, 0.375, 0.65625, 0.25, 0.09375, 0.5, 0.125, 0.21875, 0.65625, 0.53125, 0.8125, 0.5, 0.9375, 0.9375, 0.90625]
[TRAIN]: (52/1600): reward: 1.1895177960395813, rates: 13.189517913753185, loss: 1.9125949442386627, rho: 0.4000000000000001, transmit_actions: 10, P: [0.5, 0.1875, 0.59375, 0.78125, 0.40625, 0.46875, 0.90625, 0.5, 0.3125, 0.78125, 0.1875, 0.96875, 0.5625, 0.8125, 0.3125, 0.125, 0.15625, 0.71875, 0.90625, 0.96875]
[TRAIN]: (53/1600): reward: -10.151564434170723, rates: 4.848435392706777, loss: 1.978311789035797, rho: 0.4000000000000001, transmit_actions: 12, P: [0.5, 0.21875, 0.0, 0.96875, 0.1875, 0.875, 0.8125, 0.34375, 0.375, 0.375, 0.5625, 0.875, 0.5625, 0.0, 0.875, 0.9375, 0.28125, 0.78125, 0.0, 0.0625]
[TRAIN]: (54/1600): reward: -8.444969892501831, rates: 8.555030350348295, loss: 2.11216778755188, rho: 0.4000000000000001, transmit_actions: 12, P: [0.09375, 0.25, 0.625, 0.21875, 0.375, 1.0, 0.5, 0.9375, 0.5625, 0.25, 0.34375, 0.8125, 0.34375, 0.0625, 0.65625, 0.0, 0.53125, 0.5, 0.4375, 0.09375]
[TRAIN]: (55/1600): reward: -11.831686675548553, rates: 2.1683132769149935, loss: 1.8106460511684417, rho: 0.4000000000000001, transmit_actions: 14, P: [0.25, 0.5, 0.09375, 0.4375, 0.46875, 1.0, 0.59375, 0.09375, 1.0, 0.3125, 0.875, 0.65625, 0.0, 0.90625, 0.90625, 0.75, 0.9375, 0.46875, 0.46875, 0.15625]
[TRAIN]: (56/1600): reward: -0.3489423245191574, rates: 12.651057528891894, loss: 2.0085574209690096, rho: 0.4000000000000001, transmit_actions: 9, P: [0.3125, 0.625, 0.125, 0.53125, 0.0625, 0.0, 0.15625, 0.53125, 0.5625, 0.5, 0.03125, 0.1875, 0.6875, 0.75, 0.40625, 0.5625, 0.5, 0.34375, 0.9375, 0.75]
[TRAIN]: (57/1600): reward: 2.551405817270279, rates: 13.55140607508946, loss: 1.993923306465149, rho: 0.4000000000000001, transmit_actions: 9, P: [0.8125, 0.15625, 0.84375, 0.0, 0.71875, 0.15625, 0.59375, 0.8125, 0.21875, 1.0, 0.34375, 0.125, 0.8125, 0.1875, 0.46875, 0.5625, 0.125, 0.21875, 0.5, 0.84375]
[TRAIN]: (58/1600): reward: -12.848025798797607, rates: 0.15197420863568817, loss: 1.902473658323288, rho: 0.4000000000000001, transmit_actions: 11, P: [0.1875, 0.71875, 0.5625, 0.59375, 0.46875, 0.0625, 0.53125, 0.9375, 0.8125, 0.875, 0.71875, 0.96875, 0.9375, 0.34375, 0.75, 0.75, 0.625, 0.8125, 0.59375, 0.875]
[TRAIN]: (59/1600): reward: -14.137980431318283, rates: 0.8620195827907146, loss: 1.9773742020130158, rho: 0.4000000000000001, transmit_actions: 9, P: [0.21875, 0.28125, 0.6875, 0.71875, 1.0, 0.03125, 0.53125, 0.5625, 0.4375, 0.90625, 0.1875, 0.28125, 0.28125, 0.78125, 0.84375, 0.75, 0.65625, 0.625, 0.34375, 0.75]
[TRAIN]: (60/1600): reward: -5.734187126159668, rates: 11.26581264044717, loss: 1.8868311285972594, rho: 0.4000000000000001, transmit_actions: 9, P: [0.28125, 0.03125, 0.6875, 0.15625, 0.71875, 0.1875, 0.125, 0.625, 0.25, 0.5, 0.53125, 0.1875, 0.0, 0.28125, 0.15625, 0.375, 0.65625, 0.09375, 0.59375, 0.84375]
[TRAIN]: (61/1600): reward: -8.21785581111908, rates: 5.782144364326885, loss: 1.8589565813541413, rho: 0.4000000000000001, transmit_actions: 7, P: [0.15625, 0.9375, 0.59375, 0.90625, 0.0, 0.09375, 0.1875, 0.78125, 0.09375, 0.59375, 0.65625, 0.59375, 0.53125, 0.75, 0.96875, 0.09375, 0.09375, 0.78125, 0.75, 0.0]
[TRAIN]: (62/1600): reward: 2.7041343450546265, rates: 14.70413426927562, loss: 2.061708337068558, rho: 0.4000000000000001, transmit_actions: 9, P: [0.125, 0.1875, 0.40625, 0.6875, 0.375, 0.15625, 0.8125, 0.59375, 0.46875, 0.75, 0.0, 0.375, 0.40625, 0.28125, 0.15625, 0.375, 0.0, 0.09375, 0.34375, 0.96875]
[TRAIN]: (63/1600): reward: 1.6123389825224876, rates: 12.612338829946353, loss: 1.8636057794094085, rho: 0.4000000000000001, transmit_actions: 9, P: [0.96875, 0.375, 0.03125, 0.90625, 0.0625, 0.78125, 0.8125, 0.40625, 0.0, 0.84375, 0.71875, 0.1875, 0.78125, 0.15625, 0.125, 0.03125, 0.09375, 0.0625, 0.9375, 0.46875]
[TRAIN]: (64/1600): reward: -3.525543361902237, rates: 8.474456844104118, loss: 1.9533102333545684, rho: 0.4000000000000001, transmit_actions: 9, P: [0.84375, 0.53125, 0.46875, 0.5625, 0.46875, 0.5, 0.9375, 0.34375, 0.25, 0.21875, 0.03125, 0.5, 0.5, 0.4375, 0.1875, 0.9375, 0.8125, 0.375, 0.4375, 0.0625]
[TRAIN]: (65/1600): reward: -15.0, rates: 0, loss: 1.789217573404312, rho: 0.4000000000000001, transmit_actions: 8, P: [0.125, 0.625, 0.59375, 0.65625, 0.3125, 1.0, 0.625, 0.84375, 0.25, 0.59375, 0.96875, 0.0, 1.0, 1.0, 0.46875, 0.59375, 0.25, 0.40625, 0.625, 0.9375]
[TRAIN]: (66/1600): reward: -7.001204878091812, rates: 6.998795254514051, loss: 1.9043063938617706, rho: 0.4000000000000001, transmit_actions: 9, P: [0.03125, 0.09375, 0.5625, 0.09375, 0.25, 0.78125, 0.53125, 0.6875, 0.65625, 0.34375, 0.71875, 0.78125, 0.40625, 0.1875, 0.46875, 0.59375, 0.25, 0.125, 0.25, 0.15625]
[TRAIN]: (67/1600): reward: -3.002777576446533, rates: 9.99722228692589, loss: 1.8267897427082063, rho: 0.4000000000000001, transmit_actions: 10, P: [0.5, 0.21875, 0.59375, 0.59375, 0.0, 0.96875, 0.96875, 0.71875, 0.0625, 0.75, 0.90625, 0.25, 0.1875, 0.53125, 0.96875, 0.5, 0.0, 0.59375, 0.09375, 0.0]
[TRAIN]: (68/1600): reward: 7.094404980540276, rates: 17.094404819223058, loss: 1.9106215238571167, rho: 0.4000000000000001, transmit_actions: 9, P: [0.5625, 0.4375, 0.09375, 0.09375, 0.9375, 0.90625, 0.1875, 0.375, 0.75, 0.25, 0.34375, 1.0, 0.0625, 0.5, 0.75, 0.3125, 0.25, 0.90625, 0.125, 0.03125]
[TRAIN]: (69/1600): reward: -14.088742543011904, rates: 0.9112574653739121, loss: 1.835074245929718, rho: 0.4000000000000001, transmit_actions: 10, P: [0.3125, 0.71875, 0.71875, 0.96875, 0.71875, 0.65625, 0.25, 0.71875, 0.0625, 0.875, 0.6875, 0.5625, 0.5625, 0.5, 0.5625, 0.375, 0.40625, 0.6875, 0.875, 0.90625]
[TRAIN]: (70/1600): reward: 12.086320059373975, rates: 25.086319970002208, loss: 1.8784683287143706, rho: 0.4000000000000001, transmit_actions: 7, P: [0.96875, 0.28125, 0.03125, 0.53125, 0.15625, 0.375, 0.34375, 0.40625, 0.96875, 0.59375, 0.75, 0.8125, 0.125, 0.59375, 0.46875, 0.25, 0.5625, 0.6875, 0.78125, 0.46875]
[TRAIN]: (71/1600): reward: 1.3188109397888184, rates: 13.318810832112167, loss: 1.9751660883426667, rho: 0.4000000000000001, transmit_actions: 9, P: [0.75, 0.1875, 0.8125, 0.3125, 0.78125, 0.0625, 0.59375, 0.8125, 0.0, 0.15625, 0.03125, 0.40625, 0.09375, 0.78125, 0.90625, 0.6875, 0.71875, 0.15625, 0.625, 0.71875]
[TRAIN]: (72/1600): reward: -3.0216748267412186, rates: 9.97832512500376, loss: 2.1485830008983613, rho: 0.4000000000000001, transmit_actions: 10, P: [0.28125, 0.09375, 0.46875, 0.46875, 0.40625, 0.15625, 0.5, 0.4375, 0.5625, 0.4375, 0.34375, 0.0, 0.53125, 0.125, 0.96875, 0.1875, 0.59375, 0.90625, 0.28125, 0.90625]
[TRAIN]: (73/1600): reward: -5.770581364631653, rates: 9.229418768179771, loss: 1.9843295454978942, rho: 0.4000000000000001, transmit_actions: 14, P: [0.0625, 0.03125, 0.8125, 0.375, 0.40625, 0.125, 1.0, 0.03125, 0.28125, 0.15625, 0.28125, 1.0, 0.84375, 0.6875, 0.6875, 0.71875, 0.0625, 0.65625, 0.28125, 0.15625]
[TRAIN]: (74/1600): reward: 0.2627980411052704, rates: 14.262798281830364, loss: 2.2547230541706087, rho: 0.4000000000000001, transmit_actions: 11, P: [0.375, 0.03125, 0.8125, 0.40625, 0.0, 0.625, 0.75, 1.0, 0.3125, 0.75, 0.4375, 0.15625, 0.90625, 0.09375, 0.09375, 0.4375, 0.40625, 0.5, 0.15625, 0.5625]
[TRAIN]: (75/1600): reward: -7.563690721988678, rates: 7.436309444157195, loss: 1.9127628326416015, rho: 0.4000000000000001, transmit_actions: 11, P: [0.75, 0.15625, 0.09375, 0.75, 0.59375, 0.09375, 0.8125, 0.78125, 0.15625, 0.15625, 0.5, 0.21875, 0.53125, 1.0, 0.28125, 0.25, 1.0, 0.53125, 0.1875, 0.125]
[TRAIN]: (76/1600): reward: -1.6565065383911133, rates: 14.343493948355285, loss: 1.937613981962204, rho: 0.4000000000000001, transmit_actions: 10, P: [0.75, 0.625, 0.71875, 0.21875, 0.625, 0.53125, 0.03125, 0.4375, 0.59375, 0.125, 0.0625, 0.0625, 0.0625, 0.65625, 0.0, 0.03125, 0.0625, 0.625, 0.0625, 0.40625]
[TRAIN]: (77/1600): reward: -5.251358062028885, rates: 8.748641772189256, loss: 2.016083812713623, rho: 0.4000000000000001, transmit_actions: 10, P: [0.875, 0.28125, 0.90625, 0.625, 0.09375, 0.3125, 0.84375, 0.15625, 0.96875, 0.0625, 0.6875, 0.0, 0.625, 0.59375, 0.53125, 0.46875, 0.5, 0.46875, 0.0625, 0.40625]
[TRAIN]: (78/1600): reward: -9.411634545773268, rates: 5.588365559283424, loss: 2.0917431116104126, rho: 0.4000000000000001, transmit_actions: 12, P: [0.59375, 0.34375, 0.90625, 0.3125, 0.0625, 0.90625, 0.09375, 0.625, 0.1875, 0.03125, 0.09375, 0.96875, 0.09375, 0.96875, 0.1875, 0.03125, 0.75, 1.0, 1.0, 0.125]
[TRAIN]: (79/1600): reward: -14.458179295063019, rates: 0.5418207090045681, loss: 1.8221366554498672, rho: 0.4000000000000001, transmit_actions: 8, P: [0.8125, 0.09375, 0.28125, 0.0, 0.40625, 0.40625, 0.96875, 0.3125, 0.46875, 0.25, 0.75, 0.96875, 0.875, 0.46875, 0.15625, 0.40625, 1.0, 0.1875, 0.78125, 0.28125]
[TRAIN]: (80/1600): reward: -16.0, rates: 0, loss: 1.8219176173210143, rho: 0.4000000000000001, transmit_actions: 10, P: [0.125, 0.4375, 0.875, 0.625, 0.90625, 0.71875, 0.5, 0.5625, 0.375, 0.3125, 0.90625, 0.78125, 0.9375, 0.3125, 0.59375, 0.625, 0.75, 0.53125, 0.875, 0.15625]
[TRAIN]: (81/1600): reward: -7.408550303429365, rates: 6.591449699634603, loss: 1.9682077765464783, rho: 0.4000000000000001, transmit_actions: 12, P: [0.15625, 0.28125, 0.0625, 0.4375, 0.1875, 0.34375, 1.0, 0.03125, 0.71875, 0.96875, 0.1875, 0.0, 0.34375, 0.75, 0.28125, 1.0, 0.34375, 0.125, 1.0, 0.9375]
[TRAIN]: (82/1600): reward: -1.7659540539607406, rates: 11.234045747259383, loss: 2.0497806310653686, rho: 0.4000000000000001, transmit_actions: 9, P: [0.96875, 0.53125, 0.71875, 0.625, 0.5625, 0.21875, 1.0, 0.03125, 0.65625, 0.5625, 0.65625, 0.59375, 0.5, 0.875, 0.1875, 0.9375, 0.03125, 0.15625, 0.03125, 0.65625]
[TRAIN]: (83/1600): reward: -0.005970939993858337, rates: 11.99402922879169, loss: 2.0096763730049134, rho: 0.4000000000000001, transmit_actions: 12, P: [0.25, 0.75, 0.84375, 0.15625, 0.46875, 0.8125, 0.84375, 0.15625, 0.59375, 1.0, 0.15625, 0.90625, 0.25, 0.46875, 0.375, 0.1875, 0.6875, 0.71875, 0.09375, 0.96875]
[TRAIN]: (84/1600): reward: -11.649981796741486, rates: 5.350018119958899, loss: 2.008705198764801, rho: 0.4000000000000001, transmit_actions: 8, P: [0.6875, 0.375, 1.0, 0.34375, 0.0625, 0.1875, 0.53125, 0.15625, 0.03125, 0.65625, 0.6875, 0.4375, 0.09375, 0.3125, 0.34375, 0.1875, 0.40625, 0.96875, 0.5625, 0.15625]
[TRAIN]: (85/1600): reward: -0.8814371824264526, rates: 11.118562995160149, loss: 1.9169138014316558, rho: 0.4000000000000001, transmit_actions: 10, P: [1.0, 0.71875, 0.0625, 0.46875, 0.28125, 0.4375, 0.90625, 0.59375, 0.4375, 0.4375, 0.96875, 0.3125, 1.0, 0.15625, 0.40625, 0.625, 0.15625, 0.1875, 0.25, 0.0625]
[TRAIN]: (86/1600): reward: -9.714789763092995, rates: 5.285210271684843, loss: 2.013923501968384, rho: 0.4000000000000001, transmit_actions: 5, P: [0.84375, 1.0, 0.15625, 0.21875, 0.9375, 0.21875, 0.75, 0.1875, 0.28125, 0.34375, 0.75, 0.5, 0.59375, 0.125, 0.90625, 0.40625, 0.375, 0.71875, 0.40625, 0.40625]
[TRAIN]: (87/1600): reward: -14.349145203828812, rates: 0.6508547957602482, loss: 1.982752987742424, rho: 0.4000000000000001, transmit_actions: 9, P: [0.59375, 0.03125, 0.25, 0.46875, 0.09375, 0.59375, 0.34375, 0.5625, 0.25, 0.46875, 0.90625, 0.0, 0.65625, 0.875, 0.84375, 0.46875, 0.40625, 0.3125, 0.125, 0.5]
[TRAIN]: (88/1600): reward: 8.265778243541718, rates: 17.265778372179554, loss: 1.8807921022176743, rho: 0.4000000000000001, transmit_actions: 10, P: [0.5, 0.3125, 0.4375, 0.9375, 0.5625, 0.0, 0.40625, 0.78125, 0.0625, 0.03125, 0.03125, 0.75, 0.5625, 0.15625, 0.15625, 0.8125, 0.125, 1.0, 0.15625, 0.15625]
[TRAIN]: (89/1600): reward: -4.632513325661421, rates: 9.367486619838179, loss: 2.1933510541915893, rho: 0.4000000000000001, transmit_actions: 11, P: [0.0, 0.5625, 0.28125, 0.15625, 0.1875, 0.875, 0.4375, 0.0, 0.875, 0.3125, 0.8125, 0.09375, 0.59375, 0.875, 0.40625, 0.65625, 0.1875, 0.53125, 0.125, 0.0]
[TRAIN]: (90/1600): reward: -4.7092761397361755, rates: 9.290723819772577, loss: 1.7495322823524475, rho: 0.4000000000000001, transmit_actions: 13, P: [0.25, 0.1875, 0.78125, 0.15625, 0.96875, 0.25, 1.0, 0.5625, 0.375, 1.0, 0.5625, 0.34375, 0.65625, 0.90625, 0.46875, 0.03125, 0.40625, 0.8125, 0.375, 0.375]
[TRAIN]: (91/1600): reward: -15.0, rates: 0, loss: 1.9211066722869874, rho: 0.4000000000000001, transmit_actions: 8, P: [0.65625, 0.28125, 0.34375, 0.875, 0.53125, 0.71875, 0.46875, 0.1875, 0.375, 0.0625, 0.78125, 0.59375, 0.625, 0.09375, 0.59375, 0.96875, 0.9375, 0.125, 0.90625, 0.9375]
[TRAIN]: (92/1600): reward: -10.327352702617645, rates: 5.672647253701063, loss: 1.7635699391365052, rho: 0.4000000000000001, transmit_actions: 7, P: [0.0, 0.40625, 0.4375, 0.1875, 0.21875, 0.71875, 0.65625, 0.59375, 0.625, 0.65625, 0.875, 0.65625, 0.625, 0.28125, 0.46875, 0.8125, 0.53125, 0.71875, 0.46875, 0.375]
[TRAIN]: (93/1600): reward: -5.338505160063505, rates: 9.66149454901582, loss: 1.6930403411388397, rho: 0.4000000000000001, transmit_actions: 11, P: [0.4375, 0.09375, 0.5, 0.96875, 0.875, 0.28125, 0.46875, 0.09375, 0.78125, 0.65625, 0.21875, 0.78125, 0.125, 0.5, 0.90625, 0.96875, 0.375, 0.65625, 0.40625, 0.09375]
[TRAIN]: (94/1600): reward: -11.867624163627625, rates: 4.132375851949997, loss: 1.7102368414402007, rho: 0.4000000000000001, transmit_actions: 8, P: [0.03125, 0.8125, 0.46875, 0.125, 0.78125, 0.5, 0.46875, 0.3125, 0.5625, 0.34375, 0.6875, 0.375, 0.875, 0.75, 1.0, 0.1875, 0.5625, 1.0, 0.0625, 0.03125]
[TRAIN]: (95/1600): reward: 0.16224269568920135, rates: 12.162242580410712, loss: 1.821437305212021, rho: 0.4000000000000001, transmit_actions: 13, P: [0.46875, 0.78125, 0.1875, 0.1875, 1.0, 0.21875, 0.625, 0.6875, 0.8125, 0.84375, 0.84375, 0.53125, 0.9375, 0.21875, 0.6875, 0.125, 0.21875, 0.8125, 0.90625, 0.75]
[TRAIN]: (96/1600): reward: 7.27077454328537, rates: 19.27077438878713, loss: 1.8537003546953201, rho: 0.4000000000000001, transmit_actions: 14, P: [0.625, 0.125, 0.59375, 0.15625, 0.8125, 0.875, 0.125, 0.96875, 0.21875, 0.78125, 0.40625, 0.875, 0.75, 0.875, 0.3125, 0.46875, 0.46875, 0.0625, 0.03125, 0.375]
[TRAIN]: (97/1600): reward: -17.0, rates: 0, loss: 1.8896114885807038, rho: 0.4000000000000001, transmit_actions: 8, P: [0.1875, 0.625, 0.25, 0.1875, 0.96875, 0.40625, 0.625, 0.3125, 0.09375, 0.65625, 0.46875, 0.25, 0.96875, 0.6875, 0.8125, 0.28125, 0.71875, 0.09375, 0.40625, 0.40625]
[TRAIN]: (98/1600): reward: -1.0166049897670746, rates: 11.983394945512593, loss: 1.8975677490234375, rho: 0.4000000000000001, transmit_actions: 14, P: [0.375, 0.53125, 0.65625, 0.78125, 0.4375, 0.15625, 0.03125, 0.625, 0.1875, 0.65625, 0.71875, 0.28125, 0.40625, 0.75, 0.90625, 0.09375, 0.28125, 1.0, 0.625, 0.3125]
[TRAIN]: (99/1600): reward: -9.885062217712402, rates: 4.1149379135941855, loss: 1.9239441692829131, rho: 0.4000000000000001, transmit_actions: 8, P: [0.65625, 0.34375, 0.6875, 0.78125, 0.78125, 0.71875, 0.75, 0.6875, 0.6875, 0.78125, 0.875, 0.09375, 0.21875, 0.375, 0.28125, 0.96875, 0.5625, 0.09375, 0.28125, 0.90625]
[TRAIN]: (100/1600): reward: -3.091698497533798, rates: 8.908301558311578, loss: 1.7448888450860978, rho: 0.4000000000000001, transmit_actions: 9, P: [0.8125, 0.65625, 0.875, 0.53125, 0.03125, 0.90625, 0.65625, 0.875, 0.46875, 0.28125, 0.90625, 0.875, 0.34375, 0.15625, 0.03125, 0.34375, 0.0625, 0.25, 0.53125, 0.875]
[TRAIN]: (101/1600): reward: -5.3689698949456215, rates: 9.63102997327814, loss: 1.761036142706871, rho: 0.4000000000000001, transmit_actions: 11, P: [0.84375, 0.3125, 0.375, 0.625, 0.4375, 0.03125, 0.96875, 0.90625, 0.53125, 0.0, 0.0, 0.40625, 0.5625, 0.59375, 0.15625, 0.78125, 0.03125, 0.96875, 0.5625, 0.03125]
[TRAIN]: (102/1600): reward: 7.075417518615723, rates: 17.07541760131128, loss: 1.9104064226150512, rho: 0.4000000000000001, transmit_actions: 7, P: [0.4375, 0.90625, 0.84375, 0.875, 0.90625, 0.6875, 0.9375, 0.375, 0.625, 0.96875, 0.28125, 0.78125, 0.25, 0.0625, 0.65625, 0.0625, 0.3125, 0.8125, 0.0625, 0.03125]
[TRAIN]: (103/1600): reward: -9.116031140089035, rates: 6.883969045882519, loss: 1.8947545617818833, rho: 0.4000000000000001, transmit_actions: 7, P: [0.6875, 0.125, 0.15625, 0.46875, 0.6875, 0.53125, 0.0, 0.40625, 0.625, 0.53125, 0.6875, 0.5625, 0.90625, 0.59375, 0.84375, 0.53125, 0.125, 0.5, 0.71875, 0.65625]
[TRAIN]: (104/1600): reward: -12.950565412640572, rates: 0.049434586073017185, loss: 1.7570748388767243, rho: 0.4000000000000001, transmit_actions: 11, P: [0.46875, 0.3125, 0.28125, 0.0, 1.0, 0.59375, 0.9375, 0.6875, 0.4375, 0.1875, 0.59375, 0.53125, 0.5, 0.03125, 0.90625, 1.0, 0.59375, 0.0625, 0.96875, 1.0]
[TRAIN]: (105/1600): reward: -8.315696686506271, rates: 5.684303470578071, loss: 1.9604299128055573, rho: 0.4000000000000001, transmit_actions: 10, P: [0.6875, 0.28125, 0.5, 0.40625, 0.1875, 0.1875, 0.78125, 0.15625, 0.625, 0.125, 0.75, 0.6875, 0.96875, 0.6875, 0.9375, 0.28125, 0.25, 0.0625, 0.9375, 0.5]
[TRAIN]: (106/1600): reward: -9.64036799967289, rates: 4.359632123451971, loss: 1.8761769711971283, rho: 0.4000000000000001, transmit_actions: 13, P: [0.84375, 0.34375, 0.96875, 0.03125, 0.0625, 0.40625, 0.6875, 0.15625, 0.15625, 0.96875, 0.0625, 0.21875, 0.84375, 0.8125, 0.71875, 1.0, 1.0, 0.0625, 0.84375, 0.5625]
[TRAIN]: (107/1600): reward: -13.81257758103311, rates: 0.18742242041105717, loss: 1.781706017255783, rho: 0.4000000000000001, transmit_actions: 9, P: [0.25, 0.8125, 0.8125, 0.4375, 0.90625, 0.65625, 0.4375, 0.25, 0.875, 0.09375, 0.71875, 0.46875, 0.625, 0.78125, 1.0, 0.53125, 0.28125, 0.1875, 1.0, 0.125]
[TRAIN]: (108/1600): reward: -8.789254665374756, rates: 5.2107455658923945, loss: 1.9070069253444673, rho: 0.4000000000000001, transmit_actions: 4, P: [0.75, 0.6875, 0.90625, 0.59375, 0.84375, 0.46875, 0.15625, 0.46875, 0.4375, 0.78125, 0.90625, 0.15625, 0.3125, 0.34375, 0.53125, 0.65625, 0.84375, 0.96875, 0.4375, 0.875]
[TRAIN]: (109/1600): reward: -9.869584035128355, rates: 4.130415740552584, loss: 1.8006227254867553, rho: 0.4000000000000001, transmit_actions: 11, P: [0.25, 0.84375, 0.3125, 0.59375, 0.96875, 0.03125, 0.46875, 0.09375, 0.375, 0.8125, 0.5, 0.09375, 0.09375, 0.96875, 0.1875, 0.21875, 0.6875, 0.21875, 0.21875, 0.0625]
[TRAIN]: (110/1600): reward: -6.863632619380951, rates: 4.136367383895434, loss: 1.9443478643894196, rho: 0.4000000000000001, transmit_actions: 8, P: [0.0625, 0.9375, 0.71875, 0.40625, 0.75, 0.375, 0.40625, 0.6875, 0.8125, 0.78125, 0.375, 0.53125, 0.59375, 0.875, 0.59375, 1.0, 0.1875, 0.0625, 0.3125, 0.75]
[TRAIN]: (111/1600): reward: -6.300434231758118, rates: 8.699565571443568, loss: 1.8186434864997865, rho: 0.4000000000000001, transmit_actions: 12, P: [0.0, 0.0625, 0.125, 0.71875, 0.78125, 0.0, 0.40625, 0.71875, 0.25, 0.46875, 0.4375, 0.40625, 0.71875, 0.1875, 0.40625, 0.125, 0.84375, 0.6875, 0.78125, 0.09375]
[TRAIN]: (112/1600): reward: -8.692712539806962, rates: 5.307287632447942, loss: 1.9015657782554627, rho: 0.4000000000000001, transmit_actions: 9, P: [0.53125, 0.40625, 0.96875, 0.03125, 0.0, 0.59375, 0.75, 0.9375, 0.625, 0.0, 0.5, 0.8125, 0.5, 0.46875, 0.15625, 0.125, 0.65625, 0.0625, 1.0, 0.25]
[TRAIN]: (113/1600): reward: -5.198369741439819, rates: 7.801630339448398, loss: 1.958299931883812, rho: 0.4000000000000001, transmit_actions: 8, P: [0.375, 0.46875, 0.875, 0.90625, 0.65625, 0.25, 0.125, 0.0, 0.21875, 0.65625, 0.90625, 0.0625, 0.0625, 0.8125, 0.96875, 0.75, 0.65625, 0.40625, 0.375, 0.0625]
[TRAIN]: (114/1600): reward: -0.9641590714454651, rates: 12.03584091160581, loss: 1.8417666733264924, rho: 0.4000000000000001, transmit_actions: 13, P: [0.75, 0.1875, 0.78125, 0.3125, 0.03125, 0.1875, 0.53125, 0.71875, 0.625, 0.6875, 0.5, 0.03125, 0.03125, 0.90625, 0.59375, 0.75, 0.90625, 0.9375, 0.28125, 0.0625]
[TRAIN]: (115/1600): reward: -14.0, rates: 0, loss: 1.871954321861267, rho: 0.4000000000000001, transmit_actions: 7, P: [1.0, 0.5, 0.40625, 0.875, 0.96875, 0.625, 0.84375, 0.96875, 0.03125, 0.53125, 0.40625, 0.25, 0.5, 0.5, 0.5, 0.65625, 0.8125, 0.65625, 0.40625, 0.9375]
[TRAIN]: (116/1600): reward: -15.660546004772186, rates: 0.33945400993108726, loss: 1.8766301333904267, rho: 0.4000000000000001, transmit_actions: 12, P: [0.84375, 0.1875, 0.59375, 0.90625, 0.375, 0.1875, 0.5625, 0.8125, 0.40625, 0.375, 1.0, 0.5, 0.3125, 0.40625, 0.78125, 0.71875, 0.6875, 0.75, 0.78125, 0.28125]
[TRAIN]: (117/1600): reward: -1.0136274471879005, rates: 11.986372496066881, loss: 1.955411398410797, rho: 0.4000000000000001, transmit_actions: 13, P: [0.875, 0.53125, 0.40625, 0.84375, 0.28125, 0.65625, 0.03125, 0.0625, 0.84375, 0.5, 0.0, 0.65625, 0.0, 0.15625, 0.375, 0.21875, 0.71875, 0.65625, 0.53125, 0.78125]
[TRAIN]: (118/1600): reward: -0.3997159004211426, rates: 11.60028401206987, loss: 1.9333040058612823, rho: 0.4000000000000001, transmit_actions: 9, P: [1.0, 0.28125, 0.0, 0.03125, 0.84375, 0.90625, 0.40625, 0.21875, 0.71875, 0.1875, 1.0, 0.53125, 0.5, 0.78125, 1.0, 0.90625, 0.15625, 0.28125, 0.4375, 0.71875]
[TRAIN]: (119/1600): reward: -8.007234374061227, rates: 4.992765389848553, loss: 1.7746264576911925, rho: 0.4000000000000001, transmit_actions: 12, P: [0.71875, 0.90625, 0.03125, 1.0, 0.84375, 0.09375, 0.28125, 0.5, 0.875, 0.59375, 0.625, 0.78125, 0.875, 0.6875, 0.15625, 0.46875, 0.3125, 0.1875, 0.84375, 0.4375]
[TRAIN]: (120/1600): reward: -2.3455933779478073, rates: 10.654407043993569, loss: 1.818216574192047, rho: 0.4000000000000001, transmit_actions: 10, P: [0.125, 0.625, 0.09375, 0.15625, 0.40625, 0.90625, 0.25, 0.15625, 0.8125, 0.9375, 0.40625, 0.46875, 0.4375, 0.8125, 0.46875, 0.65625, 0.09375, 0.5625, 0.28125, 0.375]
[TRAIN]: (121/1600): reward: -10.589019291102886, rates: 5.410980505153894, loss: 1.8378120839595795, rho: 0.4000000000000001, transmit_actions: 10, P: [0.21875, 0.84375, 0.6875, 0.75, 0.96875, 0.625, 0.375, 0.1875, 1.0, 0.0625, 0.71875, 0.125, 0.8125, 0.46875, 0.71875, 0.4375, 0.625, 0.90625, 0.9375, 0.40625]
[TRAIN]: (122/1600): reward: 1.3458327949047089, rates: 11.345833027902685, loss: 1.7433424890041351, rho: 0.4000000000000001, transmit_actions: 11, P: [0.84375, 0.15625, 0.59375, 0.1875, 0.1875, 0.96875, 0.8125, 0.21875, 0.0625, 0.40625, 0.65625, 0.34375, 0.09375, 0.5625, 0.65625, 0.3125, 0.5, 0.0625, 0.15625, 0.0]
[TRAIN]: (123/1600): reward: -10.93012523651123, rates: 5.06987492141037, loss: 1.8564064919948577, rho: 0.4000000000000001, transmit_actions: 8, P: [0.53125, 0.9375, 0.0, 0.5, 0.375, 0.3125, 0.90625, 0.40625, 0.5625, 0.84375, 0.03125, 0.40625, 0.59375, 0.15625, 0.1875, 0.0, 0.5625, 0.6875, 1.0, 0.53125]
[TRAIN]: (124/1600): reward: -10.962629936635494, rates: 1.0373700619311452, loss: 1.6571343004703523, rho: 0.4000000000000001, transmit_actions: 9, P: [0.875, 0.5, 0.3125, 0.5625, 0.125, 0.65625, 0.46875, 1.0, 0.28125, 0.96875, 0.40625, 0.03125, 1.0, 0.40625, 1.0, 0.625, 0.59375, 0.625, 0.3125, 0.9375]
[TRAIN]: (125/1600): reward: -6.849197149276733, rates: 8.150802905590858, loss: 1.9345896065235137, rho: 0.4000000000000001, transmit_actions: 13, P: [0.8125, 0.28125, 0.71875, 0.75, 0.5625, 0.125, 0.9375, 0.84375, 0.03125, 0.9375, 1.0, 0.5625, 0.34375, 0.875, 1.0, 0.0, 0.28125, 0.0625, 0.15625, 0.5]
[TRAIN]: (126/1600): reward: -6.582604184746742, rates: 4.417395908959939, loss: 1.6347748637199402, rho: 0.4000000000000001, transmit_actions: 9, P: [0.28125, 0.53125, 0.03125, 0.1875, 0.9375, 0.4375, 0.09375, 0.96875, 0.84375, 0.03125, 0.40625, 0.90625, 0.75, 0.34375, 0.4375, 0.0, 0.90625, 0.40625, 0.53125, 0.03125]
[TRAIN]: (127/1600): reward: -5.003937169909477, rates: 9.996062817360428, loss: 1.7804985105991364, rho: 0.4000000000000001, transmit_actions: 7, P: [0.3125, 0.03125, 0.4375, 0.71875, 0.0, 0.21875, 0.78125, 0.875, 0.25, 0.5, 0.15625, 0.90625, 0.75, 0.0625, 0.5625, 0.75, 0.53125, 0.0625, 0.25, 0.1875]
[TRAIN]: (128/1600): reward: -1.975801706314087, rates: 10.024198417443417, loss: 2.004039299488068, rho: 0.4000000000000001, transmit_actions: 6, P: [0.09375, 0.96875, 0.65625, 0.40625, 0.5625, 0.0, 0.21875, 0.9375, 0.34375, 0.90625, 0.375, 0.75, 0.65625, 0.03125, 0.40625, 0.125, 1.0, 0.9375, 0.03125, 0.15625]
[TRAIN]: (129/1600): reward: -1.2427320517599583, rates: 11.757268187380987, loss: 1.791394329071045, rho: 0.4000000000000001, transmit_actions: 12, P: [0.4375, 0.40625, 0.875, 0.375, 0.59375, 0.71875, 0.03125, 0.78125, 0.46875, 0.09375, 0.53125, 0.34375, 0.34375, 0.90625, 0.8125, 0.625, 0.21875, 0.15625, 0.75, 0.6875]
[TRAIN]: (130/1600): reward: 12.515219122171402, rates: 22.51521923657059, loss: 1.924486407637596, rho: 0.4000000000000001, transmit_actions: 12, P: [0.34375, 0.78125, 0.90625, 0.5, 0.0625, 0.5, 0.46875, 0.59375, 0.09375, 0.40625, 0.1875, 0.03125, 0.09375, 0.53125, 0.9375, 0.3125, 0.3125, 0.9375, 0.25, 0.78125]
[TRAIN]: (131/1600): reward: -7.444850325584412, rates: 7.555149507699788, loss: 1.7489946007728576, rho: 0.4000000000000001, transmit_actions: 9, P: [0.78125, 0.21875, 0.71875, 0.21875, 0.25, 0.25, 0.875, 0.21875, 0.9375, 0.5625, 0.03125, 0.0625, 0.8125, 0.03125, 0.34375, 0.1875, 0.8125, 0.28125, 0.34375, 0.5]
[TRAIN]: (132/1600): reward: 16.91811180114746, rates: 27.9181118654678, loss: 1.9069016873836517, rho: 0.4000000000000001, transmit_actions: 15, P: [0.78125, 0.09375, 0.75, 0.78125, 0.5625, 0.46875, 0.1875, 0.4375, 0.625, 0.15625, 1.0, 0.15625, 0.5, 0.25, 0.8125, 0.25, 0.5625, 0.71875, 0.125, 0.9375]
[TRAIN]: (133/1600): reward: -11.899774309247732, rates: 3.1002257854344686, loss: 1.7172142744064331, rho: 0.4000000000000001, transmit_actions: 13, P: [0.53125, 0.0625, 0.71875, 0.0, 0.71875, 0.3125, 0.78125, 0.5625, 0.78125, 0.03125, 0.4375, 0.09375, 0.59375, 0.71875, 0.4375, 0.0, 0.71875, 0.65625, 0.59375, 0.6875]
[TRAIN]: (134/1600): reward: -3.979798510670662, rates: 9.02020147642096, loss: 1.7336792081594468, rho: 0.4000000000000001, transmit_actions: 9, P: [0.40625, 0.6875, 0.0625, 0.3125, 0.09375, 0.75, 0.9375, 0.90625, 0.40625, 0.59375, 0.4375, 0.40625, 0.40625, 0.25, 1.0, 0.375, 0.46875, 0.03125, 0.96875, 0.90625]
[TRAIN]: (135/1600): reward: -4.559707224369049, rates: 9.440292577982607, loss: 2.0027798116207123, rho: 0.4000000000000001, transmit_actions: 13, P: [0.09375, 0.6875, 0.75, 0.1875, 0.34375, 0.9375, 0.125, 0.75, 0.15625, 0.25, 0.71875, 0.5, 0.5625, 0.40625, 0.5, 0.375, 0.90625, 0.96875, 0.03125, 0.53125]
[TRAIN]: (136/1600): reward: -9.33526462316513, rates: 5.664735384721294, loss: 1.9208211421966552, rho: 0.4000000000000001, transmit_actions: 12, P: [0.125, 0.0, 0.8125, 0.46875, 0.96875, 0.65625, 0.5625, 0.3125, 0.8125, 0.6875, 1.0, 0.78125, 0.15625, 0.15625, 0.65625, 0.71875, 0.875, 0.03125, 0.84375, 0.53125]
[TRAIN]: (137/1600): reward: 2.113130221143365, rates: 16.11313029471793, loss: 1.7625706940889359, rho: 0.4000000000000001, transmit_actions: 13, P: [0.0625, 0.3125, 0.4375, 0.8125, 0.75, 0.4375, 0.03125, 0.0625, 0.3125, 0.28125, 0.53125, 0.1875, 0.21875, 0.21875, 0.5, 0.71875, 0.25, 0.84375, 0.3125, 0.0625]
[TRAIN]: (138/1600): reward: -14.648173600435257, rates: 1.351826424206773, loss: 2.085190790891647, rho: 0.4000000000000001, transmit_actions: 14, P: [0.0625, 0.5, 0.125, 0.78125, 0.1875, 0.75, 0.6875, 1.0, 0.71875, 0.34375, 0.9375, 0.8125, 0.875, 0.84375, 0.84375, 0.09375, 1.0, 0.8125, 0.8125, 0.5]
[TRAIN]: (139/1600): reward: -9.881004810333252, rates: 5.118995268968143, loss: 1.8327944934368134, rho: 0.4000000000000001, transmit_actions: 10, P: [1.0, 0.96875, 0.6875, 0.15625, 0.375, 0.34375, 0.75, 0.40625, 0.40625, 0.53125, 0.21875, 1.0, 0.46875, 0.9375, 0.15625, 0.15625, 0.5625, 0.1875, 0.96875, 1.0]
[TRAIN]: (140/1600): reward: 10.328214406967163, rates: 24.32821440677011, loss: 1.7776125609874724, rho: 0.4000000000000001, transmit_actions: 12, P: [0.1875, 0.34375, 0.6875, 0.46875, 0.28125, 0.34375, 0.8125, 0.84375, 1.0, 0.0625, 0.0625, 0.09375, 0.4375, 0.78125, 0.125, 0.71875, 0.46875, 0.21875, 0.8125, 0.21875]
[TRAIN]: (141/1600): reward: -10.831359326839447, rates: 5.168640641564766, loss: 1.810645979642868, rho: 0.4000000000000001, transmit_actions: 9, P: [0.34375, 0.40625, 0.65625, 0.21875, 0.96875, 0.125, 0.15625, 0.28125, 0.3125, 0.375, 0.84375, 0.6875, 0.375, 0.65625, 0.15625, 0.0625, 0.09375, 0.9375, 0.65625, 0.1875]
[TRAIN]: (142/1600): reward: 3.042942613363266, rates: 13.042942416767918, loss: 1.8869719088077546, rho: 0.4000000000000001, transmit_actions: 11, P: [0.84375, 0.65625, 0.90625, 0.46875, 0.53125, 0.1875, 0.25, 0.46875, 0.0, 0.375, 0.59375, 1.0, 0.59375, 0.75, 0.28125, 0.625, 0.59375, 0.34375, 0.0, 0.96875]
[TRAIN]: (143/1600): reward: -3.1866023801267147, rates: 6.813397534795435, loss: 1.8760781705379486, rho: 0.4000000000000001, transmit_actions: 10, P: [0.59375, 0.96875, 0.09375, 0.6875, 0.65625, 0.03125, 0.0, 0.90625, 0.25, 0.90625, 0.5625, 0.84375, 0.1875, 0.625, 0.65625, 0.03125, 0.6875, 0.71875, 0.46875, 0.59375]
[TRAIN]: (144/1600): reward: -4.648387551307678, rates: 9.351612369223984, loss: 1.9717547237873077, rho: 0.4000000000000001, transmit_actions: 8, P: [0.59375, 0.625, 0.0, 0.1875, 0.375, 0.6875, 0.59375, 0.15625, 0.28125, 0.90625, 0.40625, 0.1875, 0.25, 0.03125, 0.9375, 0.53125, 0.125, 0.65625, 0.3125, 0.96875]
[TRAIN]: (145/1600): reward: -7.726183598861098, rates: 5.273816543347055, loss: 1.8292544692754746, rho: 0.4000000000000001, transmit_actions: 9, P: [0.0625, 0.5, 0.0, 0.0625, 0.84375, 0.09375, 0.15625, 0.15625, 0.65625, 0.9375, 0.09375, 0.15625, 0.0625, 0.65625, 0.875, 0.21875, 0.5625, 0.1875, 0.3125, 0.71875]
[TRAIN]: (146/1600): reward: 10.990672692656517, rates: 20.990672046419625, loss: 1.6941823720932008, rho: 0.4000000000000001, transmit_actions: 11, P: [0.9375, 0.84375, 0.84375, 0.03125, 0.34375, 0.9375, 0.09375, 0.53125, 0.34375, 0.6875, 0.75, 0.78125, 0.28125, 0.09375, 0.53125, 0.875, 0.4375, 0.71875, 0.9375, 0.03125]
[TRAIN]: (147/1600): reward: -10.287500381469727, rates: 5.712499824243566, loss: 1.8330217599868774, rho: 0.4000000000000001, transmit_actions: 9, P: [0.28125, 0.5, 0.3125, 0.8125, 0.65625, 0.0, 0.46875, 0.90625, 0.5625, 0.9375, 0.4375, 0.59375, 0.3125, 0.4375, 0.8125, 0.8125, 0.59375, 0.3125, 0.0, 0.46875]
[TRAIN]: (148/1600): reward: -8.951206684112549, rates: 5.048793389677416, loss: 1.6735544085502625, rho: 0.4000000000000001, transmit_actions: 9, P: [0.90625, 0.25, 0.625, 0.84375, 0.625, 0.75, 0.4375, 0.8125, 0.875, 0.34375, 0.78125, 0.3125, 0.5, 0.84375, 0.75, 0.09375, 0.375, 0.5, 0.9375, 0.6875]
[TRAIN]: (149/1600): reward: 7.178598318248987, rates: 18.178598266424284, loss: 1.760415071249008, rho: 0.4000000000000001, transmit_actions: 12, P: [1.0, 0.0, 0.75, 0.0625, 0.90625, 0.5, 1.0, 0.4375, 0.65625, 0.65625, 0.40625, 0.71875, 0.46875, 0.09375, 0.21875, 0.34375, 0.40625, 1.0, 0.34375, 0.8125]
[TRAIN]: (150/1600): reward: -10.376074314117432, rates: 4.62392583722119, loss: 1.837786966562271, rho: 0.4000000000000001, transmit_actions: 9, P: [0.46875, 0.625, 0.3125, 0.3125, 0.40625, 0.5625, 0.875, 0.96875, 0.4375, 0.21875, 0.5, 0.375, 0.625, 0.6875, 0.1875, 0.9375, 0.34375, 0.34375, 0.625, 0.6875]
[TRAIN]: (151/1600): reward: -12.116223767399788, rates: 4.883776191774001, loss: 1.859180760383606, rho: 0.4000000000000001, transmit_actions: 10, P: [0.65625, 0.75, 0.28125, 0.375, 0.28125, 0.53125, 0.5, 0.5625, 0.625, 0.5, 0.46875, 0.8125, 0.59375, 0.125, 0.9375, 0.375, 0.8125, 0.09375, 0.375, 0.40625]
[TRAIN]: (152/1600): reward: -7.931009836494923, rates: 6.068990078866444, loss: 1.7745425015687943, rho: 0.4000000000000001, transmit_actions: 14, P: [0.5, 0.90625, 0.53125, 0.09375, 0.03125, 0.34375, 0.71875, 0.375, 0.125, 0.25, 1.0, 0.53125, 0.75, 0.90625, 0.21875, 0.21875, 1.0, 0.375, 0.4375, 1.0]
[TRAIN]: (153/1600): reward: 8.78365182876587, rates: 18.783651647621234, loss: 1.8708914309740066, rho: 0.4000000000000001, transmit_actions: 11, P: [0.0625, 0.75, 0.4375, 0.1875, 0.0625, 0.65625, 0.40625, 0.1875, 0.9375, 0.25, 0.0, 0.78125, 0.15625, 0.90625, 0.28125, 1.0, 0.25, 0.15625, 0.25, 0.9375]
[TRAIN]: (154/1600): reward: -1.8477767705917358, rates: 12.152223245157888, loss: 1.847786682844162, rho: 0.4000000000000001, transmit_actions: 12, P: [0.34375, 0.875, 0.21875, 0.28125, 0.3125, 0.4375, 0.53125, 0.21875, 0.9375, 0.46875, 0.59375, 0.09375, 0.46875, 0.0625, 0.25, 0.34375, 0.28125, 0.96875, 0.59375, 0.8125]
[TRAIN]: (155/1600): reward: -13.538363218307495, rates: 3.461636763335763, loss: 1.8782112538814544, rho: 0.4000000000000001, transmit_actions: 10, P: [0.78125, 0.40625, 0.25, 0.1875, 0.96875, 0.34375, 0.6875, 0.65625, 0.34375, 0.84375, 0.65625, 0.84375, 0.8125, 0.21875, 0.03125, 0.25, 0.84375, 0.09375, 0.4375, 0.25]
[TRAIN]: (156/1600): reward: -8.885968074202538, rates: 5.1140320358161055, loss: 1.8839695513248444, rho: 0.4000000000000001, transmit_actions: 9, P: [0.1875, 0.375, 0.625, 0.03125, 0.0625, 0.28125, 0.6875, 0.5, 0.5625, 0.21875, 0.9375, 0.1875, 0.625, 0.3125, 0.75, 0.59375, 0.0, 0.8125, 0.8125, 0.0]
[TRAIN]: (157/1600): reward: -0.009073257446289062, rates: 12.99092685057397, loss: 1.9840456604957581, rho: 0.4000000000000001, transmit_actions: 12, P: [0.75, 0.5, 0.90625, 0.03125, 0.90625, 0.15625, 0.65625, 0.625, 0.625, 0.4375, 0.15625, 0.0625, 0.90625, 0.46875, 0.8125, 0.4375, 0.9375, 0.0625, 0.0625, 0.875]
[TRAIN]: (158/1600): reward: -14.954773150384426, rates: 0.045226850035317616, loss: 2.027788108587265, rho: 0.4000000000000001, transmit_actions: 9, P: [0.71875, 0.5, 0.15625, 0.46875, 0.3125, 0.21875, 0.0625, 0.5625, 0.75, 1.0, 0.96875, 0.5625, 0.59375, 0.46875, 0.9375, 0.125, 0.4375, 0.0625, 0.46875, 0.40625]
[TRAIN]: (159/1600): reward: -9.648994415998459, rates: 5.351005392363553, loss: 1.5688157618045806, rho: 0.4000000000000001, transmit_actions: 11, P: [1.0, 0.5625, 0.125, 0.625, 0.65625, 0.71875, 0.25, 0.4375, 0.28125, 0.625, 0.71875, 0.75, 0.875, 0.84375, 0.4375, 0.03125, 0.75, 0.3125, 0.1875, 0.4375]
[TRAIN]: (160/1600): reward: -3.835140824317932, rates: 7.164859225508321, loss: 1.7470458835363387, rho: 0.4000000000000001, transmit_actions: 10, P: [0.125, 1.0, 0.28125, 0.84375, 0.6875, 0.59375, 0.71875, 0.1875, 0.375, 0.65625, 0.84375, 0.5625, 0.25, 0.78125, 0.25, 0.59375, 0.71875, 0.09375, 0.9375, 0.0]
[TRAIN]: (161/1600): reward: -4.841317176818848, rates: 6.158682842788989, loss: 1.9072575211524962, rho: 0.4000000000000001, transmit_actions: 9, P: [0.15625, 0.25, 0.75, 0.75, 0.96875, 0.5625, 0.75, 0.84375, 0.71875, 0.59375, 0.03125, 0.84375, 0.4375, 1.0, 0.09375, 0.71875, 0.71875, 0.9375, 0.90625, 0.875]
[TRAIN]: (162/1600): reward: -15.0, rates: 0, loss: 1.9640533983707429, rho: 0.4000000000000001, transmit_actions: 7, P: [0.09375, 0.15625, 0.65625, 0.28125, 0.40625, 0.375, 0.9375, 0.90625, 0.6875, 0.21875, 1.0, 0.96875, 0.46875, 0.28125, 0.625, 0.78125, 0.0, 0.875, 0.21875, 0.8125]
[TRAIN]: (163/1600): reward: 1.9510297179222107, rates: 14.951029361637971, loss: 1.8016357600688935, rho: 0.4000000000000001, transmit_actions: 12, P: [0.59375, 0.53125, 0.9375, 0.6875, 0.96875, 0.4375, 0.6875, 0.4375, 0.5625, 0.28125, 0.40625, 0.84375, 0.28125, 0.625, 0.5, 0.03125, 0.375, 0.15625, 0.21875, 0.375]
[TRAIN]: (164/1600): reward: -11.695532947778702, rates: 1.304467038953783, loss: 1.9046796441078186, rho: 0.4000000000000001, transmit_actions: 6, P: [0.03125, 0.25, 0.09375, 1.0, 0.40625, 0.71875, 0.4375, 0.71875, 0.53125, 0.09375, 0.21875, 0.90625, 0.1875, 0.46875, 0.8125, 0.78125, 0.8125, 0.5, 0.09375, 0.1875]
[TRAIN]: (165/1600): reward: 10.85447745025158, rates: 17.854477557103564, loss: 1.569080463051796, rho: 0.4000000000000001, transmit_actions: 11, P: [0.9375, 0.90625, 0.03125, 0.1875, 0.03125, 0.25, 0.53125, 0.1875, 0.59375, 0.0625, 0.15625, 0.5625, 0.0, 0.125, 0.40625, 0.65625, 0.25, 0.84375, 0.0625, 0.0]
[TRAIN]: (166/1600): reward: -7.884174168109894, rates: 8.115826015451278, loss: 1.763681411743164, rho: 0.4000000000000001, transmit_actions: 10, P: [0.96875, 0.03125, 0.5625, 0.46875, 0.0625, 0.3125, 0.21875, 0.625, 0.5, 0.65625, 0.03125, 0.28125, 0.59375, 0.34375, 0.59375, 1.0, 0.0625, 0.4375, 0.21875, 0.8125]
[TRAIN]: (167/1600): reward: -8.458351388573647, rates: 5.5416483816436575, loss: 1.9186404943466187, rho: 0.4000000000000001, transmit_actions: 7, P: [0.3125, 0.03125, 0.96875, 0.25, 0.875, 0.90625, 0.46875, 0.5625, 0.8125, 0.53125, 0.46875, 0.40625, 0.78125, 0.5, 0.6875, 0.46875, 0.3125, 0.1875, 0.25, 0.40625]
[TRAIN]: (168/1600): reward: -13.737718343734741, rates: 0.26228166898043964, loss: 1.8150466233491898, rho: 0.4000000000000001, transmit_actions: 9, P: [0.75, 0.75, 0.5, 0.125, 0.09375, 0.84375, 0.25, 0.09375, 0.75, 0.96875, 0.875, 0.3125, 0.78125, 0.75, 0.375, 0.875, 0.875, 0.6875, 0.65625, 0.71875]
[TRAIN]: (169/1600): reward: 3.274177074432373, rates: 15.274177067581668, loss: 1.8852059900760652, rho: 0.4000000000000001, transmit_actions: 9, P: [0.65625, 0.875, 0.9375, 0.875, 0.53125, 0.96875, 0.125, 0.09375, 0.5, 0.46875, 0.5625, 0.0625, 0.84375, 0.84375, 0.6875, 0.9375, 0.59375, 0.1875, 0.53125, 0.3125]
[TRAIN]: (170/1600): reward: -5.1706755347549915, rates: 9.829324363031416, loss: 1.759611761569977, rho: 0.4000000000000001, transmit_actions: 10, P: [0.4375, 0.0625, 0.71875, 0.09375, 0.5625, 0.375, 0.84375, 0.59375, 0.40625, 0.34375, 0.84375, 0.0625, 0.34375, 0.25, 0.03125, 1.0, 0.375, 0.125, 0.65625, 0.46875]
[TRAIN]: (171/1600): reward: 1.0020103603601456, rates: 13.002009902337011, loss: 1.8865109443664552, rho: 0.4000000000000001, transmit_actions: 8, P: [0.25, 0.84375, 0.6875, 0.84375, 0.65625, 0.6875, 0.5625, 0.125, 0.03125, 0.25, 0.125, 0.6875, 0.90625, 0.40625, 0.625, 1.0, 0.21875, 0.625, 0.40625, 0.03125]
[TRAIN]: (172/1600): reward: -0.9057909250259399, rates: 12.094209415955625, loss: 1.9226492643356323, rho: 0.4000000000000001, transmit_actions: 11, P: [0.375, 0.9375, 0.28125, 0.625, 0.875, 0.25, 0.28125, 0.1875, 0.71875, 0.75, 0.84375, 0.15625, 1.0, 0.78125, 0.3125, 0.5, 0.0, 0.71875, 0.28125, 0.53125]
[TRAIN]: (173/1600): reward: -7.34050190448761, rates: 6.659498049286516, loss: 1.8060657799243927, rho: 0.4000000000000001, transmit_actions: 7, P: [0.78125, 0.25, 0.40625, 0.5625, 0.28125, 0.59375, 0.34375, 0.5, 0.5, 0.6875, 0.625, 0.46875, 0.0, 0.21875, 0.78125, 0.53125, 0.53125, 0.90625, 0.03125, 0.03125]
[TRAIN]: (174/1600): reward: 0.8876320868730545, rates: 12.887632223716235, loss: 1.7658722937107085, rho: 0.4000000000000001, transmit_actions: 13, P: [0.25, 0.09375, 0.28125, 0.875, 0.71875, 0.125, 0.96875, 0.53125, 0.3125, 1.0, 0.96875, 0.09375, 0.59375, 0.9375, 0.03125, 0.625, 0.375, 0.40625, 0.5625, 0.25]
[TRAIN]: (175/1600): reward: -9.14622974395752, rates: 5.853770034545138, loss: 1.695487642288208, rho: 0.4000000000000001, transmit_actions: 13, P: [0.5, 1.0, 0.84375, 0.8125, 0.78125, 0.75, 0.78125, 0.53125, 1.0, 0.8125, 0.09375, 0.71875, 0.5625, 0.25, 0.15625, 0.3125, 0.84375, 0.90625, 0.71875, 0.28125]
[TRAIN]: (176/1600): reward: 2.5613365173339844, rates: 14.561336885012604, loss: 2.0218567132949827, rho: 0.4000000000000001, transmit_actions: 7, P: [0.25, 0.0625, 0.5625, 0.53125, 0.1875, 0.5625, 0.6875, 0.875, 0.71875, 0.96875, 0.84375, 0.03125, 0.09375, 0.15625, 0.65625, 0.5, 0.15625, 0.3125, 0.375, 0.875]
[TRAIN]: (177/1600): reward: -14.582305192947388, rates: 1.4176948609418376, loss: 1.810459053516388, rho: 0.4000000000000001, transmit_actions: 10, P: [0.8125, 0.03125, 0.375, 0.5, 0.1875, 0.3125, 0.125, 0.625, 0.59375, 0.625, 0.875, 0.65625, 0.65625, 0.53125, 0.3125, 0.6875, 0.53125, 0.8125, 0.65625, 0.8125]
[TRAIN]: (178/1600): reward: -10.920817613601685, rates: 3.079182374897582, loss: 1.7428083002567292, rho: 0.4000000000000001, transmit_actions: 9, P: [0.65625, 1.0, 0.46875, 0.9375, 0.9375, 0.6875, 0.25, 0.46875, 0.75, 0.625, 0.6875, 0.875, 0.46875, 0.03125, 0.875, 0.40625, 0.75, 0.34375, 0.25, 0.875]
[TRAIN]: (179/1600): reward: 0.3285541236400604, rates: 9.328554123315435, loss: 1.9051177740097045, rho: 0.4000000000000001, transmit_actions: 10, P: [0.53125, 0.40625, 0.4375, 0.875, 0.0, 0.21875, 0.96875, 0.34375, 0.34375, 0.25, 0.15625, 0.75, 0.5, 0.375, 0.5, 0.96875, 0.90625, 0.0625, 0.03125, 0.3125]
[TRAIN]: (180/1600): reward: -7.051385387778282, rates: 5.948614363204422, loss: 1.7554316908121108, rho: 0.4000000000000001, transmit_actions: 10, P: [0.71875, 0.6875, 0.09375, 0.0625, 0.3125, 0.375, 0.625, 0.59375, 0.96875, 0.15625, 0.96875, 0.3125, 0.90625, 0.78125, 1.0, 0.3125, 0.40625, 0.75, 0.6875, 0.125]
[TRAIN]: (181/1600): reward: -4.909687176346779, rates: 9.090312754334633, loss: 1.7832455158233642, rho: 0.4000000000000001, transmit_actions: 11, P: [0.3125, 0.625, 0.84375, 0.40625, 0.375, 0.75, 0.09375, 0.4375, 0.28125, 0.96875, 0.4375, 0.0, 0.375, 0.40625, 0.59375, 0.6875, 0.625, 1.0, 0.53125, 0.59375]
[TRAIN]: (182/1600): reward: 3.400871753692627, rates: 15.400871776746271, loss: 1.6430019170045853, rho: 0.4000000000000001, transmit_actions: 10, P: [0.21875, 0.59375, 0.0, 0.125, 1.0, 0.75, 0.21875, 0.6875, 0.78125, 0.15625, 0.0, 0.65625, 0.5, 0.8125, 0.9375, 0.03125, 0.875, 0.78125, 0.65625, 0.09375]
[TRAIN]: (183/1600): reward: -7.66130131483078, rates: 4.3386987198284865, loss: 1.8333856463432312, rho: 0.4000000000000001, transmit_actions: 11, P: [0.21875, 0.625, 0.75, 0.78125, 0.875, 0.875, 0.625, 0.8125, 0.8125, 0.25, 0.03125, 0.21875, 1.0, 0.9375, 0.75, 0.9375, 0.3125, 0.84375, 0.96875, 0.25]
[TRAIN]: (184/1600): reward: 12.310361877083778, rates: 20.310362369381707, loss: 1.7061082899570466, rho: 0.4000000000000001, transmit_actions: 10, P: [0.21875, 0.15625, 0.53125, 0.90625, 0.96875, 0.15625, 0.65625, 0.75, 0.4375, 1.0, 0.5625, 0.21875, 0.09375, 0.125, 0.375, 0.90625, 0.5, 0.625, 0.84375, 0.1875]
[TRAIN]: (185/1600): reward: -10.44905436038971, rates: 2.550945636131612, loss: 1.7075525104999543, rho: 0.4000000000000001, transmit_actions: 8, P: [0.25, 0.84375, 0.8125, 0.78125, 0.71875, 1.0, 0.28125, 0.59375, 0.03125, 0.875, 0.125, 0.59375, 0.6875, 0.375, 0.0625, 0.6875, 0.75, 0.46875, 0.28125, 0.53125]
[TRAIN]: (186/1600): reward: -9.650522470474243, rates: 6.349477563494353, loss: 1.7729345262050629, rho: 0.4000000000000001, transmit_actions: 13, P: [0.28125, 0.9375, 0.3125, 0.71875, 0.90625, 0.53125, 0.75, 0.625, 0.59375, 0.125, 0.5625, 0.96875, 0.78125, 0.5625, 0.25, 0.28125, 0.625, 0.59375, 0.8125, 0.625]
[TRAIN]: (187/1600): reward: -3.8116940706968307, rates: 7.188305904731412, loss: 1.777495765686035, rho: 0.4000000000000001, transmit_actions: 12, P: [0.34375, 0.0, 0.71875, 0.0625, 0.90625, 0.125, 0.0625, 0.4375, 0.9375, 0.3125, 0.8125, 0.03125, 0.71875, 0.25, 0.625, 0.9375, 0.96875, 0.6875, 0.9375, 0.5]
[TRAIN]: (188/1600): reward: 8.19186370074749, rates: 21.191863529202372, loss: 1.669273591041565, rho: 0.4000000000000001, transmit_actions: 13, P: [0.40625, 0.875, 0.3125, 0.8125, 0.375, 0.4375, 0.90625, 0.0, 0.25, 0.15625, 0.3125, 0.125, 0.0625, 0.5625, 0.21875, 0.4375, 0.75, 0.875, 0.0625, 0.96875]
[TRAIN]: (189/1600): reward: -8.46610814332962, rates: 6.533892010637453, loss: 1.6096154540777206, rho: 0.4000000000000001, transmit_actions: 7, P: [0.375, 0.5, 0.46875, 0.40625, 0.25, 0.125, 0.78125, 0.1875, 0.375, 0.40625, 0.15625, 0.8125, 0.34375, 0.9375, 0.59375, 0.5625, 0.34375, 0.46875, 0.875, 0.625]
[TRAIN]: (190/1600): reward: -7.797989911399782, rates: 4.202009969858567, loss: 1.811142161488533, rho: 0.4000000000000001, transmit_actions: 9, P: [0.6875, 0.0, 0.03125, 0.875, 0.46875, 0.53125, 0.75, 0.8125, 0.40625, 0.03125, 0.25, 0.8125, 0.84375, 0.96875, 0.21875, 0.875, 0.15625, 0.09375, 0.71875, 0.40625]
[TRAIN]: (191/1600): reward: -9.476626018993556, rates: 5.523373763187027, loss: 1.7012140572071075, rho: 0.4000000000000001, transmit_actions: 8, P: [0.6875, 0.34375, 0.9375, 0.90625, 0.46875, 0.375, 0.0625, 0.15625, 0.625, 0.78125, 0.53125, 0.09375, 0.65625, 0.59375, 0.0625, 0.625, 0.25, 0.15625, 0.71875, 0.90625]
[TRAIN]: (192/1600): reward: 2.6084718704223633, rates: 10.608471747744641, loss: 1.7939494639635085, rho: 0.4000000000000001, transmit_actions: 9, P: [0.28125, 0.8125, 0.53125, 0.125, 0.125, 0.875, 0.125, 0.28125, 0.875, 0.1875, 0.0, 0.1875, 0.90625, 0.40625, 0.0625, 0.09375, 0.625, 0.53125, 0.84375, 0.0]
[TRAIN]: (193/1600): reward: 4.466545633971691, rates: 12.466545522654387, loss: 1.5845047652721405, rho: 0.4000000000000001, transmit_actions: 12, P: [0.75, 0.84375, 0.03125, 0.65625, 0.625, 0.09375, 0.90625, 0.84375, 0.875, 0.0, 0.90625, 0.125, 0.78125, 0.4375, 0.03125, 0.53125, 0.59375, 0.75, 0.96875, 0.96875]
[TRAIN]: (194/1600): reward: -2.10221529006958, rates: 9.897785048034752, loss: 1.7375716060400008, rho: 0.4000000000000001, transmit_actions: 11, P: [0.625, 0.90625, 0.15625, 0.6875, 0.75, 0.6875, 0.5625, 0.09375, 0.34375, 0.3125, 0.78125, 0.1875, 0.8125, 0.65625, 0.96875, 0.0625, 0.21875, 0.875, 0.125, 0.09375]
[TRAIN]: (195/1600): reward: -14.929317392408848, rates: 0.0706826090169092, loss: 1.5798992574214936, rho: 0.4000000000000001, transmit_actions: 8, P: [0.71875, 0.46875, 0.8125, 0.65625, 1.0, 0.875, 0.09375, 0.40625, 0.46875, 0.3125, 0.59375, 0.90625, 1.0, 0.78125, 0.3125, 0.15625, 0.25, 0.4375, 0.8125, 0.6875]
[TRAIN]: (196/1600): reward: -0.988209493458271, rates: 10.011790207677251, loss: 1.6913190543651582, rho: 0.4000000000000001, transmit_actions: 13, P: [1.0, 0.0625, 0.8125, 1.0, 0.09375, 0.34375, 0.96875, 0.625, 0.5, 0.09375, 0.28125, 0.125, 0.0, 0.1875, 1.0, 0.75, 0.28125, 0.78125, 0.40625, 0.0]
[TRAIN]: (197/1600): reward: -5.256078734993935, rates: 9.743921460736333, loss: 1.8449985265731812, rho: 0.4000000000000001, transmit_actions: 15, P: [0.03125, 0.5625, 0.96875, 0.96875, 0.6875, 0.53125, 0.875, 0.59375, 0.0625, 0.125, 0.15625, 0.5625, 0.09375, 0.5, 0.625, 0.75, 0.03125, 0.9375, 0.5, 0.0]
[TRAIN]: (198/1600): reward: -11.835160732269287, rates: 2.164839211403514, loss: 1.8607499599456787, rho: 0.4000000000000001, transmit_actions: 10, P: [0.4375, 0.9375, 0.9375, 0.1875, 0.71875, 0.3125, 0.84375, 0.53125, 0.65625, 0.15625, 0.375, 0.46875, 0.59375, 1.0, 0.25, 0.9375, 0.46875, 0.4375, 0.3125, 0.15625]
[TRAIN]: (199/1600): reward: -1.6691602766513824, rates: 10.330839626494667, loss: 1.6970802992582321, rho: 0.4000000000000001, transmit_actions: 9, P: [0.03125, 1.0, 0.03125, 0.8125, 0.8125, 0.9375, 1.0, 0.84375, 0.1875, 0.375, 0.15625, 0.03125, 0.21875, 0.75, 0.15625, 0.625, 0.71875, 0.53125, 0.875, 0.59375]
[TRAIN]: (200/1600): reward: -4.093007266521454, rates: 9.906992734377841, loss: 1.8435835003852845, rho: 0.4000000000000001, transmit_actions: 10, P: [0.0, 0.34375, 0.34375, 0.3125, 0.375, 0.75, 0.46875, 0.34375, 0.53125, 0.25, 1.0, 0.78125, 1.0, 0.3125, 0.3125, 0.53125, 0.21875, 0.375, 1.0, 0.0625]
[TRAIN]: (201/1600): reward: -3.070526532828808, rates: 9.9294737410227, loss: 1.728397363424301, rho: 0.4000000000000001, transmit_actions: 8, P: [0.71875, 0.53125, 0.5, 0.375, 0.5, 0.90625, 0.75, 0.25, 0.40625, 0.3125, 0.375, 0.4375, 0.625, 0.84375, 0.3125, 0.15625, 0.1875, 0.28125, 0.21875, 0.4375]
[TRAIN]: (202/1600): reward: -16.0, rates: 0, loss: 1.695995455980301, rho: 0.4000000000000001, transmit_actions: 6, P: [0.0625, 0.53125, 0.65625, 0.28125, 0.1875, 0.5625, 0.4375, 0.75, 0.9375, 0.4375, 0.5, 0.3125, 0.6875, 0.28125, 0.6875, 0.09375, 0.53125, 0.6875, 0.90625, 0.9375]
[TRAIN]: (203/1600): reward: -7.210986137390137, rates: 5.789013895956157, loss: 1.73552448451519, rho: 0.4000000000000001, transmit_actions: 10, P: [0.8125, 0.96875, 0.40625, 0.03125, 0.8125, 0.90625, 0.25, 0.5625, 0.6875, 0.84375, 0.5, 0.40625, 0.21875, 0.4375, 0.9375, 0.40625, 0.65625, 0.78125, 0.34375, 0.78125]
[TRAIN]: (204/1600): reward: -8.931621462106705, rates: 5.068378522308287, loss: 1.6762723684310914, rho: 0.4000000000000001, transmit_actions: 13, P: [0.375, 0.96875, 0.53125, 0.125, 0.25, 0.21875, 0.34375, 0.4375, 0.53125, 0.59375, 0.96875, 0.84375, 0.4375, 0.71875, 0.71875, 0.4375, 0.625, 0.1875, 0.78125, 0.78125]
[TRAIN]: (205/1600): reward: -6.571303332224488, rates: 9.42869683060206, loss: 1.7108073830604553, rho: 0.4000000000000001, transmit_actions: 12, P: [0.96875, 0.75, 0.84375, 0.6875, 0.1875, 0.75, 0.8125, 0.03125, 0.75, 0.40625, 0.40625, 0.0625, 0.0, 0.28125, 0.1875, 0.3125, 0.625, 0.5625, 0.28125, 0.6875]
[TRAIN]: (206/1600): reward: -11.008497714996338, rates: 3.9915022229712216, loss: 1.7553850889205933, rho: 0.4000000000000001, transmit_actions: 9, P: [0.75, 1.0, 0.96875, 0.59375, 0.46875, 0.375, 0.21875, 0.09375, 0.9375, 0.625, 0.96875, 0.28125, 0.53125, 0.46875, 0.5625, 0.03125, 0.59375, 0.21875, 0.125, 0.90625]
[TRAIN]: (207/1600): reward: -1.9959688186645508, rates: 13.004031070355179, loss: 1.8286332190036774, rho: 0.4000000000000001, transmit_actions: 13, P: [0.0625, 0.78125, 0.375, 0.25, 0.03125, 0.625, 0.53125, 0.34375, 0.0, 0.34375, 0.5, 0.3125, 0.875, 0.1875, 0.53125, 0.25, 0.125, 0.25, 0.21875, 0.875]
[TRAIN]: (208/1600): reward: -5.010133296251297, rates: 9.989866885431002, loss: 1.7463023006916045, rho: 0.4000000000000001, transmit_actions: 10, P: [0.09375, 0.3125, 0.34375, 0.40625, 0.3125, 0.46875, 0.71875, 0.53125, 0.90625, 0.9375, 0.3125, 0.59375, 0.09375, 0.59375, 0.15625, 0.65625, 0.0625, 0.4375, 0.78125, 0.59375]
[TRAIN]: (209/1600): reward: -2.6877996921539307, rates: 12.312199987732178, loss: 1.876774901151657, rho: 0.4000000000000001, transmit_actions: 11, P: [0.4375, 0.46875, 0.34375, 0.5, 0.09375, 0.53125, 0.75, 0.03125, 0.65625, 0.59375, 0.1875, 0.125, 0.21875, 0.6875, 0.90625, 0.15625, 0.96875, 0.78125, 0.25, 0.0]
[TRAIN]: (210/1600): reward: -13.432408332824707, rates: 3.5675916993152916, loss: 1.8448384761810304, rho: 0.4000000000000001, transmit_actions: 10, P: [0.4375, 0.46875, 0.53125, 0.75, 0.375, 0.0625, 0.875, 0.34375, 0.375, 0.71875, 0.125, 0.75, 0.28125, 0.8125, 0.0, 0.75, 0.03125, 0.875, 0.21875, 0.625]
[TRAIN]: (211/1600): reward: 0.4180680476129055, rates: 11.418068079446112, loss: 1.7599272191524507, rho: 0.4000000000000001, transmit_actions: 9, P: [0.21875, 0.46875, 0.5, 0.84375, 0.84375, 0.03125, 0.46875, 0.34375, 0.1875, 0.78125, 0.78125, 0.375, 0.4375, 0.5625, 0.375, 0.5625, 0.875, 0.84375, 0.28125, 0.9375]
[TRAIN]: (212/1600): reward: -2.4203548431396484, rates: 10.579644854344789, loss: 1.7540826469659805, rho: 0.4000000000000001, transmit_actions: 9, P: [0.40625, 0.4375, 0.46875, 0.03125, 0.25, 0.34375, 0.53125, 0.53125, 0.75, 0.59375, 0.625, 1.0, 0.125, 0.0625, 0.28125, 0.53125, 0.90625, 0.875, 0.78125, 0.75]
[TRAIN]: (213/1600): reward: 7.5329669415950775, rates: 20.532966714174414, loss: 1.9160463869571687, rho: 0.4000000000000001, transmit_actions: 16, P: [0.375, 1.0, 0.0, 0.5, 0.125, 0.90625, 0.90625, 0.625, 0.375, 0.125, 0.625, 0.78125, 0.09375, 0.0625, 0.5625, 0.3125, 0.3125, 0.5, 0.5, 0.5]
[TRAIN]: (214/1600): reward: -11.797254085540771, rates: 5.202745880586335, loss: 1.8241593658924102, rho: 0.4000000000000001, transmit_actions: 10, P: [0.40625, 0.46875, 0.3125, 0.34375, 0.78125, 0.53125, 0.40625, 0.25, 0.59375, 0.9375, 0.21875, 0.75, 0.75, 0.25, 0.375, 0.75, 0.6875, 0.625, 0.59375, 0.71875]
[TRAIN]: (215/1600): reward: 0.7733633294701576, rates: 11.773362986815876, loss: 1.6894034147262573, rho: 0.4000000000000001, transmit_actions: 14, P: [0.71875, 0.71875, 0.125, 0.875, 0.65625, 0.4375, 0.0625, 0.6875, 0.90625, 0.6875, 0.96875, 0.90625, 0.46875, 0.71875, 0.34375, 0.96875, 0.875, 0.21875, 0.40625, 0.28125]
[TRAIN]: (216/1600): reward: -8.487538428977132, rates: 3.5124616519764946, loss: 1.8722932130098342, rho: 0.4000000000000001, transmit_actions: 9, P: [0.0625, 0.4375, 0.3125, 0.28125, 0.6875, 0.875, 0.03125, 0.3125, 0.15625, 0.84375, 0.625, 0.28125, 0.9375, 0.46875, 0.375, 0.84375, 0.46875, 0.375, 0.25, 0.53125]
[TRAIN]: (217/1600): reward: 0.8228206224739552, rates: 9.822820739342696, loss: 1.9426359057426452, rho: 0.4000000000000001, transmit_actions: 10, P: [0.78125, 0.21875, 0.28125, 0.15625, 0.34375, 0.1875, 0.375, 0.03125, 0.21875, 0.8125, 0.90625, 0.1875, 0.9375, 0.9375, 0.09375, 0.0, 0.25, 1.0, 0.40625, 0.34375]
[TRAIN]: (218/1600): reward: -0.5397304482758045, rates: 12.4602694706393, loss: 1.8428447097539902, rho: 0.4000000000000001, transmit_actions: 10, P: [0.03125, 0.5625, 0.8125, 0.9375, 0.5625, 0.03125, 0.09375, 0.96875, 0.84375, 0.15625, 0.25, 0.09375, 0.0625, 0.8125, 0.75, 0.6875, 0.96875, 0.0625, 0.65625, 0.8125]
[TRAIN]: (219/1600): reward: -9.754810094833374, rates: 5.245190090602942, loss: 1.7246217280626297, rho: 0.4000000000000001, transmit_actions: 11, P: [0.34375, 0.46875, 0.21875, 0.125, 0.75, 0.15625, 0.84375, 0.59375, 0.46875, 0.65625, 0.5625, 0.75, 0.84375, 0.25, 0.8125, 0.65625, 0.28125, 1.0, 0.8125, 0.25]
[TRAIN]: (220/1600): reward: -4.9427149295806885, rates: 8.057285100638904, loss: 1.7827474862337112, rho: 0.4000000000000001, transmit_actions: 7, P: [0.9375, 0.625, 0.625, 0.15625, 0.125, 0.25, 0.96875, 0.59375, 0.21875, 0.0, 0.03125, 0.0, 0.78125, 0.46875, 0.9375, 0.5625, 0.3125, 0.96875, 0.03125, 0.53125]
[TRAIN]: (221/1600): reward: 7.920091807842255, rates: 17.9200914143343, loss: 1.7176509499549866, rho: 0.4000000000000001, transmit_actions: 10, P: [0.59375, 0.125, 0.53125, 0.875, 0.96875, 0.28125, 0.09375, 0.09375, 0.53125, 0.09375, 0.0625, 0.03125, 0.6875, 0.1875, 0.21875, 0.96875, 0.9375, 0.09375, 0.59375, 0.96875]
[TRAIN]: (222/1600): reward: -9.24443006515503, rates: 5.755570144854151, loss: 1.7722597777843476, rho: 0.4000000000000001, transmit_actions: 5, P: [0.21875, 0.8125, 0.09375, 0.65625, 0.40625, 0.53125, 0.125, 0.71875, 0.46875, 0.25, 0.15625, 0.9375, 0.46875, 0.3125, 0.3125, 0.84375, 0.5, 0.3125, 0.28125, 0.90625]
[TRAIN]: (223/1600): reward: 8.888589978218079, rates: 20.88859038319812, loss: 1.9109927117824554, rho: 0.4000000000000001, transmit_actions: 9, P: [0.5625, 0.78125, 0.8125, 0.90625, 0.0, 0.21875, 0.625, 0.53125, 0.65625, 0.28125, 0.1875, 0.375, 0.75, 0.15625, 0.75, 0.09375, 0.4375, 0.9375, 0.0, 1.0]
[TRAIN]: (224/1600): reward: -4.024386882781982, rates: 9.975613421150094, loss: 1.7966519623994828, rho: 0.4000000000000001, transmit_actions: 8, P: [0.78125, 0.59375, 0.625, 0.0, 0.46875, 0.0, 0.875, 0.8125, 0.25, 0.4375, 0.375, 0.84375, 0.25, 0.15625, 0.4375, 0.375, 0.5625, 0.46875, 0.3125, 0.3125]
[TRAIN]: (225/1600): reward: 2.105630040168762, rates: 15.105629956507382, loss: 1.860536378622055, rho: 0.4000000000000001, transmit_actions: 13, P: [0.53125, 0.875, 0.5, 0.84375, 0.375, 0.25, 0.5, 0.71875, 0.40625, 0.3125, 0.875, 0.125, 0.4375, 0.125, 0.875, 0.09375, 0.125, 0.84375, 0.71875, 0.125]
[TRAIN]: (226/1600): reward: -15.0, rates: 0, loss: 1.6394547402858735, rho: 0.4000000000000001, transmit_actions: 7, P: [0.5625, 0.0625, 0.03125, 1.0, 0.75, 0.9375, 0.71875, 0.90625, 0.6875, 0.84375, 0.78125, 0.5625, 0.53125, 0.875, 0.375, 0.59375, 0.1875, 0.65625, 0.375, 0.9375]
[TRAIN]: (227/1600): reward: 6.986335873603821, rates: 19.98633618615527, loss: 1.949149066209793, rho: 0.4000000000000001, transmit_actions: 11, P: [0.375, 0.96875, 0.84375, 0.5625, 0.21875, 0.46875, 0.25, 0.0625, 0.0, 0.0625, 0.15625, 0.0625, 0.46875, 0.59375, 0.40625, 0.125, 0.25, 0.15625, 0.9375, 1.0]
[TRAIN]: (228/1600): reward: -8.387971259653568, rates: 5.612028759761216, loss: 1.7965315341949464, rho: 0.4000000000000001, transmit_actions: 9, P: [0.4375, 0.09375, 0.4375, 0.65625, 0.6875, 0.90625, 0.625, 0.15625, 1.0, 0.34375, 0.3125, 0.1875, 0.5, 0.0, 0.1875, 0.09375, 0.96875, 0.15625, 0.0625, 0.5625]
[TRAIN]: (229/1600): reward: -2.797612704336643, rates: 11.202387546147797, loss: 1.675635251402855, rho: 0.4000000000000001, transmit_actions: 15, P: [0.21875, 0.375, 0.0, 0.625, 0.28125, 0.75, 0.5, 0.65625, 0.53125, 0.21875, 0.59375, 0.46875, 0.46875, 0.28125, 0.28125, 0.875, 0.5625, 0.875, 0.59375, 0.125]
[TRAIN]: (230/1600): reward: -5.138630509376526, rates: 9.86136944959259, loss: 1.733335757255554, rho: 0.4000000000000001, transmit_actions: 14, P: [0.84375, 0.53125, 0.96875, 0.4375, 0.4375, 0.0, 0.375, 0.96875, 0.90625, 0.9375, 0.15625, 0.46875, 0.09375, 0.34375, 0.3125, 0.8125, 0.6875, 0.84375, 0.0, 0.09375]
[TRAIN]: (231/1600): reward: -8.630444526672363, rates: 7.369555686411696, loss: 1.9955962538719176, rho: 0.4000000000000001, transmit_actions: 13, P: [0.8125, 0.65625, 0.46875, 0.21875, 1.0, 0.3125, 0.4375, 0.6875, 0.28125, 0.65625, 0.21875, 0.125, 0.53125, 1.0, 0.21875, 0.03125, 0.96875, 0.03125, 0.34375, 0.34375]
[TRAIN]: (232/1600): reward: -9.79680621623993, rates: 4.203193950045446, loss: 1.9093136310577392, rho: 0.4000000000000001, transmit_actions: 10, P: [0.46875, 0.1875, 0.15625, 0.875, 0.5, 0.25, 0.78125, 0.03125, 0.5625, 0.0625, 0.09375, 0.40625, 0.875, 0.53125, 0.34375, 0.90625, 0.96875, 0.90625, 0.28125, 0.6875]
[TRAIN]: (233/1600): reward: -12.007512092590332, rates: 3.9924880004957948, loss: 1.6861286818981172, rho: 0.4000000000000001, transmit_actions: 10, P: [0.0625, 0.0625, 0.21875, 0.5, 0.375, 0.78125, 0.3125, 0.6875, 0.78125, 0.84375, 0.03125, 0.90625, 0.46875, 0.03125, 0.0, 0.28125, 0.625, 0.21875, 0.6875, 1.0]
[TRAIN]: (234/1600): reward: 0.5953816398978233, rates: 12.59538190946055, loss: 1.8414340257644652, rho: 0.4000000000000001, transmit_actions: 11, P: [0.28125, 0.3125, 0.65625, 0.15625, 0.0625, 0.75, 0.375, 0.125, 0.34375, 0.53125, 0.1875, 0.96875, 0.46875, 0.34375, 0.4375, 0.71875, 0.84375, 0.90625, 0.34375, 0.5]
[TRAIN]: (235/1600): reward: 1.0127812623977661, rates: 16.012781242472695, loss: 2.017697888612747, rho: 0.4000000000000001, transmit_actions: 10, P: [0.09375, 0.25, 0.46875, 0.65625, 0.15625, 0.6875, 0.09375, 0.78125, 0.78125, 0.34375, 0.1875, 0.0625, 0.09375, 0.5, 0.5625, 0.3125, 0.6875, 0.65625, 0.71875, 0.46875]
[TRAIN]: (236/1600): reward: -13.971781253814697, rates: 1.0282187669970158, loss: 1.6717512965202332, rho: 0.4000000000000001, transmit_actions: 10, P: [0.46875, 0.0, 0.75, 0.125, 0.90625, 0.1875, 0.34375, 0.71875, 0.8125, 0.78125, 0.9375, 0.0, 0.125, 1.0, 0.59375, 0.375, 1.0, 0.3125, 0.625, 0.53125]
[TRAIN]: (237/1600): reward: -10.981728665530682, rates: 1.0182713474051608, loss: 2.014653819799423, rho: 0.4000000000000001, transmit_actions: 12, P: [0.125, 0.6875, 0.5625, 0.46875, 0.5625, 0.15625, 0.59375, 0.5, 0.0625, 0.59375, 0.9375, 0.0625, 0.4375, 0.90625, 0.46875, 0.65625, 0.75, 0.71875, 1.0, 0.46875]
[TRAIN]: (238/1600): reward: 2.326482057571411, rates: 15.326482258040615, loss: 1.6950051844120027, rho: 0.4000000000000001, transmit_actions: 12, P: [0.90625, 0.0625, 0.5625, 0.96875, 0.1875, 0.03125, 0.875, 0.3125, 0.4375, 0.4375, 0.28125, 0.875, 0.4375, 0.40625, 0.6875, 0.5625, 0.34375, 0.125, 0.71875, 0.6875]
[TRAIN]: (239/1600): reward: 0.584789514541626, rates: 12.584789813998693, loss: 1.7826533675193788, rho: 0.4000000000000001, transmit_actions: 11, P: [0.0, 0.59375, 0.9375, 0.53125, 1.0, 0.1875, 0.28125, 0.40625, 0.125, 0.71875, 0.4375, 0.03125, 0.46875, 0.4375, 0.5625, 0.0, 0.03125, 0.28125, 0.65625, 0.28125]
[TRAIN]: (240/1600): reward: -3.233326718211174, rates: 10.766673610974834, loss: 1.675831127166748, rho: 0.4000000000000001, transmit_actions: 9, P: [0.1875, 0.3125, 0.90625, 0.21875, 0.5, 0.71875, 0.59375, 0.5625, 0.28125, 0.40625, 0.625, 0.96875, 0.5625, 0.5, 0.28125, 0.125, 0.875, 0.0625, 0.03125, 0.53125]
[TRAIN]: (241/1600): reward: -5.488607883453369, rates: 9.511391996075023, loss: 1.7798099160194396, rho: 0.4000000000000001, transmit_actions: 10, P: [0.125, 0.84375, 0.40625, 0.84375, 0.75, 0.4375, 0.15625, 0.75, 0.40625, 0.375, 0.15625, 0.75, 0.15625, 0.84375, 0.46875, 0.09375, 0.21875, 0.71875, 0.0, 0.53125]
[TRAIN]: (242/1600): reward: -8.711831398308277, rates: 5.288168804344102, loss: 1.8277975797653199, rho: 0.4000000000000001, transmit_actions: 7, P: [0.25, 0.59375, 1.0, 0.96875, 0.8125, 0.3125, 0.96875, 0.1875, 0.15625, 0.09375, 0.46875, 0.03125, 0.34375, 0.78125, 0.4375, 0.15625, 0.375, 0.84375, 0.53125, 0.625]
[TRAIN]: (243/1600): reward: -17.0, rates: 0.0, loss: 1.8740132391452788, rho: 0.4000000000000001, transmit_actions: 9, P: [1.0, 0.5625, 0.0, 0.75, 0.34375, 0.5625, 0.8125, 0.59375, 0.375, 0.0, 0.0, 0.65625, 0.3125, 0.1875, 0.78125, 0.75, 0.53125, 0.8125, 0.8125, 0.96875]
[TRAIN]: (244/1600): reward: 1.6403179466724396, rates: 15.640318096163947, loss: 1.777138039469719, rho: 0.4000000000000001, transmit_actions: 12, P: [0.625, 0.625, 0.1875, 0.78125, 0.40625, 0.34375, 0.375, 0.59375, 0.25, 0.84375, 0.03125, 0.78125, 0.28125, 0.59375, 0.6875, 0.71875, 0.78125, 0.875, 0.53125, 0.09375]
[TRAIN]: (245/1600): reward: -9.298161506652832, rates: 4.70183870134405, loss: 1.8930127650499344, rho: 0.4000000000000001, transmit_actions: 7, P: [0.46875, 0.65625, 1.0, 0.09375, 0.90625, 0.84375, 0.53125, 0.1875, 0.875, 0.8125, 0.34375, 0.28125, 0.28125, 0.78125, 0.21875, 0.71875, 0.8125, 0.625, 0.15625, 0.21875]
[TRAIN]: (246/1600): reward: 0.45900828391313553, rates: 13.459008183425286, loss: 1.7046905159950256, rho: 0.4000000000000001, transmit_actions: 11, P: [0.0, 0.34375, 0.03125, 0.78125, 0.125, 0.375, 0.125, 0.25, 0.34375, 0.125, 0.5625, 0.0625, 0.53125, 0.78125, 0.0625, 0.375, 0.96875, 0.1875, 0.5, 0.03125]
[TRAIN]: (247/1600): reward: -7.0592943876981735, rates: 5.940705624517182, loss: 1.664291000366211, rho: 0.4000000000000001, transmit_actions: 10, P: [0.75, 0.28125, 0.5625, 0.03125, 1.0, 0.96875, 0.15625, 0.15625, 0.15625, 0.59375, 0.5625, 0.0625, 0.4375, 0.46875, 0.28125, 0.53125, 0.1875, 0.25, 0.90625, 0.5625]
[TRAIN]: (248/1600): reward: -9.206751644611359, rates: 3.793248358712665, loss: 1.7106062293052673, rho: 0.4000000000000001, transmit_actions: 13, P: [0.0625, 0.15625, 0.09375, 0.25, 0.53125, 0.15625, 0.3125, 0.875, 0.03125, 0.4375, 0.3125, 0.96875, 0.125, 0.6875, 0.1875, 0.28125, 0.9375, 0.46875, 0.25, 0.59375]
[TRAIN]: (249/1600): reward: -8.494749590754509, rates: 4.505250539519089, loss: 1.898757243156433, rho: 0.4000000000000001, transmit_actions: 10, P: [1.0, 0.25, 0.0625, 0.0625, 0.625, 0.40625, 0.5, 1.0, 0.59375, 0.09375, 0.34375, 0.3125, 0.78125, 0.0625, 0.8125, 0.9375, 0.5625, 0.5625, 0.6875, 0.28125]
[TRAIN]: (250/1600): reward: -15.879331201314926, rates: 0.12066879561532513, loss: 1.9140369415283203, rho: 0.4000000000000001, transmit_actions: 8, P: [0.1875, 0.84375, 0.6875, 0.625, 0.15625, 0.4375, 0.34375, 0.3125, 0.125, 0.3125, 0.375, 0.8125, 0.71875, 0.96875, 0.53125, 0.125, 0.5, 0.4375, 0.96875, 0.4375]
[TRAIN]: (251/1600): reward: -9.138779729604721, rates: 5.861220432023506, loss: 1.861545729637146, rho: 0.4000000000000001, transmit_actions: 11, P: [0.0, 0.15625, 0.09375, 0.15625, 0.0625, 0.1875, 0.53125, 0.59375, 0.8125, 0.625, 0.6875, 0.34375, 0.875, 0.96875, 0.71875, 0.625, 0.53125, 0.0625, 0.21875, 0.6875]
[TRAIN]: (252/1600): reward: 2.1650677919387817, rates: 14.16506775500651, loss: 1.855413371324539, rho: 0.4000000000000001, transmit_actions: 10, P: [0.1875, 0.71875, 0.25, 0.9375, 0.75, 0.4375, 0.84375, 0.9375, 0.25, 0.53125, 0.6875, 0.53125, 0.71875, 0.3125, 0.1875, 0.46875, 0.375, 0.625, 0.5, 0.03125]
[TRAIN]: (253/1600): reward: 4.997491553425789, rates: 17.99749151632213, loss: 1.8431030094623566, rho: 0.4000000000000001, transmit_actions: 8, P: [0.28125, 0.09375, 0.1875, 0.6875, 0.84375, 0.75, 0.15625, 0.125, 0.53125, 0.09375, 0.0625, 0.625, 0.34375, 0.4375, 0.125, 0.1875, 0.1875, 0.03125, 0.59375, 0.8125]
[TRAIN]: (254/1600): reward: -15.24314969778061, rates: 0.7568502957750476, loss: 1.8485394597053528, rho: 0.4000000000000001, transmit_actions: 9, P: [0.34375, 0.84375, 0.15625, 0.625, 0.09375, 0.6875, 0.46875, 0.53125, 0.28125, 0.125, 0.4375, 0.4375, 0.0, 0.53125, 0.0625, 0.21875, 0.65625, 0.46875, 0.65625, 0.09375]
[TRAIN]: (255/1600): reward: -1.2872691005468369, rates: 11.712731004306221, loss: 1.8190478146076203, rho: 0.4000000000000001, transmit_actions: 11, P: [0.90625, 0.96875, 0.3125, 0.0, 0.5625, 0.21875, 0.28125, 0.875, 0.0, 0.15625, 0.84375, 0.46875, 0.8125, 0.1875, 0.59375, 0.59375, 0.34375, 0.6875, 0.84375, 0.90625]
[TRAIN]: (256/1600): reward: -6.789690434932709, rates: 6.210309552454486, loss: 1.771549654006958, rho: 0.4000000000000001, transmit_actions: 13, P: [0.46875, 0.875, 0.96875, 0.96875, 0.3125, 0.84375, 0.6875, 0.375, 0.9375, 0.28125, 0.4375, 1.0, 0.1875, 0.96875, 0.96875, 0.6875, 0.5, 0.53125, 0.0, 0.59375]
[TRAIN]: (257/1600): reward: -11.0266233086586, rates: 0.9733766880950803, loss: 1.6950740665197372, rho: 0.4000000000000001, transmit_actions: 8, P: [0.15625, 0.34375, 0.9375, 0.40625, 0.71875, 0.03125, 0.78125, 0.9375, 0.4375, 0.46875, 0.46875, 0.75, 0.8125, 0.78125, 0.53125, 1.0, 0.5625, 0.84375, 0.5, 0.75]
[TRAIN]: (258/1600): reward: -7.501605927944183, rates: 7.4983942816544955, loss: 2.023226264119148, rho: 0.4000000000000001, transmit_actions: 8, P: [1.0, 0.09375, 0.5, 0.21875, 0.03125, 0.40625, 0.25, 0.59375, 0.28125, 0.09375, 0.96875, 0.125, 0.21875, 0.3125, 0.8125, 0.34375, 0.75, 0.75, 0.46875, 0.28125]
[TRAIN]: (259/1600): reward: -8.286220654845238, rates: 4.71377938664603, loss: 1.8731954872608185, rho: 0.4000000000000001, transmit_actions: 8, P: [0.375, 0.625, 0.0625, 0.375, 0.5, 0.75, 0.15625, 0.25, 0.4375, 1.0, 0.0625, 0.96875, 0.34375, 0.5625, 0.75, 0.21875, 0.4375, 0.59375, 1.0, 0.78125]
[TRAIN]: (260/1600): reward: -9.748064778745174, rates: 4.251935241940181, loss: 1.7879603415727616, rho: 0.4000000000000001, transmit_actions: 11, P: [0.40625, 0.25, 0.84375, 0.875, 0.03125, 0.28125, 0.1875, 0.15625, 0.15625, 0.625, 0.5625, 0.46875, 0.96875, 0.9375, 0.09375, 0.09375, 0.4375, 1.0, 0.9375, 0.4375]
[TRAIN]: (261/1600): reward: -2.543466005474329, rates: 10.456534010338618, loss: 1.9216125071048737, rho: 0.4000000000000001, transmit_actions: 12, P: [0.0625, 0.46875, 0.375, 0.90625, 0.3125, 0.34375, 0.78125, 0.28125, 0.375, 0.9375, 0.28125, 0.34375, 0.28125, 0.84375, 0.59375, 0.5, 0.4375, 0.5625, 0.0625, 0.96875]
[TRAIN]: (262/1600): reward: -0.36884573101997375, rates: 11.631154146727905, loss: 1.7645637094974518, rho: 0.4000000000000001, transmit_actions: 9, P: [0.78125, 0.5, 0.3125, 0.625, 0.96875, 0.28125, 0.9375, 0.75, 0.28125, 0.4375, 0.40625, 0.5, 0.1875, 0.90625, 0.28125, 0.09375, 0.5, 0.90625, 0.65625, 0.3125]
[TRAIN]: (263/1600): reward: -9.924607567489147, rates: 5.075392272515718, loss: 1.8408566117286682, rho: 0.4000000000000001, transmit_actions: 16, P: [0.78125, 0.09375, 0.5, 0.8125, 0.6875, 0.65625, 0.03125, 0.59375, 0.09375, 0.8125, 0.375, 0.0, 0.9375, 0.1875, 0.5625, 0.28125, 0.53125, 0.53125, 0.53125, 0.28125]
[TRAIN]: (264/1600): reward: 1.2068569362163544, rates: 11.206856991317053, loss: 1.8335888087749481, rho: 0.4000000000000001, transmit_actions: 7, P: [0.96875, 0.5, 0.34375, 0.1875, 0.09375, 0.03125, 0.8125, 0.4375, 0.75, 1.0, 0.9375, 0.75, 0.5625, 0.1875, 0.78125, 0.75, 0.6875, 1.0, 0.25, 1.0]
[TRAIN]: (265/1600): reward: -7.414605647325516, rates: 5.585394447842764, loss: 1.7678359031677247, rho: 0.4000000000000001, transmit_actions: 13, P: [0.875, 0.75, 0.28125, 0.78125, 0.6875, 0.8125, 0.3125, 0.5625, 0.53125, 0.5, 1.0, 0.4375, 0.875, 0.21875, 0.625, 0.53125, 0.8125, 0.375, 0.625, 0.9375]
[TRAIN]: (266/1600): reward: 4.310942955315113, rates: 16.310943139633558, loss: 1.7692638605833053, rho: 0.4000000000000001, transmit_actions: 10, P: [0.4375, 0.09375, 0.53125, 0.71875, 0.46875, 0.625, 0.78125, 0.15625, 0.9375, 0.75, 0.71875, 0.625, 0.5, 0.1875, 0.3125, 0.59375, 0.96875, 0.96875, 0.1875, 0.5]
[TRAIN]: (267/1600): reward: -2.7001688480377197, rates: 12.299831179055715, loss: 1.9027504742145538, rho: 0.4000000000000001, transmit_actions: 13, P: [0.625, 1.0, 0.53125, 0.21875, 0.59375, 0.78125, 0.96875, 0.21875, 0.375, 0.5, 0.28125, 0.375, 1.0, 0.6875, 0.375, 0.6875, 0.40625, 0.75, 0.96875, 0.34375]
[TRAIN]: (268/1600): reward: -0.7751771882176399, rates: 10.224822724338171, loss: 1.797451424598694, rho: 0.4000000000000001, transmit_actions: 12, P: [0.0, 0.0, 0.8125, 0.15625, 0.03125, 0.8125, 0.0625, 0.84375, 0.46875, 0.1875, 0.34375, 0.75, 0.84375, 0.46875, 0.4375, 0.5625, 0.75, 0.25, 0.5, 0.0625]
[TRAIN]: (269/1600): reward: -9.487459182739258, rates: 4.512540768551704, loss: 1.6389670491218566, rho: 0.4000000000000001, transmit_actions: 4, P: [0.0, 0.5, 0.875, 0.65625, 0.5625, 0.0, 0.6875, 0.96875, 0.46875, 0.34375, 0.78125, 1.0, 0.28125, 0.9375, 0.125, 0.125, 0.53125, 0.25, 0.34375, 1.0]
[TRAIN]: (270/1600): reward: 2.5495123863220215, rates: 17.549512472944187, loss: 1.7314533054828645, rho: 0.4000000000000001, transmit_actions: 8, P: [0.40625, 0.1875, 0.625, 0.875, 0.59375, 0.5625, 0.0, 0.4375, 0.5, 0.375, 0.21875, 0.28125, 0.5, 0.0625, 0.875, 0.03125, 0.40625, 0.78125, 0.78125, 0.5625]
[TRAIN]: (271/1600): reward: -6.509068489074707, rates: 7.490931673145427, loss: 1.6536896020174026, rho: 0.4000000000000001, transmit_actions: 10, P: [0.875, 0.375, 0.75, 0.4375, 0.28125, 0.09375, 0.4375, 0.59375, 0.96875, 0.34375, 0.78125, 0.25, 0.5625, 0.90625, 0.3125, 0.59375, 0.5, 0.0625, 0.65625, 0.53125]
[TRAIN]: (272/1600): reward: -12.433717757463455, rates: 1.5662822585426381, loss: 1.8918778479099274, rho: 0.4000000000000001, transmit_actions: 6, P: [0.46875, 0.375, 0.375, 0.3125, 0.09375, 1.0, 0.21875, 0.875, 0.78125, 0.28125, 0.1875, 0.25, 0.6875, 0.3125, 0.4375, 0.34375, 0.34375, 0.5625, 0.90625, 0.65625]
[TRAIN]: (273/1600): reward: -0.831751654855907, rates: 9.168248419478005, loss: 1.7949522674083709, rho: 0.4000000000000001, transmit_actions: 9, P: [0.1875, 0.5, 0.75, 0.0, 0.875, 0.03125, 0.9375, 0.15625, 0.3125, 0.90625, 0.125, 0.3125, 0.40625, 0.03125, 0.28125, 0.0, 0.75, 0.9375, 0.75, 0.65625]
[TRAIN]: (274/1600): reward: -1.9955956935882568, rates: 13.004404371156399, loss: 1.8846902072429657, rho: 0.4000000000000001, transmit_actions: 10, P: [0.125, 0.5625, 0.375, 0.75, 0.0625, 0.3125, 0.46875, 0.3125, 0.3125, 0.875, 0.65625, 0.1875, 0.5, 0.375, 0.5625, 0.5, 0.15625, 0.78125, 0.3125, 0.4375]
[TRAIN]: (275/1600): reward: -6.964975833892822, rates: 9.035023903232787, loss: 1.9490138590335846, rho: 0.4000000000000001, transmit_actions: 13, P: [0.46875, 0.5625, 0.34375, 0.4375, 0.34375, 0.75, 0.625, 0.71875, 0.90625, 0.65625, 0.90625, 0.03125, 0.3125, 0.5625, 0.96875, 0.90625, 0.34375, 0.78125, 0.625, 0.46875]
[TRAIN]: (276/1600): reward: -10.216125905513763, rates: 5.783874123242934, loss: 1.863969588279724, rho: 0.4000000000000001, transmit_actions: 9, P: [0.65625, 0.5, 0.9375, 0.8125, 0.6875, 0.65625, 0.28125, 0.21875, 0.0625, 0.34375, 0.03125, 0.71875, 0.28125, 0.3125, 0.5, 0.65625, 0.28125, 0.1875, 0.125, 0.40625]
[TRAIN]: (277/1600): reward: -11.883697155863047, rates: 0.11630284584516656, loss: 1.665775939822197, rho: 0.4000000000000001, transmit_actions: 8, P: [0.34375, 0.875, 0.71875, 0.84375, 0.96875, 0.03125, 0.46875, 0.15625, 0.8125, 0.5, 0.71875, 0.8125, 0.3125, 1.0, 0.3125, 0.875, 0.875, 0.6875, 0.09375, 0.90625]
[TRAIN]: (278/1600): reward: -10.791008949279785, rates: 5.208990990145559, loss: 1.836939561367035, rho: 0.4000000000000001, transmit_actions: 11, P: [0.46875, 0.65625, 0.78125, 0.625, 0.875, 0.875, 0.34375, 0.5625, 0.625, 0.78125, 0.84375, 0.21875, 0.0, 0.5, 0.15625, 0.5, 1.0, 0.03125, 0.5, 0.4375]
[TRAIN]: (279/1600): reward: -12.763262279331684, rates: 0.23673772849388072, loss: 1.7901289761066437, rho: 0.4000000000000001, transmit_actions: 10, P: [0.25, 0.84375, 0.03125, 0.40625, 0.96875, 0.84375, 0.03125, 0.78125, 0.65625, 0.9375, 0.9375, 0.375, 0.9375, 0.21875, 0.3125, 0.3125, 0.46875, 0.96875, 0.4375, 0.125]
[TRAIN]: (280/1600): reward: 5.277874737977982, rates: 16.277874940130605, loss: 1.680369246006012, rho: 0.4000000000000001, transmit_actions: 9, P: [0.96875, 0.375, 0.71875, 0.1875, 0.8125, 0.09375, 0.65625, 0.4375, 0.8125, 0.65625, 0.09375, 0.1875, 0.78125, 0.46875, 0.625, 0.75, 0.9375, 0.71875, 0.65625, 0.09375]
[TRAIN]: (281/1600): reward: 0.7820653915405273, rates: 13.782065643450434, loss: 1.736912602186203, rho: 0.4000000000000001, transmit_actions: 10, P: [0.1875, 0.375, 0.5, 0.5, 0.96875, 0.21875, 0.59375, 0.71875, 0.40625, 0.75, 0.59375, 0.71875, 0.25, 0.90625, 0.28125, 0.8125, 0.375, 0.40625, 0.03125, 0.0625]
[TRAIN]: (282/1600): reward: -1.7123503684997559, rates: 13.287649559024906, loss: 1.8333352357149124, rho: 0.4000000000000001, transmit_actions: 12, P: [0.71875, 1.0, 0.3125, 0.65625, 0.59375, 0.09375, 0.625, 0.53125, 0.65625, 0.6875, 0.0625, 0.9375, 0.03125, 0.3125, 0.90625, 0.4375, 1.0, 0.15625, 0.59375, 0.03125]
[TRAIN]: (283/1600): reward: -7.302287757396698, rates: 5.697712286192774, loss: 1.7276148319244384, rho: 0.4000000000000001, transmit_actions: 10, P: [1.0, 0.90625, 0.5625, 0.3125, 0.71875, 0.71875, 0.15625, 0.8125, 0.40625, 0.8125, 0.40625, 0.3125, 0.40625, 0.125, 0.21875, 0.25, 0.53125, 0.875, 0.59375, 0.65625]
[TRAIN]: (284/1600): reward: -10.69678020477295, rates: 6.303219674829651, loss: 1.876841813325882, rho: 0.4000000000000001, transmit_actions: 11, P: [0.15625, 0.3125, 0.28125, 0.625, 0.15625, 0.0625, 0.4375, 0.40625, 0.46875, 0.84375, 0.09375, 0.5625, 0.03125, 0.375, 1.0, 0.375, 0.5, 0.53125, 0.6875, 0.90625]
[TRAIN]: (285/1600): reward: -15.0, rates: 0, loss: 1.901347142457962, rho: 0.4000000000000001, transmit_actions: 8, P: [0.40625, 0.84375, 1.0, 0.40625, 0.34375, 0.5, 0.3125, 0.0, 0.90625, 0.3125, 0.78125, 0.3125, 0.4375, 0.4375, 0.5625, 0.21875, 0.65625, 0.8125, 0.90625, 0.4375]
[TRAIN]: (286/1600): reward: -2.645086407661438, rates: 12.35491354896298, loss: 1.7522510468959809, rho: 0.4000000000000001, transmit_actions: 12, P: [0.09375, 0.90625, 0.0625, 0.53125, 0.78125, 0.09375, 0.75, 0.34375, 0.625, 0.53125, 0.71875, 0.25, 0.03125, 0.09375, 0.4375, 0.3125, 0.84375, 0.25, 0.28125, 0.3125]
[TRAIN]: (287/1600): reward: -14.550540745258331, rates: 2.4494592795110997, loss: 1.8226465821266173, rho: 0.4000000000000001, transmit_actions: 7, P: [0.75, 0.3125, 0.8125, 0.46875, 0.34375, 0.25, 0.71875, 0.8125, 0.15625, 0.6875, 0.1875, 0.25, 0.25, 0.1875, 0.0625, 0.34375, 0.9375, 0.25, 0.78125, 0.125]
