[MAIN]: START
[ENV]: Started init Environment
[ENV]: ACTIONS_SPACE: 66
[ENV]: Finished init Environment
[TRAIN]: actions: 66, observations: 12
[TRAIN]: CUDA: True
[TRAIN]: (1/1600): reward: -14.717289388179779, rates: 0.2827106194849325, loss: 0, rho: 0.4000000000000001, transmit_actions: 7, P: [0.875, 0.4375, 0.40625, 0.71875, 0.75, 0.3125, 0.34375, 0.21875, 0.21875, 0.5625, 0.4375, 0.78125, 0.5625, 0.71875, 0.71875, 0.03125, 0.34375, 0.90625, 0.625, 0.46875]
[TRAIN]: (2/1600): reward: -6.452646836638451, rates: 7.5473533081326405, loss: 0, rho: 0.4000000000000001, transmit_actions: 13, P: [0.53125, 0.34375, 0.34375, 0.40625, 0.46875, 0.78125, 0.71875, 0.21875, 0.84375, 0.1875, 1.0, 0.6875, 1.0, 0.0, 0.6875, 0.28125, 0.90625, 0.9375, 0.0, 0.25]
[TRAIN]: (3/1600): reward: -7.888859689235687, rates: 6.111140545170613, loss: 0, rho: 0.4000000000000001, transmit_actions: 10, P: [0.90625, 0.40625, 0.78125, 0.6875, 0.5, 0.46875, 0.6875, 0.84375, 0.84375, 0.0, 0.40625, 0.59375, 0.0625, 0.25, 0.375, 0.59375, 0.5625, 0.09375, 0.84375, 0.75]
[TRAIN]: (4/1600): reward: 5.144989728927612, rates: 18.144989495825534, loss: 3.615783186519847, rho: 0.4000000000000001, transmit_actions: 13, P: [0.8125, 0.8125, 0.1875, 0.09375, 0.125, 0.5625, 0.40625, 0.65625, 0.46875, 0.09375, 0.78125, 0.25, 0.03125, 1.0, 0.71875, 0.59375, 0.46875, 0.28125, 0.5625, 0.625]
[TRAIN]: (5/1600): reward: 6.661081314086914, rates: 20.66108134550874, loss: 4.644382059574127, rho: 0.4000000000000001, transmit_actions: 10, P: [0.875, 0.65625, 0.9375, 0.71875, 0.5, 0.875, 0.0, 0.59375, 0.28125, 0.8125, 0.0625, 0.71875, 0.21875, 0.03125, 0.125, 1.0, 0.625, 0.625, 0.15625, 0.09375]
[TRAIN]: (6/1600): reward: -5.986002027988434, rates: 7.013997801891296, loss: 4.599505662918091, rho: 0.4000000000000001, transmit_actions: 12, P: [0.25, 0.6875, 0.75, 0.46875, 0.8125, 0.8125, 0.34375, 0.4375, 0.5625, 0.9375, 0.21875, 0.46875, 0.40625, 0.9375, 0.65625, 0.1875, 0.75, 0.0625, 0.9375, 0.84375]
[TRAIN]: (7/1600): reward: 4.202283948659897, rates: 17.20228389176301, loss: 4.1130825757980345, rho: 0.4000000000000001, transmit_actions: 11, P: [0.75, 0.5, 0.75, 0.09375, 0.65625, 0.46875, 0.125, 0.40625, 0.8125, 0.25, 0.21875, 0.5, 0.375, 0.0, 0.4375, 0.09375, 0.1875, 0.9375, 0.0, 0.15625]
[TRAIN]: (8/1600): reward: -6.583714544773102, rates: 7.41628526493437, loss: 3.717422127723694, rho: 0.4000000000000001, transmit_actions: 8, P: [0.59375, 0.4375, 0.5625, 0.46875, 0.3125, 0.15625, 0.78125, 0.59375, 0.5, 0.21875, 0.09375, 0.28125, 0.15625, 0.1875, 0.4375, 0.625, 0.84375, 0.09375, 0.96875, 0.84375]
[TRAIN]: (9/1600): reward: 0.7041722536087036, rates: 14.704172461385717, loss: 3.268946075439453, rho: 0.4000000000000001, transmit_actions: 8, P: [0.53125, 0.84375, 0.46875, 0.09375, 0.40625, 0.4375, 0.0, 0.46875, 0.96875, 0.09375, 0.28125, 0.6875, 0.40625, 0.71875, 0.4375, 0.78125, 0.1875, 0.09375, 0.03125, 0.59375]
[TRAIN]: (10/1600): reward: 1.7062934190034866, rates: 8.70629356819498, loss: 3.0752148747444155, rho: 0.4000000000000001, transmit_actions: 8, P: [0.84375, 0.46875, 0.1875, 0.71875, 0.71875, 1.0, 0.25, 0.84375, 0.0625, 0.4375, 0.25, 0.78125, 0.0625, 0.96875, 0.75, 0.96875, 0.96875, 0.0625, 0.90625, 0.0625]
[TRAIN]: (11/1600): reward: -10.491802334785461, rates: 4.508197702472458, loss: 2.7370677053928376, rho: 0.4000000000000001, transmit_actions: 8, P: [0.15625, 0.0, 0.59375, 0.9375, 0.5625, 0.3125, 0.53125, 0.21875, 0.5625, 0.125, 0.84375, 0.90625, 0.625, 0.625, 0.15625, 0.71875, 0.53125, 0.0625, 0.9375, 0.8125]
[TRAIN]: (12/1600): reward: -8.154735192656517, rates: 4.845264654196099, loss: 2.2037867665290833, rho: 0.4000000000000001, transmit_actions: 12, P: [0.71875, 0.625, 0.5, 0.0625, 0.4375, 0.1875, 0.21875, 0.0, 0.125, 0.15625, 0.375, 0.5, 0.46875, 0.8125, 0.53125, 0.125, 0.9375, 0.90625, 0.65625, 0.0]
[TRAIN]: (13/1600): reward: -8.28254845738411, rates: 6.717451379331827, loss: 2.419205504655838, rho: 0.4000000000000001, transmit_actions: 8, P: [0.03125, 0.25, 0.65625, 0.5, 0.4375, 0.90625, 0.40625, 0.21875, 0.75, 0.34375, 0.8125, 0.4375, 0.375, 0.875, 0.21875, 0.125, 0.4375, 0.65625, 0.59375, 0.125]
[TRAIN]: (14/1600): reward: -11.425919968634844, rates: 0.574080023211145, loss: 2.197354555130005, rho: 0.4000000000000001, transmit_actions: 8, P: [0.1875, 0.0625, 0.21875, 0.28125, 0.625, 0.75, 0.875, 0.75, 0.40625, 0.9375, 0.84375, 0.90625, 0.0625, 0.71875, 1.0, 0.875, 0.3125, 0.6875, 0.875, 0.4375]
[TRAIN]: (15/1600): reward: 1.276932742446661, rates: 12.27693279227231, loss: 1.9996403872966766, rho: 0.4000000000000001, transmit_actions: 11, P: [0.4375, 0.0, 0.4375, 0.09375, 0.875, 0.15625, 0.125, 0.15625, 0.4375, 0.125, 0.96875, 0.75, 1.0, 0.71875, 0.25, 0.6875, 0.59375, 0.625, 0.75, 0.21875]
[TRAIN]: (16/1600): reward: -10.129747450351715, rates: 1.8702525507463457, loss: 2.268957757949829, rho: 0.4000000000000001, transmit_actions: 12, P: [0.0, 0.4375, 0.78125, 0.1875, 0.78125, 0.09375, 0.71875, 0.375, 0.71875, 0.90625, 0.5625, 0.90625, 0.34375, 0.5625, 0.59375, 0.0625, 0.78125, 0.0, 0.875, 0.75]
[TRAIN]: (17/1600): reward: -7.958425924181938, rates: 6.041574238631657, loss: 2.1925081253051757, rho: 0.4000000000000001, transmit_actions: 9, P: [0.25, 0.28125, 0.8125, 0.3125, 0.3125, 0.4375, 0.53125, 0.65625, 0.6875, 0.03125, 0.4375, 0.09375, 0.84375, 0.46875, 0.3125, 0.65625, 0.78125, 0.46875, 0.3125, 0.25]
[TRAIN]: (18/1600): reward: -3.9048955887556076, rates: 10.095104448034338, loss: 1.9595589637756348, rho: 0.4000000000000001, transmit_actions: 12, P: [0.625, 0.53125, 0.1875, 0.625, 0.875, 0.53125, 0.90625, 0.46875, 0.0625, 0.5, 0.21875, 0.78125, 0.0625, 0.65625, 0.34375, 0.5, 0.46875, 0.5625, 0.9375, 0.5625]
[TRAIN]: (19/1600): reward: -9.302012771368027, rates: 5.697987326827987, loss: 2.2924918830394745, rho: 0.4000000000000001, transmit_actions: 9, P: [0.9375, 0.75, 0.6875, 0.25, 0.25, 0.3125, 0.84375, 0.15625, 0.875, 0.21875, 0.1875, 0.90625, 0.5625, 0.84375, 0.34375, 0.3125, 0.65625, 0.53125, 0.4375, 0.25]
[TRAIN]: (20/1600): reward: -11.827618822455406, rates: 0.17238117793179322, loss: 2.0173855781555177, rho: 0.4000000000000001, transmit_actions: 6, P: [0.65625, 0.15625, 0.90625, 0.03125, 0.8125, 0.4375, 0.375, 0.9375, 1.0, 0.84375, 0.1875, 0.21875, 0.25, 0.25, 0.9375, 0.90625, 0.3125, 0.875, 1.0, 0.75]
[TRAIN]: (21/1600): reward: -13.362422406673431, rates: 0.6375775876348013, loss: 1.8179027795791627, rho: 0.4000000000000001, transmit_actions: 7, P: [0.34375, 0.03125, 0.875, 0.53125, 0.1875, 0.84375, 0.46875, 0.0625, 0.625, 0.0, 0.625, 0.21875, 0.65625, 0.625, 0.5, 0.1875, 0.875, 0.3125, 0.8125, 0.59375]
[TRAIN]: (22/1600): reward: -11.830697536468506, rates: 4.1693024988445595, loss: 1.6823774814605712, rho: 0.4000000000000001, transmit_actions: 12, P: [0.0, 0.78125, 0.34375, 0.21875, 0.1875, 0.59375, 0.6875, 0.03125, 0.375, 0.125, 0.03125, 0.9375, 0.65625, 0.84375, 0.875, 0.96875, 0.3125, 0.4375, 0.125, 0.78125]
[TRAIN]: (23/1600): reward: 1.8728121519088745, rates: 11.87281189953967, loss: 1.8357837975025177, rho: 0.4000000000000001, transmit_actions: 11, P: [0.90625, 0.75, 0.125, 0.15625, 0.84375, 0.75, 0.5, 1.0, 1.0, 0.40625, 0.375, 0.5625, 1.0, 0.84375, 0.6875, 0.125, 0.0, 0.375, 0.59375, 0.65625]
[TRAIN]: (24/1600): reward: 7.907750815153122, rates: 18.907750936233136, loss: 2.0291149497032164, rho: 0.4000000000000001, transmit_actions: 13, P: [0.90625, 0.8125, 0.03125, 0.25, 1.0, 0.0625, 0.9375, 0.28125, 0.0625, 0.9375, 0.71875, 0.875, 0.5, 0.21875, 0.3125, 0.875, 0.5625, 0.34375, 0.40625, 0.125]
[TRAIN]: (25/1600): reward: -6.948470778763294, rates: 5.051529185710403, loss: 2.0527213752269744, rho: 0.4000000000000001, transmit_actions: 11, P: [0.28125, 0.5625, 0.0, 0.28125, 0.8125, 0.96875, 0.34375, 0.0, 0.1875, 0.0625, 0.46875, 0.5625, 0.6875, 0.75, 0.0, 0.78125, 0.71875, 0.0, 0.59375, 0.125]
[TRAIN]: (26/1600): reward: -8.98161494731903, rates: 6.018384821808998, loss: 1.8650317013263702, rho: 0.4000000000000001, transmit_actions: 9, P: [0.5, 0.5, 1.0, 0.4375, 0.28125, 0.9375, 0.375, 0.375, 0.625, 0.25, 0.59375, 0.25, 0.34375, 0.6875, 0.28125, 0.96875, 0.09375, 1.0, 0.375, 0.25]
[TRAIN]: (27/1600): reward: -1.3417460322380066, rates: 11.658254226138421, loss: 2.262927794456482, rho: 0.4000000000000001, transmit_actions: 12, P: [0.84375, 0.71875, 0.09375, 0.8125, 0.25, 0.40625, 0.0, 0.4375, 0.15625, 0.28125, 0.15625, 0.3125, 1.0, 0.0625, 0.34375, 0.8125, 0.21875, 0.0, 0.65625, 0.78125]
[TRAIN]: (28/1600): reward: -11.81167060136795, rates: 4.1883296332186655, loss: 2.146756058931351, rho: 0.4000000000000001, transmit_actions: 17, P: [0.0, 0.3125, 0.96875, 0.53125, 1.0, 0.59375, 0.125, 0.5, 0.8125, 0.0625, 0.875, 0.53125, 0.4375, 0.4375, 0.9375, 0.90625, 0.03125, 0.71875, 0.75, 0.9375]
[TRAIN]: (29/1600): reward: -0.8878998905420303, rates: 11.112099974750784, loss: 2.1388602912425996, rho: 0.4000000000000001, transmit_actions: 10, P: [0.15625, 0.25, 0.0, 0.59375, 0.96875, 0.15625, 1.0, 0.0625, 0.5625, 0.25, 0.59375, 0.625, 0.9375, 0.28125, 0.71875, 0.125, 0.875, 0.46875, 0.96875, 0.0]
[TRAIN]: (30/1600): reward: -3.485442817211151, rates: 11.514556814652897, loss: 2.0539494693279265, rho: 0.4000000000000001, transmit_actions: 6, P: [0.25, 0.1875, 0.5, 0.4375, 0.53125, 0.78125, 0.8125, 0.03125, 0.75, 0.375, 0.40625, 0.15625, 0.46875, 0.5625, 0.53125, 0.96875, 0.90625, 0.09375, 0.15625, 0.15625]
[TRAIN]: (31/1600): reward: -10.945259355008602, rates: 0.054740644315856686, loss: 2.027623897790909, rho: 0.4000000000000001, transmit_actions: 8, P: [0.90625, 0.625, 0.0625, 0.96875, 0.59375, 0.8125, 0.34375, 0.28125, 0.5625, 0.78125, 0.125, 0.9375, 0.75, 1.0, 0.9375, 0.65625, 1.0, 0.9375, 1.0, 0.46875]
[TRAIN]: (32/1600): reward: -9.91517162322998, rates: 5.084828419171859, loss: 1.9236047267913818, rho: 0.4000000000000001, transmit_actions: 11, P: [0.1875, 0.34375, 0.84375, 0.9375, 0.71875, 0.8125, 0.46875, 0.78125, 0.53125, 0.4375, 0.6875, 0.59375, 0.96875, 0.875, 0.6875, 0.875, 0.75, 1.0, 0.65625, 0.1875]
[TRAIN]: (33/1600): reward: -9.213829681277275, rates: 5.786170318514653, loss: 2.178877407312393, rho: 0.4000000000000001, transmit_actions: 10, P: [0.15625, 0.9375, 0.09375, 0.03125, 0.8125, 0.15625, 0.65625, 0.8125, 0.3125, 0.375, 0.28125, 0.75, 0.0625, 0.3125, 0.625, 0.375, 0.65625, 0.53125, 0.9375, 0.96875]
[TRAIN]: (34/1600): reward: 7.720086183398962, rates: 16.720086251318186, loss: 2.0493662655353546, rho: 0.4000000000000001, transmit_actions: 10, P: [0.90625, 0.0625, 0.40625, 0.375, 0.15625, 0.6875, 0.625, 0.40625, 0.25, 0.0625, 0.59375, 0.96875, 0.5625, 0.0625, 0.0625, 0.9375, 0.3125, 0.03125, 0.15625, 0.375]
[TRAIN]: (35/1600): reward: -3.4530926570296288, rates: 10.546907310724286, loss: 2.030132234096527, rho: 0.4000000000000001, transmit_actions: 12, P: [0.71875, 0.6875, 0.5, 0.09375, 0.28125, 0.125, 0.59375, 0.875, 0.9375, 0.21875, 0.90625, 0.4375, 0.84375, 0.21875, 0.84375, 0.3125, 0.375, 0.5625, 0.71875, 0.75]
[TRAIN]: (36/1600): reward: 4.012634575366974, rates: 16.012634256462338, loss: 2.140669733285904, rho: 0.4000000000000001, transmit_actions: 8, P: [0.59375, 0.59375, 0.625, 0.5625, 0.8125, 0.125, 0.78125, 0.03125, 0.375, 0.28125, 0.125, 0.53125, 0.0, 0.5, 0.25, 0.59375, 0.25, 0.46875, 0.46875, 0.21875]
[TRAIN]: (37/1600): reward: -7.172913551330566, rates: 8.827086521967182, loss: 2.167661839723587, rho: 0.4000000000000001, transmit_actions: 14, P: [0.90625, 0.9375, 0.28125, 0.21875, 1.0, 0.4375, 0.84375, 0.0, 0.78125, 0.84375, 0.75, 0.625, 0.03125, 0.21875, 0.65625, 0.59375, 0.5625, 1.0, 0.59375, 0.6875]
[TRAIN]: (38/1600): reward: -17.50500899553299, rates: 0.4949909974459899, loss: 2.2262297213077544, rho: 0.4000000000000001, transmit_actions: 8, P: [0.78125, 0.28125, 0.1875, 0.34375, 0.59375, 0.5, 0.15625, 0.375, 0.1875, 0.8125, 0.5625, 0.09375, 0.21875, 0.1875, 0.53125, 0.09375, 0.5625, 0.40625, 0.71875, 0.875]
[TRAIN]: (39/1600): reward: -7.6992309875786304, rates: 5.300768835726722, loss: 2.161627095937729, rho: 0.4000000000000001, transmit_actions: 12, P: [0.375, 0.84375, 0.25, 0.375, 0.40625, 0.9375, 1.0, 0.0, 0.09375, 0.875, 0.0625, 0.34375, 0.75, 0.71875, 0.28125, 0.875, 0.5, 0.8125, 0.65625, 0.5]
[TRAIN]: (40/1600): reward: -12.770432472229004, rates: 4.229567325977947, loss: 1.9378092408180236, rho: 0.4000000000000001, transmit_actions: 11, P: [0.8125, 0.5625, 0.84375, 0.28125, 0.1875, 0.65625, 0.59375, 0.28125, 0.8125, 0.3125, 0.8125, 0.78125, 0.125, 0.09375, 0.75, 0.1875, 0.65625, 0.40625, 0.75, 0.65625]
[TRAIN]: (41/1600): reward: -6.865911640226841, rates: 7.134088097138058, loss: 2.161657136678696, rho: 0.4000000000000001, transmit_actions: 9, P: [0.9375, 0.4375, 1.0, 0.5, 0.59375, 0.90625, 0.71875, 0.21875, 0.46875, 0.0625, 0.59375, 0.5, 0.53125, 0.59375, 0.625, 0.625, 0.90625, 0.40625, 0.4375, 0.5625]
[TRAIN]: (42/1600): reward: -11.768831871449947, rates: 5.231167923231713, loss: 2.1055525183677672, rho: 0.4000000000000001, transmit_actions: 8, P: [0.84375, 0.4375, 0.40625, 0.8125, 0.5625, 0.03125, 0.84375, 0.15625, 0.25, 0.34375, 0.40625, 0.125, 0.25, 0.59375, 0.4375, 0.5625, 0.5, 0.125, 0.28125, 0.84375]
[TRAIN]: (43/1600): reward: -12.15902355313301, rates: 0.8409764739449267, loss: 2.159537225961685, rho: 0.4000000000000001, transmit_actions: 15, P: [0.78125, 0.34375, 0.125, 0.9375, 0.0, 0.40625, 0.28125, 0.3125, 0.0, 0.40625, 0.625, 0.875, 0.875, 0.53125, 0.625, 0.875, 0.6875, 0.875, 0.5625, 0.78125]
[TRAIN]: (44/1600): reward: -13.815514519810677, rates: 0.1844854771249693, loss: 2.2678388178348543, rho: 0.4000000000000001, transmit_actions: 9, P: [0.5625, 0.4375, 0.25, 0.6875, 0.84375, 0.03125, 0.875, 0.875, 0.0, 0.03125, 0.0625, 0.625, 0.875, 0.375, 0.65625, 0.4375, 0.09375, 0.78125, 0.59375, 0.53125]
[TRAIN]: (45/1600): reward: -10.32925045862794, rates: 4.670749539104535, loss: 1.9444176435470581, rho: 0.4000000000000001, transmit_actions: 7, P: [0.3125, 0.25, 0.28125, 0.6875, 0.90625, 0.875, 0.625, 0.09375, 0.625, 0.78125, 0.71875, 0.03125, 0.34375, 0.90625, 0.53125, 0.0625, 0.71875, 0.4375, 0.75, 0.0625]
[TRAIN]: (46/1600): reward: -1.1498892307281494, rates: 12.850110647423573, loss: 2.1060080349445345, rho: 0.4000000000000001, transmit_actions: 8, P: [0.34375, 0.15625, 0.84375, 0.375, 0.84375, 0.84375, 0.1875, 0.375, 0.71875, 0.78125, 0.4375, 0.375, 0.0625, 0.90625, 0.78125, 0.21875, 0.8125, 0.09375, 0.875, 0.9375]
[TRAIN]: (47/1600): reward: -3.500679314136505, rates: 11.499320572219915, loss: 2.025788241624832, rho: 0.4000000000000001, transmit_actions: 12, P: [0.84375, 0.1875, 0.96875, 0.1875, 0.71875, 0.09375, 0.25, 0.78125, 0.15625, 0.09375, 0.0625, 0.5625, 0.96875, 0.1875, 0.90625, 0.0625, 0.09375, 0.6875, 0.84375, 0.25]
[TRAIN]: (48/1600): reward: 6.629318207502365, rates: 17.629317823713798, loss: 2.078730082511902, rho: 0.4000000000000001, transmit_actions: 10, P: [0.46875, 0.46875, 0.84375, 0.9375, 0.3125, 0.96875, 0.1875, 0.4375, 0.0, 0.125, 0.5625, 0.375, 0.90625, 0.125, 0.625, 0.1875, 0.53125, 0.03125, 0.59375, 0.78125]
[TRAIN]: (49/1600): reward: -9.221320152282715, rates: 5.7786799520590195, loss: 2.0213845789432527, rho: 0.4000000000000001, transmit_actions: 9, P: [0.1875, 0.15625, 0.8125, 0.1875, 0.46875, 0.4375, 0.96875, 0.5625, 1.0, 0.5625, 0.6875, 0.65625, 0.9375, 0.78125, 0.46875, 0.0, 1.0, 0.65625, 0.71875, 0.59375]
[TRAIN]: (50/1600): reward: -14.320547580718994, rates: 1.679452365616937, loss: 2.36917981505394, rho: 0.4000000000000001, transmit_actions: 11, P: [0.03125, 0.96875, 0.90625, 0.0, 0.84375, 0.1875, 0.34375, 0.25, 0.78125, 0.8125, 0.5, 0.96875, 0.46875, 0.09375, 0.09375, 1.0, 0.65625, 0.1875, 0.28125, 0.25]
[TRAIN]: (51/1600): reward: -12.747016485780478, rates: 4.2529836836033565, loss: 1.949538004398346, rho: 0.4000000000000001, transmit_actions: 12, P: [0.3125, 0.15625, 0.21875, 0.625, 0.53125, 0.53125, 0.375, 0.65625, 0.25, 0.09375, 0.5, 0.125, 0.21875, 0.65625, 0.53125, 0.8125, 0.5, 0.9375, 0.9375, 0.90625]
[TRAIN]: (52/1600): reward: 1.1895177960395813, rates: 13.189517913753185, loss: 2.139411509037018, rho: 0.4000000000000001, transmit_actions: 10, P: [0.5, 0.1875, 0.59375, 0.78125, 0.40625, 0.46875, 0.90625, 0.5, 0.3125, 0.78125, 0.1875, 0.96875, 0.5625, 0.8125, 0.3125, 0.125, 0.15625, 0.71875, 0.90625, 0.96875]
[TRAIN]: (53/1600): reward: -10.151564434170723, rates: 4.848435392706777, loss: 1.9079248428344726, rho: 0.4000000000000001, transmit_actions: 12, P: [0.5, 0.21875, 0.0, 0.96875, 0.1875, 0.875, 0.8125, 0.34375, 0.375, 0.375, 0.5625, 0.875, 0.5625, 0.0, 0.875, 0.9375, 0.28125, 0.78125, 0.0, 0.0625]
[TRAIN]: (54/1600): reward: -8.444969892501831, rates: 8.555030350348295, loss: 2.1844013571739196, rho: 0.4000000000000001, transmit_actions: 12, P: [0.09375, 0.25, 0.625, 0.21875, 0.375, 1.0, 0.5, 0.9375, 0.5625, 0.25, 0.34375, 0.8125, 0.34375, 0.0625, 0.65625, 0.0, 0.53125, 0.5, 0.4375, 0.09375]
[TRAIN]: (55/1600): reward: -11.831686675548553, rates: 2.1683132769149935, loss: 1.9073221385478973, rho: 0.4000000000000001, transmit_actions: 14, P: [0.25, 0.5, 0.09375, 0.4375, 0.46875, 1.0, 0.59375, 0.09375, 1.0, 0.3125, 0.875, 0.65625, 0.0, 0.90625, 0.90625, 0.75, 0.9375, 0.46875, 0.46875, 0.15625]
[TRAIN]: (56/1600): reward: -0.3489423245191574, rates: 12.651057528891894, loss: 1.7385448873043061, rho: 0.4000000000000001, transmit_actions: 9, P: [0.3125, 0.625, 0.125, 0.53125, 0.0625, 0.0, 0.15625, 0.53125, 0.5625, 0.5, 0.03125, 0.1875, 0.6875, 0.75, 0.40625, 0.5625, 0.5, 0.34375, 0.9375, 0.75]
[TRAIN]: (57/1600): reward: 2.551405817270279, rates: 13.55140607508946, loss: 2.061334955692291, rho: 0.4000000000000001, transmit_actions: 9, P: [0.8125, 0.15625, 0.84375, 0.0, 0.71875, 0.15625, 0.59375, 0.8125, 0.21875, 1.0, 0.34375, 0.125, 0.8125, 0.1875, 0.46875, 0.5625, 0.125, 0.21875, 0.5, 0.84375]
[TRAIN]: (58/1600): reward: -12.848025798797607, rates: 0.15197420863568817, loss: 2.072911190986633, rho: 0.4000000000000001, transmit_actions: 11, P: [0.1875, 0.71875, 0.5625, 0.59375, 0.46875, 0.0625, 0.53125, 0.9375, 0.8125, 0.875, 0.71875, 0.96875, 0.9375, 0.34375, 0.75, 0.75, 0.625, 0.8125, 0.59375, 0.875]
[TRAIN]: (59/1600): reward: -14.137980431318283, rates: 0.8620195827907146, loss: 1.8909017860889434, rho: 0.4000000000000001, transmit_actions: 9, P: [0.21875, 0.28125, 0.6875, 0.71875, 1.0, 0.03125, 0.53125, 0.5625, 0.4375, 0.90625, 0.1875, 0.28125, 0.28125, 0.78125, 0.84375, 0.75, 0.65625, 0.625, 0.34375, 0.75]
[TRAIN]: (60/1600): reward: -5.734187126159668, rates: 11.26581264044717, loss: 1.9496438384056092, rho: 0.4000000000000001, transmit_actions: 9, P: [0.28125, 0.03125, 0.6875, 0.15625, 0.71875, 0.1875, 0.125, 0.625, 0.25, 0.5, 0.53125, 0.1875, 0.0, 0.28125, 0.15625, 0.375, 0.65625, 0.09375, 0.59375, 0.84375]
[TRAIN]: (61/1600): reward: -8.21785581111908, rates: 5.782144364326885, loss: 2.052345931529999, rho: 0.4000000000000001, transmit_actions: 7, P: [0.15625, 0.9375, 0.59375, 0.90625, 0.0, 0.09375, 0.1875, 0.78125, 0.09375, 0.59375, 0.65625, 0.59375, 0.53125, 0.75, 0.96875, 0.09375, 0.09375, 0.78125, 0.75, 0.0]
[TRAIN]: (62/1600): reward: 2.7041343450546265, rates: 14.70413426927562, loss: 2.1164293944835664, rho: 0.4000000000000001, transmit_actions: 9, P: [0.125, 0.1875, 0.40625, 0.6875, 0.375, 0.15625, 0.8125, 0.59375, 0.46875, 0.75, 0.0, 0.375, 0.40625, 0.28125, 0.15625, 0.375, 0.0, 0.09375, 0.34375, 0.96875]
[TRAIN]: (63/1600): reward: 1.6123389825224876, rates: 12.612338829946353, loss: 2.0846360504627226, rho: 0.4000000000000001, transmit_actions: 9, P: [0.96875, 0.375, 0.03125, 0.90625, 0.0625, 0.78125, 0.8125, 0.40625, 0.0, 0.84375, 0.71875, 0.1875, 0.78125, 0.15625, 0.125, 0.03125, 0.09375, 0.0625, 0.9375, 0.46875]
[TRAIN]: (64/1600): reward: -3.525543361902237, rates: 8.474456844104118, loss: 1.8593539118766784, rho: 0.4000000000000001, transmit_actions: 9, P: [0.84375, 0.53125, 0.46875, 0.5625, 0.46875, 0.5, 0.9375, 0.34375, 0.25, 0.21875, 0.03125, 0.5, 0.5, 0.4375, 0.1875, 0.9375, 0.8125, 0.375, 0.4375, 0.0625]
[TRAIN]: (65/1600): reward: -15.0, rates: 0, loss: 1.8411496222019195, rho: 0.4000000000000001, transmit_actions: 8, P: [0.125, 0.625, 0.59375, 0.65625, 0.3125, 1.0, 0.625, 0.84375, 0.25, 0.59375, 0.96875, 0.0, 1.0, 1.0, 0.46875, 0.59375, 0.25, 0.40625, 0.625, 0.9375]
[TRAIN]: (66/1600): reward: -7.001204878091812, rates: 6.998795254514051, loss: 2.0259154081344604, rho: 0.4000000000000001, transmit_actions: 9, P: [0.03125, 0.09375, 0.5625, 0.09375, 0.25, 0.78125, 0.53125, 0.6875, 0.65625, 0.34375, 0.71875, 0.78125, 0.40625, 0.1875, 0.46875, 0.59375, 0.25, 0.125, 0.25, 0.15625]
[TRAIN]: (67/1600): reward: -3.002777576446533, rates: 9.99722228692589, loss: 1.892979222536087, rho: 0.4000000000000001, transmit_actions: 10, P: [0.5, 0.21875, 0.59375, 0.59375, 0.0, 0.96875, 0.96875, 0.71875, 0.0625, 0.75, 0.90625, 0.25, 0.1875, 0.53125, 0.96875, 0.5, 0.0, 0.59375, 0.09375, 0.0]
[TRAIN]: (68/1600): reward: 7.094404980540276, rates: 17.094404819223058, loss: 1.8878844797611236, rho: 0.4000000000000001, transmit_actions: 9, P: [0.5625, 0.4375, 0.09375, 0.09375, 0.9375, 0.90625, 0.1875, 0.375, 0.75, 0.25, 0.34375, 1.0, 0.0625, 0.5, 0.75, 0.3125, 0.25, 0.90625, 0.125, 0.03125]
[TRAIN]: (69/1600): reward: -14.088742543011904, rates: 0.9112574653739121, loss: 1.8283695816993712, rho: 0.4000000000000001, transmit_actions: 10, P: [0.3125, 0.71875, 0.71875, 0.96875, 0.71875, 0.65625, 0.25, 0.71875, 0.0625, 0.875, 0.6875, 0.5625, 0.5625, 0.5, 0.5625, 0.375, 0.40625, 0.6875, 0.875, 0.90625]
[TRAIN]: (70/1600): reward: 12.086320059373975, rates: 25.086319970002208, loss: 1.7264503180980681, rho: 0.4000000000000001, transmit_actions: 7, P: [0.96875, 0.28125, 0.03125, 0.53125, 0.15625, 0.375, 0.34375, 0.40625, 0.96875, 0.59375, 0.75, 0.8125, 0.125, 0.59375, 0.46875, 0.25, 0.5625, 0.6875, 0.78125, 0.46875]
[TRAIN]: (71/1600): reward: 1.3188109397888184, rates: 13.318810832112167, loss: 2.1781564116477967, rho: 0.4000000000000001, transmit_actions: 9, P: [0.75, 0.1875, 0.8125, 0.3125, 0.78125, 0.0625, 0.59375, 0.8125, 0.0, 0.15625, 0.03125, 0.40625, 0.09375, 0.78125, 0.90625, 0.6875, 0.71875, 0.15625, 0.625, 0.71875]
[TRAIN]: (72/1600): reward: -3.0216748267412186, rates: 9.97832512500376, loss: 2.2057057321071625, rho: 0.4000000000000001, transmit_actions: 10, P: [0.28125, 0.09375, 0.46875, 0.46875, 0.40625, 0.15625, 0.5, 0.4375, 0.5625, 0.4375, 0.34375, 0.0, 0.53125, 0.125, 0.96875, 0.1875, 0.59375, 0.90625, 0.28125, 0.90625]
[TRAIN]: (73/1600): reward: -5.770581364631653, rates: 9.229418768179771, loss: 2.05316875576973, rho: 0.4000000000000001, transmit_actions: 14, P: [0.0625, 0.03125, 0.8125, 0.375, 0.40625, 0.125, 1.0, 0.03125, 0.28125, 0.15625, 0.28125, 1.0, 0.84375, 0.6875, 0.6875, 0.71875, 0.0625, 0.65625, 0.28125, 0.15625]
[TRAIN]: (74/1600): reward: 0.2627980411052704, rates: 14.262798281830364, loss: 2.2706935882568358, rho: 0.4000000000000001, transmit_actions: 11, P: [0.375, 0.03125, 0.8125, 0.40625, 0.0, 0.625, 0.75, 1.0, 0.3125, 0.75, 0.4375, 0.15625, 0.90625, 0.09375, 0.09375, 0.4375, 0.40625, 0.5, 0.15625, 0.5625]
[TRAIN]: (75/1600): reward: -7.563690721988678, rates: 7.436309444157195, loss: 1.999303901195526, rho: 0.4000000000000001, transmit_actions: 11, P: [0.75, 0.15625, 0.09375, 0.75, 0.59375, 0.09375, 0.8125, 0.78125, 0.15625, 0.15625, 0.5, 0.21875, 0.53125, 1.0, 0.28125, 0.25, 1.0, 0.53125, 0.1875, 0.125]
[TRAIN]: (76/1600): reward: -1.6565065383911133, rates: 14.343493948355285, loss: 2.1058964371681212, rho: 0.4000000000000001, transmit_actions: 10, P: [0.75, 0.625, 0.71875, 0.21875, 0.625, 0.53125, 0.03125, 0.4375, 0.59375, 0.125, 0.0625, 0.0625, 0.0625, 0.65625, 0.0, 0.03125, 0.0625, 0.625, 0.0625, 0.40625]
[TRAIN]: (77/1600): reward: -5.251358062028885, rates: 8.748641772189256, loss: 1.9554426074028015, rho: 0.4000000000000001, transmit_actions: 10, P: [0.875, 0.28125, 0.90625, 0.625, 0.09375, 0.3125, 0.84375, 0.15625, 0.96875, 0.0625, 0.6875, 0.0, 0.625, 0.59375, 0.53125, 0.46875, 0.5, 0.46875, 0.0625, 0.40625]
[TRAIN]: (78/1600): reward: -9.411634545773268, rates: 5.588365559283424, loss: 1.981555426120758, rho: 0.4000000000000001, transmit_actions: 12, P: [0.59375, 0.34375, 0.90625, 0.3125, 0.0625, 0.90625, 0.09375, 0.625, 0.1875, 0.03125, 0.09375, 0.96875, 0.09375, 0.96875, 0.1875, 0.03125, 0.75, 1.0, 1.0, 0.125]
[TRAIN]: (79/1600): reward: -14.458179295063019, rates: 0.5418207090045681, loss: 1.9722470045089722, rho: 0.4000000000000001, transmit_actions: 8, P: [0.8125, 0.09375, 0.28125, 0.0, 0.40625, 0.40625, 0.96875, 0.3125, 0.46875, 0.25, 0.75, 0.96875, 0.875, 0.46875, 0.15625, 0.40625, 1.0, 0.1875, 0.78125, 0.28125]
[TRAIN]: (80/1600): reward: -16.0, rates: 0, loss: 2.035268211364746, rho: 0.4000000000000001, transmit_actions: 10, P: [0.125, 0.4375, 0.875, 0.625, 0.90625, 0.71875, 0.5, 0.5625, 0.375, 0.3125, 0.90625, 0.78125, 0.9375, 0.3125, 0.59375, 0.625, 0.75, 0.53125, 0.875, 0.15625]
[TRAIN]: (81/1600): reward: -7.408550303429365, rates: 6.591449699634603, loss: 2.096684730052948, rho: 0.4000000000000001, transmit_actions: 12, P: [0.15625, 0.28125, 0.0625, 0.4375, 0.1875, 0.34375, 1.0, 0.03125, 0.71875, 0.96875, 0.1875, 0.0, 0.34375, 0.75, 0.28125, 1.0, 0.34375, 0.125, 1.0, 0.9375]
[TRAIN]: (82/1600): reward: -1.7659540539607406, rates: 11.234045747259383, loss: 2.1786293268203734, rho: 0.4000000000000001, transmit_actions: 9, P: [0.96875, 0.53125, 0.71875, 0.625, 0.5625, 0.21875, 1.0, 0.03125, 0.65625, 0.5625, 0.65625, 0.59375, 0.5, 0.875, 0.1875, 0.9375, 0.03125, 0.15625, 0.03125, 0.65625]
[TRAIN]: (83/1600): reward: -0.005970939993858337, rates: 11.99402922879169, loss: 1.8627017855644226, rho: 0.4000000000000001, transmit_actions: 12, P: [0.25, 0.75, 0.84375, 0.15625, 0.46875, 0.8125, 0.84375, 0.15625, 0.59375, 1.0, 0.15625, 0.90625, 0.25, 0.46875, 0.375, 0.1875, 0.6875, 0.71875, 0.09375, 0.96875]
[TRAIN]: (84/1600): reward: -11.649981796741486, rates: 5.350018119958899, loss: 1.9620385110378264, rho: 0.4000000000000001, transmit_actions: 8, P: [0.6875, 0.375, 1.0, 0.34375, 0.0625, 0.1875, 0.53125, 0.15625, 0.03125, 0.65625, 0.6875, 0.4375, 0.09375, 0.3125, 0.34375, 0.1875, 0.40625, 0.96875, 0.5625, 0.15625]
[TRAIN]: (85/1600): reward: -0.8814371824264526, rates: 11.118562995160149, loss: 1.8423117399215698, rho: 0.4000000000000001, transmit_actions: 10, P: [1.0, 0.71875, 0.0625, 0.46875, 0.28125, 0.4375, 0.90625, 0.59375, 0.4375, 0.4375, 0.96875, 0.3125, 1.0, 0.15625, 0.40625, 0.625, 0.15625, 0.1875, 0.25, 0.0625]
[TRAIN]: (86/1600): reward: -9.714789763092995, rates: 5.285210271684843, loss: 1.9300295472145081, rho: 0.4000000000000001, transmit_actions: 5, P: [0.84375, 1.0, 0.15625, 0.21875, 0.9375, 0.21875, 0.75, 0.1875, 0.28125, 0.34375, 0.75, 0.5, 0.59375, 0.125, 0.90625, 0.40625, 0.375, 0.71875, 0.40625, 0.40625]
[TRAIN]: (87/1600): reward: -14.349145203828812, rates: 0.6508547957602482, loss: 2.0619297921657562, rho: 0.4000000000000001, transmit_actions: 9, P: [0.59375, 0.03125, 0.25, 0.46875, 0.09375, 0.59375, 0.34375, 0.5625, 0.25, 0.46875, 0.90625, 0.0, 0.65625, 0.875, 0.84375, 0.46875, 0.40625, 0.3125, 0.125, 0.5]
[TRAIN]: (88/1600): reward: 8.265778243541718, rates: 17.265778372179554, loss: 1.943701708316803, rho: 0.4000000000000001, transmit_actions: 10, P: [0.5, 0.3125, 0.4375, 0.9375, 0.5625, 0.0, 0.40625, 0.78125, 0.0625, 0.03125, 0.03125, 0.75, 0.5625, 0.15625, 0.15625, 0.8125, 0.125, 1.0, 0.15625, 0.15625]
[TRAIN]: (89/1600): reward: -4.632513325661421, rates: 9.367486619838179, loss: 1.9675841569900512, rho: 0.4000000000000001, transmit_actions: 11, P: [0.0, 0.5625, 0.28125, 0.15625, 0.1875, 0.875, 0.4375, 0.0, 0.875, 0.3125, 0.8125, 0.09375, 0.59375, 0.875, 0.40625, 0.65625, 0.1875, 0.53125, 0.125, 0.0]
[TRAIN]: (90/1600): reward: -4.7092761397361755, rates: 9.290723819772577, loss: 1.7416894376277923, rho: 0.4000000000000001, transmit_actions: 13, P: [0.25, 0.1875, 0.78125, 0.15625, 0.96875, 0.25, 1.0, 0.5625, 0.375, 1.0, 0.5625, 0.34375, 0.65625, 0.90625, 0.46875, 0.03125, 0.40625, 0.8125, 0.375, 0.375]
[TRAIN]: (91/1600): reward: -15.0, rates: 0, loss: 1.9493830680847168, rho: 0.4000000000000001, transmit_actions: 8, P: [0.65625, 0.28125, 0.34375, 0.875, 0.53125, 0.71875, 0.46875, 0.1875, 0.375, 0.0625, 0.78125, 0.59375, 0.625, 0.09375, 0.59375, 0.96875, 0.9375, 0.125, 0.90625, 0.9375]
