[MAIN]: START
[ENV]: Started init Environment
[ENV]: ACTIONS_SPACE: 34
[ENV]: Finished init Environment
[TRAIN]: actions: 34, observations: 10
[TRAIN]: CUDA: True
[TRAIN]: (1/1600): reward: -12.937904834747314, rates: 4.062094951103773, loss: 0, rho: 0.4000000000000001, transmit_actions: 11, P: [0.375, 0.1875, 0.875, 0.0, 0.75, 0.9375, 0.4375, 0.0, 0.3125, 0.0, 0.625, 0.3125, 0.3125, 0.5, 0.3125, 0.0, 0.875, 0.5, 0.1875, 0.5]
[TRAIN]: (2/1600): reward: -5.125358700752258, rates: 6.874641122153381, loss: 0, rho: 0.4000000000000001, transmit_actions: 7, P: [0.125, 0.5, 0.875, 0.875, 0.25, 0.5625, 0.1875, 0.75, 0.9375, 0.6875, 0.9375, 0.3125, 0.3125, 0.125, 0.5625, 0.5625, 0.125, 0.5625, 0.9375, 0.9375]
[TRAIN]: (3/1600): reward: 5.3498066663742065, rates: 15.349806664222111, loss: 0, rho: 0.4000000000000001, transmit_actions: 14, P: [0.3125, 0.875, 0.6875, 0.6875, 0.0625, 0.0625, 0.3125, 0.1875, 0.3125, 0.5, 0.0625, 0.8125, 0.9375, 0.3125, 0.5, 0.125, 0.375, 1.0, 0.625, 0.0]
[TRAIN]: (4/1600): reward: -6.891143798828125, rates: 6.108856299644193, loss: 2.599463189349455, rho: 0.4000000000000001, transmit_actions: 9, P: [1.0, 1.0, 0.6875, 0.9375, 0.625, 0.4375, 0.5625, 0.875, 0.5625, 0.8125, 0.0, 0.5, 0.875, 0.3125, 0.5625, 1.0, 0.9375, 0.6875, 0.5625, 0.5625]
[TRAIN]: (5/1600): reward: -1.8995196223258972, rates: 10.100480444905866, loss: 2.7055100560188294, rho: 0.4000000000000001, transmit_actions: 9, P: [0.9375, 0.5625, 0.4375, 0.1875, 0.375, 0.3125, 0.375, 0.0, 0.5625, 0.75, 0.875, 0.25, 0.5, 0.8125, 0.6875, 0.5, 0.6875, 0.5, 0.1875, 0.0625]
[TRAIN]: (6/1600): reward: -7.794699549674988, rates: 5.205300367596221, loss: 2.57668080329895, rho: 0.4000000000000001, transmit_actions: 10, P: [0.3125, 1.0, 0.875, 0.0625, 0.875, 0.625, 0.25, 0.9375, 0.25, 0.375, 0.5, 0.9375, 0.5625, 0.8125, 0.8125, 0.8125, 0.5, 0.25, 0.8125, 0.375]
[TRAIN]: (7/1600): reward: 0.2593937814235687, rates: 10.259393913112701, loss: 2.5871570467948914, rho: 0.4000000000000001, transmit_actions: 11, P: [0.0625, 0.875, 0.0, 1.0, 0.4375, 0.125, 0.6875, 0.0625, 0.6875, 0.5, 0.0, 0.625, 0.0625, 0.875, 0.9375, 0.6875, 0.25, 0.25, 0.3125, 1.0]
[TRAIN]: (8/1600): reward: 15.571476221084595, rates: 26.571476559727603, loss: 2.742364454269409, rho: 0.4000000000000001, transmit_actions: 8, P: [0.5, 0.0, 0.875, 0.4375, 0.25, 0.1875, 0.5625, 0.125, 0.6875, 0.125, 0.0625, 0.125, 0.1875, 0.4375, 0.1875, 0.4375, 0.125, 0.0625, 0.375, 0.5625]
[TRAIN]: (9/1600): reward: 8.515485793352127, rates: 20.515485864931687, loss: 3.4098840236663817, rho: 0.4000000000000001, transmit_actions: 8, P: [0.0625, 0.8125, 0.0, 0.0625, 0.5, 1.0, 0.4375, 1.0, 0.75, 0.1875, 0.5625, 0.25, 1.0, 0.25, 0.125, 0.0625, 0.1875, 0.0625, 0.6875, 0.625]
[TRAIN]: (10/1600): reward: -5.314260572195053, rates: 9.685739639876058, loss: 3.4845219969749452, rho: 0.4000000000000001, transmit_actions: 12, P: [0.125, 0.5625, 1.0, 0.3125, 0.8125, 0.875, 0.125, 0.6875, 0.8125, 0.1875, 0.625, 0.25, 0.4375, 0.0625, 0.3125, 0.875, 0.375, 0.625, 0.125, 0.0]
[TRAIN]: (11/1600): reward: -8.668378841131926, rates: 5.331621382313692, loss: 3.0123358726501466, rho: 0.4000000000000001, transmit_actions: 8, P: [0.375, 1.0, 0.6875, 0.8125, 0.0625, 0.5625, 0.9375, 0.0625, 0.375, 0.25, 0.625, 0.125, 0.3125, 0.25, 0.4375, 0.4375, 0.0625, 0.5, 0.75, 0.875]
[TRAIN]: (12/1600): reward: -1.5916976034641266, rates: 13.408302690200577, loss: 2.9480057299137115, rho: 0.4000000000000001, transmit_actions: 13, P: [0.375, 0.125, 0.625, 0.0, 0.9375, 0.375, 0.6875, 0.6875, 0.0625, 0.3125, 0.4375, 0.4375, 0.1875, 0.6875, 0.875, 0.125, 0.3125, 0.6875, 0.4375, 0.625]
[TRAIN]: (13/1600): reward: -6.860340595245361, rates: 9.139659502388039, loss: 2.9334371030330657, rho: 0.4000000000000001, transmit_actions: 8, P: [0.8125, 0.375, 0.4375, 0.4375, 0.75, 0.75, 0.375, 1.0, 0.4375, 0.6875, 0.8125, 0.4375, 0.4375, 0.0, 0.6875, 0.4375, 0.3125, 0.0625, 0.25, 0.6875]
[TRAIN]: (14/1600): reward: -5.3074564933776855, rates: 10.692543909896798, loss: 2.887803840637207, rho: 0.4000000000000001, transmit_actions: 10, P: [0.1875, 0.875, 0.875, 0.625, 0.0625, 1.0, 0.0, 0.8125, 0.125, 0.625, 0.6875, 1.0, 0.625, 1.0, 0.0625, 0.1875, 0.6875, 0.1875, 0.375, 0.5]
[TRAIN]: (15/1600): reward: -6.168471924960613, rates: 5.831528073957266, loss: 2.96979216337204, rho: 0.4000000000000001, transmit_actions: 11, P: [0.125, 0.8125, 0.1875, 0.125, 0.6875, 0.875, 0.75, 0.1875, 0.375, 0.5625, 0.375, 0.5625, 0.75, 0.0, 0.5625, 0.875, 0.6875, 0.0, 0.5, 0.6875]
[TRAIN]: (16/1600): reward: -15.692258536815643, rates: 0.30774145764752886, loss: 3.3942385971546174, rho: 0.4000000000000001, transmit_actions: 8, P: [0.1875, 0.75, 0.3125, 0.25, 0.25, 0.0, 0.375, 0.4375, 1.0, 0.6875, 0.8125, 0.0625, 0.0, 0.875, 0.8125, 0.3125, 0.5, 0.5625, 0.125, 0.5]
[TRAIN]: (17/1600): reward: -7.979439310729504, rates: 7.020560524256843, loss: 2.9536049485206606, rho: 0.4000000000000001, transmit_actions: 13, P: [0.8125, 0.125, 0.8125, 0.9375, 0.8125, 0.75, 0.0, 0.0625, 0.375, 0.3125, 1.0, 0.625, 0.1875, 0.375, 1.0, 0.75, 0.6875, 0.75, 0.875, 0.0625]
[TRAIN]: (18/1600): reward: -5.010913655161858, rates: 9.989086307603621, loss: 2.7470800936222077, rho: 0.4000000000000001, transmit_actions: 11, P: [0.625, 0.1875, 0.5, 0.0, 0.8125, 0.5625, 1.0, 0.8125, 0.3125, 0.25, 0.9375, 0.6875, 0.8125, 0.5625, 0.3125, 0.4375, 0.375, 0.125, 0.4375, 0.1875]
[TRAIN]: (19/1600): reward: -10.109316930174828, rates: 4.890683220100472, loss: 3.004661500453949, rho: 0.4000000000000001, transmit_actions: 6, P: [0.25, 0.3125, 0.625, 0.1875, 0.5625, 0.125, 0.3125, 0.875, 0.5625, 0.0, 0.25, 0.0625, 0.5, 0.625, 0.5625, 0.4375, 0.1875, 0.375, 0.0625, 0.75]
[TRAIN]: (20/1600): reward: -12.93614436686039, rates: 0.06385562974998672, loss: 2.9600758254528046, rho: 0.4000000000000001, transmit_actions: 12, P: [0.0, 0.5, 0.875, 0.0, 0.25, 0.125, 1.0, 0.25, 0.5625, 0.0625, 0.0, 0.3125, 0.5625, 0.625, 0.3125, 0.5625, 0.75, 0.875, 0.6875, 0.5]
[TRAIN]: (21/1600): reward: -11.390107814222574, rates: 3.609892133978931, loss: 2.626081830263138, rho: 0.4000000000000001, transmit_actions: 13, P: [0.5625, 0.3125, 0.375, 0.125, 0.125, 0.25, 0.625, 0.4375, 0.25, 1.0, 0.625, 0.8125, 0.875, 0.25, 0.4375, 0.8125, 0.0625, 0.0, 0.6875, 0.4375]
[TRAIN]: (22/1600): reward: -5.200664937496185, rates: 7.7993351817427286, loss: 2.551635503768921, rho: 0.4000000000000001, transmit_actions: 13, P: [0.875, 0.5625, 0.0625, 0.4375, 0.4375, 0.25, 0.875, 0.25, 0.875, 0.4375, 0.8125, 0.6875, 0.9375, 0.1875, 0.6875, 0.6875, 1.0, 0.5625, 0.875, 0.1875]
[TRAIN]: (23/1600): reward: -6.264591693878174, rates: 5.735408175042205, loss: 2.625105082988739, rho: 0.4000000000000001, transmit_actions: 9, P: [0.75, 0.75, 0.375, 0.625, 0.0, 1.0, 0.9375, 0.25, 0.5625, 0.75, 0.3125, 0.0625, 0.1875, 1.0, 0.0, 0.375, 1.0, 0.875, 0.75, 0.1875]
[TRAIN]: (24/1600): reward: 6.764297217130661, rates: 16.764297233983243, loss: 2.529339522123337, rho: 0.4000000000000001, transmit_actions: 14, P: [0.3125, 0.875, 0.3125, 0.875, 0.875, 0.625, 0.25, 0.25, 0.25, 0.875, 0.375, 0.875, 0.3125, 0.875, 0.4375, 0.75, 0.8125, 0.1875, 0.3125, 0.9375]
[TRAIN]: (25/1600): reward: 3.6808838918805122, rates: 14.680883539981965, loss: 2.6352350533008577, rho: 0.4000000000000001, transmit_actions: 9, P: [0.9375, 0.75, 0.5, 0.0, 1.0, 0.3125, 1.0, 0.4375, 0.125, 0.0, 0.75, 0.3125, 0.875, 0.375, 0.1875, 0.3125, 0.75, 0.5, 0.8125, 0.25]
[TRAIN]: (26/1600): reward: -9.619355201721191, rates: 4.3806447557733454, loss: 2.8066561937332155, rho: 0.4000000000000001, transmit_actions: 11, P: [0.625, 1.0, 0.8125, 0.0625, 0.625, 0.0, 0.8125, 0.5625, 0.4375, 0.6875, 0.125, 0.5625, 0.9375, 0.5, 0.9375, 0.0, 0.4375, 0.6875, 0.8125, 0.125]
[TRAIN]: (27/1600): reward: 13.869154691696167, rates: 23.869154737352133, loss: 2.4823195815086363, rho: 0.4000000000000001, transmit_actions: 11, P: [0.5, 0.4375, 0.0, 0.9375, 0.8125, 0.75, 1.0, 0.5625, 0.375, 0.8125, 0.875, 0.0625, 0.125, 0.1875, 0.5, 0.0625, 0.875, 0.625, 0.8125, 0.0625]
[TRAIN]: (28/1600): reward: -6.413306221365929, rates: 7.586693829865811, loss: 2.790753936767578, rho: 0.4000000000000001, transmit_actions: 10, P: [0.0625, 0.3125, 0.1875, 0.1875, 0.5, 0.0625, 0.1875, 0.375, 0.875, 0.1875, 0.875, 0.5, 0.6875, 0.625, 0.3125, 0.375, 0.1875, 0.6875, 0.6875, 1.0]
[TRAIN]: (29/1600): reward: 1.8427963256835938, rates: 14.842796372787696, loss: 2.8796943545341493, rho: 0.4000000000000001, transmit_actions: 10, P: [0.4375, 0.9375, 0.9375, 1.0, 0.75, 0.8125, 0.375, 0.5, 0.3125, 0.375, 0.8125, 0.375, 0.125, 0.0625, 0.1875, 0.9375, 0.4375, 0.125, 0.3125, 0.9375]
[TRAIN]: (30/1600): reward: 8.429103702306747, rates: 18.42910364207571, loss: 2.39605553150177, rho: 0.4000000000000001, transmit_actions: 9, P: [0.4375, 0.9375, 0.5, 0.4375, 0.125, 0.4375, 0.9375, 0.625, 0.875, 0.4375, 0.5625, 1.0, 0.1875, 0.1875, 0.0, 0.3125, 0.3125, 0.75, 1.0, 0.125]
