[MAIN]: START
[ENV]: Started init Environment
[ENV]: ACTIONS_SPACE: 34
[ENV]: Finished init Environment
[TRAIN]: actions: 34, observations: 10
[TRAIN]: CUDA: True
[TRAIN]: (1/1600): reward: -12.937904834747314, rates: 4.062094951103773, loss: 0, rho: 0.4000000000000001, transmit_actions: 11, P: [0.375, 0.1875, 0.875, 0.0, 0.75, 0.9375, 0.4375, 0.0, 0.3125, 0.0, 0.625, 0.3125, 0.3125, 0.5, 0.3125, 0.0, 0.875, 0.5, 0.1875, 0.5]
[TRAIN]: (2/1600): reward: -5.125358700752258, rates: 6.874641122153381, loss: 0, rho: 0.4000000000000001, transmit_actions: 7, P: [0.125, 0.5, 0.875, 0.875, 0.25, 0.5625, 0.1875, 0.75, 0.9375, 0.6875, 0.9375, 0.3125, 0.3125, 0.125, 0.5625, 0.5625, 0.125, 0.5625, 0.9375, 0.9375]
[TRAIN]: (3/1600): reward: 5.3498066663742065, rates: 15.349806664222111, loss: 0, rho: 0.4000000000000001, transmit_actions: 14, P: [0.3125, 0.875, 0.6875, 0.6875, 0.0625, 0.0625, 0.3125, 0.1875, 0.3125, 0.5, 0.0625, 0.8125, 0.9375, 0.3125, 0.5, 0.125, 0.375, 1.0, 0.625, 0.0]
[TRAIN]: (4/1600): reward: -6.891143798828125, rates: 6.108856299644193, loss: 2.5982355300117943, rho: 0.4000000000000001, transmit_actions: 9, P: [1.0, 1.0, 0.6875, 0.9375, 0.625, 0.4375, 0.5625, 0.875, 0.5625, 0.8125, 0.0, 0.5, 0.875, 0.3125, 0.5625, 1.0, 0.9375, 0.6875, 0.5625, 0.5625]
[TRAIN]: (5/1600): reward: -1.8995196223258972, rates: 10.100480444905866, loss: 2.7185523867607118, rho: 0.4000000000000001, transmit_actions: 9, P: [0.9375, 0.5625, 0.4375, 0.1875, 0.375, 0.3125, 0.375, 0.0, 0.5625, 0.75, 0.875, 0.25, 0.5, 0.8125, 0.6875, 0.5, 0.6875, 0.5, 0.1875, 0.0625]
[TRAIN]: (6/1600): reward: -7.794699549674988, rates: 5.205300367596221, loss: 2.5878239393234255, rho: 0.4000000000000001, transmit_actions: 10, P: [0.3125, 1.0, 0.875, 0.0625, 0.875, 0.625, 0.25, 0.9375, 0.25, 0.375, 0.5, 0.9375, 0.5625, 0.8125, 0.8125, 0.8125, 0.5, 0.25, 0.8125, 0.375]
[TRAIN]: (7/1600): reward: 0.2593937814235687, rates: 10.259393913112701, loss: 2.580227142572403, rho: 0.4000000000000001, transmit_actions: 11, P: [0.0625, 0.875, 0.0, 1.0, 0.4375, 0.125, 0.6875, 0.0625, 0.6875, 0.5, 0.0, 0.625, 0.0625, 0.875, 0.9375, 0.6875, 0.25, 0.25, 0.3125, 1.0]
[TRAIN]: (8/1600): reward: 15.571476221084595, rates: 26.571476559727603, loss: 2.7462251663208006, rho: 0.4000000000000001, transmit_actions: 8, P: [0.5, 0.0, 0.875, 0.4375, 0.25, 0.1875, 0.5625, 0.125, 0.6875, 0.125, 0.0625, 0.125, 0.1875, 0.4375, 0.1875, 0.4375, 0.125, 0.0625, 0.375, 0.5625]
[TRAIN]: (9/1600): reward: 8.515485793352127, rates: 20.515485864931687, loss: 3.414667510986328, rho: 0.4000000000000001, transmit_actions: 8, P: [0.0625, 0.8125, 0.0, 0.0625, 0.5, 1.0, 0.4375, 1.0, 0.75, 0.1875, 0.5625, 0.25, 1.0, 0.25, 0.125, 0.0625, 0.1875, 0.0625, 0.6875, 0.625]
[TRAIN]: (10/1600): reward: -5.314260572195053, rates: 9.685739639876058, loss: 3.4890675842761993, rho: 0.4000000000000001, transmit_actions: 12, P: [0.125, 0.5625, 1.0, 0.3125, 0.8125, 0.875, 0.125, 0.6875, 0.8125, 0.1875, 0.625, 0.25, 0.4375, 0.0625, 0.3125, 0.875, 0.375, 0.625, 0.125, 0.0]
[TRAIN]: (11/1600): reward: -8.668378841131926, rates: 5.331621382313692, loss: 3.0329708993434905, rho: 0.4000000000000001, transmit_actions: 8, P: [0.375, 1.0, 0.6875, 0.8125, 0.0625, 0.5625, 0.9375, 0.0625, 0.375, 0.25, 0.625, 0.125, 0.3125, 0.25, 0.4375, 0.4375, 0.0625, 0.5, 0.75, 0.875]
[TRAIN]: (12/1600): reward: -1.5916976034641266, rates: 13.408302690200577, loss: 2.958336275815964, rho: 0.4000000000000001, transmit_actions: 13, P: [0.375, 0.125, 0.625, 0.0, 0.9375, 0.375, 0.6875, 0.6875, 0.0625, 0.3125, 0.4375, 0.4375, 0.1875, 0.6875, 0.875, 0.125, 0.3125, 0.6875, 0.4375, 0.625]
[TRAIN]: (13/1600): reward: -6.860340595245361, rates: 9.139659502388039, loss: 2.9394986033439636, rho: 0.4000000000000001, transmit_actions: 8, P: [0.8125, 0.375, 0.4375, 0.4375, 0.75, 0.75, 0.375, 1.0, 0.4375, 0.6875, 0.8125, 0.4375, 0.4375, 0.0, 0.6875, 0.4375, 0.3125, 0.0625, 0.25, 0.6875]
[TRAIN]: (14/1600): reward: -5.3074564933776855, rates: 10.692543909896798, loss: 2.894426554441452, rho: 0.4000000000000001, transmit_actions: 10, P: [0.1875, 0.875, 0.875, 0.625, 0.0625, 1.0, 0.0, 0.8125, 0.125, 0.625, 0.6875, 1.0, 0.625, 1.0, 0.0625, 0.1875, 0.6875, 0.1875, 0.375, 0.5]
[TRAIN]: (15/1600): reward: -6.168471924960613, rates: 5.831528073957266, loss: 2.9785423398017885, rho: 0.4000000000000001, transmit_actions: 11, P: [0.125, 0.8125, 0.1875, 0.125, 0.6875, 0.875, 0.75, 0.1875, 0.375, 0.5625, 0.375, 0.5625, 0.75, 0.0, 0.5625, 0.875, 0.6875, 0.0, 0.5, 0.6875]
[TRAIN]: (16/1600): reward: -15.692258536815643, rates: 0.30774145764752886, loss: 3.4533932387828825, rho: 0.4000000000000001, transmit_actions: 8, P: [0.1875, 0.75, 0.3125, 0.25, 0.25, 0.0, 0.375, 0.4375, 1.0, 0.6875, 0.8125, 0.0625, 0.0, 0.875, 0.8125, 0.3125, 0.5, 0.5625, 0.125, 0.5]
[TRAIN]: (17/1600): reward: -7.979439310729504, rates: 7.020560524256843, loss: 2.9847878515720367, rho: 0.4000000000000001, transmit_actions: 13, P: [0.8125, 0.125, 0.8125, 0.9375, 0.8125, 0.75, 0.0, 0.0625, 0.375, 0.3125, 1.0, 0.625, 0.1875, 0.375, 1.0, 0.75, 0.6875, 0.75, 0.875, 0.0625]
[TRAIN]: (18/1600): reward: -5.010913655161858, rates: 9.989086307603621, loss: 2.771428120136261, rho: 0.4000000000000001, transmit_actions: 11, P: [0.625, 0.1875, 0.5, 0.0, 0.8125, 0.5625, 1.0, 0.8125, 0.3125, 0.25, 0.9375, 0.6875, 0.8125, 0.5625, 0.3125, 0.4375, 0.375, 0.125, 0.4375, 0.1875]
[TRAIN]: (19/1600): reward: -10.109316930174828, rates: 4.890683220100472, loss: 3.0247793674468992, rho: 0.4000000000000001, transmit_actions: 6, P: [0.25, 0.3125, 0.625, 0.1875, 0.5625, 0.125, 0.3125, 0.875, 0.5625, 0.0, 0.25, 0.0625, 0.5, 0.625, 0.5625, 0.4375, 0.1875, 0.375, 0.0625, 0.75]
[TRAIN]: (20/1600): reward: -12.93614436686039, rates: 0.06385562974998672, loss: 2.995990347862244, rho: 0.4000000000000001, transmit_actions: 12, P: [0.0, 0.5, 0.875, 0.0, 0.25, 0.125, 1.0, 0.25, 0.5625, 0.0625, 0.0, 0.3125, 0.5625, 0.625, 0.3125, 0.5625, 0.75, 0.875, 0.6875, 0.5]
[TRAIN]: (21/1600): reward: -11.390107814222574, rates: 3.609892133978931, loss: 2.653186935186386, rho: 0.4000000000000001, transmit_actions: 13, P: [0.5625, 0.3125, 0.375, 0.125, 0.125, 0.25, 0.625, 0.4375, 0.25, 1.0, 0.625, 0.8125, 0.875, 0.25, 0.4375, 0.8125, 0.0625, 0.0, 0.6875, 0.4375]
[TRAIN]: (22/1600): reward: -5.200664937496185, rates: 7.7993351817427286, loss: 2.581985813379288, rho: 0.4000000000000001, transmit_actions: 13, P: [0.875, 0.5625, 0.0625, 0.4375, 0.4375, 0.25, 0.875, 0.25, 0.875, 0.4375, 0.8125, 0.6875, 0.9375, 0.1875, 0.6875, 0.6875, 1.0, 0.5625, 0.875, 0.1875]
[TRAIN]: (23/1600): reward: -6.264591693878174, rates: 5.735408175042205, loss: 2.6407394140958784, rho: 0.4000000000000001, transmit_actions: 9, P: [0.75, 0.75, 0.375, 0.625, 0.0, 1.0, 0.9375, 0.25, 0.5625, 0.75, 0.3125, 0.0625, 0.1875, 1.0, 0.0, 0.375, 1.0, 0.875, 0.75, 0.1875]
[TRAIN]: (24/1600): reward: 6.764297217130661, rates: 16.764297233983243, loss: 2.554879993200302, rho: 0.4000000000000001, transmit_actions: 14, P: [0.3125, 0.875, 0.3125, 0.875, 0.875, 0.625, 0.25, 0.25, 0.25, 0.875, 0.375, 0.875, 0.3125, 0.875, 0.4375, 0.75, 0.8125, 0.1875, 0.3125, 0.9375]
[TRAIN]: (25/1600): reward: 3.6808838918805122, rates: 14.680883539981965, loss: 2.6650656878948213, rho: 0.4000000000000001, transmit_actions: 9, P: [0.9375, 0.75, 0.5, 0.0, 1.0, 0.3125, 1.0, 0.4375, 0.125, 0.0, 0.75, 0.3125, 0.875, 0.375, 0.1875, 0.3125, 0.75, 0.5, 0.8125, 0.25]
[TRAIN]: (26/1600): reward: -9.619355201721191, rates: 4.3806447557733454, loss: 2.8339263200759888, rho: 0.4000000000000001, transmit_actions: 11, P: [0.625, 1.0, 0.8125, 0.0625, 0.625, 0.0, 0.8125, 0.5625, 0.4375, 0.6875, 0.125, 0.5625, 0.9375, 0.5, 0.9375, 0.0, 0.4375, 0.6875, 0.8125, 0.125]
[TRAIN]: (27/1600): reward: 13.869154691696167, rates: 23.869154737352133, loss: 2.489609032869339, rho: 0.4000000000000001, transmit_actions: 11, P: [0.5, 0.4375, 0.0, 0.9375, 0.8125, 0.75, 1.0, 0.5625, 0.375, 0.8125, 0.875, 0.0625, 0.125, 0.1875, 0.5, 0.0625, 0.875, 0.625, 0.8125, 0.0625]
[TRAIN]: (28/1600): reward: -6.413306221365929, rates: 7.586693829865811, loss: 2.805590736865997, rho: 0.4000000000000001, transmit_actions: 10, P: [0.0625, 0.3125, 0.1875, 0.1875, 0.5, 0.0625, 0.1875, 0.375, 0.875, 0.1875, 0.875, 0.5, 0.6875, 0.625, 0.3125, 0.375, 0.1875, 0.6875, 0.6875, 1.0]
[TRAIN]: (29/1600): reward: 1.8427963256835938, rates: 14.842796372787696, loss: 2.885038900375366, rho: 0.4000000000000001, transmit_actions: 10, P: [0.4375, 0.9375, 0.9375, 1.0, 0.75, 0.8125, 0.375, 0.5, 0.3125, 0.375, 0.8125, 0.375, 0.125, 0.0625, 0.1875, 0.9375, 0.4375, 0.125, 0.3125, 0.9375]
[TRAIN]: (30/1600): reward: 8.429103702306747, rates: 18.42910364207571, loss: 2.4000679790973662, rho: 0.4000000000000001, transmit_actions: 9, P: [0.4375, 0.9375, 0.5, 0.4375, 0.125, 0.4375, 0.9375, 0.625, 0.875, 0.4375, 0.5625, 1.0, 0.1875, 0.1875, 0.0, 0.3125, 0.3125, 0.75, 1.0, 0.125]
[TRAIN]: (31/1600): reward: -5.947105407714844, rates: 5.052894773760411, loss: 2.937731218338013, rho: 0.4000000000000001, transmit_actions: 9, P: [0.4375, 0.3125, 0.8125, 1.0, 0.6875, 0.0625, 0.5, 1.0, 0.3125, 0.9375, 0.1875, 0.5, 0.9375, 0.3125, 0.3125, 0.375, 0.9375, 0.5, 0.3125, 0.125]
[TRAIN]: (32/1600): reward: -3.9425177574157715, rates: 9.057482194967623, loss: 2.728734475374222, rho: 0.4000000000000001, transmit_actions: 11, P: [0.625, 0.1875, 0.3125, 0.4375, 0.125, 0.875, 0.8125, 0.625, 0.5, 0.0625, 0.4375, 0.5625, 0.125, 0.0625, 0.0, 0.125, 1.0, 0.0, 1.0, 0.5]
[TRAIN]: (33/1600): reward: 0.3969235420227051, rates: 15.396923601763074, loss: 2.5018524050712587, rho: 0.4000000000000001, transmit_actions: 10, P: [0.5625, 0.75, 0.5625, 0.4375, 0.0625, 0.0, 0.0625, 0.8125, 0.25, 0.4375, 0.4375, 0.625, 0.5625, 0.125, 0.625, 1.0, 0.75, 0.4375, 0.625, 0.3125]
[TRAIN]: (34/1600): reward: 0.8358697667717934, rates: 10.835869962773293, loss: 2.5984033048152924, rho: 0.4000000000000001, transmit_actions: 11, P: [0.625, 0.6875, 0.125, 0.0625, 0.3125, 0.9375, 0.125, 0.0625, 0.9375, 0.875, 1.0, 0.375, 0.25, 0.125, 1.0, 1.0, 0.375, 0.6875, 0.8125, 0.9375]
[TRAIN]: (35/1600): reward: -3.606273490935564, rates: 9.393726632015618, loss: 3.325328606367111, rho: 0.4000000000000001, transmit_actions: 14, P: [0.6875, 0.125, 0.125, 0.9375, 0.125, 0.75, 0.0625, 0.0625, 0.0, 0.3125, 0.3125, 0.625, 0.9375, 0.375, 0.6875, 0.8125, 0.5, 1.0, 0.25, 0.0625]
[TRAIN]: (36/1600): reward: -8.414761126041412, rates: 5.5852389825667705, loss: 2.8488794803619384, rho: 0.4000000000000001, transmit_actions: 6, P: [0.1875, 0.0625, 0.25, 0.9375, 0.0, 0.0625, 0.4375, 0.0625, 0.125, 0.4375, 0.75, 0.125, 0.9375, 0.5, 0.75, 0.625, 0.1875, 0.625, 0.375, 0.6875]
[TRAIN]: (37/1600): reward: -1.9121363162994385, rates: 12.087863736387565, loss: 2.680781751871109, rho: 0.4000000000000001, transmit_actions: 16, P: [0.875, 0.125, 0.5, 0.4375, 0.1875, 0.25, 0.6875, 0.9375, 0.875, 0.8125, 0.3125, 0.875, 0.5, 0.8125, 0.375, 0.375, 0.0, 0.1875, 0.75, 0.625]
[TRAIN]: (38/1600): reward: 1.8212146759033203, rates: 15.821214856671194, loss: 2.685144680738449, rho: 0.4000000000000001, transmit_actions: 8, P: [1.0, 0.25, 0.375, 0.8125, 0.4375, 0.3125, 0.9375, 0.4375, 0.625, 0.375, 0.5625, 0.5625, 0.875, 0.25, 0.125, 0.3125, 0.1875, 0.4375, 0.9375, 0.625]
[TRAIN]: (39/1600): reward: -12.911664037033916, rates: 0.0883359651460823, loss: 2.746083080768585, rho: 0.4000000000000001, transmit_actions: 10, P: [0.3125, 0.8125, 0.125, 0.375, 0.125, 0.9375, 0.0, 0.8125, 0.4375, 0.5, 0.875, 0.25, 0.4375, 0.9375, 0.5, 0.75, 0.8125, 0.5625, 0.875, 0.875]
[TRAIN]: (40/1600): reward: -13.922863125801086, rates: 2.077136886875298, loss: 2.4792191863059996, rho: 0.4000000000000001, transmit_actions: 10, P: [0.4375, 0.75, 0.25, 0.1875, 0.8125, 0.0625, 0.6875, 0.1875, 0.9375, 0.625, 0.4375, 0.1875, 0.6875, 0.0625, 0.125, 0.625, 0.625, 0.3125, 0.4375, 0.8125]
[TRAIN]: (41/1600): reward: -8.43226920068264, rates: 5.567730710936973, loss: 2.19790603518486, rho: 0.4000000000000001, transmit_actions: 11, P: [1.0, 0.4375, 0.875, 0.75, 0.75, 0.5, 0.75, 0.375, 0.125, 0.9375, 0.5, 0.5625, 0.6875, 0.625, 0.8125, 0.75, 0.3125, 0.5625, 0.6875, 1.0]
[TRAIN]: (42/1600): reward: -9.110586643218994, rates: 4.889413121828963, loss: 2.5972108066082003, rho: 0.4000000000000001, transmit_actions: 7, P: [0.75, 0.75, 0.4375, 0.625, 0.25, 0.4375, 0.625, 0.5, 1.0, 0.0, 0.3125, 0.5625, 0.3125, 0.5, 1.0, 0.4375, 0.9375, 0.375, 0.6875, 0.6875]
[TRAIN]: (43/1600): reward: -8.2257399559021, rates: 5.774260106986129, loss: 2.2626561284065247, rho: 0.4000000000000001, transmit_actions: 11, P: [0.6875, 0.5625, 0.25, 0.625, 0.625, 0.375, 0.875, 0.8125, 0.875, 0.75, 0.8125, 0.4375, 0.9375, 0.3125, 0.75, 0.8125, 0.3125, 0.1875, 0.4375, 0.5625]
[TRAIN]: (44/1600): reward: -10.093717575073242, rates: 5.906282539500088, loss: 2.248477393388748, rho: 0.4000000000000001, transmit_actions: 10, P: [0.25, 0.625, 0.125, 1.0, 0.375, 0.5, 0.4375, 0.75, 0.5625, 1.0, 0.8125, 0.5, 0.25, 0.9375, 0.625, 0.875, 0.5625, 0.5625, 0.3125, 0.5625]
[TRAIN]: (45/1600): reward: -9.828163623809814, rates: 5.171836517109037, loss: 2.2150277197360992, rho: 0.4000000000000001, transmit_actions: 7, P: [0.3125, 0.3125, 0.0625, 0.625, 0.3125, 0.4375, 0.625, 0.4375, 0.75, 0.0, 0.125, 0.4375, 0.25, 0.0, 0.9375, 0.9375, 0.75, 0.3125, 0.8125, 0.3125]
[TRAIN]: (46/1600): reward: -4.8263368010520935, rates: 6.173663424880974, loss: 2.176320230960846, rho: 0.4000000000000001, transmit_actions: 10, P: [0.6875, 0.0, 1.0, 0.75, 0.0, 0.25, 1.0, 0.0625, 0.4375, 0.0625, 0.75, 0.0, 0.1875, 0.5, 0.25, 0.9375, 1.0, 0.25, 0.0, 0.375]
[TRAIN]: (47/1600): reward: 18.236711531877518, rates: 27.23671155362326, loss: 2.3362471520900727, rho: 0.4000000000000001, transmit_actions: 12, P: [0.5625, 0.3125, 0.6875, 0.8125, 0.9375, 0.0625, 0.6875, 0.8125, 0.5, 0.0625, 0.375, 0.9375, 0.3125, 0.0, 0.25, 0.1875, 1.0, 0.3125, 0.8125, 0.25]
[TRAIN]: (48/1600): reward: -8.15040186047554, rates: 6.849598232913717, loss: 1.8718645423650742, rho: 0.4000000000000001, transmit_actions: 10, P: [1.0, 0.1875, 0.875, 0.75, 0.25, 0.625, 0.75, 0.6875, 0.375, 0.625, 0.875, 0.0, 0.25, 1.0, 0.1875, 0.9375, 0.0625, 0.6875, 0.1875, 0.8125]
[TRAIN]: (49/1600): reward: -9.667038917541504, rates: 5.332960928439908, loss: 2.1694887042045594, rho: 0.4000000000000001, transmit_actions: 8, P: [0.3125, 0.5, 0.0, 0.9375, 0.3125, 0.9375, 0.0, 0.6875, 0.5, 0.5, 1.0, 0.5625, 0.1875, 0.625, 0.75, 0.8125, 0.75, 0.9375, 0.625, 0.75]
[TRAIN]: (50/1600): reward: -6.227767109870911, rates: 5.772232846953484, loss: 1.9795621514320374, rho: 0.4000000000000001, transmit_actions: 10, P: [0.9375, 0.375, 0.6875, 0.1875, 0.625, 0.75, 0.875, 0.3125, 0.0, 0.6875, 0.5625, 0.5625, 0.25, 0.3125, 0.5, 0.375, 1.0, 0.9375, 0.5, 0.875]
[TRAIN]: (51/1600): reward: -12.502128601074219, rates: 3.497871304640869, loss: 2.081898772716522, rho: 0.4000000000000001, transmit_actions: 12, P: [0.3125, 0.4375, 0.6875, 0.3125, 0.5, 0.0, 0.4375, 0.6875, 0.375, 0.8125, 0.0625, 0.4375, 0.3125, 0.8125, 0.3125, 0.6875, 0.3125, 0.125, 0.9375, 0.8125]
[TRAIN]: (52/1600): reward: -0.495255745947361, rates: 10.50474429282227, loss: 1.884532380104065, rho: 0.4000000000000001, transmit_actions: 12, P: [0.6875, 0.25, 0.375, 0.0, 1.0, 0.125, 0.625, 0.625, 0.5, 0.6875, 0.25, 0.1875, 0.5, 0.0625, 0.875, 0.8125, 0.8125, 0.0625, 0.0, 0.6875]
[TRAIN]: (53/1600): reward: -4.275853097438812, rates: 4.724146739078144, loss: 2.014180910587311, rho: 0.4000000000000001, transmit_actions: 9, P: [0.4375, 0.9375, 0.25, 0.6875, 1.0, 0.75, 0.875, 0.0625, 0.8125, 0.125, 0.375, 1.0, 0.0, 0.9375, 0.4375, 0.0625, 0.125, 0.5625, 0.8125, 0.875]
[TRAIN]: (54/1600): reward: -17.0, rates: 0, loss: 1.8399424374103546, rho: 0.4000000000000001, transmit_actions: 10, P: [0.75, 0.875, 0.875, 0.5, 0.875, 0.5, 0.375, 1.0, 0.625, 0.1875, 0.6875, 0.6875, 0.125, 0.5, 0.75, 0.4375, 0.8125, 0.5, 0.5625, 0.25]
[TRAIN]: (55/1600): reward: -14.36473399400711, rates: 0.6352660115760248, loss: 1.6857953637838363, rho: 0.4000000000000001, transmit_actions: 9, P: [0.5, 0.875, 0.9375, 0.4375, 0.5, 0.5625, 0.625, 0.125, 0.625, 0.3125, 0.0, 0.3125, 0.3125, 0.6875, 1.0, 0.4375, 0.25, 0.625, 0.375, 0.125]
[TRAIN]: (56/1600): reward: -3.7967304587364197, rates: 9.203269443743146, loss: 2.1277538418769835, rho: 0.4000000000000001, transmit_actions: 10, P: [0.3125, 0.625, 0.4375, 0.5625, 0.375, 0.3125, 0.375, 0.6875, 1.0, 0.6875, 0.6875, 0.1875, 1.0, 0.375, 0.6875, 1.0, 0.0, 0.75, 0.375, 1.0]
[TRAIN]: (57/1600): reward: -2.7451062202453613, rates: 10.254893397825786, loss: 2.232627147436142, rho: 0.4000000000000001, transmit_actions: 11, P: [0.6875, 0.6875, 0.6875, 1.0, 0.4375, 0.0625, 0.875, 0.4375, 1.0, 0.3125, 0.125, 0.5, 0.125, 0.125, 0.3125, 0.875, 0.875, 0.9375, 0.0, 0.9375]
[TRAIN]: (58/1600): reward: -13.694199234247208, rates: 0.3058007637941185, loss: 1.9088915586471558, rho: 0.4000000000000001, transmit_actions: 12, P: [0.8125, 0.5, 0.9375, 0.5625, 0.5, 0.6875, 0.625, 0.0, 0.5, 0.875, 0.375, 0.875, 0.875, 0.0, 1.0, 0.8125, 0.5, 0.625, 0.8125, 0.5625]
[TRAIN]: (59/1600): reward: -16.712613940238953, rates: 0.28738604948424223, loss: 1.7470047175884247, rho: 0.4000000000000001, transmit_actions: 8, P: [0.875, 0.375, 0.1875, 0.875, 0.0, 0.4375, 0.3125, 0.0625, 0.5, 0.0, 0.0, 0.875, 0.125, 0.875, 0.125, 0.8125, 0.375, 0.75, 0.5625, 0.3125]
[TRAIN]: (60/1600): reward: -12.248711585998535, rates: 1.751288417667239, loss: 1.7661886155605315, rho: 0.4000000000000001, transmit_actions: 11, P: [0.5625, 0.5, 0.125, 0.625, 0.1875, 0.625, 0.3125, 0.25, 0.625, 0.75, 0.3125, 0.8125, 0.9375, 0.4375, 0.4375, 0.6875, 0.8125, 0.8125, 0.875, 0.375]
[TRAIN]: (61/1600): reward: -2.3029894828796387, rates: 10.697010484357152, loss: 1.8693166434764863, rho: 0.4000000000000001, transmit_actions: 6, P: [0.125, 0.4375, 0.75, 0.5625, 1.0, 0.4375, 0.75, 0.0, 0.9375, 0.5, 0.6875, 0.4375, 0.5625, 0.125, 1.0, 0.6875, 0.5, 0.5625, 0.4375, 0.875]
[TRAIN]: (62/1600): reward: -3.3554691914469004, rates: 8.644530576399195, loss: 1.8294933170080185, rho: 0.4000000000000001, transmit_actions: 10, P: [0.5625, 0.0, 0.0625, 0.9375, 0.0625, 0.3125, 0.375, 0.625, 0.0625, 0.5625, 0.5, 0.0625, 1.0, 0.9375, 0.8125, 0.0625, 0.8125, 0.625, 0.4375, 0.0625]
[TRAIN]: (63/1600): reward: -3.6510698720812798, rates: 6.348930366730492, loss: 1.9252310603857041, rho: 0.4000000000000001, transmit_actions: 9, P: [0.375, 0.875, 0.3125, 0.9375, 0.125, 0.25, 0.4375, 1.0, 0.9375, 0.5625, 0.5625, 0.875, 0.125, 0.3125, 0.9375, 0.0, 0.6875, 0.8125, 0.8125, 0.75]
[TRAIN]: (64/1600): reward: -11.156987808644772, rates: 1.843012204267842, loss: 1.6743320792913436, rho: 0.4000000000000001, transmit_actions: 9, P: [0.625, 0.5625, 0.0, 0.8125, 0.3125, 0.25, 0.1875, 0.0625, 0.0, 0.1875, 0.6875, 0.3125, 0.0625, 0.625, 0.0, 0.375, 0.1875, 0.8125, 0.9375, 0.6875]
[TRAIN]: (65/1600): reward: -10.194728776812553, rates: 4.805271387886191, loss: 1.6403783321380616, rho: 0.4000000000000001, transmit_actions: 8, P: [0.125, 0.9375, 0.875, 0.75, 0.0625, 0.3125, 0.375, 0.375, 0.4375, 1.0, 0.5625, 0.25, 0.1875, 0.75, 0.75, 0.625, 0.25, 0.8125, 0.1875, 0.3125]
[TRAIN]: (66/1600): reward: -13.6642427444458, rates: 4.335757396386688, loss: 1.6657004415988923, rho: 0.4000000000000001, transmit_actions: 12, P: [0.8125, 0.625, 0.1875, 0.4375, 0.6875, 0.8125, 0.4375, 0.1875, 0.875, 0.4375, 0.8125, 0.875, 0.25, 0.9375, 0.3125, 0.1875, 0.0, 0.9375, 1.0, 0.9375]
[TRAIN]: (67/1600): reward: -8.405180156230927, rates: 5.594819757305209, loss: 1.7195122510194778, rho: 0.4000000000000001, transmit_actions: 9, P: [0.3125, 0.3125, 0.0, 0.3125, 0.1875, 0.25, 0.0625, 0.75, 0.875, 0.5, 0.0, 0.875, 0.3125, 0.875, 0.25, 0.75, 0.9375, 0.375, 0.0, 0.25]
[TRAIN]: (68/1600): reward: -14.769199505448341, rates: 0.23080049428444388, loss: 1.8745955109596253, rho: 0.4000000000000001, transmit_actions: 7, P: [0.0625, 0.0, 0.3125, 0.125, 0.375, 0.625, 0.9375, 0.8125, 0.0, 0.75, 0.875, 0.0, 0.5625, 0.1875, 0.5, 0.25, 0.9375, 0.9375, 0.9375, 0.875]
[TRAIN]: (69/1600): reward: -11.681682795286179, rates: 5.3183171889395116, loss: 1.9031215220689774, rho: 0.4000000000000001, transmit_actions: 12, P: [0.5, 0.625, 0.0625, 0.625, 0.5, 0.5625, 1.0, 0.125, 0.5, 0.4375, 1.0, 0.8125, 0.375, 0.875, 0.1875, 0.4375, 0.375, 0.6875, 0.6875, 0.1875]
[TRAIN]: (70/1600): reward: -8.52322393655777, rates: 5.476775981544939, loss: 1.7444850474596023, rho: 0.4000000000000001, transmit_actions: 2, P: [1.0, 0.125, 0.4375, 0.875, 0.125, 0.375, 1.0, 0.4375, 0.3125, 0.625, 0.375, 0.5625, 0.1875, 0.625, 0.5, 0.375, 0.1875, 0.25, 0.8125, 0.9375]
[TRAIN]: (71/1600): reward: -8.670787811279297, rates: 4.329212161853774, loss: 1.702878800034523, rho: 0.4000000000000001, transmit_actions: 13, P: [0.5625, 0.625, 0.9375, 0.8125, 0.75, 0.625, 0.3125, 0.0, 0.8125, 0.625, 0.75, 0.0625, 0.3125, 0.6875, 0.875, 0.4375, 0.1875, 0.875, 0.4375, 0.25]
[TRAIN]: (72/1600): reward: -1.7266562581062317, rates: 12.273344135514268, loss: 1.842529433965683, rho: 0.4000000000000001, transmit_actions: 8, P: [0.1875, 0.75, 0.25, 0.375, 0.375, 0.375, 0.5, 0.0, 0.375, 0.625, 0.0, 0.875, 0.5625, 0.8125, 0.4375, 0.8125, 0.625, 0.8125, 0.8125, 0.3125]
[TRAIN]: (73/1600): reward: -10.220282554626465, rates: 4.779717614198446, loss: 1.9920416057109833, rho: 0.4000000000000001, transmit_actions: 6, P: [0.4375, 0.3125, 0.3125, 0.8125, 0.8125, 0.8125, 0.4375, 0.0625, 0.6875, 0.25, 0.0625, 0.75, 0.875, 0.625, 0.0625, 0.9375, 0.4375, 0.5625, 0.5, 0.1875]
[TRAIN]: (74/1600): reward: -13.926553599536419, rates: 0.07344640330795771, loss: 1.8348272800445558, rho: 0.4000000000000001, transmit_actions: 7, P: [0.4375, 0.125, 0.8125, 0.125, 1.0, 0.5625, 0.125, 0.8125, 0.0625, 0.8125, 0.5625, 0.0625, 1.0, 0.0625, 0.5625, 0.9375, 1.0, 0.1875, 0.4375, 0.4375]
[TRAIN]: (75/1600): reward: -6.811795234680176, rates: 7.188204862760406, loss: 1.836059758067131, rho: 0.4000000000000001, transmit_actions: 7, P: [0.75, 0.6875, 0.6875, 0.9375, 0.25, 0.75, 0.25, 0.8125, 1.0, 0.6875, 0.0, 0.375, 0.4375, 0.125, 0.3125, 0.8125, 0.125, 0.375, 0.5, 0.0]
[TRAIN]: (76/1600): reward: -5.080948065966368, rates: 7.919051869922352, loss: 1.927168506383896, rho: 0.4000000000000001, transmit_actions: 9, P: [0.5625, 0.625, 0.3125, 0.0, 0.25, 0.5625, 0.375, 0.25, 0.0625, 0.125, 0.4375, 0.5625, 0.25, 0.3125, 0.125, 0.75, 0.9375, 0.3125, 0.625, 0.8125]
[TRAIN]: (77/1600): reward: 9.563362553715706, rates: 18.563361742199547, loss: 2.009003108739853, rho: 0.4000000000000001, transmit_actions: 10, P: [0.5625, 0.4375, 0.875, 0.875, 0.4375, 0.25, 0.9375, 0.0625, 0.875, 0.0625, 0.375, 1.0, 0.0625, 0.125, 1.0, 0.8125, 0.3125, 0.4375, 0.5, 0.875]
[TRAIN]: (78/1600): reward: -11.899503707885742, rates: 5.100496258882619, loss: 1.732727700471878, rho: 0.4000000000000001, transmit_actions: 11, P: [0.1875, 0.375, 1.0, 0.6875, 0.6875, 0.9375, 0.75, 0.3125, 0.8125, 0.375, 0.375, 0.6875, 0.25, 0.5, 0.875, 0.8125, 0.625, 0.625, 0.375, 0.3125]
[TRAIN]: (79/1600): reward: -2.0240046083927155, rates: 10.975995416110791, loss: 1.67964448928833, rho: 0.4000000000000001, transmit_actions: 9, P: [0.5, 0.75, 0.4375, 0.4375, 0.0, 0.5, 0.4375, 0.625, 0.9375, 0.25, 0.25, 0.1875, 0.375, 0.875, 0.0625, 0.125, 0.9375, 0.4375, 0.75, 0.5]
[TRAIN]: (80/1600): reward: -15.0, rates: 0.0, loss: 1.505913645029068, rho: 0.4000000000000001, transmit_actions: 10, P: [0.0625, 0.5, 1.0, 0.6875, 0.4375, 0.25, 0.5625, 0.9375, 0.6875, 0.0, 0.0, 0.9375, 0.75, 0.5625, 0.9375, 0.75, 0.0, 0.875, 0.375, 0.4375]
[TRAIN]: (81/1600): reward: -2.74151249229908, rates: 9.25848754972442, loss: 1.6667414367198945, rho: 0.4000000000000001, transmit_actions: 12, P: [0.6875, 1.0, 0.75, 0.625, 0.9375, 0.8125, 0.25, 1.0, 0.5625, 0.0625, 0.25, 0.0, 0.3125, 0.75, 0.1875, 0.4375, 0.125, 0.8125, 0.9375, 0.8125]
[TRAIN]: (82/1600): reward: -1.4681824781000614, rates: 11.531817799811012, loss: 1.9914124011993408, rho: 0.4000000000000001, transmit_actions: 14, P: [0.125, 0.4375, 0.5625, 0.9375, 0.0625, 0.375, 0.875, 0.75, 0.75, 0.0, 0.25, 0.875, 0.5, 0.375, 0.875, 0.625, 0.25, 0.8125, 0.9375, 0.125]
[TRAIN]: (83/1600): reward: -1.2531252801418304, rates: 10.746874991079975, loss: 1.716606652736664, rho: 0.4000000000000001, transmit_actions: 12, P: [0.75, 0.9375, 0.25, 0.8125, 0.5625, 1.0, 0.625, 0.125, 0.6875, 0.0, 0.375, 0.25, 0.8125, 0.25, 0.3125, 0.3125, 0.9375, 0.5, 0.125, 1.0]
[TRAIN]: (84/1600): reward: 2.92186707444489, rates: 16.921867021389, loss: 1.704544574022293, rho: 0.4000000000000001, transmit_actions: 12, P: [0.875, 0.125, 0.4375, 0.4375, 0.8125, 0.0625, 0.25, 0.75, 1.0, 0.875, 0.125, 0.3125, 0.6875, 0.1875, 0.125, 0.3125, 0.375, 0.375, 0.9375, 0.625]
[TRAIN]: (85/1600): reward: -6.200416743755341, rates: 7.799583310094418, loss: 1.668279978632927, rho: 0.4000000000000001, transmit_actions: 11, P: [0.6875, 0.625, 0.875, 0.9375, 0.4375, 0.375, 0.6875, 1.0, 0.0625, 0.0, 0.25, 0.375, 0.4375, 0.8125, 0.75, 0.625, 0.75, 0.75, 0.5625, 0.0625]
[TRAIN]: (86/1600): reward: -4.312704563140869, rates: 9.687295515441384, loss: 1.7496389031410218, rho: 0.4000000000000001, transmit_actions: 9, P: [0.875, 0.25, 0.8125, 0.4375, 1.0, 0.75, 0.5625, 0.75, 0.4375, 1.0, 0.625, 0.25, 0.1875, 0.9375, 0.3125, 0.5625, 0.375, 0.0, 0.125, 0.125]
[TRAIN]: (87/1600): reward: -4.992310017347336, rates: 10.007689816955487, loss: 1.7650119096040726, rho: 0.4000000000000001, transmit_actions: 9, P: [0.0625, 0.8125, 1.0, 0.625, 0.0625, 0.5625, 0.0625, 0.3125, 0.5625, 0.5625, 0.25, 0.5625, 0.75, 0.0625, 0.25, 0.875, 0.4375, 0.875, 0.3125, 0.25]
[TRAIN]: (88/1600): reward: -9.559507846832275, rates: 6.440492121121868, loss: 1.4813927084207534, rho: 0.4000000000000001, transmit_actions: 10, P: [0.375, 0.5625, 0.375, 0.5625, 0.875, 0.25, 0.3125, 1.0, 0.75, 0.5, 0.0, 0.9375, 0.8125, 0.6875, 0.0625, 0.5625, 0.75, 0.4375, 0.4375, 0.8125]
[TRAIN]: (89/1600): reward: -8.076203174889088, rates: 1.9237968406951627, loss: 1.7979341059923173, rho: 0.4000000000000001, transmit_actions: 12, P: [0.25, 0.0625, 0.0625, 0.375, 1.0, 0.5625, 0.8125, 0.9375, 0.0625, 0.375, 0.3125, 0.8125, 0.75, 0.75, 0.0, 0.9375, 0.0, 0.6875, 0.8125, 0.0]
[TRAIN]: (90/1600): reward: -7.610300451517105, rates: 5.389699650229153, loss: 1.8654930651187898, rho: 0.4000000000000001, transmit_actions: 7, P: [0.125, 0.1875, 0.0625, 0.625, 0.6875, 0.8125, 1.0, 0.9375, 0.3125, 0.375, 0.3125, 0.5625, 0.6875, 0.8125, 0.8125, 0.875, 0.125, 0.5, 0.625, 0.9375]
[TRAIN]: (91/1600): reward: -9.199371494352818, rates: 3.80062845643825, loss: 1.6906473189592361, rho: 0.4000000000000001, transmit_actions: 8, P: [0.25, 0.5625, 0.0625, 0.9375, 0.3125, 0.375, 0.125, 0.5, 0.0625, 0.0, 0.75, 0.0625, 0.25, 0.5, 0.1875, 0.875, 0.625, 0.6875, 0.875, 0.625]
[TRAIN]: (92/1600): reward: -11.448360577225685, rates: 2.551639403744476, loss: 1.6256428450345992, rho: 0.4000000000000001, transmit_actions: 9, P: [0.5625, 0.6875, 1.0, 0.6875, 0.375, 0.1875, 0.3125, 0.0, 0.3125, 0.25, 0.4375, 0.875, 0.9375, 0.5, 0.8125, 0.625, 0.25, 0.5625, 0.8125, 0.1875]
[TRAIN]: (93/1600): reward: -5.029485683888197, rates: 5.970514160035943, loss: 1.5143337577581406, rho: 0.4000000000000001, transmit_actions: 11, P: [0.25, 0.0625, 0.5, 0.375, 0.8125, 0.4375, 0.9375, 0.0, 0.6875, 0.1875, 0.0, 0.125, 0.0, 0.5, 0.75, 0.25, 0.5, 0.75, 0.0, 0.625]
[TRAIN]: (94/1600): reward: -10.870234034955502, rates: 5.1297659754969995, loss: 1.4909449607133864, rho: 0.4000000000000001, transmit_actions: 8, P: [0.25, 0.5, 0.0, 0.5625, 0.125, 1.0, 0.125, 0.625, 0.875, 0.125, 0.875, 0.625, 0.6875, 0.3125, 0.1875, 0.5625, 0.0, 0.0625, 0.625, 0.1875]
[TRAIN]: (95/1600): reward: -14.24477481842041, rates: 2.7552251219510286, loss: 1.6884133905172347, rho: 0.4000000000000001, transmit_actions: 7, P: [0.8125, 0.5, 0.3125, 0.0625, 0.0, 0.125, 0.0625, 0.625, 0.0, 0.0, 0.0, 0.0, 0.875, 0.3125, 0.5625, 0.5, 1.0, 0.0625, 0.5625, 0.1875]
[TRAIN]: (96/1600): reward: -16.0, rates: 0.0, loss: 1.6397942423820495, rho: 0.4000000000000001, transmit_actions: 7, P: [0.875, 0.5625, 0.8125, 0.0, 0.5625, 0.0625, 0.625, 0.875, 0.0, 0.8125, 1.0, 0.6875, 0.25, 0.75, 0.8125, 0.125, 0.875, 0.0, 0.8125, 0.25]
[TRAIN]: (97/1600): reward: -15.0, rates: 0, loss: 1.6939545810222625, rho: 0.4000000000000001, transmit_actions: 11, P: [0.625, 0.8125, 0.8125, 0.0625, 0.75, 0.5, 0.875, 0.3125, 0.8125, 0.0, 0.625, 0.5625, 0.5625, 0.5625, 0.25, 0.8125, 0.9375, 0.9375, 0.8125, 0.9375]
[TRAIN]: (98/1600): reward: -7.8038729429244995, rates: 7.196126853844494, loss: 1.6987369120121003, rho: 0.4000000000000001, transmit_actions: 6, P: [0.9375, 0.5625, 0.1875, 0.1875, 0.1875, 0.4375, 0.5, 0.4375, 0.8125, 0.0, 0.375, 0.125, 0.875, 0.8125, 0.5, 0.1875, 0.4375, 0.6875, 0.625, 0.125]
[TRAIN]: (99/1600): reward: 0.43275459110736847, rates: 12.432754184163187, loss: 1.4657498449087143, rho: 0.4000000000000001, transmit_actions: 13, P: [0.0, 0.875, 0.25, 0.625, 0.0625, 0.8125, 1.0, 0.5625, 0.625, 0.0625, 0.875, 0.0, 0.6875, 0.0625, 0.75, 0.125, 0.4375, 0.0, 0.3125, 0.375]
[TRAIN]: (100/1600): reward: 12.10356268286705, rates: 21.10356254217698, loss: 1.777784264087677, rho: 0.4000000000000001, transmit_actions: 13, P: [0.8125, 0.0, 0.8125, 0.3125, 1.0, 0.3125, 0.125, 0.0, 0.625, 0.5, 0.125, 1.0, 0.125, 0.5625, 0.9375, 0.6875, 0.9375, 0.1875, 0.6875, 0.5]
[TRAIN]: (101/1600): reward: -10.026717185974121, rates: 4.97328287800917, loss: 1.841582354903221, rho: 0.4000000000000001, transmit_actions: 10, P: [0.75, 0.5, 0.625, 0.875, 0.25, 0.8125, 0.25, 0.75, 0.75, 0.875, 0.25, 1.0, 0.625, 0.5, 0.5, 0.75, 0.25, 1.0, 0.375, 0.4375]
[TRAIN]: (102/1600): reward: -7.124030694365501, rates: 6.875969098017308, loss: 1.5853218197822572, rho: 0.4000000000000001, transmit_actions: 10, P: [0.875, 0.5625, 0.9375, 0.4375, 0.875, 0.5, 0.6875, 0.8125, 0.125, 0.8125, 0.5625, 0.375, 0.0625, 0.25, 0.9375, 0.8125, 0.75, 0.375, 0.625, 0.5625]
[TRAIN]: (103/1600): reward: 4.986953288316727, rates: 17.986953148409004, loss: 1.6352821111679077, rho: 0.4000000000000001, transmit_actions: 14, P: [0.125, 0.25, 0.75, 0.4375, 0.8125, 0.4375, 0.125, 0.125, 0.3125, 0.4375, 0.3125, 0.5625, 0.3125, 0.125, 0.75, 0.875, 1.0, 0.75, 0.8125, 0.3125]
[TRAIN]: (104/1600): reward: -8.349362097680569, rates: 4.650637761867293, loss: 1.7369940459728241, rho: 0.4000000000000001, transmit_actions: 10, P: [0.1875, 0.625, 0.5625, 1.0, 0.3125, 0.4375, 0.9375, 0.6875, 0.3125, 0.375, 0.0, 0.8125, 0.1875, 1.0, 0.6875, 0.375, 0.0, 1.0, 1.0, 0.0]
[TRAIN]: (105/1600): reward: -3.525506019592285, rates: 11.474494111603686, loss: 1.5800928801298142, rho: 0.4000000000000001, transmit_actions: 9, P: [0.375, 1.0, 0.9375, 0.6875, 0.9375, 0.625, 0.375, 0.125, 0.5625, 0.75, 0.75, 0.1875, 0.75, 0.375, 0.5, 0.25, 0.25, 0.5, 0.3125, 0.5]
[TRAIN]: (106/1600): reward: -9.81076392531395, rates: 6.189236185545378, loss: 2.049271160364151, rho: 0.4000000000000001, transmit_actions: 9, P: [0.0625, 0.3125, 0.8125, 0.125, 0.8125, 0.5, 0.0625, 0.625, 0.6875, 0.25, 0.625, 0.1875, 0.1875, 0.8125, 0.75, 0.375, 0.25, 0.1875, 0.75, 1.0]
[TRAIN]: (107/1600): reward: -0.41238927841186523, rates: 13.587610854620486, loss: 1.9217224717140198, rho: 0.4000000000000001, transmit_actions: 10, P: [0.5, 0.0625, 1.0, 0.875, 0.625, 0.8125, 0.5625, 0.9375, 0.375, 0.5625, 0.4375, 1.0, 0.375, 0.8125, 0.0625, 0.0625, 0.5, 0.5, 0.4375, 0.375]
[TRAIN]: (108/1600): reward: -12.011120736598969, rates: 1.9888793029470389, loss: 1.7660176753997803, rho: 0.4000000000000001, transmit_actions: 8, P: [0.1875, 0.0, 0.3125, 0.375, 1.0, 0.375, 0.875, 0.3125, 0.875, 0.3125, 0.9375, 0.6875, 0.3125, 0.125, 0.125, 0.875, 0.3125, 0.5625, 0.5, 0.9375]
[TRAIN]: (109/1600): reward: -6.883331775665283, rates: 5.116668159882698, loss: 1.8308469831943512, rho: 0.4000000000000001, transmit_actions: 11, P: [1.0, 0.75, 0.4375, 0.3125, 0.375, 0.0, 0.5, 0.875, 0.625, 0.6875, 0.5625, 0.0, 0.9375, 0.9375, 0.0625, 0.6875, 0.9375, 0.75, 0.625, 0.875]
[TRAIN]: (110/1600): reward: -3.9443113580346107, rates: 10.05568895246783, loss: 1.7849380120635032, rho: 0.4000000000000001, transmit_actions: 9, P: [0.5, 0.625, 0.5625, 0.8125, 0.875, 0.0625, 0.375, 0.8125, 0.125, 0.25, 0.375, 0.0, 0.5, 1.0, 0.1875, 0.1875, 0.375, 0.9375, 0.375, 1.0]
[TRAIN]: (111/1600): reward: -8.329517394304276, rates: 5.670482466083725, loss: 1.6343451529741286, rho: 0.4000000000000001, transmit_actions: 12, P: [0.3125, 0.125, 1.0, 0.625, 0.0, 0.25, 0.5, 0.25, 0.75, 0.5, 0.0625, 0.0, 0.5625, 0.375, 1.0, 0.8125, 0.5, 0.125, 0.9375, 0.625]
[TRAIN]: (112/1600): reward: -9.482342004776001, rates: 3.517657951135821, loss: 1.9238275647163392, rho: 0.4000000000000001, transmit_actions: 11, P: [1.0, 0.125, 0.625, 0.3125, 0.9375, 0.3125, 0.875, 0.4375, 0.5, 0.9375, 0.9375, 0.0625, 0.5625, 0.9375, 0.6875, 0.625, 0.8125, 0.125, 0.875, 0.0]
[TRAIN]: (113/1600): reward: 8.040023654699326, rates: 18.040023895104525, loss: 1.9019182980060578, rho: 0.4000000000000001, transmit_actions: 10, P: [0.4375, 0.875, 0.125, 0.5, 0.3125, 0.1875, 1.0, 0.625, 0.8125, 0.0, 0.125, 0.875, 0.125, 0.0625, 0.0625, 0.4375, 0.625, 0.625, 0.5625, 0.1875]
[TRAIN]: (114/1600): reward: -3.498375818133354, rates: 8.501624032283562, loss: 1.6826054364442826, rho: 0.4000000000000001, transmit_actions: 11, P: [0.5625, 0.1875, 0.3125, 0.5625, 0.3125, 0.625, 0.9375, 0.375, 0.1875, 0.25, 0.5625, 0.875, 0.375, 0.125, 0.8125, 1.0, 0.0, 0.0625, 0.75, 0.0]
[TRAIN]: (115/1600): reward: -8.929213494062424, rates: 3.070786530483504, loss: 1.7125071078538894, rho: 0.4000000000000001, transmit_actions: 8, P: [0.125, 0.3125, 0.0625, 0.4375, 0.625, 0.375, 0.875, 0.5625, 0.0, 0.3125, 1.0, 0.375, 0.4375, 0.875, 0.5625, 1.0, 1.0, 0.625, 0.4375, 0.8125]
[TRAIN]: (116/1600): reward: -2.50951911509037, rates: 10.49048072027297, loss: 1.9011681258678437, rho: 0.4000000000000001, transmit_actions: 12, P: [0.0, 0.6875, 0.0, 0.125, 0.1875, 0.0, 0.5, 0.1875, 0.125, 0.375, 0.375, 0.0625, 0.75, 0.5, 0.0625, 0.75, 0.4375, 0.5625, 0.9375, 0.1875]
[TRAIN]: (117/1600): reward: -10.555739402770996, rates: 5.444260493931563, loss: 1.6992676496505736, rho: 0.4000000000000001, transmit_actions: 5, P: [0.875, 0.1875, 0.5625, 0.75, 0.0, 0.4375, 0.9375, 0.1875, 0.125, 0.875, 0.3125, 0.1875, 0.5625, 0.1875, 0.25, 0.3125, 0.3125, 0.5625, 0.0625, 0.6875]
[TRAIN]: (118/1600): reward: -9.5867018699646, rates: 4.413298297081508, loss: 1.7208099633455276, rho: 0.4000000000000001, transmit_actions: 11, P: [0.3125, 0.5, 0.8125, 0.625, 0.0, 0.375, 0.125, 0.375, 0.875, 0.0, 0.625, 0.4375, 0.8125, 1.0, 0.0625, 0.375, 0.375, 0.0625, 0.6875, 0.5625]
[TRAIN]: (119/1600): reward: -9.474670767784119, rates: 4.525329436939959, loss: 2.034872904419899, rho: 0.4000000000000001, transmit_actions: 12, P: [0.8125, 0.9375, 0.0, 0.4375, 0.1875, 1.0, 0.6875, 0.6875, 0.25, 1.0, 0.25, 0.0625, 0.8125, 0.3125, 0.375, 1.0, 0.8125, 0.3125, 0.625, 0.9375]
[TRAIN]: (120/1600): reward: -9.784806355834007, rates: 4.215193731695018, loss: 1.7060744524002076, rho: 0.4000000000000001, transmit_actions: 9, P: [0.125, 0.0, 0.1875, 0.25, 0.3125, 0.625, 0.125, 0.4375, 0.5, 0.375, 0.5, 0.375, 0.875, 0.3125, 0.3125, 1.0, 0.0625, 0.8125, 1.0, 0.625]
[TRAIN]: (121/1600): reward: -7.938314735889435, rates: 5.061685474148285, loss: 1.7228108137845992, rho: 0.4000000000000001, transmit_actions: 9, P: [0.3125, 0.875, 0.5, 0.0, 0.3125, 0.5, 0.0625, 0.8125, 0.625, 0.9375, 0.25, 0.5, 0.125, 0.875, 0.8125, 0.875, 0.375, 0.25, 0.125, 0.875]
[TRAIN]: (122/1600): reward: 1.0113861560821533, rates: 15.011386426862916, loss: 1.7438744872808456, rho: 0.4000000000000001, transmit_actions: 12, P: [0.3125, 0.9375, 0.0, 0.25, 0.3125, 0.0, 0.625, 0.375, 0.6875, 1.0, 0.0625, 0.3125, 0.0625, 0.8125, 0.375, 0.3125, 0.625, 0.125, 0.875, 1.0]
[TRAIN]: (123/1600): reward: -1.7046778798103333, rates: 10.295322158995088, loss: 1.6718718320131303, rho: 0.4000000000000001, transmit_actions: 8, P: [0.3125, 0.25, 0.3125, 0.625, 1.0, 0.6875, 0.9375, 0.3125, 0.125, 0.0, 0.8125, 0.375, 0.875, 0.1875, 0.375, 0.5625, 0.0625, 1.0, 0.625, 0.8125]
[TRAIN]: (124/1600): reward: -5.104895129799843, rates: 9.895104990297838, loss: 1.684503510594368, rho: 0.4000000000000001, transmit_actions: 12, P: [0.5, 0.6875, 0.625, 0.25, 0.0, 0.4375, 0.0625, 0.875, 0.1875, 0.125, 0.6875, 0.1875, 0.5, 0.625, 0.375, 0.125, 0.0, 0.3125, 0.6875, 1.0]
[TRAIN]: (125/1600): reward: -12.645637527108192, rates: 1.3543624605130986, loss: 1.8188224256038665, rho: 0.4000000000000001, transmit_actions: 13, P: [0.75, 0.0625, 0.1875, 0.25, 0.625, 0.625, 0.625, 0.9375, 0.1875, 0.0625, 0.0, 0.8125, 0.75, 0.8125, 0.5625, 0.1875, 0.5, 0.6875, 0.9375, 0.5]
[TRAIN]: (126/1600): reward: 0.32272863388061523, rates: 10.322728538866212, loss: 1.6201731473207475, rho: 0.4000000000000001, transmit_actions: 7, P: [0.0, 1.0, 0.9375, 0.125, 0.4375, 0.5, 0.5625, 0.8125, 0.125, 1.0, 0.0, 0.0625, 0.375, 1.0, 0.625, 0.9375, 0.4375, 0.875, 0.8125, 0.25]
[TRAIN]: (127/1600): reward: 0.9013667106628418, rates: 13.901366805869529, loss: 1.6404045790433883, rho: 0.4000000000000001, transmit_actions: 11, P: [0.5, 0.3125, 0.25, 0.0, 0.875, 0.5625, 0.875, 0.5, 0.8125, 0.6875, 0.25, 0.9375, 0.0625, 0.25, 0.0, 0.4375, 0.5625, 0.0625, 0.1875, 0.9375]
[TRAIN]: (128/1600): reward: -15.529007196426392, rates: 0.47099281059262105, loss: 1.8195633381605147, rho: 0.4000000000000001, transmit_actions: 6, P: [0.5, 0.125, 0.625, 0.1875, 0.8125, 0.125, 0.1875, 0.0625, 0.0, 1.0, 0.25, 0.25, 0.75, 0.625, 0.5, 0.0, 1.0, 0.5625, 1.0, 0.1875]
[TRAIN]: (129/1600): reward: -2.812506541609764, rates: 11.187493579689043, loss: 1.6218022674322128, rho: 0.4000000000000001, transmit_actions: 9, P: [0.0, 0.3125, 0.0625, 0.25, 0.3125, 0.125, 0.0, 0.6875, 0.0, 0.125, 0.5, 0.625, 0.875, 0.5625, 0.5625, 0.1875, 0.375, 0.6875, 0.0, 0.3125]
[TRAIN]: (130/1600): reward: -11.709689557552338, rates: 3.2903105019855468, loss: 1.7900069653987885, rho: 0.4000000000000001, transmit_actions: 10, P: [0.1875, 0.75, 0.5, 0.125, 0.1875, 0.8125, 0.0625, 0.4375, 0.1875, 0.375, 0.4375, 1.0, 0.5, 0.75, 0.875, 0.625, 0.1875, 0.375, 0.5625, 0.4375]
[TRAIN]: (131/1600): reward: -11.300515376031399, rates: 3.6994845556785085, loss: 1.518208983540535, rho: 0.4000000000000001, transmit_actions: 10, P: [1.0, 0.3125, 0.125, 0.8125, 0.75, 0.0625, 0.0625, 0.375, 0.375, 0.9375, 1.0, 1.0, 0.375, 0.3125, 0.0, 0.0625, 0.75, 0.5, 0.4375, 0.375]
[TRAIN]: (132/1600): reward: -0.0982256531715393, rates: 13.901774115541077, loss: 1.6755643010139465, rho: 0.4000000000000001, transmit_actions: 10, P: [0.0625, 0.8125, 1.0, 0.375, 0.0625, 0.6875, 0.0625, 0.375, 0.3125, 0.5, 0.0625, 0.875, 0.4375, 0.625, 0.1875, 0.125, 0.8125, 0.375, 0.5625, 0.875]
[TRAIN]: (133/1600): reward: -7.136715412139893, rates: 10.863284429967605, loss: 1.652153143286705, rho: 0.4000000000000001, transmit_actions: 10, P: [0.25, 0.375, 0.0, 1.0, 0.625, 0.25, 1.0, 0.5625, 0.3125, 0.8125, 0.4375, 0.375, 0.5625, 0.5625, 0.1875, 0.1875, 0.375, 0.25, 0.125, 0.25]
[TRAIN]: (134/1600): reward: -18.323963403701782, rates: 0.6760365967590111, loss: 1.5979098975658417, rho: 0.4000000000000001, transmit_actions: 12, P: [0.875, 0.8125, 0.625, 0.0625, 0.8125, 0.625, 0.75, 0.375, 0.375, 0.3125, 0.5, 0.8125, 0.1875, 0.625, 0.8125, 0.1875, 0.9375, 0.4375, 0.4375, 0.875]
[TRAIN]: (135/1600): reward: -6.593667507171631, rates: 10.406332478603353, loss: 1.8793042123317718, rho: 0.4000000000000001, transmit_actions: 9, P: [0.5625, 0.25, 0.25, 0.3125, 0.875, 0.75, 0.3125, 0.5, 0.6875, 0.375, 0.0625, 0.6875, 0.625, 0.6875, 0.375, 0.1875, 0.1875, 0.75, 0.8125, 0.5]
[TRAIN]: (136/1600): reward: -9.719473481178284, rates: 6.280526565827544, loss: 1.503523862361908, rho: 0.4000000000000001, transmit_actions: 9, P: [0.75, 0.6875, 0.1875, 0.5625, 0.125, 0.4375, 0.125, 0.5625, 0.8125, 0.6875, 0.25, 0.125, 0.6875, 0.1875, 0.0625, 0.625, 0.0625, 0.9375, 0.3125, 0.375]
[TRAIN]: (137/1600): reward: -16.0, rates: 0.0, loss: 1.5649519354104995, rho: 0.4000000000000001, transmit_actions: 11, P: [0.375, 0.5, 0.5, 1.0, 0.5, 0.4375, 0.0, 0.6875, 1.0, 0.375, 0.75, 0.5625, 0.875, 0.25, 0.0, 0.3125, 0.375, 1.0, 0.5, 0.6875]
[TRAIN]: (138/1600): reward: -7.69739156961441, rates: 6.302608506089751, loss: 1.7806315273046494, rho: 0.4000000000000001, transmit_actions: 7, P: [0.375, 0.3125, 0.4375, 0.25, 0.0, 0.4375, 0.1875, 0.0, 0.75, 0.1875, 0.75, 0.6875, 0.8125, 0.8125, 0.375, 0.625, 0.6875, 0.625, 0.25, 0.75]
[TRAIN]: (139/1600): reward: -7.059180736541748, rates: 9.940819674999961, loss: 1.7163902759552, rho: 0.4000000000000001, transmit_actions: 11, P: [0.125, 1.0, 0.4375, 0.5, 0.25, 0.5625, 0.5, 0.75, 0.4375, 0.25, 0.5, 0.375, 0.1875, 0.875, 0.375, 0.3125, 0.125, 1.0, 0.625, 0.1875]
[TRAIN]: (140/1600): reward: -13.333200842142105, rates: 2.6667991167331504, loss: 1.7847301959991455, rho: 0.4000000000000001, transmit_actions: 6, P: [0.5, 0.125, 0.125, 0.5, 0.5, 0.0625, 0.5, 0.0, 0.75, 0.5625, 0.5, 0.375, 0.4375, 0.25, 0.5, 0.875, 0.625, 0.75, 0.375, 0.5625]
[TRAIN]: (141/1600): reward: -14.07765594869852, rates: 0.9223440245897802, loss: 1.7522305220365524, rho: 0.4000000000000001, transmit_actions: 12, P: [0.125, 0.9375, 0.25, 0.25, 0.25, 0.75, 0.1875, 1.0, 0.4375, 0.1875, 0.875, 0.375, 0.625, 0.6875, 0.875, 0.1875, 0.8125, 0.3125, 0.375, 0.1875]
[TRAIN]: (142/1600): reward: -9.775328569114208, rates: 4.2246713272649, loss: 1.4093123197555542, rho: 0.4000000000000001, transmit_actions: 12, P: [0.0625, 0.625, 0.5, 0.375, 1.0, 0.0625, 0.1875, 0.0625, 0.1875, 0.5, 0.875, 0.625, 0.5625, 0.9375, 0.5, 1.0, 0.0625, 0.0, 1.0, 0.25]
[TRAIN]: (143/1600): reward: -10.837084293365479, rates: 4.162915726667494, loss: 1.8710474014282226, rho: 0.4000000000000001, transmit_actions: 8, P: [0.9375, 0.75, 1.0, 0.8125, 0.625, 0.875, 0.8125, 0.6875, 0.375, 0.6875, 0.5625, 0.125, 0.0625, 0.75, 0.625, 0.4375, 0.8125, 0.25, 0.8125, 0.9375]
[TRAIN]: (144/1600): reward: -16.217972338199615, rates: 0.7820276722480142, loss: 1.7962872207164764, rho: 0.4000000000000001, transmit_actions: 6, P: [0.75, 0.6875, 0.0, 0.125, 0.75, 0.5625, 0.125, 0.0625, 0.6875, 0.375, 0.9375, 0.1875, 0.75, 0.5, 0.6875, 0.0625, 0.75, 0.4375, 0.6875, 0.8125]
[TRAIN]: (145/1600): reward: 5.262496046721935, rates: 16.262496129346797, loss: 1.5856990933418273, rho: 0.4000000000000001, transmit_actions: 11, P: [0.0625, 0.9375, 0.6875, 0.125, 0.0625, 0.8125, 0.0, 0.25, 0.75, 0.625, 0.3125, 0.9375, 0.6875, 0.5, 0.4375, 0.125, 0.875, 0.9375, 0.6875, 0.25]
[TRAIN]: (146/1600): reward: 1.7916388511657715, rates: 15.791638442909214, loss: 1.6453671887516976, rho: 0.4000000000000001, transmit_actions: 12, P: [0.25, 0.4375, 0.6875, 0.0625, 0.0, 0.9375, 0.0, 0.8125, 0.75, 0.625, 1.0, 0.1875, 0.3125, 0.3125, 0.6875, 0.0, 0.4375, 0.6875, 0.8125, 0.0]
[TRAIN]: (147/1600): reward: -14.703875660896301, rates: 0.2961243366527373, loss: 1.6686883956193923, rho: 0.4000000000000001, transmit_actions: 8, P: [0.4375, 0.1875, 0.625, 0.1875, 0.4375, 0.625, 0.6875, 0.125, 0.8125, 0.9375, 0.5625, 0.375, 0.75, 0.75, 0.75, 0.625, 0.9375, 0.5625, 0.25, 0.875]
[TRAIN]: (148/1600): reward: 5.385310783982277, rates: 18.385311015877264, loss: 1.737160676717758, rho: 0.4000000000000001, transmit_actions: 14, P: [0.5, 1.0, 0.4375, 0.4375, 0.875, 0.4375, 0.4375, 0.125, 0.4375, 1.0, 0.4375, 0.375, 0.3125, 0.6875, 0.5625, 0.5, 0.1875, 0.75, 0.75, 0.75]
[TRAIN]: (149/1600): reward: 0.6269067972898483, rates: 12.626906922978382, loss: 1.8040350824594498, rho: 0.4000000000000001, transmit_actions: 11, P: [0.75, 0.125, 0.8125, 0.25, 0.1875, 0.0, 0.25, 0.625, 0.0625, 0.9375, 0.9375, 0.8125, 0.0625, 0.1875, 0.625, 0.4375, 0.25, 0.375, 0.375, 0.5625]
[TRAIN]: (150/1600): reward: -2.6598689258098602, rates: 11.340131244885528, loss: 1.8076568961143493, rho: 0.4000000000000001, transmit_actions: 14, P: [0.3125, 0.3125, 0.375, 0.6875, 0.3125, 0.5, 0.875, 0.5, 1.0, 0.5625, 0.25, 0.625, 0.4375, 0.3125, 0.9375, 0.375, 0.875, 0.0625, 0.5625, 0.625]
[TRAIN]: (151/1600): reward: -15.52176707983017, rates: 0.47823292213888313, loss: 1.7604401588439942, rho: 0.4000000000000001, transmit_actions: 14, P: [0.8125, 0.6875, 0.375, 0.3125, 0.0625, 0.8125, 0.125, 0.3125, 0.375, 0.4375, 0.375, 1.0, 0.375, 0.75, 0.4375, 0.6875, 0.875, 0.375, 0.1875, 0.9375]
[TRAIN]: (152/1600): reward: -0.6593790054321289, rates: 11.34062066603186, loss: 1.649612584710121, rho: 0.4000000000000001, transmit_actions: 11, P: [0.3125, 0.75, 0.4375, 0.0, 0.5625, 0.0625, 0.4375, 0.75, 0.125, 1.0, 0.1875, 0.5625, 0.75, 0.375, 0.5625, 0.5625, 0.625, 0.8125, 0.375, 1.0]
[TRAIN]: (153/1600): reward: -11.695579558610916, rates: 1.3044204567094138, loss: 1.6311194568872451, rho: 0.4000000000000001, transmit_actions: 8, P: [0.625, 0.25, 0.625, 0.375, 0.1875, 0.125, 0.4375, 0.5, 0.9375, 0.0625, 0.875, 0.625, 0.75, 0.4375, 0.125, 0.125, 0.25, 0.5625, 0.125, 0.8125]
[TRAIN]: (154/1600): reward: -6.573288440704346, rates: 9.426711570855392, loss: 1.69896499812603, rho: 0.4000000000000001, transmit_actions: 10, P: [0.5625, 0.875, 0.75, 0.375, 0.9375, 0.0, 0.5, 0.0625, 0.75, 0.3125, 0.4375, 0.0625, 0.125, 0.1875, 0.3125, 0.25, 0.9375, 0.6875, 0.0625, 0.6875]
[TRAIN]: (155/1600): reward: -17.0, rates: 0, loss: 1.425163319706917, rho: 0.4000000000000001, transmit_actions: 6, P: [0.9375, 0.0, 0.5, 0.625, 0.1875, 0.5, 0.4375, 0.25, 0.5625, 0.625, 0.75, 0.0625, 0.75, 0.0, 0.125, 0.9375, 0.6875, 0.125, 0.5625, 0.3125]
[TRAIN]: (156/1600): reward: -4.285611152648926, rates: 10.714388655738421, loss: 2.007740318775177, rho: 0.4000000000000001, transmit_actions: 13, P: [0.375, 0.5, 0.4375, 0.875, 0.9375, 0.8125, 1.0, 0.4375, 0.8125, 0.3125, 0.6875, 0.75, 0.4375, 0.25, 0.875, 0.625, 0.0625, 0.5, 0.875, 0.25]
[TRAIN]: (157/1600): reward: -12.361940324306488, rates: 3.638059685998317, loss: 1.7694721072912216, rho: 0.4000000000000001, transmit_actions: 13, P: [0.875, 0.625, 0.75, 0.5, 0.625, 0.6875, 0.625, 0.0625, 0.6875, 0.6875, 1.0, 1.0, 0.0625, 0.5625, 0.625, 0.75, 0.25, 0.6875, 0.3125, 0.0625]
[TRAIN]: (158/1600): reward: -2.0414414405822754, rates: 9.958558743806375, loss: 1.639350563287735, rho: 0.4000000000000001, transmit_actions: 8, P: [0.3125, 0.875, 0.8125, 0.6875, 0.25, 0.9375, 0.8125, 0.4375, 0.4375, 1.0, 0.25, 0.3125, 0.5625, 0.875, 0.3125, 0.9375, 0.25, 0.9375, 0.125, 0.1875]
[TRAIN]: (159/1600): reward: -13.078888982534409, rates: 0.9211110089780307, loss: 2.075465273857117, rho: 0.4000000000000001, transmit_actions: 8, P: [0.5625, 0.25, 0.75, 0.0, 0.125, 0.625, 0.3125, 0.625, 0.6875, 0.0, 0.9375, 0.4375, 0.8125, 0.75, 0.6875, 0.5625, 0.75, 0.25, 0.25, 0.875]
[TRAIN]: (160/1600): reward: -9.262701988220215, rates: 4.73729801255641, loss: 1.7649434119462968, rho: 0.4000000000000001, transmit_actions: 7, P: [0.8125, 0.375, 0.75, 0.9375, 0.875, 0.6875, 1.0, 0.3125, 0.25, 0.375, 0.875, 0.75, 0.625, 0.625, 0.3125, 0.125, 0.5, 0.625, 0.3125, 0.9375]
[TRAIN]: (161/1600): reward: -9.782224655151367, rates: 4.217775476672021, loss: 1.9083817034959794, rho: 0.4000000000000001, transmit_actions: 9, P: [0.375, 0.1875, 0.5625, 1.0, 0.8125, 0.6875, 0.0625, 0.8125, 0.5, 0.3125, 1.0, 0.5, 0.625, 0.1875, 0.5625, 0.1875, 0.625, 0.9375, 0.75, 0.0]
[TRAIN]: (162/1600): reward: -4.14422082901001, rates: 9.855779034003596, loss: 1.916489404439926, rho: 0.4000000000000001, transmit_actions: 8, P: [0.875, 0.1875, 0.75, 0.9375, 0.8125, 0.625, 0.0, 0.25, 0.0625, 0.4375, 0.125, 0.0625, 0.875, 0.0625, 0.75, 0.6875, 0.8125, 0.9375, 0.3125, 0.1875]
[TRAIN]: (163/1600): reward: -14.518216967582703, rates: 0.4817830461135142, loss: 1.848567619919777, rho: 0.4000000000000001, transmit_actions: 10, P: [0.5625, 0.5, 0.9375, 0.6875, 0.0625, 0.375, 0.625, 0.0, 0.9375, 0.4375, 0.8125, 0.0, 0.4375, 0.4375, 0.875, 0.6875, 0.0, 0.125, 0.4375, 0.5625]
[TRAIN]: (164/1600): reward: 2.815807342529297, rates: 14.815807249282027, loss: 1.6304257929325103, rho: 0.4000000000000001, transmit_actions: 11, P: [0.8125, 0.125, 0.9375, 0.8125, 0.6875, 0.0, 0.25, 0.4375, 0.125, 0.0, 0.4375, 0.125, 0.5625, 0.125, 0.875, 0.4375, 0.125, 0.8125, 0.875, 0.625]
[TRAIN]: (165/1600): reward: -4.20860743522644, rates: 10.791392532339577, loss: 1.8088672667741776, rho: 0.4000000000000001, transmit_actions: 12, P: [0.3125, 0.4375, 0.1875, 0.25, 0.5625, 0.8125, 0.875, 0.3125, 0.875, 0.125, 0.0625, 0.75, 0.25, 0.125, 0.125, 0.8125, 0.375, 0.5, 0.1875, 0.625]
[TRAIN]: (166/1600): reward: -13.894403547048569, rates: 1.1055964614310672, loss: 1.6839020669460296, rho: 0.4000000000000001, transmit_actions: 12, P: [0.8125, 0.5625, 0.75, 0.125, 0.25, 0.75, 0.8125, 0.875, 0.4375, 0.875, 0.125, 0.5625, 0.375, 0.5, 0.75, 0.5, 0.6875, 1.0, 0.75, 0.75]
[TRAIN]: (167/1600): reward: -1.827056646347046, rates: 13.172943550727256, loss: 1.6127622812986373, rho: 0.4000000000000001, transmit_actions: 11, P: [0.5, 0.1875, 0.5625, 0.875, 0.75, 0.6875, 0.75, 0.3125, 0.625, 0.8125, 0.0625, 0.25, 0.1875, 0.1875, 0.6875, 0.5, 0.5625, 0.0625, 0.75, 1.0]
[TRAIN]: (168/1600): reward: -7.767483711242676, rates: 4.232516401137834, loss: 1.7641338765621186, rho: 0.4000000000000001, transmit_actions: 11, P: [0.0625, 0.9375, 0.75, 0.4375, 1.0, 0.25, 1.0, 0.375, 0.75, 0.875, 0.5, 0.0, 1.0, 0.0, 0.1875, 0.0, 0.3125, 0.0625, 0.75, 0.125]
[TRAIN]: (169/1600): reward: -3.8232688903808594, rates: 9.176730853544715, loss: 1.501207748055458, rho: 0.4000000000000001, transmit_actions: 15, P: [0.5, 0.9375, 0.8125, 0.6875, 0.9375, 0.3125, 0.25, 0.1875, 0.8125, 0.9375, 0.875, 0.0, 0.125, 1.0, 0.75, 0.9375, 0.875, 0.8125, 0.125, 0.875]
[TRAIN]: (170/1600): reward: -4.639964610338211, rates: 7.3600354621842, loss: 1.6809862494468688, rho: 0.4000000000000001, transmit_actions: 10, P: [0.3125, 0.1875, 1.0, 0.0, 0.1875, 1.0, 0.3125, 0.75, 0.4375, 0.375, 0.5625, 0.1875, 0.0, 0.0625, 0.9375, 0.4375, 0.625, 0.8125, 0.5625, 0.0]
[TRAIN]: (171/1600): reward: -12.340075492858887, rates: 0.6599245117039961, loss: 1.6059642240405083, rho: 0.4000000000000001, transmit_actions: 10, P: [0.3125, 0.4375, 0.0, 0.9375, 0.5625, 0.3125, 0.625, 0.5625, 0.75, 0.0625, 0.0, 0.4375, 0.9375, 0.375, 0.25, 0.875, 0.8125, 0.75, 0.4375, 0.5]
[TRAIN]: (172/1600): reward: -10.197401523590088, rates: 4.802598463316264, loss: 1.751398316025734, rho: 0.4000000000000001, transmit_actions: 9, P: [0.4375, 0.9375, 0.25, 0.625, 0.0, 0.625, 0.9375, 0.25, 0.9375, 0.875, 0.3125, 1.0, 0.5, 0.5, 0.8125, 0.8125, 0.25, 0.0, 0.625, 0.25]
[TRAIN]: (173/1600): reward: -13.687844514846802, rates: 2.3121553944702073, loss: 1.7894200205802917, rho: 0.4000000000000001, transmit_actions: 8, P: [0.625, 0.875, 0.75, 0.125, 0.1875, 0.9375, 0.375, 0.375, 0.1875, 0.8125, 0.0, 0.125, 0.75, 0.625, 0.6875, 0.8125, 0.5625, 0.6875, 1.0, 0.8125]
[TRAIN]: (174/1600): reward: -15.18921310827136, rates: 0.8107869067854645, loss: 1.5562820136547089, rho: 0.4000000000000001, transmit_actions: 12, P: [0.875, 0.25, 0.125, 0.0, 0.375, 0.5, 0.5625, 0.125, 0.75, 0.0625, 0.6875, 0.9375, 0.625, 0.25, 0.625, 0.3125, 1.0, 0.625, 0.375, 0.75]
[TRAIN]: (175/1600): reward: -4.715479578822851, rates: 9.284520527331633, loss: 1.8254158794879913, rho: 0.4000000000000001, transmit_actions: 11, P: [0.25, 0.8125, 0.625, 0.1875, 0.4375, 0.625, 0.125, 0.5, 0.8125, 0.875, 0.75, 0.4375, 0.6875, 0.4375, 0.1875, 0.8125, 0.375, 0.3125, 0.125, 0.9375]
[TRAIN]: (176/1600): reward: 3.5596690475940704, rates: 13.559669078318791, loss: 1.5730397880077363, rho: 0.4000000000000001, transmit_actions: 9, P: [0.5625, 0.1875, 0.25, 0.4375, 0.5625, 0.75, 0.6875, 1.0, 0.25, 0.75, 1.0, 0.125, 0.4375, 0.125, 0.4375, 0.9375, 0.625, 0.625, 0.5625, 0.4375]
[TRAIN]: (177/1600): reward: -7.843341112136841, rates: 7.156659031820759, loss: 1.555476927757263, rho: 0.4000000000000001, transmit_actions: 12, P: [0.875, 0.375, 0.5, 0.75, 0.5625, 1.0, 1.0, 0.125, 1.0, 0.625, 0.75, 0.875, 0.875, 0.125, 0.8125, 0.375, 0.0, 0.375, 0.0625, 0.8125]
[TRAIN]: (178/1600): reward: -8.311886474490166, rates: 6.688113396765868, loss: 1.6951771914958953, rho: 0.4000000000000001, transmit_actions: 11, P: [0.9375, 0.375, 0.375, 0.375, 0.5625, 0.375, 0.125, 0.75, 0.625, 0.875, 0.875, 0.5, 0.5625, 0.6875, 0.8125, 0.5, 0.4375, 0.3125, 1.0, 0.0625]
[TRAIN]: (179/1600): reward: -9.599538803100586, rates: 5.400461418086443, loss: 2.050397700071335, rho: 0.4000000000000001, transmit_actions: 9, P: [0.9375, 0.9375, 0.8125, 0.9375, 0.875, 0.5, 0.875, 0.4375, 0.3125, 0.875, 0.25, 0.125, 0.125, 0.25, 0.3125, 0.375, 0.0625, 0.375, 0.6875, 0.4375]
[TRAIN]: (180/1600): reward: -9.197555810213089, rates: 5.802444090045665, loss: 2.099772149324417, rho: 0.4000000000000001, transmit_actions: 8, P: [0.6875, 0.125, 0.25, 0.875, 0.3125, 0.25, 0.3125, 0.625, 0.0625, 0.0, 0.4375, 0.75, 0.8125, 0.375, 0.6875, 0.25, 0.75, 0.25, 0.8125, 0.125]
[TRAIN]: (181/1600): reward: -5.63748836517334, rates: 9.362511516165764, loss: 1.6370943456888198, rho: 0.4000000000000001, transmit_actions: 13, P: [0.375, 0.6875, 0.1875, 0.625, 0.75, 0.4375, 0.75, 0.6875, 0.4375, 1.0, 0.8125, 0.875, 0.0, 0.0, 0.4375, 0.125, 0.0625, 0.0, 0.75, 0.6875]
[TRAIN]: (182/1600): reward: -8.430965065956116, rates: 5.569035034150948, loss: 1.512931041419506, rho: 0.4000000000000001, transmit_actions: 11, P: [0.8125, 0.8125, 0.6875, 0.4375, 0.875, 1.0, 0.75, 0.875, 1.0, 0.5625, 0.3125, 0.625, 0.0625, 0.875, 0.625, 0.3125, 0.6875, 0.125, 0.6875, 0.875]
[TRAIN]: (183/1600): reward: -15.708752185106277, rates: 0.2912478004070376, loss: 1.6958865880966187, rho: 0.4000000000000001, transmit_actions: 7, P: [0.625, 0.0, 0.625, 0.6875, 0.625, 0.25, 0.5625, 0.0, 0.1875, 0.0625, 0.8125, 0.0, 1.0, 1.0, 0.25, 0.0, 0.75, 0.3125, 0.625, 0.25]
[TRAIN]: (184/1600): reward: -6.265082836151123, rates: 8.734917366409563, loss: 1.548182761669159, rho: 0.4000000000000001, transmit_actions: 11, P: [0.0625, 0.625, 0.9375, 0.6875, 0.0, 0.1875, 0.5625, 0.6875, 0.9375, 0.8125, 0.875, 0.9375, 0.75, 1.0, 0.25, 0.4375, 0.25, 0.375, 0.0625, 0.5625]
[TRAIN]: (185/1600): reward: -0.4750266894698143, rates: 13.524973021991524, loss: 1.5395404756069184, rho: 0.4000000000000001, transmit_actions: 10, P: [0.4375, 0.25, 0.0, 0.375, 0.6875, 0.75, 0.0625, 0.375, 0.0625, 0.6875, 0.25, 0.25, 0.625, 0.8125, 0.125, 1.0, 0.875, 0.125, 0.3125, 0.0]
[TRAIN]: (186/1600): reward: 4.62604233622551, rates: 14.626042703699763, loss: 1.8747238516807556, rho: 0.4000000000000001, transmit_actions: 11, P: [0.9375, 0.0, 0.625, 0.25, 0.75, 0.5625, 0.9375, 0.8125, 0.3125, 0.75, 1.0, 0.5625, 0.125, 1.0, 1.0, 0.8125, 0.25, 0.125, 1.0, 0.0625]
[TRAIN]: (187/1600): reward: -2.736582577228546, rates: 10.263417491986447, loss: 1.5311346530914307, rho: 0.4000000000000001, transmit_actions: 10, P: [0.3125, 0.5, 0.125, 0.6875, 0.375, 0.3125, 0.875, 0.625, 0.25, 0.875, 0.4375, 0.5625, 0.375, 0.9375, 0.25, 0.8125, 0.875, 0.1875, 0.6875, 0.75]
[TRAIN]: (188/1600): reward: 1.0309014916419983, rates: 13.030901183121625, loss: 1.8900784850120544, rho: 0.4000000000000001, transmit_actions: 11, P: [0.25, 0.9375, 0.125, 0.9375, 0.3125, 0.1875, 0.25, 0.8125, 0.875, 0.3125, 0.3125, 1.0, 0.6875, 0.3125, 0.5, 0.5, 0.8125, 0.5625, 1.0, 0.3125]
[TRAIN]: (189/1600): reward: -12.23292762041092, rates: 0.7670723744549043, loss: 1.467816811800003, rho: 0.4000000000000001, transmit_actions: 10, P: [0.375, 0.5625, 1.0, 0.9375, 0.1875, 0.25, 0.0, 0.8125, 0.5, 0.3125, 0.5625, 0.0, 0.4375, 0.375, 0.9375, 0.625, 0.875, 0.375, 0.5625, 0.625]
[TRAIN]: (190/1600): reward: 3.808484971523285, rates: 15.808484907042002, loss: 1.9183285176753997, rho: 0.4000000000000001, transmit_actions: 9, P: [0.4375, 0.375, 1.0, 0.8125, 0.5, 0.5625, 0.75, 0.4375, 0.4375, 0.125, 1.0, 0.3125, 0.9375, 0.5, 0.4375, 0.125, 0.4375, 0.6875, 0.6875, 1.0]
[TRAIN]: (191/1600): reward: -6.861064910888672, rates: 5.1389352995838555, loss: 1.4599235445261, rho: 0.4000000000000001, transmit_actions: 11, P: [0.4375, 0.9375, 0.5, 0.8125, 0.6875, 0.8125, 1.0, 0.5, 0.625, 0.375, 1.0, 0.6875, 0.375, 0.625, 0.625, 0.3125, 0.0, 0.4375, 0.6875, 0.4375]
[TRAIN]: (192/1600): reward: -1.8522542715072632, rates: 12.147745698633017, loss: 1.8088144272565843, rho: 0.4000000000000001, transmit_actions: 11, P: [0.875, 0.0, 0.0625, 0.4375, 0.0625, 0.375, 0.25, 0.5, 0.125, 0.1875, 0.375, 0.3125, 0.9375, 0.5625, 0.0625, 0.3125, 0.1875, 0.625, 0.4375, 0.0625]
[TRAIN]: (193/1600): reward: -9.149884350597858, rates: 2.8501156545748683, loss: 1.9100013732910157, rho: 0.4000000000000001, transmit_actions: 11, P: [0.6875, 0.0625, 0.875, 0.75, 0.0, 0.4375, 0.8125, 0.0, 1.0, 1.0, 0.625, 0.8125, 0.4375, 0.0625, 0.875, 0.8125, 0.9375, 0.0625, 0.0, 1.0]
[TRAIN]: (194/1600): reward: -7.608105570077896, rates: 6.391894325003384, loss: 1.4569058030843736, rho: 0.4000000000000001, transmit_actions: 9, P: [0.9375, 0.75, 0.3125, 0.6875, 0.375, 0.1875, 1.0, 0.75, 0.6875, 0.3125, 0.0625, 0.5625, 0.8125, 0.5625, 0.75, 0.6875, 1.0, 0.75, 0.375, 0.6875]
[TRAIN]: (195/1600): reward: -13.0, rates: 0.0, loss: 1.4417658865451812, rho: 0.4000000000000001, transmit_actions: 6, P: [0.5625, 0.75, 0.75, 0.9375, 0.4375, 0.4375, 0.8125, 0.0, 0.5, 0.375, 0.75, 0.875, 0.125, 0.5, 0.25, 0.0625, 0.75, 1.0, 0.75, 0.875]
[TRAIN]: (196/1600): reward: 6.576360523700714, rates: 16.576360322268098, loss: 1.7140247479081154, rho: 0.4000000000000001, transmit_actions: 14, P: [0.4375, 0.4375, 0.0, 0.875, 0.125, 0.25, 0.1875, 1.0, 0.5, 0.875, 0.6875, 0.3125, 0.125, 0.0, 0.6875, 0.9375, 0.9375, 0.125, 0.3125, 0.0]
[TRAIN]: (197/1600): reward: -6.140345096588135, rates: 8.859654688221147, loss: 1.5744889736175538, rho: 0.4000000000000001, transmit_actions: 5, P: [0.9375, 0.125, 0.8125, 0.625, 0.9375, 0.125, 0.875, 0.6875, 0.4375, 0.1875, 0.125, 0.8125, 0.0625, 1.0, 0.4375, 0.9375, 0.0625, 0.25, 0.1875, 0.4375]
[TRAIN]: (198/1600): reward: 5.334840789437294, rates: 16.33484047199185, loss: 1.5469717115163804, rho: 0.4000000000000001, transmit_actions: 15, P: [0.8125, 0.25, 0.8125, 0.9375, 0.0625, 0.0625, 0.125, 0.0625, 0.5, 1.0, 0.5625, 0.0625, 0.5625, 0.8125, 0.1875, 0.3125, 0.1875, 0.1875, 0.875, 0.0]
[TRAIN]: (199/1600): reward: 15.502190787345171, rates: 22.50219107128224, loss: 1.6588366091251374, rho: 0.4000000000000001, transmit_actions: 11, P: [1.0, 0.75, 0.25, 0.0, 0.5, 1.0, 0.0625, 0.1875, 0.8125, 0.0, 1.0, 0.8125, 0.875, 0.3125, 0.1875, 0.25, 1.0, 0.25, 0.125, 0.0625]
[TRAIN]: (200/1600): reward: -4.257216341793537, rates: 8.742783336358789, loss: 1.484917366504669, rho: 0.4000000000000001, transmit_actions: 13, P: [0.9375, 0.0, 1.0, 0.9375, 0.625, 0.6875, 0.875, 0.8125, 0.3125, 0.125, 1.0, 0.25, 0.6875, 0.5, 0.4375, 0.125, 0.8125, 0.125, 0.875, 0.6875]
[TRAIN]: (201/1600): reward: -1.8110364004969597, rates: 11.188963595057622, loss: 1.466114056110382, rho: 0.4000000000000001, transmit_actions: 11, P: [0.125, 0.25, 0.125, 0.5, 0.8125, 0.25, 0.5625, 0.0625, 0.125, 0.9375, 0.5625, 0.25, 0.125, 0.1875, 0.375, 0.0, 0.75, 0.0625, 0.5625, 0.5625]
[TRAIN]: (202/1600): reward: -7.5835509449243546, rates: 5.416449124021775, loss: 1.8137187868356706, rho: 0.4000000000000001, transmit_actions: 8, P: [1.0, 0.125, 0.8125, 0.5, 0.25, 0.1875, 0.9375, 0.75, 0.0625, 0.5, 0.4375, 0.0625, 0.5, 0.6875, 0.8125, 0.625, 0.9375, 1.0, 0.125, 0.125]
[TRAIN]: (203/1600): reward: -2.203880190849304, rates: 10.796119825537179, loss: 1.4625358685851098, rho: 0.4000000000000001, transmit_actions: 9, P: [0.8125, 0.25, 1.0, 0.8125, 0.9375, 0.8125, 0.6875, 0.125, 1.0, 0.4375, 0.125, 0.1875, 0.625, 0.3125, 0.1875, 0.3125, 0.4375, 0.3125, 0.0, 0.75]
[TRAIN]: (204/1600): reward: -3.578803300857544, rates: 10.421196692287566, loss: 1.4416295617818833, rho: 0.4000000000000001, transmit_actions: 14, P: [0.25, 1.0, 0.4375, 0.1875, 0.3125, 0.75, 0.5, 0.75, 0.5625, 0.1875, 0.375, 1.0, 0.75, 0.4375, 0.375, 0.0625, 0.625, 0.8125, 0.125, 0.125]
[TRAIN]: (205/1600): reward: -6.691979244351387, rates: 6.308020574386694, loss: 1.5737219139933587, rho: 0.4000000000000001, transmit_actions: 11, P: [0.5625, 0.0625, 1.0, 0.625, 0.8125, 0.75, 0.0625, 0.4375, 0.8125, 1.0, 0.5, 0.625, 0.875, 0.0, 0.875, 0.4375, 0.1875, 0.625, 0.9375, 0.8125]
[TRAIN]: (206/1600): reward: -13.247684553265572, rates: 0.752315459261951, loss: 1.6140994399785995, rho: 0.4000000000000001, transmit_actions: 12, P: [0.625, 0.125, 0.125, 0.125, 0.875, 0.1875, 0.8125, 0.0, 0.0625, 0.4375, 0.625, 0.875, 0.4375, 0.125, 0.75, 0.3125, 0.9375, 0.5625, 0.75, 1.0]
[TRAIN]: (207/1600): reward: -2.301848358474672, rates: 7.698151800483114, loss: 1.8073613733053207, rho: 0.4000000000000001, transmit_actions: 12, P: [0.0625, 0.375, 0.8125, 0.0625, 0.375, 0.4375, 0.6875, 0.125, 0.6875, 0.0625, 0.4375, 0.0, 0.8125, 0.875, 0.75, 1.0, 0.9375, 0.4375, 0.3125, 0.5625]
[TRAIN]: (208/1600): reward: -17.0, rates: 0, loss: 1.7534893900156021, rho: 0.4000000000000001, transmit_actions: 6, P: [1.0, 0.0625, 0.5625, 0.3125, 0.25, 0.75, 0.75, 0.3125, 0.9375, 0.625, 0.6875, 0.75, 0.875, 0.0625, 0.6875, 0.5, 0.9375, 0.0, 0.6875, 1.0]
[TRAIN]: (209/1600): reward: -10.118635177612305, rates: 4.881364778253929, loss: 1.8522593200206756, rho: 0.4000000000000001, transmit_actions: 8, P: [0.375, 0.875, 0.875, 0.8125, 0.1875, 0.25, 0.6875, 0.375, 0.125, 0.5625, 0.75, 0.875, 0.125, 0.375, 0.25, 0.6875, 0.375, 0.75, 0.8125, 0.875]
[TRAIN]: (210/1600): reward: -9.774829030036926, rates: 5.2251709062675005, loss: 1.3343919664621353, rho: 0.4000000000000001, transmit_actions: 12, P: [0.875, 0.25, 0.0, 0.875, 0.4375, 0.75, 0.0625, 0.9375, 0.6875, 0.875, 0.8125, 0.9375, 0.375, 0.8125, 0.875, 0.1875, 0.0625, 0.3125, 0.8125, 0.5625]
[TRAIN]: (211/1600): reward: -9.045503087341785, rates: 5.954496860787593, loss: 1.5949753671884537, rho: 0.4000000000000001, transmit_actions: 13, P: [0.75, 1.0, 0.1875, 0.6875, 0.5, 0.0625, 0.375, 1.0, 0.375, 0.625, 0.0, 0.1875, 0.0625, 0.5, 0.9375, 0.4375, 0.6875, 0.8125, 0.875, 0.9375]
[TRAIN]: (212/1600): reward: -14.554009884595871, rates: 0.44599012037522584, loss: 1.6058020770549775, rho: 0.4000000000000001, transmit_actions: 11, P: [0.3125, 0.1875, 0.625, 0.125, 0.3125, 1.0, 0.0625, 0.0625, 0.0, 0.4375, 0.1875, 1.0, 0.0, 0.0, 0.75, 0.625, 0.5625, 0.875, 0.8125, 0.625]
[TRAIN]: (213/1600): reward: -2.7007949352264404, rates: 10.299204918845208, loss: 2.0137888163328173, rho: 0.4000000000000001, transmit_actions: 9, P: [0.5, 0.3125, 0.875, 0.3125, 0.4375, 0.875, 1.0, 1.0, 0.875, 0.1875, 0.4375, 0.3125, 0.0625, 0.25, 0.875, 0.0, 0.5625, 0.3125, 0.5, 0.25]
[TRAIN]: (214/1600): reward: -2.713075637817383, rates: 9.286924588858597, loss: 1.9317840188741684, rho: 0.4000000000000001, transmit_actions: 11, P: [0.25, 0.1875, 0.3125, 0.9375, 0.25, 1.0, 0.5, 0.5625, 0.8125, 0.9375, 0.8125, 0.0625, 0.625, 0.5625, 0.9375, 0.5, 0.9375, 0.6875, 0.125, 0.1875]
[TRAIN]: (215/1600): reward: -4.292345941066742, rates: 9.707654086723252, loss: 1.7851693391799928, rho: 0.4000000000000001, transmit_actions: 13, P: [0.625, 0.0, 0.0625, 0.625, 0.6875, 0.8125, 0.25, 0.6875, 0.25, 0.0625, 0.625, 0.8125, 0.0625, 0.1875, 1.0, 0.75, 0.5625, 0.0, 0.4375, 0.0]
[TRAIN]: (216/1600): reward: -9.388045191764832, rates: 5.611955001968726, loss: 1.5379568874835967, rho: 0.4000000000000001, transmit_actions: 12, P: [0.6875, 0.375, 0.75, 0.3125, 0.4375, 0.25, 0.625, 0.6875, 0.8125, 0.75, 0.125, 0.5625, 0.8125, 0.875, 0.375, 0.75, 0.4375, 0.9375, 0.8125, 0.875]
[TRAIN]: (217/1600): reward: -12.877943277359009, rates: 1.122056696268243, loss: 1.690438947081566, rho: 0.4000000000000001, transmit_actions: 9, P: [0.3125, 0.1875, 0.1875, 0.9375, 0.0, 0.6875, 0.875, 0.25, 0.3125, 0.8125, 1.0, 0.8125, 0.3125, 1.0, 0.75, 0.8125, 0.375, 0.625, 0.5625, 0.5]
[TRAIN]: (218/1600): reward: -5.124402046203613, rates: 10.875597827082537, loss: 1.551119190454483, rho: 0.4000000000000001, transmit_actions: 9, P: [0.625, 0.6875, 0.375, 0.5625, 0.8125, 0.0625, 0.9375, 0.125, 0.6875, 0.0625, 0.6875, 0.5625, 0.625, 1.0, 0.3125, 0.0, 0.125, 0.1875, 0.75, 0.9375]
[TRAIN]: (219/1600): reward: -11.085386276245117, rates: 4.91461353283841, loss: 1.8415806204080583, rho: 0.4000000000000001, transmit_actions: 11, P: [0.75, 0.5625, 0.4375, 0.6875, 0.875, 1.0, 0.5, 0.5625, 0.0625, 0.9375, 0.125, 0.625, 0.125, 0.25, 0.25, 0.25, 0.125, 0.6875, 0.625, 0.3125]
[TRAIN]: (220/1600): reward: -11.527078777551651, rates: 1.472921286109108, loss: 1.6851840138435363, rho: 0.4000000000000001, transmit_actions: 11, P: [0.6875, 0.3125, 0.5, 0.1875, 1.0, 0.5, 0.3125, 0.1875, 0.25, 0.25, 0.9375, 0.6875, 0.75, 0.5, 0.9375, 0.4375, 0.375, 0.6875, 0.25, 0.4375]
[TRAIN]: (221/1600): reward: -10.108554750680923, rates: 5.891445142220554, loss: 1.9839449942111969, rho: 0.4000000000000001, transmit_actions: 13, P: [0.0, 0.4375, 0.625, 0.1875, 0.75, 0.9375, 0.375, 0.0, 1.0, 0.125, 0.1875, 0.5, 0.0, 0.1875, 0.75, 0.375, 0.625, 0.8125, 0.4375, 0.375]
[TRAIN]: (222/1600): reward: -4.764324396848679, rates: 9.235675457122191, loss: 1.6054856687784196, rho: 0.4000000000000001, transmit_actions: 11, P: [0.625, 0.4375, 0.0, 0.3125, 0.625, 0.625, 0.125, 0.5, 1.0, 0.5, 0.6875, 0.375, 0.8125, 0.5, 0.9375, 0.8125, 0.0625, 0.625, 0.625, 0.0]
[TRAIN]: (223/1600): reward: -9.706934452056885, rates: 6.293065742080739, loss: 1.7528211027383804, rho: 0.4000000000000001, transmit_actions: 11, P: [0.375, 0.125, 0.875, 1.0, 0.875, 0.5625, 0.0, 0.0, 0.25, 1.0, 0.75, 0.4375, 0.0, 0.25, 0.5, 1.0, 0.3125, 0.25, 0.5625, 0.75]
[TRAIN]: (224/1600): reward: -8.365232825279236, rates: 4.634767024179253, loss: 1.6033735305070878, rho: 0.4000000000000001, transmit_actions: 13, P: [0.5, 0.5625, 0.6875, 0.3125, 0.375, 0.1875, 0.125, 0.1875, 1.0, 0.375, 0.6875, 0.3125, 0.375, 0.9375, 0.625, 0.9375, 0.875, 0.8125, 0.5, 0.3125]
[TRAIN]: (225/1600): reward: -4.937195301055908, rates: 8.06280482634081, loss: 1.1786463171243668, rho: 0.4000000000000001, transmit_actions: 10, P: [0.625, 0.375, 0.3125, 0.5, 0.25, 0.625, 0.1875, 0.5, 0.6875, 0.6875, 0.875, 0.125, 0.0, 0.6875, 0.4375, 0.875, 0.0, 0.3125, 0.8125, 0.1875]
[TRAIN]: (226/1600): reward: -8.092881202697754, rates: 8.907118846452882, loss: 1.762962704896927, rho: 0.4000000000000001, transmit_actions: 9, P: [0.625, 0.8125, 0.6875, 0.125, 0.1875, 0.5, 0.4375, 0.6875, 0.25, 0.6875, 0.3125, 0.8125, 0.3125, 0.5625, 0.375, 0.5, 0.125, 0.875, 0.375, 0.3125]
[TRAIN]: (227/1600): reward: 8.040939390659332, rates: 22.040939302907322, loss: 1.6447081863880157, rho: 0.4000000000000001, transmit_actions: 10, P: [1.0, 0.625, 0.0625, 0.0625, 0.875, 0.25, 0.75, 0.125, 0.0625, 0.125, 0.0625, 0.8125, 0.1875, 0.5625, 0.625, 0.75, 0.375, 0.25, 0.3125, 0.5]
[TRAIN]: (228/1600): reward: -1.0733058750629425, rates: 12.926694352949546, loss: 1.5918588191270828, rho: 0.4000000000000001, transmit_actions: 10, P: [0.75, 0.5, 0.375, 0.25, 0.8125, 0.875, 0.5, 0.4375, 0.4375, 0.5, 0.625, 0.4375, 0.1875, 0.4375, 0.375, 1.0, 0.125, 1.0, 0.25, 0.1875]
[TRAIN]: (229/1600): reward: -9.549385158345103, rates: 5.450614611412572, loss: 1.736643800139427, rho: 0.4000000000000001, transmit_actions: 13, P: [0.125, 0.75, 0.6875, 0.375, 0.6875, 0.375, 0.8125, 0.0625, 1.0, 0.125, 0.3125, 0.75, 0.5625, 0.625, 0.6875, 0.25, 0.4375, 0.0, 0.4375, 0.125]
[TRAIN]: (230/1600): reward: -11.930047571659088, rates: 3.06995236486632, loss: 1.6791308283805848, rho: 0.4000000000000001, transmit_actions: 9, P: [0.8125, 0.125, 0.5625, 0.5625, 0.8125, 0.3125, 0.4375, 0.9375, 0.625, 0.3125, 0.625, 0.0, 0.25, 0.125, 0.375, 0.9375, 1.0, 0.625, 0.25, 0.6875]
[TRAIN]: (231/1600): reward: 0.6045088469982147, rates: 10.604508604980856, loss: 1.7122769057750702, rho: 0.4000000000000001, transmit_actions: 12, P: [0.1875, 0.1875, 0.125, 0.0, 0.875, 0.875, 0.125, 0.125, 0.5625, 0.4375, 0.5, 0.0, 0.875, 0.125, 0.25, 0.25, 0.375, 0.625, 0.375, 0.125]
[TRAIN]: (232/1600): reward: -8.514064520597458, rates: 4.485935299703648, loss: 1.7611384332180022, rho: 0.4000000000000001, transmit_actions: 9, P: [0.375, 0.125, 0.625, 0.1875, 0.0625, 0.75, 0.1875, 0.1875, 0.25, 0.5, 0.125, 0.0, 0.0625, 0.9375, 0.375, 0.0, 0.9375, 0.625, 0.375, 0.75]
[TRAIN]: (233/1600): reward: -8.14542693272233, rates: 4.854573155122465, loss: 1.5105077117681502, rho: 0.4000000000000001, transmit_actions: 9, P: [0.5, 1.0, 0.9375, 0.125, 0.9375, 0.125, 0.4375, 0.125, 0.125, 1.0, 0.125, 0.0625, 0.625, 0.25, 0.3125, 0.5, 0.4375, 1.0, 0.0, 0.125]
[TRAIN]: (234/1600): reward: -4.796137362718582, rates: 11.203862743281178, loss: 1.4941185131669044, rho: 0.4000000000000001, transmit_actions: 8, P: [0.125, 0.5, 0.5, 0.5625, 0.0, 0.75, 0.0, 0.0625, 0.3125, 0.0, 0.1875, 0.8125, 0.8125, 0.375, 0.875, 0.0625, 0.5, 0.5, 0.875, 0.4375]
[TRAIN]: (235/1600): reward: -11.74397985637188, rates: 1.2560201097717605, loss: 1.5325802013278007, rho: 0.4000000000000001, transmit_actions: 6, P: [0.4375, 0.0, 0.375, 0.1875, 0.3125, 0.25, 0.875, 1.0, 0.0, 0.4375, 0.25, 1.0, 0.8125, 0.125, 0.125, 0.875, 0.3125, 1.0, 1.0, 0.875]
[TRAIN]: (236/1600): reward: -8.796614721417427, rates: 3.2033852626381747, loss: 1.6639678061008454, rho: 0.4000000000000001, transmit_actions: 12, P: [0.625, 0.125, 0.375, 0.625, 0.6875, 0.8125, 0.9375, 1.0, 0.6875, 0.875, 0.0, 0.6875, 0.5, 0.0, 0.3125, 0.875, 0.0625, 0.375, 0.4375, 1.0]
[TRAIN]: (237/1600): reward: -5.868240669369698, rates: 6.131759092032504, loss: 1.827833554148674, rho: 0.4000000000000001, transmit_actions: 8, P: [0.4375, 0.9375, 0.9375, 0.8125, 0.125, 1.0, 0.125, 0.875, 0.9375, 0.8125, 0.6875, 0.375, 0.625, 0.625, 0.875, 0.6875, 0.5, 0.5, 0.875, 0.5625]
[TRAIN]: (238/1600): reward: 9.9748215675354, rates: 22.97482164021607, loss: 1.496038794517517, rho: 0.4000000000000001, transmit_actions: 7, P: [0.9375, 0.625, 0.0, 0.875, 0.4375, 0.1875, 0.5625, 0.3125, 0.6875, 0.75, 0.125, 0.375, 0.0625, 0.25, 0.25, 0.125, 0.0625, 0.875, 0.125, 0.4375]
[TRAIN]: (239/1600): reward: -17.0, rates: 0.0, loss: 1.6320390820503234, rho: 0.4000000000000001, transmit_actions: 6, P: [0.9375, 0.5, 0.4375, 0.4375, 0.4375, 0.0, 0.3125, 0.3125, 0.5625, 0.5, 0.1875, 0.0625, 0.5625, 0.875, 0.5625, 0.9375, 0.0, 0.75, 0.25, 0.0]
[TRAIN]: (240/1600): reward: -7.799659766256809, rates: 5.200340266305394, loss: 1.6836693421006204, rho: 0.4000000000000001, transmit_actions: 9, P: [0.5625, 0.25, 0.125, 1.0, 0.75, 0.375, 0.375, 0.6875, 0.5, 0.5625, 0.1875, 0.0, 0.9375, 0.8125, 0.4375, 0.75, 1.0, 0.6875, 0.625, 0.125]
[TRAIN]: (241/1600): reward: -2.7016817927360535, rates: 9.298318188405926, loss: 1.755467128753662, rho: 0.4000000000000001, transmit_actions: 13, P: [0.875, 0.9375, 0.375, 0.8125, 0.0625, 0.6875, 0.875, 0.6875, 0.125, 0.5, 0.0, 0.75, 0.5625, 0.0625, 0.125, 0.1875, 0.875, 0.875, 0.875, 0.8125]
[TRAIN]: (242/1600): reward: -14.258061669766903, rates: 0.7419383139351574, loss: 1.6992956548929214, rho: 0.4000000000000001, transmit_actions: 8, P: [0.1875, 0.5625, 0.5625, 0.25, 0.5, 0.4375, 0.75, 0.8125, 0.125, 0.6875, 0.6875, 0.25, 0.0, 0.3125, 0.25, 0.8125, 0.8125, 0.6875, 0.6875, 1.0]
[TRAIN]: (243/1600): reward: -7.717230498790741, rates: 4.282769624533989, loss: 1.383802655339241, rho: 0.4000000000000001, transmit_actions: 10, P: [0.3125, 0.6875, 0.75, 0.125, 0.0, 1.0, 0.25, 0.625, 0.8125, 0.6875, 0.5625, 0.0625, 0.375, 0.625, 0.75, 0.625, 0.9375, 0.375, 0.25, 0.6875]
[TRAIN]: (244/1600): reward: -10.810392051935196, rates: 5.189607882654544, loss: 1.5349910497665404, rho: 0.4000000000000001, transmit_actions: 8, P: [0.1875, 0.4375, 0.3125, 0.75, 0.0625, 0.5, 0.75, 0.1875, 0.1875, 0.9375, 0.5625, 0.0625, 0.5, 0.625, 0.5, 0.5625, 0.125, 0.0, 1.0, 0.3125]
[TRAIN]: (245/1600): reward: -2.176519088447094, rates: 10.823480852114423, loss: 1.5724734216928482, rho: 0.4000000000000001, transmit_actions: 8, P: [0.75, 0.0625, 0.5, 0.1875, 0.375, 0.0625, 0.75, 0.0625, 0.875, 0.0625, 0.25, 0.125, 0.5625, 0.5625, 0.0, 0.3125, 0.625, 0.25, 0.375, 0.0]
[TRAIN]: (246/1600): reward: -10.56142282485962, rates: 4.438577234819202, loss: 1.806633611023426, rho: 0.4000000000000001, transmit_actions: 11, P: [0.5625, 0.375, 0.375, 0.5625, 0.125, 0.6875, 0.9375, 0.875, 0.5625, 0.5, 0.0625, 0.9375, 0.4375, 0.125, 0.0625, 1.0, 0.0, 0.25, 0.625, 0.1875]
[TRAIN]: (247/1600): reward: -15.0, rates: 0.0, loss: 1.6229668065905571, rho: 0.4000000000000001, transmit_actions: 11, P: [0.9375, 0.0, 0.3125, 0.9375, 0.8125, 0.9375, 0.9375, 0.375, 0.1875, 0.625, 0.9375, 0.5625, 0.625, 0.5, 0.125, 0.1875, 0.9375, 0.8125, 0.875, 0.125]
[TRAIN]: (248/1600): reward: -10.84699821472168, rates: 4.153001886517117, loss: 1.6912098288536073, rho: 0.4000000000000001, transmit_actions: 8, P: [0.125, 0.875, 0.1875, 0.0, 1.0, 0.75, 0.8125, 0.5, 0.3125, 1.0, 0.0625, 0.5, 0.375, 0.5625, 0.9375, 0.9375, 0.125, 0.375, 0.4375, 0.8125]
[TRAIN]: (249/1600): reward: -7.740021914243698, rates: 6.259978296600732, loss: 1.6815436214208603, rho: 0.4000000000000001, transmit_actions: 16, P: [0.4375, 0.125, 0.125, 0.5, 0.0625, 1.0, 0.1875, 0.0, 0.6875, 0.6875, 0.3125, 0.6875, 0.9375, 0.8125, 0.375, 0.625, 0.125, 0.375, 0.4375, 0.0]
[TRAIN]: (250/1600): reward: -2.1199026107788086, rates: 12.880097287010791, loss: 1.483085235953331, rho: 0.4000000000000001, transmit_actions: 12, P: [0.125, 0.9375, 0.75, 0.1875, 0.25, 0.6875, 0.9375, 0.875, 0.875, 0.3125, 0.375, 0.0, 0.8125, 0.25, 0.0625, 0.6875, 0.625, 0.375, 0.9375, 0.25]
[TRAIN]: (251/1600): reward: 0.55330491065979, rates: 13.553305083605789, loss: 1.6529842406511306, rho: 0.4000000000000001, transmit_actions: 10, P: [0.5625, 0.25, 0.375, 0.25, 0.3125, 0.625, 0.6875, 1.0, 0.6875, 0.9375, 0.5, 0.0625, 0.125, 0.375, 0.0625, 0.6875, 0.0, 1.0, 0.4375, 0.5]
[TRAIN]: (252/1600): reward: -8.59681749343872, rates: 5.40318236434012, loss: 1.8835760712623597, rho: 0.4000000000000001, transmit_actions: 12, P: [0.0, 0.3125, 0.6875, 0.625, 0.0, 0.5, 0.8125, 0.8125, 0.6875, 0.6875, 0.75, 1.0, 0.125, 0.75, 0.9375, 0.9375, 0.1875, 0.75, 0.6875, 0.3125]
[TRAIN]: (253/1600): reward: 5.930827908217907, rates: 16.93082830844255, loss: 1.8352459967136383, rho: 0.4000000000000001, transmit_actions: 14, P: [0.0625, 0.75, 0.0625, 0.6875, 0.3125, 0.8125, 0.75, 0.5625, 0.8125, 0.1875, 0.9375, 0.6875, 0.5625, 0.625, 0.0625, 1.0, 0.125, 0.0, 0.625, 0.0625]
[TRAIN]: (254/1600): reward: -2.332236126065254, rates: 10.667763837079946, loss: 1.7547210186719895, rho: 0.4000000000000001, transmit_actions: 11, P: [0.0625, 0.6875, 0.875, 0.1875, 0.5625, 0.6875, 0.625, 0.1875, 0.5, 0.0625, 0.8125, 0.8125, 0.4375, 0.9375, 0.8125, 0.125, 0.5, 0.625, 0.5625, 0.4375]
[TRAIN]: (255/1600): reward: -1.3587705790996552, rates: 12.641229035498583, loss: 1.2739811480045318, rho: 0.4000000000000001, transmit_actions: 11, P: [0.8125, 0.0625, 0.875, 0.5, 0.0, 0.125, 0.3125, 0.875, 0.375, 0.0, 0.375, 0.125, 0.625, 0.375, 0.1875, 0.0625, 0.4375, 0.4375, 0.5625, 0.0625]
[TRAIN]: (256/1600): reward: -2.9922561049461365, rates: 11.007744033833198, loss: 1.5144960820674895, rho: 0.4000000000000001, transmit_actions: 11, P: [0.625, 0.25, 0.375, 0.5, 0.4375, 0.25, 0.375, 0.3125, 0.9375, 0.125, 0.0625, 0.4375, 0.1875, 1.0, 0.0625, 0.0625, 0.125, 1.0, 0.6875, 0.3125]
[TRAIN]: (257/1600): reward: -2.509496510028839, rates: 10.490503701511006, loss: 1.7823320150375366, rho: 0.4000000000000001, transmit_actions: 9, P: [0.1875, 0.1875, 0.8125, 0.125, 0.8125, 0.125, 0.0, 0.1875, 0.375, 0.6875, 0.375, 0.0, 0.5, 0.0625, 1.0, 0.8125, 1.0, 0.6875, 0.5, 0.8125]
[TRAIN]: (258/1600): reward: -5.702268004417419, rates: 4.2977320669071295, loss: 1.7273174464702605, rho: 0.4000000000000001, transmit_actions: 12, P: [0.5, 0.75, 0.125, 0.625, 0.25, 0.875, 0.0, 0.75, 0.625, 0.3125, 0.9375, 0.875, 0.0625, 0.9375, 0.6875, 1.0, 0.875, 0.375, 0.0625, 0.875]
[TRAIN]: (259/1600): reward: -4.341490864753723, rates: 9.658509403530694, loss: 1.6499716073274613, rho: 0.4000000000000001, transmit_actions: 11, P: [0.5, 0.375, 0.6875, 0.3125, 1.0, 0.8125, 0.875, 0.375, 0.125, 0.75, 0.9375, 0.0, 0.625, 0.3125, 0.5625, 0.375, 0.75, 0.5, 0.0, 0.25]
[TRAIN]: (260/1600): reward: -3.6181676387786865, rates: 9.381832649403272, loss: 1.830989345908165, rho: 0.4000000000000001, transmit_actions: 10, P: [1.0, 0.5, 0.875, 0.4375, 0.0, 0.0, 0.3125, 0.8125, 0.4375, 0.0625, 0.1875, 0.125, 0.0625, 0.9375, 1.0, 0.9375, 1.0, 0.875, 0.5, 0.1875]
[TRAIN]: (261/1600): reward: -4.005386494100094, rates: 9.994613874434627, loss: 1.6235612601041793, rho: 0.4000000000000001, transmit_actions: 9, P: [0.8125, 0.375, 0.5, 0.0, 0.5, 0.1875, 0.75, 0.625, 0.875, 0.0, 0.3125, 0.5, 0.375, 0.4375, 0.125, 0.125, 0.3125, 0.875, 0.75, 0.875]
[TRAIN]: (262/1600): reward: -5.539462566375732, rates: 10.460537744651162, loss: 1.7624544858932496, rho: 0.4000000000000001, transmit_actions: 11, P: [0.75, 0.6875, 0.5625, 0.5625, 0.1875, 0.5625, 0.6875, 0.75, 0.0, 0.1875, 0.75, 0.5, 0.6875, 0.125, 0.6875, 0.125, 0.5, 0.3125, 0.0, 0.8125]
[TRAIN]: (263/1600): reward: -11.62659478187561, rates: 1.3734052317345489, loss: 1.7329760789871216, rho: 0.4000000000000001, transmit_actions: 13, P: [0.75, 0.4375, 0.0625, 0.75, 0.0, 0.5, 0.6875, 0.25, 0.625, 0.3125, 0.875, 0.125, 0.0, 0.6875, 0.5625, 0.25, 0.1875, 0.0, 0.4375, 0.375]
[TRAIN]: (264/1600): reward: -3.2700708359479904, rates: 11.729929139289766, loss: 1.481685185432434, rho: 0.4000000000000001, transmit_actions: 9, P: [0.1875, 0.125, 1.0, 0.0625, 0.125, 0.5, 0.125, 0.0, 0.75, 0.6875, 0.375, 0.6875, 0.5625, 0.1875, 1.0, 0.75, 0.875, 0.5625, 0.8125, 0.25]
[TRAIN]: (265/1600): reward: 4.698779731988907, rates: 16.698779213278307, loss: 1.5923443853855133, rho: 0.4000000000000001, transmit_actions: 11, P: [0.625, 0.625, 0.1875, 0.5625, 0.5, 0.3125, 0.25, 0.4375, 0.9375, 0.125, 0.5625, 0.5, 0.125, 0.9375, 0.25, 0.875, 0.5625, 0.625, 0.375, 0.3125]
[TRAIN]: (266/1600): reward: -5.209797382354736, rates: 10.79020243162322, loss: 1.9207841128110885, rho: 0.4000000000000001, transmit_actions: 8, P: [0.75, 0.0625, 0.8125, 0.4375, 0.3125, 0.5625, 0.1875, 0.8125, 0.3125, 0.375, 0.0, 0.25, 0.1875, 0.8125, 0.25, 0.8125, 0.625, 0.125, 0.25, 0.3125]
[TRAIN]: (267/1600): reward: -5.666731342673302, rates: 10.333268643920718, loss: 1.5705983459949493, rho: 0.4000000000000001, transmit_actions: 14, P: [0.3125, 0.75, 0.25, 0.9375, 0.3125, 0.125, 0.6875, 0.0625, 0.9375, 0.25, 0.0625, 0.625, 0.125, 0.25, 0.6875, 0.0625, 0.5625, 0.375, 1.0, 0.125]
[TRAIN]: (268/1600): reward: -3.864819645881653, rates: 10.135180699268936, loss: 1.8588496923446656, rho: 0.4000000000000001, transmit_actions: 12, P: [0.375, 0.25, 0.625, 0.75, 0.375, 0.5625, 0.5, 0.3125, 1.0, 0.75, 0.4375, 0.125, 0.375, 0.6875, 0.25, 0.0625, 0.5625, 0.3125, 0.4375, 0.5625]
[TRAIN]: (269/1600): reward: 11.540221258997917, rates: 23.54022144145991, loss: 1.6595135897397995, rho: 0.4000000000000001, transmit_actions: 12, P: [1.0, 0.9375, 0.5, 0.1875, 0.75, 0.8125, 0.0625, 0.4375, 0.875, 0.1875, 0.0625, 0.75, 0.125, 0.5625, 0.5, 0.1875, 0.25, 0.1875, 0.4375, 0.75]
[TRAIN]: (270/1600): reward: -0.972030833363533, rates: 12.027969301968971, loss: 1.742017811536789, rho: 0.4000000000000001, transmit_actions: 8, P: [0.125, 0.375, 0.75, 0.1875, 0.0625, 0.875, 0.875, 0.5625, 0.0625, 0.0625, 0.625, 0.125, 0.5625, 0.875, 0.25, 1.0, 0.1875, 0.0, 1.0, 0.25]
[TRAIN]: (271/1600): reward: -9.188966274261475, rates: 6.811033716545016, loss: 1.485773542523384, rho: 0.4000000000000001, transmit_actions: 8, P: [0.3125, 0.5, 0.75, 0.0, 1.0, 0.6875, 0.3125, 0.8125, 0.125, 0.5625, 0.125, 0.25, 0.6875, 0.4375, 0.3125, 0.25, 0.5, 0.9375, 1.0, 0.625]
[TRAIN]: (272/1600): reward: 7.574429869651794, rates: 19.574429730818395, loss: 1.7132060199975967, rho: 0.4000000000000001, transmit_actions: 14, P: [0.0, 0.8125, 0.3125, 0.9375, 0.0625, 0.8125, 0.25, 0.8125, 0.3125, 0.5, 0.9375, 0.1875, 0.125, 0.0, 0.125, 0.875, 0.125, 0.625, 0.3125, 0.125]
[TRAIN]: (273/1600): reward: -1.9275872260332108, rates: 12.072412440732851, loss: 1.5235596120357513, rho: 0.4000000000000001, transmit_actions: 11, P: [0.4375, 0.1875, 0.5625, 0.0625, 0.0625, 0.75, 0.875, 0.375, 0.875, 0.75, 0.5625, 0.375, 0.6875, 0.9375, 0.5, 0.9375, 0.75, 0.625, 1.0, 0.375]
[TRAIN]: (274/1600): reward: -4.51874964684248, rates: 5.481250322254656, loss: 1.5559588730335236, rho: 0.4000000000000001, transmit_actions: 14, P: [0.25, 0.25, 0.375, 0.4375, 0.1875, 0.5625, 0.0625, 0.125, 0.4375, 0.4375, 0.1875, 1.0, 0.0, 0.4375, 0.0, 0.875, 0.3125, 0.1875, 0.875, 0.4375]
[TRAIN]: (275/1600): reward: 0.5474462509155273, rates: 13.547446176968096, loss: 1.7693091690540315, rho: 0.4000000000000001, transmit_actions: 9, P: [0.5, 0.375, 0.3125, 0.5625, 0.625, 0.1875, 0.875, 0.0, 0.3125, 0.0625, 0.6875, 0.75, 0.75, 0.375, 0.6875, 1.0, 0.75, 0.0625, 0.0625, 0.5625]
[TRAIN]: (276/1600): reward: -13.502485066652298, rates: 0.49751492788107754, loss: 1.5903735697269439, rho: 0.4000000000000001, transmit_actions: 10, P: [0.3125, 0.5, 0.5, 0.75, 0.5625, 0.375, 0.875, 0.625, 0.625, 0.1875, 0.875, 0.4375, 0.625, 0.875, 0.875, 0.9375, 0.875, 0.1875, 0.875, 0.0625]
[TRAIN]: (277/1600): reward: -3.9815640449523926, rates: 10.018435919985393, loss: 1.5744476854801177, rho: 0.4000000000000001, transmit_actions: 8, P: [0.5, 0.125, 0.375, 0.75, 0.3125, 0.9375, 0.0, 0.4375, 0.0, 0.0, 0.4375, 0.0625, 0.625, 0.6875, 0.0, 0.3125, 0.625, 0.625, 0.375, 0.25]
[TRAIN]: (278/1600): reward: -0.8240752220153809, rates: 11.175924628485923, loss: 1.9455421954393386, rho: 0.4000000000000001, transmit_actions: 11, P: [0.9375, 0.875, 0.875, 0.3125, 1.0, 0.6875, 0.375, 1.0, 0.9375, 0.0, 0.625, 0.3125, 0.0625, 0.9375, 0.125, 0.6875, 0.0625, 0.8125, 0.625, 0.625]
[TRAIN]: (279/1600): reward: -11.425046687945724, rates: 2.5749533842870185, loss: 1.7942492499947549, rho: 0.4000000000000001, transmit_actions: 13, P: [0.25, 0.625, 0.125, 0.6875, 0.1875, 0.0625, 0.8125, 0.5, 0.0, 0.375, 0.375, 0.875, 0.25, 0.6875, 0.625, 0.875, 0.8125, 0.25, 0.375, 0.4375]
[TRAIN]: (280/1600): reward: -2.7108055353164673, rates: 11.289194670557652, loss: 1.472793412208557, rho: 0.4000000000000001, transmit_actions: 10, P: [0.625, 0.0, 0.1875, 0.4375, 0.25, 0.875, 0.3125, 0.375, 0.6875, 0.6875, 0.375, 0.8125, 0.5625, 0.8125, 0.125, 0.0, 0.8125, 0.4375, 0.1875, 0.375]
[TRAIN]: (281/1600): reward: -6.520488440990448, rates: 6.479511454749286, loss: 1.4781688794493675, rho: 0.4000000000000001, transmit_actions: 9, P: [0.1875, 0.75, 0.5, 0.0, 0.25, 0.5, 0.875, 0.8125, 0.5625, 0.6875, 0.9375, 0.375, 0.0, 0.5, 0.625, 0.375, 0.3125, 0.4375, 1.0, 0.4375]
[TRAIN]: (282/1600): reward: -4.433641478419304, rates: 6.566358335070023, loss: 1.4806475177407266, rho: 0.4000000000000001, transmit_actions: 9, P: [0.9375, 0.4375, 0.3125, 0.4375, 0.6875, 0.625, 0.0625, 0.1875, 0.125, 1.0, 0.125, 0.9375, 0.3125, 0.4375, 0.9375, 0.75, 0.5625, 0.0, 0.8125, 0.25]
[TRAIN]: (283/1600): reward: -4.127351772971451, rates: 9.872647823721973, loss: 1.7991999953985214, rho: 0.4000000000000001, transmit_actions: 9, P: [1.0, 0.5, 0.9375, 0.8125, 0.1875, 0.25, 0.875, 0.0625, 0.625, 0.75, 0.5625, 0.8125, 0.1875, 0.8125, 0.125, 0.0, 0.25, 0.6875, 0.1875, 0.25]
[TRAIN]: (284/1600): reward: 0.22161340713500977, rates: 15.221613018330576, loss: 1.5495518833398818, rho: 0.4000000000000001, transmit_actions: 11, P: [0.125, 0.0, 0.3125, 0.0625, 0.4375, 0.1875, 0.125, 0.625, 0.6875, 0.75, 0.8125, 0.0625, 0.4375, 0.8125, 0.0625, 0.125, 0.5, 0.75, 1.0, 0.0625]
[TRAIN]: (285/1600): reward: -5.295041084289551, rates: 6.704958822948122, loss: 1.5542108923196793, rho: 0.4000000000000001, transmit_actions: 9, P: [0.4375, 0.25, 0.9375, 0.5, 0.9375, 0.0, 0.75, 0.375, 0.3125, 0.5, 0.375, 0.0625, 0.625, 1.0, 0.6875, 0.6875, 0.125, 1.0, 0.5625, 0.0625]
[TRAIN]: (286/1600): reward: -6.3483855575323105, rates: 5.651614702791668, loss: 1.616559898853302, rho: 0.4000000000000001, transmit_actions: 9, P: [0.3125, 0.875, 0.125, 0.3125, 0.4375, 0.25, 0.625, 1.0, 1.0, 1.0, 0.875, 0.3125, 0.6875, 0.0, 0.25, 0.1875, 0.5, 0.375, 0.0, 0.125]
[TRAIN]: (287/1600): reward: -7.63618203997612, rates: 6.363818134709909, loss: 1.5642064571380616, rho: 0.4000000000000001, transmit_actions: 9, P: [0.5625, 0.0625, 0.4375, 0.125, 0.375, 0.125, 0.125, 0.375, 0.375, 0.25, 0.875, 0.9375, 0.625, 0.6875, 0.8125, 0.5625, 0.3125, 0.25, 0.125, 0.8125]
[TRAIN]: (288/1600): reward: 0.11658972501754761, rates: 15.116589918087666, loss: 1.7396480441093445, rho: 0.4000000000000001, transmit_actions: 10, P: [0.9375, 0.125, 0.625, 0.3125, 0.5625, 1.0, 0.5625, 0.25, 0.625, 0.6875, 0.0625, 0.1875, 0.0, 0.1875, 0.6875, 0.6875, 0.0, 0.1875, 0.4375, 0.25]
[TRAIN]: (289/1600): reward: -5.808002710342407, rates: 9.191997467420364, loss: 1.7620290458202361, rho: 0.4000000000000001, transmit_actions: 15, P: [0.25, 0.875, 0.75, 0.5, 0.8125, 1.0, 0.8125, 0.3125, 0.125, 0.8125, 0.5, 0.375, 0.875, 0.5625, 0.375, 0.5625, 0.6875, 0.875, 0.6875, 0.375]
[TRAIN]: (290/1600): reward: -9.852168023586273, rates: 6.147831950709306, loss: 1.5034109115600587, rho: 0.4000000000000001, transmit_actions: 7, P: [0.25, 0.0625, 0.5625, 0.6875, 0.625, 0.8125, 0.4375, 0.5, 0.125, 0.25, 0.6875, 0.125, 1.0, 0.5, 0.5, 0.375, 0.625, 0.8125, 0.6875, 0.625]
[TRAIN]: (291/1600): reward: -9.179159298539162, rates: 4.820840745462112, loss: 1.6146658271551133, rho: 0.4000000000000001, transmit_actions: 12, P: [0.6875, 0.9375, 0.875, 0.9375, 0.0625, 0.5625, 0.0, 0.6875, 0.1875, 0.25, 0.3125, 0.0625, 0.875, 1.0, 0.4375, 0.4375, 0.625, 0.125, 0.8125, 0.9375]
[TRAIN]: (292/1600): reward: -0.5270497407764196, rates: 10.472950420206454, loss: 1.8035060554742812, rho: 0.4000000000000001, transmit_actions: 11, P: [0.0625, 0.5625, 0.6875, 0.875, 0.5625, 0.0, 0.0625, 0.4375, 0.6875, 0.1875, 0.5625, 0.25, 0.375, 0.875, 0.625, 0.875, 0.375, 0.875, 0.375, 0.625]
[TRAIN]: (293/1600): reward: -14.0, rates: 0, loss: 1.8364159345626831, rho: 0.4000000000000001, transmit_actions: 11, P: [0.3125, 0.875, 1.0, 0.1875, 0.5, 0.1875, 0.6875, 0.4375, 0.625, 1.0, 0.9375, 0.3125, 0.75, 0.25, 0.5, 0.5, 0.625, 0.8125, 0.25, 0.875]
[TRAIN]: (294/1600): reward: -2.6600248608738184, rates: 10.339975565516987, loss: 1.4752552330493927, rho: 0.4000000000000001, transmit_actions: 9, P: [0.6875, 0.9375, 0.125, 1.0, 0.0625, 0.0625, 0.875, 0.0625, 0.5, 0.5, 0.3125, 0.5625, 0.3125, 0.8125, 0.75, 0.125, 0.5625, 0.5, 0.375, 0.5]
[TRAIN]: (295/1600): reward: -8.223306149244308, rates: 5.7766937221877095, loss: 1.7153338223695755, rho: 0.4000000000000001, transmit_actions: 8, P: [0.3125, 0.875, 0.3125, 0.5, 0.25, 0.375, 0.0625, 1.0, 0.3125, 0.125, 0.6875, 1.0, 0.0625, 0.3125, 0.375, 0.25, 0.75, 0.0, 0.4375, 0.75]
[TRAIN]: (296/1600): reward: -10.490668892860413, rates: 4.509331111474586, loss: 1.902623039484024, rho: 0.4000000000000001, transmit_actions: 11, P: [0.25, 0.8125, 0.625, 0.4375, 0.75, 0.0, 0.5, 0.0, 0.8125, 0.75, 0.0625, 0.9375, 0.3125, 0.0, 0.375, 0.3125, 0.3125, 0.875, 0.4375, 0.3125]
[TRAIN]: (297/1600): reward: -3.177536703646183, rates: 9.822462938645783, loss: 1.7052153021097183, rho: 0.4000000000000001, transmit_actions: 10, P: [0.875, 0.9375, 0.625, 0.8125, 0.1875, 0.9375, 0.1875, 0.75, 0.5625, 0.0625, 0.5, 0.3125, 0.1875, 0.875, 0.8125, 0.375, 0.8125, 0.6875, 0.125, 0.75]
[TRAIN]: (298/1600): reward: 9.79291021823883, rates: 21.792910085972807, loss: 1.8304087802767754, rho: 0.4000000000000001, transmit_actions: 12, P: [0.25, 0.875, 1.0, 0.0, 0.125, 0.625, 0.8125, 0.5, 0.9375, 0.75, 0.9375, 0.125, 0.125, 0.25, 0.625, 0.125, 1.0, 0.6875, 0.0625, 0.875]
[TRAIN]: (299/1600): reward: -12.543997764587402, rates: 4.45600241533096, loss: 1.572499579191208, rho: 0.4000000000000001, transmit_actions: 9, P: [1.0, 0.6875, 0.625, 1.0, 0.75, 1.0, 1.0, 0.5625, 0.4375, 0.25, 0.875, 0.125, 0.75, 0.25, 0.1875, 0.625, 0.125, 0.4375, 0.375, 0.0]
[TRAIN]: (300/1600): reward: -10.64111328125, rates: 5.358886676288695, loss: 1.343015831708908, rho: 0.4000000000000001, transmit_actions: 12, P: [0.9375, 0.0625, 0.1875, 0.5625, 0.3125, 0.5, 1.0, 0.4375, 0.4375, 0.8125, 1.0, 0.4375, 0.5, 0.375, 0.875, 1.0, 0.6875, 0.5625, 0.5, 0.25]
[TRAIN]: (301/1600): reward: -0.5992553681135178, rates: 11.400744402176095, loss: 1.8905194252729416, rho: 0.4000000000000001, transmit_actions: 9, P: [0.6875, 0.125, 0.3125, 0.25, 0.4375, 0.1875, 0.75, 0.9375, 0.125, 0.125, 0.75, 0.5, 0.125, 0.625, 0.75, 0.5, 0.5, 0.3125, 0.0, 1.0]
[TRAIN]: (302/1600): reward: -6.037902355194092, rates: 7.962097524908188, loss: 1.6356834381818772, rho: 0.4000000000000001, transmit_actions: 9, P: [0.9375, 0.1875, 0.5625, 0.5, 0.625, 0.8125, 0.375, 1.0, 0.625, 0.0, 0.4375, 0.9375, 0.3125, 0.625, 0.5, 0.9375, 0.0625, 0.0625, 0.5625, 0.9375]
[TRAIN]: (303/1600): reward: -8.329286336898804, rates: 6.670713835628676, loss: 1.692946195602417, rho: 0.4000000000000001, transmit_actions: 9, P: [0.125, 0.75, 0.4375, 0.75, 0.6875, 0.9375, 0.0625, 0.0625, 0.3125, 0.5625, 0.875, 0.0, 0.5625, 0.9375, 0.375, 0.6875, 0.5, 0.3125, 0.125, 0.0]
[TRAIN]: (304/1600): reward: -9.257143497467041, rates: 4.742856545639439, loss: 1.831913709640503, rho: 0.4000000000000001, transmit_actions: 10, P: [0.6875, 0.625, 0.6875, 0.5625, 0.5, 0.9375, 0.5625, 0.4375, 0.0625, 0.375, 0.4375, 0.875, 0.125, 0.6875, 0.875, 1.0, 0.25, 1.0, 0.5, 0.375]
[TRAIN]: (305/1600): reward: -3.8135938942432404, rates: 10.186406080802634, loss: 1.7120805591344834, rho: 0.4000000000000001, transmit_actions: 9, P: [0.8125, 0.5, 0.1875, 0.5, 0.3125, 0.0625, 0.375, 0.875, 0.6875, 0.9375, 0.0625, 0.1875, 0.625, 0.0625, 0.3125, 0.4375, 0.4375, 0.75, 0.875, 0.125]
[TRAIN]: (306/1600): reward: -1.629008412361145, rates: 9.370991868308373, loss: 1.7017836958169936, rho: 0.4000000000000001, transmit_actions: 10, P: [0.25, 0.0625, 0.125, 0.75, 0.25, 0.125, 0.9375, 0.0, 0.8125, 1.0, 0.0625, 0.875, 0.625, 0.25, 0.875, 0.5, 1.0, 0.0, 1.0, 0.375]
[TRAIN]: (307/1600): reward: 0.07748639583587646, rates: 10.077486496408515, loss: 1.6359675481915474, rho: 0.4000000000000001, transmit_actions: 12, P: [0.125, 0.3125, 0.625, 0.875, 0.875, 0.5, 0.75, 0.0, 0.375, 0.25, 1.0, 0.1875, 0.0, 0.125, 0.4375, 0.6875, 0.375, 0.625, 0.9375, 0.5]
[TRAIN]: (308/1600): reward: -8.762812376022339, rates: 8.237187526744858, loss: 1.5002717614173888, rho: 0.4000000000000001, transmit_actions: 10, P: [0.3125, 0.6875, 0.3125, 0.6875, 0.625, 0.375, 0.6875, 0.75, 0.375, 0.3125, 0.75, 1.0, 0.8125, 0.625, 0.1875, 0.0625, 0.5625, 0.25, 0.25, 0.4375]
[TRAIN]: (309/1600): reward: -5.542230188846588, rates: 6.457769709545708, loss: 1.4692180931568146, rho: 0.4000000000000001, transmit_actions: 8, P: [0.75, 0.625, 0.625, 0.6875, 0.3125, 0.8125, 0.375, 0.625, 0.6875, 0.1875, 0.6875, 0.3125, 0.9375, 0.375, 0.75, 0.6875, 0.375, 0.3125, 0.5625, 0.25]
[TRAIN]: (310/1600): reward: -2.4908814132213593, rates: 10.509118755952688, loss: 1.8688555300235747, rho: 0.4000000000000001, transmit_actions: 9, P: [0.6875, 0.8125, 0.4375, 1.0, 0.5, 0.375, 0.125, 0.0, 0.375, 0.9375, 0.0, 0.3125, 0.3125, 0.1875, 0.3125, 1.0, 0.5625, 0.625, 0.9375, 0.0]
[TRAIN]: (311/1600): reward: -9.427136421203613, rates: 3.5728636448494564, loss: 1.4769544750452042, rho: 0.4000000000000001, transmit_actions: 9, P: [0.0, 0.75, 1.0, 0.3125, 0.6875, 0.9375, 0.625, 0.0, 0.9375, 0.5625, 0.625, 0.3125, 0.375, 1.0, 0.4375, 1.0, 1.0, 0.6875, 0.8125, 0.5]
[TRAIN]: (312/1600): reward: 1.672336831688881, rates: 14.672337013165984, loss: 1.706967070698738, rho: 0.4000000000000001, transmit_actions: 7, P: [0.5625, 0.5, 0.125, 1.0, 0.5, 0.4375, 0.6875, 0.0625, 0.5, 0.1875, 0.75, 0.0, 0.625, 0.4375, 0.6875, 0.8125, 0.75, 0.5625, 0.0625, 0.625]
[TRAIN]: (313/1600): reward: -11.74433708190918, rates: 4.25566278197976, loss: 1.8155213236808776, rho: 0.4000000000000001, transmit_actions: 12, P: [0.9375, 0.5, 0.875, 0.5, 0.6875, 0.5625, 0.8125, 1.0, 0.3125, 0.625, 0.375, 0.4375, 0.0625, 0.5, 0.5625, 0.5, 0.5625, 0.6875, 0.6875, 0.8125]
[TRAIN]: (314/1600): reward: -15.0, rates: 0.0, loss: 1.5585295796394347, rho: 0.4000000000000001, transmit_actions: 11, P: [0.875, 0.25, 0.6875, 0.625, 0.9375, 0.5625, 0.6875, 0.0, 0.0, 0.125, 0.625, 0.8125, 0.625, 0.75, 0.5625, 0.5625, 0.6875, 0.6875, 0.5, 0.625]
[TRAIN]: (315/1600): reward: -7.464303404092789, rates: 5.535696701667421, loss: 1.6670077711343765, rho: 0.4000000000000001, transmit_actions: 6, P: [1.0, 0.5625, 0.3125, 0.8125, 0.25, 0.875, 0.625, 0.8125, 0.9375, 0.875, 0.75, 0.4375, 0.0, 0.625, 0.4375, 0.875, 0.3125, 0.0, 0.6875, 0.3125]
[TRAIN]: (316/1600): reward: -11.530008554458618, rates: 3.4699913626310432, loss: 1.5437393307685852, rho: 0.4000000000000001, transmit_actions: 7, P: [0.5, 0.8125, 1.0, 0.25, 0.8125, 1.0, 0.75, 0.3125, 0.6875, 0.25, 0.4375, 0.0625, 0.5625, 0.0, 0.0625, 0.0625, 0.625, 0.5625, 0.1875, 0.4375]
[TRAIN]: (317/1600): reward: -2.888006702065468, rates: 11.111993107737918, loss: 1.737559860944748, rho: 0.4000000000000001, transmit_actions: 9, P: [0.0, 0.5, 0.125, 0.8125, 0.5, 0.75, 0.375, 0.4375, 0.125, 0.375, 0.75, 0.75, 0.625, 0.5625, 0.9375, 0.5625, 0.25, 0.875, 0.375, 0.75]
[TRAIN]: (318/1600): reward: -8.398066997528076, rates: 9.601933263504606, loss: 1.6597942948341369, rho: 0.4000000000000001, transmit_actions: 7, P: [0.8125, 0.3125, 0.25, 0.8125, 0.875, 0.125, 0.6875, 0.4375, 0.5, 0.75, 0.4375, 0.5, 0.8125, 0.25, 0.5, 0.0, 0.6875, 0.3125, 0.75, 0.0625]
[TRAIN]: (319/1600): reward: -6.678634166717529, rates: 4.321366004443613, loss: 1.6925958007574082, rho: 0.4000000000000001, transmit_actions: 11, P: [0.1875, 1.0, 0.4375, 0.5625, 0.375, 0.6875, 0.5625, 0.875, 0.0, 0.0, 0.125, 0.625, 0.875, 0.8125, 0.5, 0.25, 0.6875, 0.5, 0.75, 0.75]
[TRAIN]: (320/1600): reward: -14.0, rates: 0, loss: 1.9019212394952774, rho: 0.4000000000000001, transmit_actions: 10, P: [0.9375, 0.875, 0.5625, 1.0, 0.375, 0.5, 0.1875, 0.875, 0.625, 0.375, 0.1875, 0.4375, 0.5, 0.1875, 0.9375, 0.9375, 1.0, 0.9375, 0.6875, 0.8125]
[TRAIN]: (321/1600): reward: -10.321055710315704, rates: 3.6789442736435323, loss: 1.8701332837343216, rho: 0.4000000000000001, transmit_actions: 9, P: [0.6875, 0.875, 0.375, 0.625, 0.5625, 0.6875, 0.1875, 0.5, 0.4375, 1.0, 0.0625, 0.3125, 0.5625, 0.125, 1.0, 0.4375, 0.5, 0.0, 0.5625, 1.0]
[TRAIN]: (322/1600): reward: -13.405806377530098, rates: 0.5941936318560092, loss: 1.391341507434845, rho: 0.4000000000000001, transmit_actions: 6, P: [0.125, 0.875, 0.0625, 0.4375, 0.375, 0.375, 0.3125, 0.875, 0.75, 1.0, 0.375, 0.8125, 0.5, 0.375, 0.0, 0.8125, 0.1875, 0.625, 0.25, 0.625]
[TRAIN]: (323/1600): reward: -6.397056341171265, rates: 9.602943447701108, loss: 1.6712549850344658, rho: 0.4000000000000001, transmit_actions: 9, P: [0.125, 0.875, 0.625, 0.5625, 0.8125, 1.0, 0.625, 0.4375, 0.0, 1.0, 0.125, 0.625, 0.6875, 0.1875, 0.375, 0.0625, 0.375, 0.9375, 0.3125, 0.5625]
[TRAIN]: (324/1600): reward: -9.591544032096863, rates: 3.4084559750117354, loss: 1.438389778137207, rho: 0.4000000000000001, transmit_actions: 10, P: [0.5625, 0.125, 0.25, 0.0, 1.0, 1.0, 0.0, 0.6875, 0.875, 0.75, 0.75, 0.3125, 0.375, 0.0625, 1.0, 0.0, 0.75, 0.6875, 0.375, 0.625]
[TRAIN]: (325/1600): reward: -12.183134078979492, rates: 3.8168659262750095, loss: 1.5729570776224135, rho: 0.4000000000000001, transmit_actions: 12, P: [0.8125, 0.875, 0.125, 0.5625, 0.25, 0.4375, 0.25, 0.25, 0.3125, 0.3125, 1.0, 0.4375, 0.1875, 0.25, 0.0, 0.75, 0.375, 1.0, 0.0625, 1.0]
[TRAIN]: (326/1600): reward: -5.008382141590118, rates: 10.991618051357761, loss: 1.6413359344005585, rho: 0.4000000000000001, transmit_actions: 13, P: [0.625, 0.0625, 0.0625, 1.0, 0.0, 0.4375, 0.375, 0.75, 1.0, 0.125, 1.0, 0.8125, 0.875, 0.3125, 0.25, 0.3125, 0.0625, 0.8125, 0.4375, 0.75]
[TRAIN]: (327/1600): reward: -14.764296844601631, rates: 0.23570315541542852, loss: 1.9253600001335145, rho: 0.4000000000000001, transmit_actions: 6, P: [0.9375, 0.125, 0.5625, 0.75, 0.625, 0.75, 0.6875, 0.875, 0.0, 0.3125, 1.0, 0.125, 0.9375, 0.5, 0.6875, 0.4375, 0.375, 0.5, 0.5, 0.875]
[TRAIN]: (328/1600): reward: -4.2631543427705765, rates: 8.736845829300318, loss: 1.8239362686872482, rho: 0.4000000000000001, transmit_actions: 9, P: [0.375, 0.9375, 0.5, 0.625, 0.625, 0.625, 0.875, 0.125, 1.0, 0.0, 0.0, 0.6875, 1.0, 0.6875, 0.0625, 0.5, 0.25, 1.0, 0.75, 0.5]
[TRAIN]: (329/1600): reward: -4.0425286293029785, rates: 10.957471195682263, loss: 1.5254619628190995, rho: 0.4000000000000001, transmit_actions: 9, P: [0.0, 0.875, 0.3125, 0.25, 0.4375, 0.5625, 0.625, 0.625, 0.75, 0.375, 0.25, 0.25, 0.4375, 0.0, 0.3125, 0.125, 0.625, 0.3125, 0.875, 0.875]
[TRAIN]: (330/1600): reward: -12.223872348666191, rates: 4.776127806382326, loss: 1.600277915596962, rho: 0.4000000000000001, transmit_actions: 9, P: [0.25, 0.5625, 0.375, 0.6875, 0.625, 0.6875, 0.625, 0.4375, 0.3125, 0.125, 0.8125, 0.1875, 0.6875, 0.3125, 0.8125, 0.25, 0.5, 0.375, 0.6875, 0.125]
[TRAIN]: (331/1600): reward: 1.1684453040361404, rates: 14.168445388279924, loss: 1.7354414224624635, rho: 0.4000000000000001, transmit_actions: 10, P: [0.0625, 0.0625, 0.6875, 0.1875, 0.0, 0.5, 0.0625, 0.5, 0.1875, 0.875, 0.8125, 0.0625, 0.125, 0.125, 0.0, 0.0625, 0.75, 0.8125, 0.5, 0.875]
[TRAIN]: (332/1600): reward: -16.484912633895874, rates: 0.5150873901134799, loss: 1.535420048236847, rho: 0.4000000000000001, transmit_actions: 9, P: [0.4375, 0.0, 0.3125, 0.6875, 0.875, 0.125, 0.9375, 0.3125, 0.25, 0.75, 0.25, 1.0, 0.3125, 0.8125, 0.4375, 0.8125, 0.625, 0.0625, 0.625, 0.875]
[TRAIN]: (333/1600): reward: -12.721419975161552, rates: 3.278580123643258, loss: 1.6529052034020424, rho: 0.4000000000000001, transmit_actions: 9, P: [0.8125, 0.75, 0.5, 0.375, 0.875, 0.8125, 0.4375, 0.3125, 0.1875, 0.1875, 0.75, 0.1875, 0.4375, 0.5625, 0.8125, 0.5, 0.0625, 0.5625, 0.75, 0.625]
[TRAIN]: (334/1600): reward: -11.898757934570312, rates: 4.1012418819957475, loss: 1.3603599593043327, rho: 0.4000000000000001, transmit_actions: 12, P: [0.1875, 0.6875, 0.375, 0.875, 0.375, 0.6875, 1.0, 0.75, 0.6875, 0.8125, 0.1875, 0.5, 0.4375, 0.3125, 0.125, 0.6875, 0.125, 0.875, 1.0, 0.1875]
[TRAIN]: (335/1600): reward: -11.259251594543457, rates: 4.740748185831043, loss: 1.6154162108898162, rho: 0.4000000000000001, transmit_actions: 10, P: [0.375, 0.875, 0.625, 0.0, 0.75, 0.25, 0.5, 0.6875, 0.9375, 0.6875, 0.25, 0.0, 0.5625, 0.375, 0.0, 0.1875, 0.8125, 0.0625, 0.75, 0.5625]
[TRAIN]: (336/1600): reward: -15.537422776222229, rates: 1.4625772277755855, loss: 1.3920358449220658, rho: 0.4000000000000001, transmit_actions: 9, P: [0.625, 0.6875, 0.375, 0.625, 0.0625, 0.875, 0.125, 0.0625, 0.3125, 0.75, 0.125, 0.25, 0.875, 0.8125, 0.1875, 0.4375, 0.5625, 0.75, 0.1875, 0.3125]
[TRAIN]: (337/1600): reward: -5.310062408447266, rates: 9.689937335711747, loss: 1.6976120918989182, rho: 0.4000000000000001, transmit_actions: 9, P: [0.875, 0.5, 0.6875, 0.375, 0.5625, 0.0, 0.25, 0.375, 0.5625, 0.9375, 0.3125, 1.0, 0.3125, 0.125, 0.25, 0.4375, 0.0, 0.4375, 0.75, 0.3125]
[TRAIN]: (338/1600): reward: 5.043397307395935, rates: 16.04339706326232, loss: 2.0124334186315536, rho: 0.4000000000000001, transmit_actions: 13, P: [0.0, 0.1875, 0.3125, 0.5, 0.9375, 0.5625, 0.0, 1.0, 0.3125, 0.75, 1.0, 0.625, 0.125, 0.625, 0.5625, 0.5, 0.9375, 0.9375, 0.5, 1.0]
