[MAIN]: START
[ENV]: Started init Environment
[ENV]: ACTIONS_SPACE: 66
[ENV]: Finished init Environment
[TRAIN]: actions: 66, observations: 12
[TRAIN]: CUDA: True
[TRAIN]: (1/1600): reward: -14.717289388179779, rates: 0.2827106194849325, loss: 0, rho: 0.4000000000000001, transmit_actions: 7, P: [0.875, 0.4375, 0.40625, 0.71875, 0.75, 0.3125, 0.34375, 0.21875, 0.21875, 0.5625, 0.4375, 0.78125, 0.5625, 0.71875, 0.71875, 0.03125, 0.34375, 0.90625, 0.625, 0.46875]
[TRAIN]: (2/1600): reward: -6.452646836638451, rates: 7.5473533081326405, loss: 0, rho: 0.4000000000000001, transmit_actions: 13, P: [0.53125, 0.34375, 0.34375, 0.40625, 0.46875, 0.78125, 0.71875, 0.21875, 0.84375, 0.1875, 1.0, 0.6875, 1.0, 0.0, 0.6875, 0.28125, 0.90625, 0.9375, 0.0, 0.25]
[TRAIN]: (3/1600): reward: -7.888859689235687, rates: 6.111140545170613, loss: 0, rho: 0.4000000000000001, transmit_actions: 10, P: [0.90625, 0.40625, 0.78125, 0.6875, 0.5, 0.46875, 0.6875, 0.84375, 0.84375, 0.0, 0.40625, 0.59375, 0.0625, 0.25, 0.375, 0.59375, 0.5625, 0.09375, 0.84375, 0.75]
[TRAIN]: (4/1600): reward: 5.144989728927612, rates: 18.144989495825534, loss: 2.9654255263945637, rho: 0.4000000000000001, transmit_actions: 13, P: [0.8125, 0.8125, 0.1875, 0.09375, 0.125, 0.5625, 0.40625, 0.65625, 0.46875, 0.09375, 0.78125, 0.25, 0.03125, 1.0, 0.71875, 0.59375, 0.46875, 0.28125, 0.5625, 0.625]
[TRAIN]: (5/1600): reward: 6.661081314086914, rates: 20.66108134550874, loss: 4.661390197277069, rho: 0.4000000000000001, transmit_actions: 10, P: [0.875, 0.65625, 0.9375, 0.71875, 0.5, 0.875, 0.0, 0.59375, 0.28125, 0.8125, 0.0625, 0.71875, 0.21875, 0.03125, 0.125, 1.0, 0.625, 0.625, 0.15625, 0.09375]
[TRAIN]: (6/1600): reward: -5.986002027988434, rates: 7.013997801891296, loss: 4.263867533206939, rho: 0.4000000000000001, transmit_actions: 12, P: [0.25, 0.6875, 0.75, 0.46875, 0.8125, 0.8125, 0.34375, 0.4375, 0.5625, 0.9375, 0.21875, 0.46875, 0.40625, 0.9375, 0.65625, 0.1875, 0.75, 0.0625, 0.9375, 0.84375]
[TRAIN]: (7/1600): reward: 4.202283948659897, rates: 17.20228389176301, loss: 3.863477647304535, rho: 0.4000000000000001, transmit_actions: 11, P: [0.75, 0.5, 0.75, 0.09375, 0.65625, 0.46875, 0.125, 0.40625, 0.8125, 0.25, 0.21875, 0.5, 0.375, 0.0, 0.4375, 0.09375, 0.1875, 0.9375, 0.0, 0.15625]
[TRAIN]: (8/1600): reward: -6.583714544773102, rates: 7.41628526493437, loss: 4.083183443546295, rho: 0.4000000000000001, transmit_actions: 8, P: [0.59375, 0.4375, 0.5625, 0.46875, 0.3125, 0.15625, 0.78125, 0.59375, 0.5, 0.21875, 0.09375, 0.28125, 0.15625, 0.1875, 0.4375, 0.625, 0.84375, 0.09375, 0.96875, 0.84375]
[TRAIN]: (9/1600): reward: 0.7041722536087036, rates: 14.704172461385717, loss: 3.6930627822875977, rho: 0.4000000000000001, transmit_actions: 8, P: [0.53125, 0.84375, 0.46875, 0.09375, 0.40625, 0.4375, 0.0, 0.46875, 0.96875, 0.09375, 0.28125, 0.6875, 0.40625, 0.71875, 0.4375, 0.78125, 0.1875, 0.09375, 0.03125, 0.59375]
[TRAIN]: (10/1600): reward: 1.7062934190034866, rates: 8.70629356819498, loss: 3.0617467522621156, rho: 0.4000000000000001, transmit_actions: 8, P: [0.84375, 0.46875, 0.1875, 0.71875, 0.71875, 1.0, 0.25, 0.84375, 0.0625, 0.4375, 0.25, 0.78125, 0.0625, 0.96875, 0.75, 0.96875, 0.96875, 0.0625, 0.90625, 0.0625]
[TRAIN]: (11/1600): reward: -10.491802334785461, rates: 4.508197702472458, loss: 2.6081252992153168, rho: 0.4000000000000001, transmit_actions: 8, P: [0.15625, 0.0, 0.59375, 0.9375, 0.5625, 0.3125, 0.53125, 0.21875, 0.5625, 0.125, 0.84375, 0.90625, 0.625, 0.625, 0.15625, 0.71875, 0.53125, 0.0625, 0.9375, 0.8125]
[TRAIN]: (12/1600): reward: -8.154735192656517, rates: 4.845264654196099, loss: 2.4225339114665987, rho: 0.4000000000000001, transmit_actions: 12, P: [0.71875, 0.625, 0.5, 0.0625, 0.4375, 0.1875, 0.21875, 0.0, 0.125, 0.15625, 0.375, 0.5, 0.46875, 0.8125, 0.53125, 0.125, 0.9375, 0.90625, 0.65625, 0.0]
[TRAIN]: (13/1600): reward: -8.28254845738411, rates: 6.717451379331827, loss: 2.265162879228592, rho: 0.4000000000000001, transmit_actions: 8, P: [0.03125, 0.25, 0.65625, 0.5, 0.4375, 0.90625, 0.40625, 0.21875, 0.75, 0.34375, 0.8125, 0.4375, 0.375, 0.875, 0.21875, 0.125, 0.4375, 0.65625, 0.59375, 0.125]
[TRAIN]: (14/1600): reward: -11.425919968634844, rates: 0.574080023211145, loss: 2.1546576857566833, rho: 0.4000000000000001, transmit_actions: 8, P: [0.1875, 0.0625, 0.21875, 0.28125, 0.625, 0.75, 0.875, 0.75, 0.40625, 0.9375, 0.84375, 0.90625, 0.0625, 0.71875, 1.0, 0.875, 0.3125, 0.6875, 0.875, 0.4375]
[TRAIN]: (15/1600): reward: 1.276932742446661, rates: 12.27693279227231, loss: 2.0039370119571687, rho: 0.4000000000000001, transmit_actions: 11, P: [0.4375, 0.0, 0.4375, 0.09375, 0.875, 0.15625, 0.125, 0.15625, 0.4375, 0.125, 0.96875, 0.75, 1.0, 0.71875, 0.25, 0.6875, 0.59375, 0.625, 0.75, 0.21875]
[TRAIN]: (16/1600): reward: -10.129747450351715, rates: 1.8702525507463457, loss: 2.320995008945465, rho: 0.4000000000000001, transmit_actions: 12, P: [0.0, 0.4375, 0.78125, 0.1875, 0.78125, 0.09375, 0.71875, 0.375, 0.71875, 0.90625, 0.5625, 0.90625, 0.34375, 0.5625, 0.59375, 0.0625, 0.78125, 0.0, 0.875, 0.75]
[TRAIN]: (17/1600): reward: -7.958425924181938, rates: 6.041574238631657, loss: 2.0550558865070343, rho: 0.4000000000000001, transmit_actions: 9, P: [0.25, 0.28125, 0.8125, 0.3125, 0.3125, 0.4375, 0.53125, 0.65625, 0.6875, 0.03125, 0.4375, 0.09375, 0.84375, 0.46875, 0.3125, 0.65625, 0.78125, 0.46875, 0.3125, 0.25]
[TRAIN]: (18/1600): reward: -3.9048955887556076, rates: 10.095104448034338, loss: 1.9837825417518615, rho: 0.4000000000000001, transmit_actions: 12, P: [0.625, 0.53125, 0.1875, 0.625, 0.875, 0.53125, 0.90625, 0.46875, 0.0625, 0.5, 0.21875, 0.78125, 0.0625, 0.65625, 0.34375, 0.5, 0.46875, 0.5625, 0.9375, 0.5625]
[TRAIN]: (19/1600): reward: -9.302012771368027, rates: 5.697987326827987, loss: 2.043492889404297, rho: 0.4000000000000001, transmit_actions: 9, P: [0.9375, 0.75, 0.6875, 0.25, 0.25, 0.3125, 0.84375, 0.15625, 0.875, 0.21875, 0.1875, 0.90625, 0.5625, 0.84375, 0.34375, 0.3125, 0.65625, 0.53125, 0.4375, 0.25]
[TRAIN]: (20/1600): reward: -11.827618822455406, rates: 0.17238117793179322, loss: 2.028732621669769, rho: 0.4000000000000001, transmit_actions: 6, P: [0.65625, 0.15625, 0.90625, 0.03125, 0.8125, 0.4375, 0.375, 0.9375, 1.0, 0.84375, 0.1875, 0.21875, 0.25, 0.25, 0.9375, 0.90625, 0.3125, 0.875, 1.0, 0.75]
[TRAIN]: (21/1600): reward: -13.362422406673431, rates: 0.6375775876348013, loss: 1.7973287403583527, rho: 0.4000000000000001, transmit_actions: 7, P: [0.34375, 0.03125, 0.875, 0.53125, 0.1875, 0.84375, 0.46875, 0.0625, 0.625, 0.0, 0.625, 0.21875, 0.65625, 0.625, 0.5, 0.1875, 0.875, 0.3125, 0.8125, 0.59375]
[TRAIN]: (22/1600): reward: -11.830697536468506, rates: 4.1693024988445595, loss: 1.8465014755725861, rho: 0.4000000000000001, transmit_actions: 12, P: [0.0, 0.78125, 0.34375, 0.21875, 0.1875, 0.59375, 0.6875, 0.03125, 0.375, 0.125, 0.03125, 0.9375, 0.65625, 0.84375, 0.875, 0.96875, 0.3125, 0.4375, 0.125, 0.78125]
[TRAIN]: (23/1600): reward: 1.8728121519088745, rates: 11.87281189953967, loss: 1.8775832533836365, rho: 0.4000000000000001, transmit_actions: 11, P: [0.90625, 0.75, 0.125, 0.15625, 0.84375, 0.75, 0.5, 1.0, 1.0, 0.40625, 0.375, 0.5625, 1.0, 0.84375, 0.6875, 0.125, 0.0, 0.375, 0.59375, 0.65625]
[TRAIN]: (24/1600): reward: 7.907750815153122, rates: 18.907750936233136, loss: 1.9474355459213257, rho: 0.4000000000000001, transmit_actions: 13, P: [0.90625, 0.8125, 0.03125, 0.25, 1.0, 0.0625, 0.9375, 0.28125, 0.0625, 0.9375, 0.71875, 0.875, 0.5, 0.21875, 0.3125, 0.875, 0.5625, 0.34375, 0.40625, 0.125]
[TRAIN]: (25/1600): reward: -6.948470778763294, rates: 5.051529185710403, loss: 2.267302304506302, rho: 0.4000000000000001, transmit_actions: 11, P: [0.28125, 0.5625, 0.0, 0.28125, 0.8125, 0.96875, 0.34375, 0.0, 0.1875, 0.0625, 0.46875, 0.5625, 0.6875, 0.75, 0.0, 0.78125, 0.71875, 0.0, 0.59375, 0.125]
[TRAIN]: (26/1600): reward: -8.98161494731903, rates: 6.018384821808998, loss: 2.0596606612205504, rho: 0.4000000000000001, transmit_actions: 9, P: [0.5, 0.5, 1.0, 0.4375, 0.28125, 0.9375, 0.375, 0.375, 0.625, 0.25, 0.59375, 0.25, 0.34375, 0.6875, 0.28125, 0.96875, 0.09375, 1.0, 0.375, 0.25]
[TRAIN]: (27/1600): reward: -1.3417460322380066, rates: 11.658254226138421, loss: 2.1987179815769196, rho: 0.4000000000000001, transmit_actions: 12, P: [0.84375, 0.71875, 0.09375, 0.8125, 0.25, 0.40625, 0.0, 0.4375, 0.15625, 0.28125, 0.15625, 0.3125, 1.0, 0.0625, 0.34375, 0.8125, 0.21875, 0.0, 0.65625, 0.78125]
[TRAIN]: (28/1600): reward: -11.81167060136795, rates: 4.1883296332186655, loss: 2.1254541635513307, rho: 0.4000000000000001, transmit_actions: 17, P: [0.0, 0.3125, 0.96875, 0.53125, 1.0, 0.59375, 0.125, 0.5, 0.8125, 0.0625, 0.875, 0.53125, 0.4375, 0.4375, 0.9375, 0.90625, 0.03125, 0.71875, 0.75, 0.9375]
[TRAIN]: (29/1600): reward: -0.8878998905420303, rates: 11.112099974750784, loss: 1.978774145245552, rho: 0.4000000000000001, transmit_actions: 10, P: [0.15625, 0.25, 0.0, 0.59375, 0.96875, 0.15625, 1.0, 0.0625, 0.5625, 0.25, 0.59375, 0.625, 0.9375, 0.28125, 0.71875, 0.125, 0.875, 0.46875, 0.96875, 0.0]
[TRAIN]: (30/1600): reward: -3.485442817211151, rates: 11.514556814652897, loss: 2.085273212194443, rho: 0.4000000000000001, transmit_actions: 6, P: [0.25, 0.1875, 0.5, 0.4375, 0.53125, 0.78125, 0.8125, 0.03125, 0.75, 0.375, 0.40625, 0.15625, 0.46875, 0.5625, 0.53125, 0.96875, 0.90625, 0.09375, 0.15625, 0.15625]
[TRAIN]: (31/1600): reward: -10.945259355008602, rates: 0.054740644315856686, loss: 2.086238092184067, rho: 0.4000000000000001, transmit_actions: 8, P: [0.90625, 0.625, 0.0625, 0.96875, 0.59375, 0.8125, 0.34375, 0.28125, 0.5625, 0.78125, 0.125, 0.9375, 0.75, 1.0, 0.9375, 0.65625, 1.0, 0.9375, 1.0, 0.46875]
[TRAIN]: (32/1600): reward: -9.91517162322998, rates: 5.084828419171859, loss: 2.0751239478588106, rho: 0.4000000000000001, transmit_actions: 11, P: [0.1875, 0.34375, 0.84375, 0.9375, 0.71875, 0.8125, 0.46875, 0.78125, 0.53125, 0.4375, 0.6875, 0.59375, 0.96875, 0.875, 0.6875, 0.875, 0.75, 1.0, 0.65625, 0.1875]
[TRAIN]: (33/1600): reward: -9.213829681277275, rates: 5.786170318514653, loss: 2.094586807489395, rho: 0.4000000000000001, transmit_actions: 10, P: [0.15625, 0.9375, 0.09375, 0.03125, 0.8125, 0.15625, 0.65625, 0.8125, 0.3125, 0.375, 0.28125, 0.75, 0.0625, 0.3125, 0.625, 0.375, 0.65625, 0.53125, 0.9375, 0.96875]
[TRAIN]: (34/1600): reward: 7.720086183398962, rates: 16.720086251318186, loss: 1.983908474445343, rho: 0.4000000000000001, transmit_actions: 10, P: [0.90625, 0.0625, 0.40625, 0.375, 0.15625, 0.6875, 0.625, 0.40625, 0.25, 0.0625, 0.59375, 0.96875, 0.5625, 0.0625, 0.0625, 0.9375, 0.3125, 0.03125, 0.15625, 0.375]
[TRAIN]: (35/1600): reward: -3.4530926570296288, rates: 10.546907310724286, loss: 2.164965730905533, rho: 0.4000000000000001, transmit_actions: 12, P: [0.71875, 0.6875, 0.5, 0.09375, 0.28125, 0.125, 0.59375, 0.875, 0.9375, 0.21875, 0.90625, 0.4375, 0.84375, 0.21875, 0.84375, 0.3125, 0.375, 0.5625, 0.71875, 0.75]
[TRAIN]: (36/1600): reward: 4.012634575366974, rates: 16.012634256462338, loss: 2.1645610988140107, rho: 0.4000000000000001, transmit_actions: 8, P: [0.59375, 0.59375, 0.625, 0.5625, 0.8125, 0.125, 0.78125, 0.03125, 0.375, 0.28125, 0.125, 0.53125, 0.0, 0.5, 0.25, 0.59375, 0.25, 0.46875, 0.46875, 0.21875]
[TRAIN]: (37/1600): reward: -7.172913551330566, rates: 8.827086521967182, loss: 2.102405709028244, rho: 0.4000000000000001, transmit_actions: 14, P: [0.90625, 0.9375, 0.28125, 0.21875, 1.0, 0.4375, 0.84375, 0.0, 0.78125, 0.84375, 0.75, 0.625, 0.03125, 0.21875, 0.65625, 0.59375, 0.5625, 1.0, 0.59375, 0.6875]
[TRAIN]: (38/1600): reward: -17.50500899553299, rates: 0.4949909974459899, loss: 1.8955128729343413, rho: 0.4000000000000001, transmit_actions: 8, P: [0.78125, 0.28125, 0.1875, 0.34375, 0.59375, 0.5, 0.15625, 0.375, 0.1875, 0.8125, 0.5625, 0.09375, 0.21875, 0.1875, 0.53125, 0.09375, 0.5625, 0.40625, 0.71875, 0.875]
[TRAIN]: (39/1600): reward: -7.6992309875786304, rates: 5.300768835726722, loss: 2.078624886274338, rho: 0.4000000000000001, transmit_actions: 12, P: [0.375, 0.84375, 0.25, 0.375, 0.40625, 0.9375, 1.0, 0.0, 0.09375, 0.875, 0.0625, 0.34375, 0.75, 0.71875, 0.28125, 0.875, 0.5, 0.8125, 0.65625, 0.5]
[TRAIN]: (40/1600): reward: -12.770432472229004, rates: 4.229567325977947, loss: 2.073856508731842, rho: 0.4000000000000001, transmit_actions: 11, P: [0.8125, 0.5625, 0.84375, 0.28125, 0.1875, 0.65625, 0.59375, 0.28125, 0.8125, 0.3125, 0.8125, 0.78125, 0.125, 0.09375, 0.75, 0.1875, 0.65625, 0.40625, 0.75, 0.65625]
[TRAIN]: (41/1600): reward: -6.865911640226841, rates: 7.134088097138058, loss: 2.23350989818573, rho: 0.4000000000000001, transmit_actions: 9, P: [0.9375, 0.4375, 1.0, 0.5, 0.59375, 0.90625, 0.71875, 0.21875, 0.46875, 0.0625, 0.59375, 0.5, 0.53125, 0.59375, 0.625, 0.625, 0.90625, 0.40625, 0.4375, 0.5625]
[TRAIN]: (42/1600): reward: -11.768831871449947, rates: 5.231167923231713, loss: 2.019594293832779, rho: 0.4000000000000001, transmit_actions: 8, P: [0.84375, 0.4375, 0.40625, 0.8125, 0.5625, 0.03125, 0.84375, 0.15625, 0.25, 0.34375, 0.40625, 0.125, 0.25, 0.59375, 0.4375, 0.5625, 0.5, 0.125, 0.28125, 0.84375]
[TRAIN]: (43/1600): reward: -12.15902355313301, rates: 0.8409764739449267, loss: 2.0779367327690124, rho: 0.4000000000000001, transmit_actions: 15, P: [0.78125, 0.34375, 0.125, 0.9375, 0.0, 0.40625, 0.28125, 0.3125, 0.0, 0.40625, 0.625, 0.875, 0.875, 0.53125, 0.625, 0.875, 0.6875, 0.875, 0.5625, 0.78125]
[TRAIN]: (44/1600): reward: -13.815514519810677, rates: 0.1844854771249693, loss: 2.1544414281845095, rho: 0.4000000000000001, transmit_actions: 9, P: [0.5625, 0.4375, 0.25, 0.6875, 0.84375, 0.03125, 0.875, 0.875, 0.0, 0.03125, 0.0625, 0.625, 0.875, 0.375, 0.65625, 0.4375, 0.09375, 0.78125, 0.59375, 0.53125]
[TRAIN]: (45/1600): reward: -10.32925045862794, rates: 4.670749539104535, loss: 2.0395967841148375, rho: 0.4000000000000001, transmit_actions: 7, P: [0.3125, 0.25, 0.28125, 0.6875, 0.90625, 0.875, 0.625, 0.09375, 0.625, 0.78125, 0.71875, 0.03125, 0.34375, 0.90625, 0.53125, 0.0625, 0.71875, 0.4375, 0.75, 0.0625]
[TRAIN]: (46/1600): reward: -1.1498892307281494, rates: 12.850110647423573, loss: 2.0115734934806824, rho: 0.4000000000000001, transmit_actions: 8, P: [0.34375, 0.15625, 0.84375, 0.375, 0.84375, 0.84375, 0.1875, 0.375, 0.71875, 0.78125, 0.4375, 0.375, 0.0625, 0.90625, 0.78125, 0.21875, 0.8125, 0.09375, 0.875, 0.9375]
[TRAIN]: (47/1600): reward: -3.500679314136505, rates: 11.499320572219915, loss: 1.9237935721874238, rho: 0.4000000000000001, transmit_actions: 12, P: [0.84375, 0.1875, 0.96875, 0.1875, 0.71875, 0.09375, 0.25, 0.78125, 0.15625, 0.09375, 0.0625, 0.5625, 0.96875, 0.1875, 0.90625, 0.0625, 0.09375, 0.6875, 0.84375, 0.25]
[TRAIN]: (48/1600): reward: 6.629318207502365, rates: 17.629317823713798, loss: 2.0299201250076293, rho: 0.4000000000000001, transmit_actions: 10, P: [0.46875, 0.46875, 0.84375, 0.9375, 0.3125, 0.96875, 0.1875, 0.4375, 0.0, 0.125, 0.5625, 0.375, 0.90625, 0.125, 0.625, 0.1875, 0.53125, 0.03125, 0.59375, 0.78125]
[TRAIN]: (49/1600): reward: -9.221320152282715, rates: 5.7786799520590195, loss: 2.0714904367923737, rho: 0.4000000000000001, transmit_actions: 9, P: [0.1875, 0.15625, 0.8125, 0.1875, 0.46875, 0.4375, 0.96875, 0.5625, 1.0, 0.5625, 0.6875, 0.65625, 0.9375, 0.78125, 0.46875, 0.0, 1.0, 0.65625, 0.71875, 0.59375]
[TRAIN]: (50/1600): reward: -14.320547580718994, rates: 1.679452365616937, loss: 2.03992583155632, rho: 0.4000000000000001, transmit_actions: 11, P: [0.03125, 0.96875, 0.90625, 0.0, 0.84375, 0.1875, 0.34375, 0.25, 0.78125, 0.8125, 0.5, 0.96875, 0.46875, 0.09375, 0.09375, 1.0, 0.65625, 0.1875, 0.28125, 0.25]
[TRAIN]: (51/1600): reward: -12.747016485780478, rates: 4.2529836836033565, loss: 1.9111965417861938, rho: 0.4000000000000001, transmit_actions: 12, P: [0.3125, 0.15625, 0.21875, 0.625, 0.53125, 0.53125, 0.375, 0.65625, 0.25, 0.09375, 0.5, 0.125, 0.21875, 0.65625, 0.53125, 0.8125, 0.5, 0.9375, 0.9375, 0.90625]
[TRAIN]: (52/1600): reward: 1.1895177960395813, rates: 13.189517913753185, loss: 2.027795284986496, rho: 0.4000000000000001, transmit_actions: 10, P: [0.5, 0.1875, 0.59375, 0.78125, 0.40625, 0.46875, 0.90625, 0.5, 0.3125, 0.78125, 0.1875, 0.96875, 0.5625, 0.8125, 0.3125, 0.125, 0.15625, 0.71875, 0.90625, 0.96875]
[TRAIN]: (53/1600): reward: -10.151564434170723, rates: 4.848435392706777, loss: 2.061378312110901, rho: 0.4000000000000001, transmit_actions: 12, P: [0.5, 0.21875, 0.0, 0.96875, 0.1875, 0.875, 0.8125, 0.34375, 0.375, 0.375, 0.5625, 0.875, 0.5625, 0.0, 0.875, 0.9375, 0.28125, 0.78125, 0.0, 0.0625]
[TRAIN]: (54/1600): reward: -8.444969892501831, rates: 8.555030350348295, loss: 1.8578760385513307, rho: 0.4000000000000001, transmit_actions: 12, P: [0.09375, 0.25, 0.625, 0.21875, 0.375, 1.0, 0.5, 0.9375, 0.5625, 0.25, 0.34375, 0.8125, 0.34375, 0.0625, 0.65625, 0.0, 0.53125, 0.5, 0.4375, 0.09375]
[TRAIN]: (55/1600): reward: -11.831686675548553, rates: 2.1683132769149935, loss: 1.9829840660095215, rho: 0.4000000000000001, transmit_actions: 14, P: [0.25, 0.5, 0.09375, 0.4375, 0.46875, 1.0, 0.59375, 0.09375, 1.0, 0.3125, 0.875, 0.65625, 0.0, 0.90625, 0.90625, 0.75, 0.9375, 0.46875, 0.46875, 0.15625]
[TRAIN]: (56/1600): reward: -0.3489423245191574, rates: 12.651057528891894, loss: 1.9583625018596649, rho: 0.4000000000000001, transmit_actions: 9, P: [0.3125, 0.625, 0.125, 0.53125, 0.0625, 0.0, 0.15625, 0.53125, 0.5625, 0.5, 0.03125, 0.1875, 0.6875, 0.75, 0.40625, 0.5625, 0.5, 0.34375, 0.9375, 0.75]
[TRAIN]: (57/1600): reward: 2.551405817270279, rates: 13.55140607508946, loss: 1.8218665063381194, rho: 0.4000000000000001, transmit_actions: 9, P: [0.8125, 0.15625, 0.84375, 0.0, 0.71875, 0.15625, 0.59375, 0.8125, 0.21875, 1.0, 0.34375, 0.125, 0.8125, 0.1875, 0.46875, 0.5625, 0.125, 0.21875, 0.5, 0.84375]
[TRAIN]: (58/1600): reward: -12.848025798797607, rates: 0.15197420863568817, loss: 1.9774623036384582, rho: 0.4000000000000001, transmit_actions: 11, P: [0.1875, 0.71875, 0.5625, 0.59375, 0.46875, 0.0625, 0.53125, 0.9375, 0.8125, 0.875, 0.71875, 0.96875, 0.9375, 0.34375, 0.75, 0.75, 0.625, 0.8125, 0.59375, 0.875]
[TRAIN]: (59/1600): reward: -14.137980431318283, rates: 0.8620195827907146, loss: 1.9816043078899384, rho: 0.4000000000000001, transmit_actions: 9, P: [0.21875, 0.28125, 0.6875, 0.71875, 1.0, 0.03125, 0.53125, 0.5625, 0.4375, 0.90625, 0.1875, 0.28125, 0.28125, 0.78125, 0.84375, 0.75, 0.65625, 0.625, 0.34375, 0.75]
[TRAIN]: (60/1600): reward: -5.734187126159668, rates: 11.26581264044717, loss: 1.9768696904182435, rho: 0.4000000000000001, transmit_actions: 9, P: [0.28125, 0.03125, 0.6875, 0.15625, 0.71875, 0.1875, 0.125, 0.625, 0.25, 0.5, 0.53125, 0.1875, 0.0, 0.28125, 0.15625, 0.375, 0.65625, 0.09375, 0.59375, 0.84375]
[TRAIN]: (61/1600): reward: -8.21785581111908, rates: 5.782144364326885, loss: 2.0165042757987974, rho: 0.4000000000000001, transmit_actions: 7, P: [0.15625, 0.9375, 0.59375, 0.90625, 0.0, 0.09375, 0.1875, 0.78125, 0.09375, 0.59375, 0.65625, 0.59375, 0.53125, 0.75, 0.96875, 0.09375, 0.09375, 0.78125, 0.75, 0.0]
[TRAIN]: (62/1600): reward: 2.7041343450546265, rates: 14.70413426927562, loss: 1.9841286301612855, rho: 0.4000000000000001, transmit_actions: 9, P: [0.125, 0.1875, 0.40625, 0.6875, 0.375, 0.15625, 0.8125, 0.59375, 0.46875, 0.75, 0.0, 0.375, 0.40625, 0.28125, 0.15625, 0.375, 0.0, 0.09375, 0.34375, 0.96875]
[TRAIN]: (63/1600): reward: 1.6123389825224876, rates: 12.612338829946353, loss: 1.8171353936195374, rho: 0.4000000000000001, transmit_actions: 9, P: [0.96875, 0.375, 0.03125, 0.90625, 0.0625, 0.78125, 0.8125, 0.40625, 0.0, 0.84375, 0.71875, 0.1875, 0.78125, 0.15625, 0.125, 0.03125, 0.09375, 0.0625, 0.9375, 0.46875]
[TRAIN]: (64/1600): reward: -3.525543361902237, rates: 8.474456844104118, loss: 1.8745468139648438, rho: 0.4000000000000001, transmit_actions: 9, P: [0.84375, 0.53125, 0.46875, 0.5625, 0.46875, 0.5, 0.9375, 0.34375, 0.25, 0.21875, 0.03125, 0.5, 0.5, 0.4375, 0.1875, 0.9375, 0.8125, 0.375, 0.4375, 0.0625]
[TRAIN]: (65/1600): reward: -15.0, rates: 0, loss: 1.6652097284793854, rho: 0.4000000000000001, transmit_actions: 8, P: [0.125, 0.625, 0.59375, 0.65625, 0.3125, 1.0, 0.625, 0.84375, 0.25, 0.59375, 0.96875, 0.0, 1.0, 1.0, 0.46875, 0.59375, 0.25, 0.40625, 0.625, 0.9375]
[TRAIN]: (66/1600): reward: -7.001204878091812, rates: 6.998795254514051, loss: 2.166001337766647, rho: 0.4000000000000001, transmit_actions: 9, P: [0.03125, 0.09375, 0.5625, 0.09375, 0.25, 0.78125, 0.53125, 0.6875, 0.65625, 0.34375, 0.71875, 0.78125, 0.40625, 0.1875, 0.46875, 0.59375, 0.25, 0.125, 0.25, 0.15625]
[TRAIN]: (67/1600): reward: -3.002777576446533, rates: 9.99722228692589, loss: 1.7675239086151122, rho: 0.4000000000000001, transmit_actions: 10, P: [0.5, 0.21875, 0.59375, 0.59375, 0.0, 0.96875, 0.96875, 0.71875, 0.0625, 0.75, 0.90625, 0.25, 0.1875, 0.53125, 0.96875, 0.5, 0.0, 0.59375, 0.09375, 0.0]
[TRAIN]: (68/1600): reward: 7.094404980540276, rates: 17.094404819223058, loss: 1.8330918729305268, rho: 0.4000000000000001, transmit_actions: 9, P: [0.5625, 0.4375, 0.09375, 0.09375, 0.9375, 0.90625, 0.1875, 0.375, 0.75, 0.25, 0.34375, 1.0, 0.0625, 0.5, 0.75, 0.3125, 0.25, 0.90625, 0.125, 0.03125]
[TRAIN]: (69/1600): reward: -14.088742543011904, rates: 0.9112574653739121, loss: 1.852032518386841, rho: 0.4000000000000001, transmit_actions: 10, P: [0.3125, 0.71875, 0.71875, 0.96875, 0.71875, 0.65625, 0.25, 0.71875, 0.0625, 0.875, 0.6875, 0.5625, 0.5625, 0.5, 0.5625, 0.375, 0.40625, 0.6875, 0.875, 0.90625]
[TRAIN]: (70/1600): reward: 12.086320059373975, rates: 25.086319970002208, loss: 1.9146092593669892, rho: 0.4000000000000001, transmit_actions: 7, P: [0.96875, 0.28125, 0.03125, 0.53125, 0.15625, 0.375, 0.34375, 0.40625, 0.96875, 0.59375, 0.75, 0.8125, 0.125, 0.59375, 0.46875, 0.25, 0.5625, 0.6875, 0.78125, 0.46875]
[TRAIN]: (71/1600): reward: 1.3188109397888184, rates: 13.318810832112167, loss: 1.7357546627521514, rho: 0.4000000000000001, transmit_actions: 9, P: [0.75, 0.1875, 0.8125, 0.3125, 0.78125, 0.0625, 0.59375, 0.8125, 0.0, 0.15625, 0.03125, 0.40625, 0.09375, 0.78125, 0.90625, 0.6875, 0.71875, 0.15625, 0.625, 0.71875]
[TRAIN]: (72/1600): reward: -3.0216748267412186, rates: 9.97832512500376, loss: 2.071483039855957, rho: 0.4000000000000001, transmit_actions: 10, P: [0.28125, 0.09375, 0.46875, 0.46875, 0.40625, 0.15625, 0.5, 0.4375, 0.5625, 0.4375, 0.34375, 0.0, 0.53125, 0.125, 0.96875, 0.1875, 0.59375, 0.90625, 0.28125, 0.90625]
[TRAIN]: (73/1600): reward: -5.770581364631653, rates: 9.229418768179771, loss: 1.9417250722646713, rho: 0.4000000000000001, transmit_actions: 14, P: [0.0625, 0.03125, 0.8125, 0.375, 0.40625, 0.125, 1.0, 0.03125, 0.28125, 0.15625, 0.28125, 1.0, 0.84375, 0.6875, 0.6875, 0.71875, 0.0625, 0.65625, 0.28125, 0.15625]
[TRAIN]: (74/1600): reward: 0.2627980411052704, rates: 14.262798281830364, loss: 2.119450706243515, rho: 0.4000000000000001, transmit_actions: 11, P: [0.375, 0.03125, 0.8125, 0.40625, 0.0, 0.625, 0.75, 1.0, 0.3125, 0.75, 0.4375, 0.15625, 0.90625, 0.09375, 0.09375, 0.4375, 0.40625, 0.5, 0.15625, 0.5625]
[TRAIN]: (75/1600): reward: -7.563690721988678, rates: 7.436309444157195, loss: 2.0515952587127684, rho: 0.4000000000000001, transmit_actions: 11, P: [0.75, 0.15625, 0.09375, 0.75, 0.59375, 0.09375, 0.8125, 0.78125, 0.15625, 0.15625, 0.5, 0.21875, 0.53125, 1.0, 0.28125, 0.25, 1.0, 0.53125, 0.1875, 0.125]
[TRAIN]: (76/1600): reward: -1.6565065383911133, rates: 14.343493948355285, loss: 2.1099753975868225, rho: 0.4000000000000001, transmit_actions: 10, P: [0.75, 0.625, 0.71875, 0.21875, 0.625, 0.53125, 0.03125, 0.4375, 0.59375, 0.125, 0.0625, 0.0625, 0.0625, 0.65625, 0.0, 0.03125, 0.0625, 0.625, 0.0625, 0.40625]
[TRAIN]: (77/1600): reward: -5.251358062028885, rates: 8.748641772189256, loss: 1.8935977578163148, rho: 0.4000000000000001, transmit_actions: 10, P: [0.875, 0.28125, 0.90625, 0.625, 0.09375, 0.3125, 0.84375, 0.15625, 0.96875, 0.0625, 0.6875, 0.0, 0.625, 0.59375, 0.53125, 0.46875, 0.5, 0.46875, 0.0625, 0.40625]
[TRAIN]: (78/1600): reward: -9.411634545773268, rates: 5.588365559283424, loss: 1.8430412828922271, rho: 0.4000000000000001, transmit_actions: 12, P: [0.59375, 0.34375, 0.90625, 0.3125, 0.0625, 0.90625, 0.09375, 0.625, 0.1875, 0.03125, 0.09375, 0.96875, 0.09375, 0.96875, 0.1875, 0.03125, 0.75, 1.0, 1.0, 0.125]
