[MAIN]: START
[ENV]: Started init Environment
[ENV]: ACTIONS_SPACE: 66
[ENV]: Finished init Environment
[TRAIN]: actions: 66, observations: 12
[TRAIN]: CUDA: True
[TRAIN]: (1/1600): reward: -14.717289388179779, rates: 0.2827106194849325, loss: 0, rho: 0.4000000000000001, transmit_actions: 7, P: [0.875, 0.4375, 0.40625, 0.71875, 0.75, 0.3125, 0.34375, 0.21875, 0.21875, 0.5625, 0.4375, 0.78125, 0.5625, 0.71875, 0.71875, 0.03125, 0.34375, 0.90625, 0.625, 0.46875]
[TRAIN]: (2/1600): reward: -6.452646836638451, rates: 7.5473533081326405, loss: 0, rho: 0.4000000000000001, transmit_actions: 13, P: [0.53125, 0.34375, 0.34375, 0.40625, 0.46875, 0.78125, 0.71875, 0.21875, 0.84375, 0.1875, 1.0, 0.6875, 1.0, 0.0, 0.6875, 0.28125, 0.90625, 0.9375, 0.0, 0.25]
[TRAIN]: (3/1600): reward: -7.888859689235687, rates: 6.111140545170613, loss: 0, rho: 0.4000000000000001, transmit_actions: 10, P: [0.90625, 0.40625, 0.78125, 0.6875, 0.5, 0.46875, 0.6875, 0.84375, 0.84375, 0.0, 0.40625, 0.59375, 0.0625, 0.25, 0.375, 0.59375, 0.5625, 0.09375, 0.84375, 0.75]
[TRAIN]: (4/1600): reward: 5.144989728927612, rates: 18.144989495825534, loss: 3.255737718413858, rho: 0.4000000000000001, transmit_actions: 13, P: [0.8125, 0.8125, 0.1875, 0.09375, 0.125, 0.5625, 0.40625, 0.65625, 0.46875, 0.09375, 0.78125, 0.25, 0.03125, 1.0, 0.71875, 0.59375, 0.46875, 0.28125, 0.5625, 0.625]
[TRAIN]: (5/1600): reward: 6.661081314086914, rates: 20.66108134550874, loss: 4.786691045761108, rho: 0.4000000000000001, transmit_actions: 10, P: [0.875, 0.65625, 0.9375, 0.71875, 0.5, 0.875, 0.0, 0.59375, 0.28125, 0.8125, 0.0625, 0.71875, 0.21875, 0.03125, 0.125, 1.0, 0.625, 0.625, 0.15625, 0.09375]
[TRAIN]: (6/1600): reward: -5.986002027988434, rates: 7.013997801891296, loss: 4.577968716621399, rho: 0.4000000000000001, transmit_actions: 12, P: [0.25, 0.6875, 0.75, 0.46875, 0.8125, 0.8125, 0.34375, 0.4375, 0.5625, 0.9375, 0.21875, 0.46875, 0.40625, 0.9375, 0.65625, 0.1875, 0.75, 0.0625, 0.9375, 0.84375]
[TRAIN]: (7/1600): reward: 4.202283948659897, rates: 17.20228389176301, loss: 4.379683136940002, rho: 0.4000000000000001, transmit_actions: 11, P: [0.75, 0.5, 0.75, 0.09375, 0.65625, 0.46875, 0.125, 0.40625, 0.8125, 0.25, 0.21875, 0.5, 0.375, 0.0, 0.4375, 0.09375, 0.1875, 0.9375, 0.0, 0.15625]
[TRAIN]: (8/1600): reward: -6.583714544773102, rates: 7.41628526493437, loss: 4.007161152362824, rho: 0.4000000000000001, transmit_actions: 8, P: [0.59375, 0.4375, 0.5625, 0.46875, 0.3125, 0.15625, 0.78125, 0.59375, 0.5, 0.21875, 0.09375, 0.28125, 0.15625, 0.1875, 0.4375, 0.625, 0.84375, 0.09375, 0.96875, 0.84375]
[TRAIN]: (9/1600): reward: 0.7041722536087036, rates: 14.704172461385717, loss: 3.3758144617080688, rho: 0.4000000000000001, transmit_actions: 8, P: [0.53125, 0.84375, 0.46875, 0.09375, 0.40625, 0.4375, 0.0, 0.46875, 0.96875, 0.09375, 0.28125, 0.6875, 0.40625, 0.71875, 0.4375, 0.78125, 0.1875, 0.09375, 0.03125, 0.59375]
[TRAIN]: (10/1600): reward: 1.7062934190034866, rates: 8.70629356819498, loss: 2.7757632732391357, rho: 0.4000000000000001, transmit_actions: 8, P: [0.84375, 0.46875, 0.1875, 0.71875, 0.71875, 1.0, 0.25, 0.84375, 0.0625, 0.4375, 0.25, 0.78125, 0.0625, 0.96875, 0.75, 0.96875, 0.96875, 0.0625, 0.90625, 0.0625]
[TRAIN]: (11/1600): reward: -10.491802334785461, rates: 4.508197702472458, loss: 2.30828595161438, rho: 0.4000000000000001, transmit_actions: 8, P: [0.15625, 0.0, 0.59375, 0.9375, 0.5625, 0.3125, 0.53125, 0.21875, 0.5625, 0.125, 0.84375, 0.90625, 0.625, 0.625, 0.15625, 0.71875, 0.53125, 0.0625, 0.9375, 0.8125]
[TRAIN]: (12/1600): reward: -8.154735192656517, rates: 4.845264654196099, loss: 2.5964648544788362, rho: 0.4000000000000001, transmit_actions: 12, P: [0.71875, 0.625, 0.5, 0.0625, 0.4375, 0.1875, 0.21875, 0.0, 0.125, 0.15625, 0.375, 0.5, 0.46875, 0.8125, 0.53125, 0.125, 0.9375, 0.90625, 0.65625, 0.0]
[TRAIN]: (13/1600): reward: -8.28254845738411, rates: 6.717451379331827, loss: 2.4080971598625185, rho: 0.4000000000000001, transmit_actions: 8, P: [0.03125, 0.25, 0.65625, 0.5, 0.4375, 0.90625, 0.40625, 0.21875, 0.75, 0.34375, 0.8125, 0.4375, 0.375, 0.875, 0.21875, 0.125, 0.4375, 0.65625, 0.59375, 0.125]
[TRAIN]: (14/1600): reward: -11.425919968634844, rates: 0.574080023211145, loss: 2.2821419656276705, rho: 0.4000000000000001, transmit_actions: 8, P: [0.1875, 0.0625, 0.21875, 0.28125, 0.625, 0.75, 0.875, 0.75, 0.40625, 0.9375, 0.84375, 0.90625, 0.0625, 0.71875, 1.0, 0.875, 0.3125, 0.6875, 0.875, 0.4375]
[TRAIN]: (15/1600): reward: 1.276932742446661, rates: 12.27693279227231, loss: 2.195267504453659, rho: 0.4000000000000001, transmit_actions: 11, P: [0.4375, 0.0, 0.4375, 0.09375, 0.875, 0.15625, 0.125, 0.15625, 0.4375, 0.125, 0.96875, 0.75, 1.0, 0.71875, 0.25, 0.6875, 0.59375, 0.625, 0.75, 0.21875]
[TRAIN]: (16/1600): reward: -10.129747450351715, rates: 1.8702525507463457, loss: 2.3606305956840514, rho: 0.4000000000000001, transmit_actions: 12, P: [0.0, 0.4375, 0.78125, 0.1875, 0.78125, 0.09375, 0.71875, 0.375, 0.71875, 0.90625, 0.5625, 0.90625, 0.34375, 0.5625, 0.59375, 0.0625, 0.78125, 0.0, 0.875, 0.75]
[TRAIN]: (17/1600): reward: -7.958425924181938, rates: 6.041574238631657, loss: 2.1656123816967012, rho: 0.4000000000000001, transmit_actions: 9, P: [0.25, 0.28125, 0.8125, 0.3125, 0.3125, 0.4375, 0.53125, 0.65625, 0.6875, 0.03125, 0.4375, 0.09375, 0.84375, 0.46875, 0.3125, 0.65625, 0.78125, 0.46875, 0.3125, 0.25]
[TRAIN]: (18/1600): reward: -3.9048955887556076, rates: 10.095104448034338, loss: 2.1086523234844208, rho: 0.4000000000000001, transmit_actions: 12, P: [0.625, 0.53125, 0.1875, 0.625, 0.875, 0.53125, 0.90625, 0.46875, 0.0625, 0.5, 0.21875, 0.78125, 0.0625, 0.65625, 0.34375, 0.5, 0.46875, 0.5625, 0.9375, 0.5625]
[TRAIN]: (19/1600): reward: -9.302012771368027, rates: 5.697987326827987, loss: 2.300393354892731, rho: 0.4000000000000001, transmit_actions: 9, P: [0.9375, 0.75, 0.6875, 0.25, 0.25, 0.3125, 0.84375, 0.15625, 0.875, 0.21875, 0.1875, 0.90625, 0.5625, 0.84375, 0.34375, 0.3125, 0.65625, 0.53125, 0.4375, 0.25]
[TRAIN]: (20/1600): reward: -11.827618822455406, rates: 0.17238117793179322, loss: 2.3508485853672028, rho: 0.4000000000000001, transmit_actions: 6, P: [0.65625, 0.15625, 0.90625, 0.03125, 0.8125, 0.4375, 0.375, 0.9375, 1.0, 0.84375, 0.1875, 0.21875, 0.25, 0.25, 0.9375, 0.90625, 0.3125, 0.875, 1.0, 0.75]
[TRAIN]: (21/1600): reward: -13.362422406673431, rates: 0.6375775876348013, loss: 1.8947610080242157, rho: 0.4000000000000001, transmit_actions: 7, P: [0.34375, 0.03125, 0.875, 0.53125, 0.1875, 0.84375, 0.46875, 0.0625, 0.625, 0.0, 0.625, 0.21875, 0.65625, 0.625, 0.5, 0.1875, 0.875, 0.3125, 0.8125, 0.59375]
[TRAIN]: (22/1600): reward: -11.830697536468506, rates: 4.1693024988445595, loss: 1.95075563788414, rho: 0.4000000000000001, transmit_actions: 12, P: [0.0, 0.78125, 0.34375, 0.21875, 0.1875, 0.59375, 0.6875, 0.03125, 0.375, 0.125, 0.03125, 0.9375, 0.65625, 0.84375, 0.875, 0.96875, 0.3125, 0.4375, 0.125, 0.78125]
[TRAIN]: (23/1600): reward: 1.8728121519088745, rates: 11.87281189953967, loss: 2.0887585818767547, rho: 0.4000000000000001, transmit_actions: 11, P: [0.90625, 0.75, 0.125, 0.15625, 0.84375, 0.75, 0.5, 1.0, 1.0, 0.40625, 0.375, 0.5625, 1.0, 0.84375, 0.6875, 0.125, 0.0, 0.375, 0.59375, 0.65625]
[TRAIN]: (24/1600): reward: 7.907750815153122, rates: 18.907750936233136, loss: 2.0151587784290315, rho: 0.4000000000000001, transmit_actions: 13, P: [0.90625, 0.8125, 0.03125, 0.25, 1.0, 0.0625, 0.9375, 0.28125, 0.0625, 0.9375, 0.71875, 0.875, 0.5, 0.21875, 0.3125, 0.875, 0.5625, 0.34375, 0.40625, 0.125]
[TRAIN]: (25/1600): reward: -6.948470778763294, rates: 5.051529185710403, loss: 2.2034585416316985, rho: 0.4000000000000001, transmit_actions: 11, P: [0.28125, 0.5625, 0.0, 0.28125, 0.8125, 0.96875, 0.34375, 0.0, 0.1875, 0.0625, 0.46875, 0.5625, 0.6875, 0.75, 0.0, 0.78125, 0.71875, 0.0, 0.59375, 0.125]
[TRAIN]: (26/1600): reward: -8.98161494731903, rates: 6.018384821808998, loss: 2.1156872034072878, rho: 0.4000000000000001, transmit_actions: 9, P: [0.5, 0.5, 1.0, 0.4375, 0.28125, 0.9375, 0.375, 0.375, 0.625, 0.25, 0.59375, 0.25, 0.34375, 0.6875, 0.28125, 0.96875, 0.09375, 1.0, 0.375, 0.25]
[TRAIN]: (27/1600): reward: -1.3417460322380066, rates: 11.658254226138421, loss: 2.2177126467227937, rho: 0.4000000000000001, transmit_actions: 12, P: [0.84375, 0.71875, 0.09375, 0.8125, 0.25, 0.40625, 0.0, 0.4375, 0.15625, 0.28125, 0.15625, 0.3125, 1.0, 0.0625, 0.34375, 0.8125, 0.21875, 0.0, 0.65625, 0.78125]
[TRAIN]: (28/1600): reward: -11.81167060136795, rates: 4.1883296332186655, loss: 2.1474266588687896, rho: 0.4000000000000001, transmit_actions: 17, P: [0.0, 0.3125, 0.96875, 0.53125, 1.0, 0.59375, 0.125, 0.5, 0.8125, 0.0625, 0.875, 0.53125, 0.4375, 0.4375, 0.9375, 0.90625, 0.03125, 0.71875, 0.75, 0.9375]
[TRAIN]: (29/1600): reward: -0.8878998905420303, rates: 11.112099974750784, loss: 2.1018877625465393, rho: 0.4000000000000001, transmit_actions: 10, P: [0.15625, 0.25, 0.0, 0.59375, 0.96875, 0.15625, 1.0, 0.0625, 0.5625, 0.25, 0.59375, 0.625, 0.9375, 0.28125, 0.71875, 0.125, 0.875, 0.46875, 0.96875, 0.0]
[TRAIN]: (30/1600): reward: -3.485442817211151, rates: 11.514556814652897, loss: 1.8493947327136993, rho: 0.4000000000000001, transmit_actions: 6, P: [0.25, 0.1875, 0.5, 0.4375, 0.53125, 0.78125, 0.8125, 0.03125, 0.75, 0.375, 0.40625, 0.15625, 0.46875, 0.5625, 0.53125, 0.96875, 0.90625, 0.09375, 0.15625, 0.15625]
[TRAIN]: (31/1600): reward: -10.945259355008602, rates: 0.054740644315856686, loss: 2.192317622900009, rho: 0.4000000000000001, transmit_actions: 8, P: [0.90625, 0.625, 0.0625, 0.96875, 0.59375, 0.8125, 0.34375, 0.28125, 0.5625, 0.78125, 0.125, 0.9375, 0.75, 1.0, 0.9375, 0.65625, 1.0, 0.9375, 1.0, 0.46875]
[TRAIN]: (32/1600): reward: -9.91517162322998, rates: 5.084828419171859, loss: 2.235722839832306, rho: 0.4000000000000001, transmit_actions: 11, P: [0.1875, 0.34375, 0.84375, 0.9375, 0.71875, 0.8125, 0.46875, 0.78125, 0.53125, 0.4375, 0.6875, 0.59375, 0.96875, 0.875, 0.6875, 0.875, 0.75, 1.0, 0.65625, 0.1875]
[TRAIN]: (33/1600): reward: -9.213829681277275, rates: 5.786170318514653, loss: 1.9164600312709807, rho: 0.4000000000000001, transmit_actions: 10, P: [0.15625, 0.9375, 0.09375, 0.03125, 0.8125, 0.15625, 0.65625, 0.8125, 0.3125, 0.375, 0.28125, 0.75, 0.0625, 0.3125, 0.625, 0.375, 0.65625, 0.53125, 0.9375, 0.96875]
[TRAIN]: (34/1600): reward: 7.720086183398962, rates: 16.720086251318186, loss: 2.1580633878707887, rho: 0.4000000000000001, transmit_actions: 10, P: [0.90625, 0.0625, 0.40625, 0.375, 0.15625, 0.6875, 0.625, 0.40625, 0.25, 0.0625, 0.59375, 0.96875, 0.5625, 0.0625, 0.0625, 0.9375, 0.3125, 0.03125, 0.15625, 0.375]
[TRAIN]: (35/1600): reward: -3.4530926570296288, rates: 10.546907310724286, loss: 2.1636296689510344, rho: 0.4000000000000001, transmit_actions: 12, P: [0.71875, 0.6875, 0.5, 0.09375, 0.28125, 0.125, 0.59375, 0.875, 0.9375, 0.21875, 0.90625, 0.4375, 0.84375, 0.21875, 0.84375, 0.3125, 0.375, 0.5625, 0.71875, 0.75]
[TRAIN]: (36/1600): reward: 4.012634575366974, rates: 16.012634256462338, loss: 2.1466401875019074, rho: 0.4000000000000001, transmit_actions: 8, P: [0.59375, 0.59375, 0.625, 0.5625, 0.8125, 0.125, 0.78125, 0.03125, 0.375, 0.28125, 0.125, 0.53125, 0.0, 0.5, 0.25, 0.59375, 0.25, 0.46875, 0.46875, 0.21875]
[TRAIN]: (37/1600): reward: -7.172913551330566, rates: 8.827086521967182, loss: 2.2100044548511506, rho: 0.4000000000000001, transmit_actions: 14, P: [0.90625, 0.9375, 0.28125, 0.21875, 1.0, 0.4375, 0.84375, 0.0, 0.78125, 0.84375, 0.75, 0.625, 0.03125, 0.21875, 0.65625, 0.59375, 0.5625, 1.0, 0.59375, 0.6875]
[TRAIN]: (38/1600): reward: -17.50500899553299, rates: 0.4949909974459899, loss: 2.0942493796348574, rho: 0.4000000000000001, transmit_actions: 8, P: [0.78125, 0.28125, 0.1875, 0.34375, 0.59375, 0.5, 0.15625, 0.375, 0.1875, 0.8125, 0.5625, 0.09375, 0.21875, 0.1875, 0.53125, 0.09375, 0.5625, 0.40625, 0.71875, 0.875]
[TRAIN]: (39/1600): reward: -7.6992309875786304, rates: 5.300768835726722, loss: 2.0403501629829406, rho: 0.4000000000000001, transmit_actions: 12, P: [0.375, 0.84375, 0.25, 0.375, 0.40625, 0.9375, 1.0, 0.0, 0.09375, 0.875, 0.0625, 0.34375, 0.75, 0.71875, 0.28125, 0.875, 0.5, 0.8125, 0.65625, 0.5]
[TRAIN]: (40/1600): reward: -12.770432472229004, rates: 4.229567325977947, loss: 2.045790696144104, rho: 0.4000000000000001, transmit_actions: 11, P: [0.8125, 0.5625, 0.84375, 0.28125, 0.1875, 0.65625, 0.59375, 0.28125, 0.8125, 0.3125, 0.8125, 0.78125, 0.125, 0.09375, 0.75, 0.1875, 0.65625, 0.40625, 0.75, 0.65625]
[TRAIN]: (41/1600): reward: -6.865911640226841, rates: 7.134088097138058, loss: 2.1108185589313506, rho: 0.4000000000000001, transmit_actions: 9, P: [0.9375, 0.4375, 1.0, 0.5, 0.59375, 0.90625, 0.71875, 0.21875, 0.46875, 0.0625, 0.59375, 0.5, 0.53125, 0.59375, 0.625, 0.625, 0.90625, 0.40625, 0.4375, 0.5625]
[TRAIN]: (42/1600): reward: -11.768831871449947, rates: 5.231167923231713, loss: 2.2100222051143645, rho: 0.4000000000000001, transmit_actions: 8, P: [0.84375, 0.4375, 0.40625, 0.8125, 0.5625, 0.03125, 0.84375, 0.15625, 0.25, 0.34375, 0.40625, 0.125, 0.25, 0.59375, 0.4375, 0.5625, 0.5, 0.125, 0.28125, 0.84375]
[TRAIN]: (43/1600): reward: -12.15902355313301, rates: 0.8409764739449267, loss: 2.204532140493393, rho: 0.4000000000000001, transmit_actions: 15, P: [0.78125, 0.34375, 0.125, 0.9375, 0.0, 0.40625, 0.28125, 0.3125, 0.0, 0.40625, 0.625, 0.875, 0.875, 0.53125, 0.625, 0.875, 0.6875, 0.875, 0.5625, 0.78125]
[TRAIN]: (44/1600): reward: -13.815514519810677, rates: 0.1844854771249693, loss: 1.9767426609992982, rho: 0.4000000000000001, transmit_actions: 9, P: [0.5625, 0.4375, 0.25, 0.6875, 0.84375, 0.03125, 0.875, 0.875, 0.0, 0.03125, 0.0625, 0.625, 0.875, 0.375, 0.65625, 0.4375, 0.09375, 0.78125, 0.59375, 0.53125]
[TRAIN]: (45/1600): reward: -10.32925045862794, rates: 4.670749539104535, loss: 2.0834729194641115, rho: 0.4000000000000001, transmit_actions: 7, P: [0.3125, 0.25, 0.28125, 0.6875, 0.90625, 0.875, 0.625, 0.09375, 0.625, 0.78125, 0.71875, 0.03125, 0.34375, 0.90625, 0.53125, 0.0625, 0.71875, 0.4375, 0.75, 0.0625]
[TRAIN]: (46/1600): reward: -1.1498892307281494, rates: 12.850110647423573, loss: 2.011937415599823, rho: 0.4000000000000001, transmit_actions: 8, P: [0.34375, 0.15625, 0.84375, 0.375, 0.84375, 0.84375, 0.1875, 0.375, 0.71875, 0.78125, 0.4375, 0.375, 0.0625, 0.90625, 0.78125, 0.21875, 0.8125, 0.09375, 0.875, 0.9375]
[TRAIN]: (47/1600): reward: -3.500679314136505, rates: 11.499320572219915, loss: 2.073870652914047, rho: 0.4000000000000001, transmit_actions: 12, P: [0.84375, 0.1875, 0.96875, 0.1875, 0.71875, 0.09375, 0.25, 0.78125, 0.15625, 0.09375, 0.0625, 0.5625, 0.96875, 0.1875, 0.90625, 0.0625, 0.09375, 0.6875, 0.84375, 0.25]
[TRAIN]: (48/1600): reward: 6.629318207502365, rates: 17.629317823713798, loss: 1.969998025894165, rho: 0.4000000000000001, transmit_actions: 10, P: [0.46875, 0.46875, 0.84375, 0.9375, 0.3125, 0.96875, 0.1875, 0.4375, 0.0, 0.125, 0.5625, 0.375, 0.90625, 0.125, 0.625, 0.1875, 0.53125, 0.03125, 0.59375, 0.78125]
[TRAIN]: (49/1600): reward: -9.221320152282715, rates: 5.7786799520590195, loss: 2.113167905807495, rho: 0.4000000000000001, transmit_actions: 9, P: [0.1875, 0.15625, 0.8125, 0.1875, 0.46875, 0.4375, 0.96875, 0.5625, 1.0, 0.5625, 0.6875, 0.65625, 0.9375, 0.78125, 0.46875, 0.0, 1.0, 0.65625, 0.71875, 0.59375]
[TRAIN]: (50/1600): reward: -14.320547580718994, rates: 1.679452365616937, loss: 1.8774308621883393, rho: 0.4000000000000001, transmit_actions: 11, P: [0.03125, 0.96875, 0.90625, 0.0, 0.84375, 0.1875, 0.34375, 0.25, 0.78125, 0.8125, 0.5, 0.96875, 0.46875, 0.09375, 0.09375, 1.0, 0.65625, 0.1875, 0.28125, 0.25]
[TRAIN]: (51/1600): reward: -12.747016485780478, rates: 4.2529836836033565, loss: 2.030813419818878, rho: 0.4000000000000001, transmit_actions: 12, P: [0.3125, 0.15625, 0.21875, 0.625, 0.53125, 0.53125, 0.375, 0.65625, 0.25, 0.09375, 0.5, 0.125, 0.21875, 0.65625, 0.53125, 0.8125, 0.5, 0.9375, 0.9375, 0.90625]
[TRAIN]: (52/1600): reward: 1.1895177960395813, rates: 13.189517913753185, loss: 2.130613249540329, rho: 0.4000000000000001, transmit_actions: 10, P: [0.5, 0.1875, 0.59375, 0.78125, 0.40625, 0.46875, 0.90625, 0.5, 0.3125, 0.78125, 0.1875, 0.96875, 0.5625, 0.8125, 0.3125, 0.125, 0.15625, 0.71875, 0.90625, 0.96875]
[TRAIN]: (53/1600): reward: -10.151564434170723, rates: 4.848435392706777, loss: 1.9399444162845612, rho: 0.4000000000000001, transmit_actions: 12, P: [0.5, 0.21875, 0.0, 0.96875, 0.1875, 0.875, 0.8125, 0.34375, 0.375, 0.375, 0.5625, 0.875, 0.5625, 0.0, 0.875, 0.9375, 0.28125, 0.78125, 0.0, 0.0625]
[TRAIN]: (54/1600): reward: -8.444969892501831, rates: 8.555030350348295, loss: 2.0667357444763184, rho: 0.4000000000000001, transmit_actions: 12, P: [0.09375, 0.25, 0.625, 0.21875, 0.375, 1.0, 0.5, 0.9375, 0.5625, 0.25, 0.34375, 0.8125, 0.34375, 0.0625, 0.65625, 0.0, 0.53125, 0.5, 0.4375, 0.09375]
[TRAIN]: (55/1600): reward: -11.831686675548553, rates: 2.1683132769149935, loss: 1.9594444274902343, rho: 0.4000000000000001, transmit_actions: 14, P: [0.25, 0.5, 0.09375, 0.4375, 0.46875, 1.0, 0.59375, 0.09375, 1.0, 0.3125, 0.875, 0.65625, 0.0, 0.90625, 0.90625, 0.75, 0.9375, 0.46875, 0.46875, 0.15625]
[TRAIN]: (56/1600): reward: -0.3489423245191574, rates: 12.651057528891894, loss: 1.921266919374466, rho: 0.4000000000000001, transmit_actions: 9, P: [0.3125, 0.625, 0.125, 0.53125, 0.0625, 0.0, 0.15625, 0.53125, 0.5625, 0.5, 0.03125, 0.1875, 0.6875, 0.75, 0.40625, 0.5625, 0.5, 0.34375, 0.9375, 0.75]
[TRAIN]: (57/1600): reward: 2.551405817270279, rates: 13.55140607508946, loss: 1.893310683965683, rho: 0.4000000000000001, transmit_actions: 9, P: [0.8125, 0.15625, 0.84375, 0.0, 0.71875, 0.15625, 0.59375, 0.8125, 0.21875, 1.0, 0.34375, 0.125, 0.8125, 0.1875, 0.46875, 0.5625, 0.125, 0.21875, 0.5, 0.84375]
[TRAIN]: (58/1600): reward: -12.848025798797607, rates: 0.15197420863568817, loss: 1.8957331359386445, rho: 0.4000000000000001, transmit_actions: 11, P: [0.1875, 0.71875, 0.5625, 0.59375, 0.46875, 0.0625, 0.53125, 0.9375, 0.8125, 0.875, 0.71875, 0.96875, 0.9375, 0.34375, 0.75, 0.75, 0.625, 0.8125, 0.59375, 0.875]
[TRAIN]: (59/1600): reward: -14.137980431318283, rates: 0.8620195827907146, loss: 2.093771702051163, rho: 0.4000000000000001, transmit_actions: 9, P: [0.21875, 0.28125, 0.6875, 0.71875, 1.0, 0.03125, 0.53125, 0.5625, 0.4375, 0.90625, 0.1875, 0.28125, 0.28125, 0.78125, 0.84375, 0.75, 0.65625, 0.625, 0.34375, 0.75]
[TRAIN]: (60/1600): reward: -5.734187126159668, rates: 11.26581264044717, loss: 2.0498264342546464, rho: 0.4000000000000001, transmit_actions: 9, P: [0.28125, 0.03125, 0.6875, 0.15625, 0.71875, 0.1875, 0.125, 0.625, 0.25, 0.5, 0.53125, 0.1875, 0.0, 0.28125, 0.15625, 0.375, 0.65625, 0.09375, 0.59375, 0.84375]
[TRAIN]: (61/1600): reward: -8.21785581111908, rates: 5.782144364326885, loss: 1.8071994543075562, rho: 0.4000000000000001, transmit_actions: 7, P: [0.15625, 0.9375, 0.59375, 0.90625, 0.0, 0.09375, 0.1875, 0.78125, 0.09375, 0.59375, 0.65625, 0.59375, 0.53125, 0.75, 0.96875, 0.09375, 0.09375, 0.78125, 0.75, 0.0]
[TRAIN]: (62/1600): reward: 2.7041343450546265, rates: 14.70413426927562, loss: 1.7133158922195435, rho: 0.4000000000000001, transmit_actions: 9, P: [0.125, 0.1875, 0.40625, 0.6875, 0.375, 0.15625, 0.8125, 0.59375, 0.46875, 0.75, 0.0, 0.375, 0.40625, 0.28125, 0.15625, 0.375, 0.0, 0.09375, 0.34375, 0.96875]
[TRAIN]: (63/1600): reward: 1.6123389825224876, rates: 12.612338829946353, loss: 1.9074602663516997, rho: 0.4000000000000001, transmit_actions: 9, P: [0.96875, 0.375, 0.03125, 0.90625, 0.0625, 0.78125, 0.8125, 0.40625, 0.0, 0.84375, 0.71875, 0.1875, 0.78125, 0.15625, 0.125, 0.03125, 0.09375, 0.0625, 0.9375, 0.46875]
[TRAIN]: (64/1600): reward: -3.525543361902237, rates: 8.474456844104118, loss: 1.8577368080615997, rho: 0.4000000000000001, transmit_actions: 9, P: [0.84375, 0.53125, 0.46875, 0.5625, 0.46875, 0.5, 0.9375, 0.34375, 0.25, 0.21875, 0.03125, 0.5, 0.5, 0.4375, 0.1875, 0.9375, 0.8125, 0.375, 0.4375, 0.0625]
[TRAIN]: (65/1600): reward: -15.0, rates: 0, loss: 2.1309086441993714, rho: 0.4000000000000001, transmit_actions: 8, P: [0.125, 0.625, 0.59375, 0.65625, 0.3125, 1.0, 0.625, 0.84375, 0.25, 0.59375, 0.96875, 0.0, 1.0, 1.0, 0.46875, 0.59375, 0.25, 0.40625, 0.625, 0.9375]
[TRAIN]: (66/1600): reward: -7.001204878091812, rates: 6.998795254514051, loss: 2.045555067062378, rho: 0.4000000000000001, transmit_actions: 9, P: [0.03125, 0.09375, 0.5625, 0.09375, 0.25, 0.78125, 0.53125, 0.6875, 0.65625, 0.34375, 0.71875, 0.78125, 0.40625, 0.1875, 0.46875, 0.59375, 0.25, 0.125, 0.25, 0.15625]
[TRAIN]: (67/1600): reward: -3.002777576446533, rates: 9.99722228692589, loss: 1.8980872571468352, rho: 0.4000000000000001, transmit_actions: 10, P: [0.5, 0.21875, 0.59375, 0.59375, 0.0, 0.96875, 0.96875, 0.71875, 0.0625, 0.75, 0.90625, 0.25, 0.1875, 0.53125, 0.96875, 0.5, 0.0, 0.59375, 0.09375, 0.0]
[TRAIN]: (68/1600): reward: 7.094404980540276, rates: 17.094404819223058, loss: 1.8394931256771088, rho: 0.4000000000000001, transmit_actions: 9, P: [0.5625, 0.4375, 0.09375, 0.09375, 0.9375, 0.90625, 0.1875, 0.375, 0.75, 0.25, 0.34375, 1.0, 0.0625, 0.5, 0.75, 0.3125, 0.25, 0.90625, 0.125, 0.03125]
[TRAIN]: (69/1600): reward: -14.088742543011904, rates: 0.9112574653739121, loss: 1.8759093284606934, rho: 0.4000000000000001, transmit_actions: 10, P: [0.3125, 0.71875, 0.71875, 0.96875, 0.71875, 0.65625, 0.25, 0.71875, 0.0625, 0.875, 0.6875, 0.5625, 0.5625, 0.5, 0.5625, 0.375, 0.40625, 0.6875, 0.875, 0.90625]
[TRAIN]: (70/1600): reward: 12.086320059373975, rates: 25.086319970002208, loss: 1.693529987335205, rho: 0.4000000000000001, transmit_actions: 7, P: [0.96875, 0.28125, 0.03125, 0.53125, 0.15625, 0.375, 0.34375, 0.40625, 0.96875, 0.59375, 0.75, 0.8125, 0.125, 0.59375, 0.46875, 0.25, 0.5625, 0.6875, 0.78125, 0.46875]
[TRAIN]: (71/1600): reward: 1.3188109397888184, rates: 13.318810832112167, loss: 1.8798350989818573, rho: 0.4000000000000001, transmit_actions: 9, P: [0.75, 0.1875, 0.8125, 0.3125, 0.78125, 0.0625, 0.59375, 0.8125, 0.0, 0.15625, 0.03125, 0.40625, 0.09375, 0.78125, 0.90625, 0.6875, 0.71875, 0.15625, 0.625, 0.71875]
[TRAIN]: (72/1600): reward: -3.0216748267412186, rates: 9.97832512500376, loss: 1.9103755891323089, rho: 0.4000000000000001, transmit_actions: 10, P: [0.28125, 0.09375, 0.46875, 0.46875, 0.40625, 0.15625, 0.5, 0.4375, 0.5625, 0.4375, 0.34375, 0.0, 0.53125, 0.125, 0.96875, 0.1875, 0.59375, 0.90625, 0.28125, 0.90625]
[TRAIN]: (73/1600): reward: -5.770581364631653, rates: 9.229418768179771, loss: 2.1785361647605894, rho: 0.4000000000000001, transmit_actions: 14, P: [0.0625, 0.03125, 0.8125, 0.375, 0.40625, 0.125, 1.0, 0.03125, 0.28125, 0.15625, 0.28125, 1.0, 0.84375, 0.6875, 0.6875, 0.71875, 0.0625, 0.65625, 0.28125, 0.15625]
[TRAIN]: (74/1600): reward: 0.2627980411052704, rates: 14.262798281830364, loss: 2.150010806322098, rho: 0.4000000000000001, transmit_actions: 11, P: [0.375, 0.03125, 0.8125, 0.40625, 0.0, 0.625, 0.75, 1.0, 0.3125, 0.75, 0.4375, 0.15625, 0.90625, 0.09375, 0.09375, 0.4375, 0.40625, 0.5, 0.15625, 0.5625]
[TRAIN]: (75/1600): reward: -7.563690721988678, rates: 7.436309444157195, loss: 1.9661459267139434, rho: 0.4000000000000001, transmit_actions: 11, P: [0.75, 0.15625, 0.09375, 0.75, 0.59375, 0.09375, 0.8125, 0.78125, 0.15625, 0.15625, 0.5, 0.21875, 0.53125, 1.0, 0.28125, 0.25, 1.0, 0.53125, 0.1875, 0.125]
[TRAIN]: (76/1600): reward: -1.6565065383911133, rates: 14.343493948355285, loss: 2.198819690942764, rho: 0.4000000000000001, transmit_actions: 10, P: [0.75, 0.625, 0.71875, 0.21875, 0.625, 0.53125, 0.03125, 0.4375, 0.59375, 0.125, 0.0625, 0.0625, 0.0625, 0.65625, 0.0, 0.03125, 0.0625, 0.625, 0.0625, 0.40625]
[TRAIN]: (77/1600): reward: -5.251358062028885, rates: 8.748641772189256, loss: 1.9701110780239106, rho: 0.4000000000000001, transmit_actions: 10, P: [0.875, 0.28125, 0.90625, 0.625, 0.09375, 0.3125, 0.84375, 0.15625, 0.96875, 0.0625, 0.6875, 0.0, 0.625, 0.59375, 0.53125, 0.46875, 0.5, 0.46875, 0.0625, 0.40625]
[TRAIN]: (78/1600): reward: -9.411634545773268, rates: 5.588365559283424, loss: 1.9481214702129364, rho: 0.4000000000000001, transmit_actions: 12, P: [0.59375, 0.34375, 0.90625, 0.3125, 0.0625, 0.90625, 0.09375, 0.625, 0.1875, 0.03125, 0.09375, 0.96875, 0.09375, 0.96875, 0.1875, 0.03125, 0.75, 1.0, 1.0, 0.125]
[TRAIN]: (79/1600): reward: -14.458179295063019, rates: 0.5418207090045681, loss: 2.026489073038101, rho: 0.4000000000000001, transmit_actions: 8, P: [0.8125, 0.09375, 0.28125, 0.0, 0.40625, 0.40625, 0.96875, 0.3125, 0.46875, 0.25, 0.75, 0.96875, 0.875, 0.46875, 0.15625, 0.40625, 1.0, 0.1875, 0.78125, 0.28125]
[TRAIN]: (80/1600): reward: -16.0, rates: 0, loss: 1.8951857447624207, rho: 0.4000000000000001, transmit_actions: 10, P: [0.125, 0.4375, 0.875, 0.625, 0.90625, 0.71875, 0.5, 0.5625, 0.375, 0.3125, 0.90625, 0.78125, 0.9375, 0.3125, 0.59375, 0.625, 0.75, 0.53125, 0.875, 0.15625]
[TRAIN]: (81/1600): reward: -7.408550303429365, rates: 6.591449699634603, loss: 2.095211136341095, rho: 0.4000000000000001, transmit_actions: 12, P: [0.15625, 0.28125, 0.0625, 0.4375, 0.1875, 0.34375, 1.0, 0.03125, 0.71875, 0.96875, 0.1875, 0.0, 0.34375, 0.75, 0.28125, 1.0, 0.34375, 0.125, 1.0, 0.9375]
[TRAIN]: (82/1600): reward: -1.7659540539607406, rates: 11.234045747259383, loss: 2.1734809994697573, rho: 0.4000000000000001, transmit_actions: 9, P: [0.96875, 0.53125, 0.71875, 0.625, 0.5625, 0.21875, 1.0, 0.03125, 0.65625, 0.5625, 0.65625, 0.59375, 0.5, 0.875, 0.1875, 0.9375, 0.03125, 0.15625, 0.03125, 0.65625]
[TRAIN]: (83/1600): reward: -0.005970939993858337, rates: 11.99402922879169, loss: 2.081897759437561, rho: 0.4000000000000001, transmit_actions: 12, P: [0.25, 0.75, 0.84375, 0.15625, 0.46875, 0.8125, 0.84375, 0.15625, 0.59375, 1.0, 0.15625, 0.90625, 0.25, 0.46875, 0.375, 0.1875, 0.6875, 0.71875, 0.09375, 0.96875]
[TRAIN]: (84/1600): reward: -11.649981796741486, rates: 5.350018119958899, loss: 1.9559705197811126, rho: 0.4000000000000001, transmit_actions: 8, P: [0.6875, 0.375, 1.0, 0.34375, 0.0625, 0.1875, 0.53125, 0.15625, 0.03125, 0.65625, 0.6875, 0.4375, 0.09375, 0.3125, 0.34375, 0.1875, 0.40625, 0.96875, 0.5625, 0.15625]
[TRAIN]: (85/1600): reward: -0.8814371824264526, rates: 11.118562995160149, loss: 2.0730299592018127, rho: 0.4000000000000001, transmit_actions: 10, P: [1.0, 0.71875, 0.0625, 0.46875, 0.28125, 0.4375, 0.90625, 0.59375, 0.4375, 0.4375, 0.96875, 0.3125, 1.0, 0.15625, 0.40625, 0.625, 0.15625, 0.1875, 0.25, 0.0625]
[TRAIN]: (86/1600): reward: -9.714789763092995, rates: 5.285210271684843, loss: 2.125614720582962, rho: 0.4000000000000001, transmit_actions: 5, P: [0.84375, 1.0, 0.15625, 0.21875, 0.9375, 0.21875, 0.75, 0.1875, 0.28125, 0.34375, 0.75, 0.5, 0.59375, 0.125, 0.90625, 0.40625, 0.375, 0.71875, 0.40625, 0.40625]
[TRAIN]: (87/1600): reward: -14.349145203828812, rates: 0.6508547957602482, loss: 1.918843150138855, rho: 0.4000000000000001, transmit_actions: 9, P: [0.59375, 0.03125, 0.25, 0.46875, 0.09375, 0.59375, 0.34375, 0.5625, 0.25, 0.46875, 0.90625, 0.0, 0.65625, 0.875, 0.84375, 0.46875, 0.40625, 0.3125, 0.125, 0.5]
[TRAIN]: (88/1600): reward: 8.265778243541718, rates: 17.265778372179554, loss: 1.9920048058032989, rho: 0.4000000000000001, transmit_actions: 10, P: [0.5, 0.3125, 0.4375, 0.9375, 0.5625, 0.0, 0.40625, 0.78125, 0.0625, 0.03125, 0.03125, 0.75, 0.5625, 0.15625, 0.15625, 0.8125, 0.125, 1.0, 0.15625, 0.15625]
[TRAIN]: (89/1600): reward: -4.632513325661421, rates: 9.367486619838179, loss: 1.9465937197208405, rho: 0.4000000000000001, transmit_actions: 11, P: [0.0, 0.5625, 0.28125, 0.15625, 0.1875, 0.875, 0.4375, 0.0, 0.875, 0.3125, 0.8125, 0.09375, 0.59375, 0.875, 0.40625, 0.65625, 0.1875, 0.53125, 0.125, 0.0]
[TRAIN]: (90/1600): reward: -4.7092761397361755, rates: 9.290723819772577, loss: 1.8706691145896912, rho: 0.4000000000000001, transmit_actions: 13, P: [0.25, 0.1875, 0.78125, 0.15625, 0.96875, 0.25, 1.0, 0.5625, 0.375, 1.0, 0.5625, 0.34375, 0.65625, 0.90625, 0.46875, 0.03125, 0.40625, 0.8125, 0.375, 0.375]
[TRAIN]: (91/1600): reward: -15.0, rates: 0, loss: 1.7115301311016082, rho: 0.4000000000000001, transmit_actions: 8, P: [0.65625, 0.28125, 0.34375, 0.875, 0.53125, 0.71875, 0.46875, 0.1875, 0.375, 0.0625, 0.78125, 0.59375, 0.625, 0.09375, 0.59375, 0.96875, 0.9375, 0.125, 0.90625, 0.9375]
[TRAIN]: (92/1600): reward: -10.327352702617645, rates: 5.672647253701063, loss: 1.901800847053528, rho: 0.4000000000000001, transmit_actions: 7, P: [0.0, 0.40625, 0.4375, 0.1875, 0.21875, 0.71875, 0.65625, 0.59375, 0.625, 0.65625, 0.875, 0.65625, 0.625, 0.28125, 0.46875, 0.8125, 0.53125, 0.71875, 0.46875, 0.375]
[TRAIN]: (93/1600): reward: -5.338505160063505, rates: 9.66149454901582, loss: 1.955219602584839, rho: 0.4000000000000001, transmit_actions: 11, P: [0.4375, 0.09375, 0.5, 0.96875, 0.875, 0.28125, 0.46875, 0.09375, 0.78125, 0.65625, 0.21875, 0.78125, 0.125, 0.5, 0.90625, 0.96875, 0.375, 0.65625, 0.40625, 0.09375]
[TRAIN]: (94/1600): reward: -11.867624163627625, rates: 4.132375851949997, loss: 1.8544569551944732, rho: 0.4000000000000001, transmit_actions: 8, P: [0.03125, 0.8125, 0.46875, 0.125, 0.78125, 0.5, 0.46875, 0.3125, 0.5625, 0.34375, 0.6875, 0.375, 0.875, 0.75, 1.0, 0.1875, 0.5625, 1.0, 0.0625, 0.03125]
[TRAIN]: (95/1600): reward: 0.16224269568920135, rates: 12.162242580410712, loss: 1.8315105438232422, rho: 0.4000000000000001, transmit_actions: 13, P: [0.46875, 0.78125, 0.1875, 0.1875, 1.0, 0.21875, 0.625, 0.6875, 0.8125, 0.84375, 0.84375, 0.53125, 0.9375, 0.21875, 0.6875, 0.125, 0.21875, 0.8125, 0.90625, 0.75]
[TRAIN]: (96/1600): reward: 7.27077454328537, rates: 19.27077438878713, loss: 1.9349496126174928, rho: 0.4000000000000001, transmit_actions: 14, P: [0.625, 0.125, 0.59375, 0.15625, 0.8125, 0.875, 0.125, 0.96875, 0.21875, 0.78125, 0.40625, 0.875, 0.75, 0.875, 0.3125, 0.46875, 0.46875, 0.0625, 0.03125, 0.375]
[TRAIN]: (97/1600): reward: -17.0, rates: 0, loss: 1.803346049785614, rho: 0.4000000000000001, transmit_actions: 8, P: [0.1875, 0.625, 0.25, 0.1875, 0.96875, 0.40625, 0.625, 0.3125, 0.09375, 0.65625, 0.46875, 0.25, 0.96875, 0.6875, 0.8125, 0.28125, 0.71875, 0.09375, 0.40625, 0.40625]
[TRAIN]: (98/1600): reward: -1.0166049897670746, rates: 11.983394945512593, loss: 1.9611831426620483, rho: 0.4000000000000001, transmit_actions: 14, P: [0.375, 0.53125, 0.65625, 0.78125, 0.4375, 0.15625, 0.03125, 0.625, 0.1875, 0.65625, 0.71875, 0.28125, 0.40625, 0.75, 0.90625, 0.09375, 0.28125, 1.0, 0.625, 0.3125]
[TRAIN]: (99/1600): reward: -9.885062217712402, rates: 4.1149379135941855, loss: 1.9411399960517883, rho: 0.4000000000000001, transmit_actions: 8, P: [0.65625, 0.34375, 0.6875, 0.78125, 0.78125, 0.71875, 0.75, 0.6875, 0.6875, 0.78125, 0.875, 0.09375, 0.21875, 0.375, 0.28125, 0.96875, 0.5625, 0.09375, 0.28125, 0.90625]
[TRAIN]: (100/1600): reward: -3.091698497533798, rates: 8.908301558311578, loss: 1.8464666783809662, rho: 0.4000000000000001, transmit_actions: 9, P: [0.8125, 0.65625, 0.875, 0.53125, 0.03125, 0.90625, 0.65625, 0.875, 0.46875, 0.28125, 0.90625, 0.875, 0.34375, 0.15625, 0.03125, 0.34375, 0.0625, 0.25, 0.53125, 0.875]
[TRAIN]: (101/1600): reward: -5.3689698949456215, rates: 9.63102997327814, loss: 1.9876047670841217, rho: 0.4000000000000001, transmit_actions: 11, P: [0.84375, 0.3125, 0.375, 0.625, 0.4375, 0.03125, 0.96875, 0.90625, 0.53125, 0.0, 0.0, 0.40625, 0.5625, 0.59375, 0.15625, 0.78125, 0.03125, 0.96875, 0.5625, 0.03125]
[TRAIN]: (102/1600): reward: 7.075417518615723, rates: 17.07541760131128, loss: 2.1988846182823183, rho: 0.4000000000000001, transmit_actions: 7, P: [0.4375, 0.90625, 0.84375, 0.875, 0.90625, 0.6875, 0.9375, 0.375, 0.625, 0.96875, 0.28125, 0.78125, 0.25, 0.0625, 0.65625, 0.0625, 0.3125, 0.8125, 0.0625, 0.03125]
[TRAIN]: (103/1600): reward: -9.116031140089035, rates: 6.883969045882519, loss: 1.883586859703064, rho: 0.4000000000000001, transmit_actions: 7, P: [0.6875, 0.125, 0.15625, 0.46875, 0.6875, 0.53125, 0.0, 0.40625, 0.625, 0.53125, 0.6875, 0.5625, 0.90625, 0.59375, 0.84375, 0.53125, 0.125, 0.5, 0.71875, 0.65625]
[TRAIN]: (104/1600): reward: -12.950565412640572, rates: 0.049434586073017185, loss: 1.8187095880508424, rho: 0.4000000000000001, transmit_actions: 11, P: [0.46875, 0.3125, 0.28125, 0.0, 1.0, 0.59375, 0.9375, 0.6875, 0.4375, 0.1875, 0.59375, 0.53125, 0.5, 0.03125, 0.90625, 1.0, 0.59375, 0.0625, 0.96875, 1.0]
[TRAIN]: (105/1600): reward: -8.315696686506271, rates: 5.684303470578071, loss: 2.2367302656173704, rho: 0.4000000000000001, transmit_actions: 10, P: [0.6875, 0.28125, 0.5, 0.40625, 0.1875, 0.1875, 0.78125, 0.15625, 0.625, 0.125, 0.75, 0.6875, 0.96875, 0.6875, 0.9375, 0.28125, 0.25, 0.0625, 0.9375, 0.5]
[TRAIN]: (106/1600): reward: -9.64036799967289, rates: 4.359632123451971, loss: 1.7447986841201781, rho: 0.4000000000000001, transmit_actions: 13, P: [0.84375, 0.34375, 0.96875, 0.03125, 0.0625, 0.40625, 0.6875, 0.15625, 0.15625, 0.96875, 0.0625, 0.21875, 0.84375, 0.8125, 0.71875, 1.0, 1.0, 0.0625, 0.84375, 0.5625]
[TRAIN]: (107/1600): reward: -13.81257758103311, rates: 0.18742242041105717, loss: 1.9081423878669739, rho: 0.4000000000000001, transmit_actions: 9, P: [0.25, 0.8125, 0.8125, 0.4375, 0.90625, 0.65625, 0.4375, 0.25, 0.875, 0.09375, 0.71875, 0.46875, 0.625, 0.78125, 1.0, 0.53125, 0.28125, 0.1875, 1.0, 0.125]
[TRAIN]: (108/1600): reward: -8.789254665374756, rates: 5.2107455658923945, loss: 1.9333089530467986, rho: 0.4000000000000001, transmit_actions: 4, P: [0.75, 0.6875, 0.90625, 0.59375, 0.84375, 0.46875, 0.15625, 0.46875, 0.4375, 0.78125, 0.90625, 0.15625, 0.3125, 0.34375, 0.53125, 0.65625, 0.84375, 0.96875, 0.4375, 0.875]
[TRAIN]: (109/1600): reward: -9.869584035128355, rates: 4.130415740552584, loss: 2.016902983188629, rho: 0.4000000000000001, transmit_actions: 11, P: [0.25, 0.84375, 0.3125, 0.59375, 0.96875, 0.03125, 0.46875, 0.09375, 0.375, 0.8125, 0.5, 0.09375, 0.09375, 0.96875, 0.1875, 0.21875, 0.6875, 0.21875, 0.21875, 0.0625]
[TRAIN]: (110/1600): reward: -6.863632619380951, rates: 4.136367383895434, loss: 1.7155343174934388, rho: 0.4000000000000001, transmit_actions: 8, P: [0.0625, 0.9375, 0.71875, 0.40625, 0.75, 0.375, 0.40625, 0.6875, 0.8125, 0.78125, 0.375, 0.53125, 0.59375, 0.875, 0.59375, 1.0, 0.1875, 0.0625, 0.3125, 0.75]
[TRAIN]: (111/1600): reward: -6.300434231758118, rates: 8.699565571443568, loss: 1.8832365036010743, rho: 0.4000000000000001, transmit_actions: 12, P: [0.0, 0.0625, 0.125, 0.71875, 0.78125, 0.0, 0.40625, 0.71875, 0.25, 0.46875, 0.4375, 0.40625, 0.71875, 0.1875, 0.40625, 0.125, 0.84375, 0.6875, 0.78125, 0.09375]
[TRAIN]: (112/1600): reward: -8.692712539806962, rates: 5.307287632447942, loss: 1.8534276485443115, rho: 0.4000000000000001, transmit_actions: 9, P: [0.53125, 0.40625, 0.96875, 0.03125, 0.0, 0.59375, 0.75, 0.9375, 0.625, 0.0, 0.5, 0.8125, 0.5, 0.46875, 0.15625, 0.125, 0.65625, 0.0625, 1.0, 0.25]
[TRAIN]: (113/1600): reward: -5.198369741439819, rates: 7.801630339448398, loss: 1.6655085384845734, rho: 0.4000000000000001, transmit_actions: 8, P: [0.375, 0.46875, 0.875, 0.90625, 0.65625, 0.25, 0.125, 0.0, 0.21875, 0.65625, 0.90625, 0.0625, 0.0625, 0.8125, 0.96875, 0.75, 0.65625, 0.40625, 0.375, 0.0625]
[TRAIN]: (114/1600): reward: -0.9641590714454651, rates: 12.03584091160581, loss: 1.9673562526702881, rho: 0.4000000000000001, transmit_actions: 13, P: [0.75, 0.1875, 0.78125, 0.3125, 0.03125, 0.1875, 0.53125, 0.71875, 0.625, 0.6875, 0.5, 0.03125, 0.03125, 0.90625, 0.59375, 0.75, 0.90625, 0.9375, 0.28125, 0.0625]
[TRAIN]: (115/1600): reward: -14.0, rates: 0, loss: 1.9258469104766847, rho: 0.4000000000000001, transmit_actions: 7, P: [1.0, 0.5, 0.40625, 0.875, 0.96875, 0.625, 0.84375, 0.96875, 0.03125, 0.53125, 0.40625, 0.25, 0.5, 0.5, 0.5, 0.65625, 0.8125, 0.65625, 0.40625, 0.9375]
[TRAIN]: (116/1600): reward: -15.660546004772186, rates: 0.33945400993108726, loss: 1.8494587957859039, rho: 0.4000000000000001, transmit_actions: 12, P: [0.84375, 0.1875, 0.59375, 0.90625, 0.375, 0.1875, 0.5625, 0.8125, 0.40625, 0.375, 1.0, 0.5, 0.3125, 0.40625, 0.78125, 0.71875, 0.6875, 0.75, 0.78125, 0.28125]
[TRAIN]: (117/1600): reward: -1.0136274471879005, rates: 11.986372496066881, loss: 1.8013339161872863, rho: 0.4000000000000001, transmit_actions: 13, P: [0.875, 0.53125, 0.40625, 0.84375, 0.28125, 0.65625, 0.03125, 0.0625, 0.84375, 0.5, 0.0, 0.65625, 0.0, 0.15625, 0.375, 0.21875, 0.71875, 0.65625, 0.53125, 0.78125]
[TRAIN]: (118/1600): reward: -0.3997159004211426, rates: 11.60028401206987, loss: 1.7369602501392365, rho: 0.4000000000000001, transmit_actions: 9, P: [1.0, 0.28125, 0.0, 0.03125, 0.84375, 0.90625, 0.40625, 0.21875, 0.71875, 0.1875, 1.0, 0.53125, 0.5, 0.78125, 1.0, 0.90625, 0.15625, 0.28125, 0.4375, 0.71875]
[TRAIN]: (119/1600): reward: -8.007234374061227, rates: 4.992765389848553, loss: 1.7886690020561218, rho: 0.4000000000000001, transmit_actions: 12, P: [0.71875, 0.90625, 0.03125, 1.0, 0.84375, 0.09375, 0.28125, 0.5, 0.875, 0.59375, 0.625, 0.78125, 0.875, 0.6875, 0.15625, 0.46875, 0.3125, 0.1875, 0.84375, 0.4375]
[TRAIN]: (120/1600): reward: -2.3455933779478073, rates: 10.654407043993569, loss: 1.8227951645851135, rho: 0.4000000000000001, transmit_actions: 10, P: [0.125, 0.625, 0.09375, 0.15625, 0.40625, 0.90625, 0.25, 0.15625, 0.8125, 0.9375, 0.40625, 0.46875, 0.4375, 0.8125, 0.46875, 0.65625, 0.09375, 0.5625, 0.28125, 0.375]
[TRAIN]: (121/1600): reward: -10.589019291102886, rates: 5.410980505153894, loss: 2.1143214285373686, rho: 0.4000000000000001, transmit_actions: 10, P: [0.21875, 0.84375, 0.6875, 0.75, 0.96875, 0.625, 0.375, 0.1875, 1.0, 0.0625, 0.71875, 0.125, 0.8125, 0.46875, 0.71875, 0.4375, 0.625, 0.90625, 0.9375, 0.40625]
[TRAIN]: (122/1600): reward: 1.3458327949047089, rates: 11.345833027902685, loss: 1.7758103668689729, rho: 0.4000000000000001, transmit_actions: 11, P: [0.84375, 0.15625, 0.59375, 0.1875, 0.1875, 0.96875, 0.8125, 0.21875, 0.0625, 0.40625, 0.65625, 0.34375, 0.09375, 0.5625, 0.65625, 0.3125, 0.5, 0.0625, 0.15625, 0.0]
[TRAIN]: (123/1600): reward: -10.93012523651123, rates: 5.06987492141037, loss: 1.7870948880910873, rho: 0.4000000000000001, transmit_actions: 8, P: [0.53125, 0.9375, 0.0, 0.5, 0.375, 0.3125, 0.90625, 0.40625, 0.5625, 0.84375, 0.03125, 0.40625, 0.59375, 0.15625, 0.1875, 0.0, 0.5625, 0.6875, 1.0, 0.53125]
[TRAIN]: (124/1600): reward: -10.962629936635494, rates: 1.0373700619311452, loss: 1.7811177849769593, rho: 0.4000000000000001, transmit_actions: 9, P: [0.875, 0.5, 0.3125, 0.5625, 0.125, 0.65625, 0.46875, 1.0, 0.28125, 0.96875, 0.40625, 0.03125, 1.0, 0.40625, 1.0, 0.625, 0.59375, 0.625, 0.3125, 0.9375]
[TRAIN]: (125/1600): reward: -6.849197149276733, rates: 8.150802905590858, loss: 1.8561198145151139, rho: 0.4000000000000001, transmit_actions: 13, P: [0.8125, 0.28125, 0.71875, 0.75, 0.5625, 0.125, 0.9375, 0.84375, 0.03125, 0.9375, 1.0, 0.5625, 0.34375, 0.875, 1.0, 0.0, 0.28125, 0.0625, 0.15625, 0.5]
[TRAIN]: (126/1600): reward: -6.582604184746742, rates: 4.417395908959939, loss: 1.916116964817047, rho: 0.4000000000000001, transmit_actions: 9, P: [0.28125, 0.53125, 0.03125, 0.1875, 0.9375, 0.4375, 0.09375, 0.96875, 0.84375, 0.03125, 0.40625, 0.90625, 0.75, 0.34375, 0.4375, 0.0, 0.90625, 0.40625, 0.53125, 0.03125]
[TRAIN]: (127/1600): reward: -5.003937169909477, rates: 9.996062817360428, loss: 1.8952687203884124, rho: 0.4000000000000001, transmit_actions: 7, P: [0.3125, 0.03125, 0.4375, 0.71875, 0.0, 0.21875, 0.78125, 0.875, 0.25, 0.5, 0.15625, 0.90625, 0.75, 0.0625, 0.5625, 0.75, 0.53125, 0.0625, 0.25, 0.1875]
[TRAIN]: (128/1600): reward: -1.975801706314087, rates: 10.024198417443417, loss: 1.7030753135681151, rho: 0.4000000000000001, transmit_actions: 6, P: [0.09375, 0.96875, 0.65625, 0.40625, 0.5625, 0.0, 0.21875, 0.9375, 0.34375, 0.90625, 0.375, 0.75, 0.65625, 0.03125, 0.40625, 0.125, 1.0, 0.9375, 0.03125, 0.15625]
[TRAIN]: (129/1600): reward: -1.2427320517599583, rates: 11.757268187380987, loss: 1.8200346052646637, rho: 0.4000000000000001, transmit_actions: 12, P: [0.4375, 0.40625, 0.875, 0.375, 0.59375, 0.71875, 0.03125, 0.78125, 0.46875, 0.09375, 0.53125, 0.34375, 0.34375, 0.90625, 0.8125, 0.625, 0.21875, 0.15625, 0.75, 0.6875]
[TRAIN]: (130/1600): reward: 12.515219122171402, rates: 22.51521923657059, loss: 1.7501550704240798, rho: 0.4000000000000001, transmit_actions: 12, P: [0.34375, 0.78125, 0.90625, 0.5, 0.0625, 0.5, 0.46875, 0.59375, 0.09375, 0.40625, 0.1875, 0.03125, 0.09375, 0.53125, 0.9375, 0.3125, 0.3125, 0.9375, 0.25, 0.78125]
[TRAIN]: (131/1600): reward: -7.444850325584412, rates: 7.555149507699788, loss: 1.859907829761505, rho: 0.4000000000000001, transmit_actions: 9, P: [0.78125, 0.21875, 0.71875, 0.21875, 0.25, 0.25, 0.875, 0.21875, 0.9375, 0.5625, 0.03125, 0.0625, 0.8125, 0.03125, 0.34375, 0.1875, 0.8125, 0.28125, 0.34375, 0.5]
[TRAIN]: (132/1600): reward: 16.91811180114746, rates: 27.9181118654678, loss: 1.8955193221569062, rho: 0.4000000000000001, transmit_actions: 15, P: [0.78125, 0.09375, 0.75, 0.78125, 0.5625, 0.46875, 0.1875, 0.4375, 0.625, 0.15625, 1.0, 0.15625, 0.5, 0.25, 0.8125, 0.25, 0.5625, 0.71875, 0.125, 0.9375]
[TRAIN]: (133/1600): reward: -11.899774309247732, rates: 3.1002257854344686, loss: 1.7255781143903732, rho: 0.4000000000000001, transmit_actions: 13, P: [0.53125, 0.0625, 0.71875, 0.0, 0.71875, 0.3125, 0.78125, 0.5625, 0.78125, 0.03125, 0.4375, 0.09375, 0.59375, 0.71875, 0.4375, 0.0, 0.71875, 0.65625, 0.59375, 0.6875]
[TRAIN]: (134/1600): reward: -3.979798510670662, rates: 9.02020147642096, loss: 1.9494958579540254, rho: 0.4000000000000001, transmit_actions: 9, P: [0.40625, 0.6875, 0.0625, 0.3125, 0.09375, 0.75, 0.9375, 0.90625, 0.40625, 0.59375, 0.4375, 0.40625, 0.40625, 0.25, 1.0, 0.375, 0.46875, 0.03125, 0.96875, 0.90625]
[TRAIN]: (135/1600): reward: -4.559707224369049, rates: 9.440292577982607, loss: 1.866775992512703, rho: 0.4000000000000001, transmit_actions: 13, P: [0.09375, 0.6875, 0.75, 0.1875, 0.34375, 0.9375, 0.125, 0.75, 0.15625, 0.25, 0.71875, 0.5, 0.5625, 0.40625, 0.5, 0.375, 0.90625, 0.96875, 0.03125, 0.53125]
[TRAIN]: (136/1600): reward: -9.33526462316513, rates: 5.664735384721294, loss: 1.6466118663549423, rho: 0.4000000000000001, transmit_actions: 12, P: [0.125, 0.0, 0.8125, 0.46875, 0.96875, 0.65625, 0.5625, 0.3125, 0.8125, 0.6875, 1.0, 0.78125, 0.15625, 0.15625, 0.65625, 0.71875, 0.875, 0.03125, 0.84375, 0.53125]
[TRAIN]: (137/1600): reward: 2.113130221143365, rates: 16.11313029471793, loss: 1.8183624982833861, rho: 0.4000000000000001, transmit_actions: 13, P: [0.0625, 0.3125, 0.4375, 0.8125, 0.75, 0.4375, 0.03125, 0.0625, 0.3125, 0.28125, 0.53125, 0.1875, 0.21875, 0.21875, 0.5, 0.71875, 0.25, 0.84375, 0.3125, 0.0625]
[TRAIN]: (138/1600): reward: -14.648173600435257, rates: 1.351826424206773, loss: 1.7180359542369843, rho: 0.4000000000000001, transmit_actions: 14, P: [0.0625, 0.5, 0.125, 0.78125, 0.1875, 0.75, 0.6875, 1.0, 0.71875, 0.34375, 0.9375, 0.8125, 0.875, 0.84375, 0.84375, 0.09375, 1.0, 0.8125, 0.8125, 0.5]
[TRAIN]: (139/1600): reward: -9.881004810333252, rates: 5.118995268968143, loss: 1.7031541883945465, rho: 0.4000000000000001, transmit_actions: 10, P: [1.0, 0.96875, 0.6875, 0.15625, 0.375, 0.34375, 0.75, 0.40625, 0.40625, 0.53125, 0.21875, 1.0, 0.46875, 0.9375, 0.15625, 0.15625, 0.5625, 0.1875, 0.96875, 1.0]
[TRAIN]: (140/1600): reward: 10.328214406967163, rates: 24.32821440677011, loss: 1.9507693290710448, rho: 0.4000000000000001, transmit_actions: 12, P: [0.1875, 0.34375, 0.6875, 0.46875, 0.28125, 0.34375, 0.8125, 0.84375, 1.0, 0.0625, 0.0625, 0.09375, 0.4375, 0.78125, 0.125, 0.71875, 0.46875, 0.21875, 0.8125, 0.21875]
[TRAIN]: (141/1600): reward: -10.831359326839447, rates: 5.168640641564766, loss: 1.8692333936691283, rho: 0.4000000000000001, transmit_actions: 9, P: [0.34375, 0.40625, 0.65625, 0.21875, 0.96875, 0.125, 0.15625, 0.28125, 0.3125, 0.375, 0.84375, 0.6875, 0.375, 0.65625, 0.15625, 0.0625, 0.09375, 0.9375, 0.65625, 0.1875]
[TRAIN]: (142/1600): reward: 3.042942613363266, rates: 13.042942416767918, loss: 1.70971317589283, rho: 0.4000000000000001, transmit_actions: 11, P: [0.84375, 0.65625, 0.90625, 0.46875, 0.53125, 0.1875, 0.25, 0.46875, 0.0, 0.375, 0.59375, 1.0, 0.59375, 0.75, 0.28125, 0.625, 0.59375, 0.34375, 0.0, 0.96875]
[TRAIN]: (143/1600): reward: -3.1866023801267147, rates: 6.813397534795435, loss: 1.8298688054084777, rho: 0.4000000000000001, transmit_actions: 10, P: [0.59375, 0.96875, 0.09375, 0.6875, 0.65625, 0.03125, 0.0, 0.90625, 0.25, 0.90625, 0.5625, 0.84375, 0.1875, 0.625, 0.65625, 0.03125, 0.6875, 0.71875, 0.46875, 0.59375]
[TRAIN]: (144/1600): reward: -4.648387551307678, rates: 9.351612369223984, loss: 1.8058710813522338, rho: 0.4000000000000001, transmit_actions: 8, P: [0.59375, 0.625, 0.0, 0.1875, 0.375, 0.6875, 0.59375, 0.15625, 0.28125, 0.90625, 0.40625, 0.1875, 0.25, 0.03125, 0.9375, 0.53125, 0.125, 0.65625, 0.3125, 0.96875]
[TRAIN]: (145/1600): reward: -7.726183598861098, rates: 5.273816543347055, loss: 2.0426753997802733, rho: 0.4000000000000001, transmit_actions: 9, P: [0.0625, 0.5, 0.0, 0.0625, 0.84375, 0.09375, 0.15625, 0.15625, 0.65625, 0.9375, 0.09375, 0.15625, 0.0625, 0.65625, 0.875, 0.21875, 0.5625, 0.1875, 0.3125, 0.71875]
[TRAIN]: (146/1600): reward: 10.990672692656517, rates: 20.990672046419625, loss: 1.919052505493164, rho: 0.4000000000000001, transmit_actions: 11, P: [0.9375, 0.84375, 0.84375, 0.03125, 0.34375, 0.9375, 0.09375, 0.53125, 0.34375, 0.6875, 0.75, 0.78125, 0.28125, 0.09375, 0.53125, 0.875, 0.4375, 0.71875, 0.9375, 0.03125]
[TRAIN]: (147/1600): reward: -10.287500381469727, rates: 5.712499824243566, loss: 1.8351585268974304, rho: 0.4000000000000001, transmit_actions: 9, P: [0.28125, 0.5, 0.3125, 0.8125, 0.65625, 0.0, 0.46875, 0.90625, 0.5625, 0.9375, 0.4375, 0.59375, 0.3125, 0.4375, 0.8125, 0.8125, 0.59375, 0.3125, 0.0, 0.46875]
[TRAIN]: (148/1600): reward: -8.951206684112549, rates: 5.048793389677416, loss: 2.1154040932655334, rho: 0.4000000000000001, transmit_actions: 9, P: [0.90625, 0.25, 0.625, 0.84375, 0.625, 0.75, 0.4375, 0.8125, 0.875, 0.34375, 0.78125, 0.3125, 0.5, 0.84375, 0.75, 0.09375, 0.375, 0.5, 0.9375, 0.6875]
[TRAIN]: (149/1600): reward: 7.178598318248987, rates: 18.178598266424284, loss: 1.8886518895626068, rho: 0.4000000000000001, transmit_actions: 12, P: [1.0, 0.0, 0.75, 0.0625, 0.90625, 0.5, 1.0, 0.4375, 0.65625, 0.65625, 0.40625, 0.71875, 0.46875, 0.09375, 0.21875, 0.34375, 0.40625, 1.0, 0.34375, 0.8125]
[TRAIN]: (150/1600): reward: -10.376074314117432, rates: 4.62392583722119, loss: 1.8250509679317475, rho: 0.4000000000000001, transmit_actions: 9, P: [0.46875, 0.625, 0.3125, 0.3125, 0.40625, 0.5625, 0.875, 0.96875, 0.4375, 0.21875, 0.5, 0.375, 0.625, 0.6875, 0.1875, 0.9375, 0.34375, 0.34375, 0.625, 0.6875]
[TRAIN]: (151/1600): reward: -12.116223767399788, rates: 4.883776191774001, loss: 1.9032241225242614, rho: 0.4000000000000001, transmit_actions: 10, P: [0.65625, 0.75, 0.28125, 0.375, 0.28125, 0.53125, 0.5, 0.5625, 0.625, 0.5, 0.46875, 0.8125, 0.59375, 0.125, 0.9375, 0.375, 0.8125, 0.09375, 0.375, 0.40625]
[TRAIN]: (152/1600): reward: -7.931009836494923, rates: 6.068990078866444, loss: 1.961191862821579, rho: 0.4000000000000001, transmit_actions: 14, P: [0.5, 0.90625, 0.53125, 0.09375, 0.03125, 0.34375, 0.71875, 0.375, 0.125, 0.25, 1.0, 0.53125, 0.75, 0.90625, 0.21875, 0.21875, 1.0, 0.375, 0.4375, 1.0]
[TRAIN]: (153/1600): reward: 8.78365182876587, rates: 18.783651647621234, loss: 1.8792168974876404, rho: 0.4000000000000001, transmit_actions: 11, P: [0.0625, 0.75, 0.4375, 0.1875, 0.0625, 0.65625, 0.40625, 0.1875, 0.9375, 0.25, 0.0, 0.78125, 0.15625, 0.90625, 0.28125, 1.0, 0.25, 0.15625, 0.25, 0.9375]
[TRAIN]: (154/1600): reward: -1.8477767705917358, rates: 12.152223245157888, loss: 1.9605267941951752, rho: 0.4000000000000001, transmit_actions: 12, P: [0.34375, 0.875, 0.21875, 0.28125, 0.3125, 0.4375, 0.53125, 0.21875, 0.9375, 0.46875, 0.59375, 0.09375, 0.46875, 0.0625, 0.25, 0.34375, 0.28125, 0.96875, 0.59375, 0.8125]
[TRAIN]: (155/1600): reward: -13.538363218307495, rates: 3.461636763335763, loss: 1.7153634309768677, rho: 0.4000000000000001, transmit_actions: 10, P: [0.78125, 0.40625, 0.25, 0.1875, 0.96875, 0.34375, 0.6875, 0.65625, 0.34375, 0.84375, 0.65625, 0.84375, 0.8125, 0.21875, 0.03125, 0.25, 0.84375, 0.09375, 0.4375, 0.25]
[TRAIN]: (156/1600): reward: -8.885968074202538, rates: 5.1140320358161055, loss: 2.0037344694137573, rho: 0.4000000000000001, transmit_actions: 9, P: [0.1875, 0.375, 0.625, 0.03125, 0.0625, 0.28125, 0.6875, 0.5, 0.5625, 0.21875, 0.9375, 0.1875, 0.625, 0.3125, 0.75, 0.59375, 0.0, 0.8125, 0.8125, 0.0]
[TRAIN]: (157/1600): reward: -0.009073257446289062, rates: 12.99092685057397, loss: 1.658790123462677, rho: 0.4000000000000001, transmit_actions: 12, P: [0.75, 0.5, 0.90625, 0.03125, 0.90625, 0.15625, 0.65625, 0.625, 0.625, 0.4375, 0.15625, 0.0625, 0.90625, 0.46875, 0.8125, 0.4375, 0.9375, 0.0625, 0.0625, 0.875]
[TRAIN]: (158/1600): reward: -14.954773150384426, rates: 0.045226850035317616, loss: 1.8672791957855224, rho: 0.4000000000000001, transmit_actions: 9, P: [0.71875, 0.5, 0.15625, 0.46875, 0.3125, 0.21875, 0.0625, 0.5625, 0.75, 1.0, 0.96875, 0.5625, 0.59375, 0.46875, 0.9375, 0.125, 0.4375, 0.0625, 0.46875, 0.40625]
[TRAIN]: (159/1600): reward: -9.648994415998459, rates: 5.351005392363553, loss: 1.7417489290237427, rho: 0.4000000000000001, transmit_actions: 11, P: [1.0, 0.5625, 0.125, 0.625, 0.65625, 0.71875, 0.25, 0.4375, 0.28125, 0.625, 0.71875, 0.75, 0.875, 0.84375, 0.4375, 0.03125, 0.75, 0.3125, 0.1875, 0.4375]
