[MAIN]: START
[ENV]: Started init Environment
[ENV]: ACTIONS_SPACE: 462
[ENV]: Finished init Environment
[TRAIN]: actions: 462, observations: 12
[TRAIN]: CUDA: True
[TRAIN]: (1/1600): reward: -0.19051022827625275, rates: 12.809489660666168, loss: 0, rho: 0.3625, transmit_actions: 12, P: [0.34375, 0.3125, 0.6875, 0.1875, 0.65625, 0.3125, 0.03125, 0.71875, 0.25, 0.3125, 0.5625, 0.125, 0.15625, 0.875, 0.90625, 0.21875, 0.59375, 0.21875, 0.4375, 0.96875]
[TRAIN]: (2/1600): reward: 8.692710161209106, rates: 18.692710088274097, loss: 0, rho: 0.36875, transmit_actions: 12, P: [0.78125, 0.0, 0.875, 0.84375, 0.59375, 0.15625, 0.53125, 0.84375, 0.46875, 0.78125, 0.65625, 0.84375, 0.625, 0.3125, 0.625, 0.875, 1.0, 0.25, 0.15625, 0.3125]
[TRAIN]: (3/1600): reward: 3.46655510365963, rates: 18.466555568715094, loss: 0, rho: 0.51875, transmit_actions: 10, P: [0.125, 0.6875, 0.71875, 0.15625, 0.9375, 0.4375, 0.21875, 0.5625, 0.4375, 0.0, 0.96875, 0.375, 0.78125, 0.40625, 0.0625, 0.15625, 0.40625, 0.65625, 0.0, 0.75]
[TRAIN]: (4/1600): reward: 0.9252934642136097, rates: 12.925293338970175, loss: 1.151118594721185, rho: 0.55, transmit_actions: 8, P: [0.34375, 0.3125, 0.375, 0.28125, 0.1875, 0.28125, 0.90625, 0.40625, 0.09375, 0.8125, 0.125, 0.5625, 0.6875, 0.53125, 0.78125, 0.09375, 0.1875, 0.625, 0.125, 0.28125]
[TRAIN]: (5/1600): reward: -8.167982816696167, rates: 4.832017378121091, loss: 1.7386252828604938, rho: 0.43125, transmit_actions: 9, P: [0.5625, 0.59375, 0.34375, 0.6875, 0.15625, 0.625, 0.96875, 0.375, 0.125, 0.46875, 0.09375, 0.53125, 0.8125, 0.375, 0.84375, 0.15625, 0.34375, 0.65625, 0.90625, 0.46875]
[TRAIN]: (6/1600): reward: 1.7304847612977028, rates: 14.730484363215705, loss: 2.101184254620848, rho: 0.45625, transmit_actions: 10, P: [0.9375, 1.0, 0.4375, 0.78125, 0.90625, 0.09375, 1.0, 0.125, 0.53125, 0.40625, 0.53125, 0.5625, 0.71875, 0.03125, 0.21875, 0.3125, 0.28125, 0.96875, 0.1875, 0.9375]
[TRAIN]: (7/1600): reward: -9.17521259188652, rates: 6.8247875077939035, loss: 2.8328658032285734, rho: 0.48125, transmit_actions: 12, P: [0.9375, 0.15625, 0.75, 0.4375, 0.96875, 0.09375, 0.40625, 0.9375, 0.15625, 0.53125, 0.34375, 0.53125, 0.03125, 0.1875, 0.15625, 0.8125, 0.8125, 0.5625, 1.0, 0.8125]
[TRAIN]: (8/1600): reward: -6.893877164460719, rates: 7.10612267610523, loss: 2.331288452463017, rho: 0.5875, transmit_actions: 9, P: [0.40625, 0.1875, 0.71875, 0.8125, 0.3125, 0.46875, 0.25, 0.46875, 0.3125, 1.0, 0.625, 0.40625, 0.125, 0.03125, 0.59375, 0.6875, 0.4375, 0.34375, 0.90625, 0.53125]
[TRAIN]: (9/1600): reward: -8.128268718719482, rates: 5.8717310825461695, loss: 2.473707542396929, rho: 0.43125, transmit_actions: 11, P: [0.65625, 0.46875, 0.0, 0.71875, 0.0625, 0.6875, 0.59375, 0.90625, 0.4375, 0.875, 0.6875, 0.5625, 0.75, 0.1875, 0.0625, 0.78125, 0.4375, 0.71875, 0.65625, 0.75]
[TRAIN]: (10/1600): reward: -3.955206342972815, rates: 7.044793733724687, loss: 2.5027333409104564, rho: 0.55625, transmit_actions: 13, P: [0.125, 0.25, 0.21875, 0.03125, 0.875, 0.3125, 0.59375, 0.5625, 0.71875, 0.0, 0.59375, 0.875, 1.0, 0.21875, 0.28125, 0.84375, 0.125, 0.875, 0.71875, 0.53125]
[TRAIN]: (11/1600): reward: -13.986473437398672, rates: 0.013526562417573709, loss: 2.0397851931903586, rho: 0.4875, transmit_actions: 9, P: [0.09375, 0.625, 0.75, 0.6875, 0.375, 0.25, 0.0625, 0.90625, 0.9375, 0.3125, 0.5, 0.875, 0.96875, 0.65625, 0.625, 0.46875, 0.90625, 0.15625, 0.75, 0.34375]
[TRAIN]: (12/1600): reward: -14.45885524339974, rates: 2.5411447242473013, loss: 1.8307825439433512, rho: 0.63125, transmit_actions: 11, P: [0.78125, 0.5625, 0.25, 0.15625, 0.34375, 0.8125, 0.34375, 0.84375, 0.21875, 0.40625, 0.15625, 0.21875, 0.71875, 0.4375, 0.84375, 0.0625, 0.125, 0.84375, 0.375, 0.6875]
[TRAIN]: (13/1600): reward: -8.176956564188004, rates: 7.823043294128783, loss: 1.844625160113631, rho: 0.44375, transmit_actions: 11, P: [0.9375, 0.875, 0.75, 0.78125, 0.375, 0.125, 0.125, 0.125, 0.625, 0.78125, 0.125, 0.1875, 0.9375, 0.78125, 0.40625, 0.1875, 0.25, 0.875, 0.4375, 0.8125]
[TRAIN]: (14/1600): reward: -0.5592842102050781, rates: 13.440715797191492, loss: 2.036338895942289, rho: 0.54375, transmit_actions: 8, P: [0.21875, 0.8125, 0.875, 0.40625, 0.75, 0.5, 0.71875, 0.3125, 0.1875, 0.46875, 0.59375, 0.625, 0.90625, 0.28125, 0.90625, 1.0, 0.1875, 0.25, 0.28125, 0.21875]
[TRAIN]: (15/1600): reward: -3.272646576166153, rates: 9.727353406210447, loss: 2.0508229394128064, rho: 0.55, transmit_actions: 10, P: [0.28125, 0.21875, 0.90625, 0.75, 0.59375, 0.5, 0.71875, 0.03125, 0.8125, 0.09375, 0.625, 0.96875, 0.9375, 0.1875, 0.53125, 0.96875, 0.78125, 0.28125, 0.5625, 0.5]
[TRAIN]: (16/1600): reward: -7.708719491958618, rates: 6.291280689014558, loss: 2.3050501627724502, rho: 0.475, transmit_actions: 10, P: [0.4375, 0.28125, 1.0, 0.96875, 0.34375, 0.96875, 0.28125, 0.9375, 0.53125, 0.25, 0.15625, 0.03125, 0.3125, 0.4375, 0.40625, 0.5, 0.5, 1.0, 0.875, 0.78125]
[TRAIN]: (17/1600): reward: -8.523311972618103, rates: 5.4766881456169685, loss: 2.6338535606861115, rho: 0.41875, transmit_actions: 8, P: [0.46875, 1.0, 0.84375, 0.65625, 0.09375, 0.96875, 0.875, 0.75, 0.34375, 0.375, 0.1875, 0.03125, 1.0, 0.4375, 0.34375, 0.3125, 0.625, 0.96875, 0.90625, 0.1875]
[TRAIN]: (18/1600): reward: -12.323648259043694, rates: 2.6763517873496228, loss: 2.020775841547211, rho: 0.55625, transmit_actions: 10, P: [0.25, 0.9375, 1.0, 0.71875, 0.96875, 0.34375, 0.40625, 0.75, 0.09375, 0.53125, 0.28125, 0.90625, 0.15625, 0.46875, 0.59375, 0.0, 0.65625, 0.65625, 0.375, 0.15625]
[TRAIN]: (19/1600): reward: -13.944932140409946, rates: 0.05506785804764569, loss: 2.089913174510002, rho: 0.46875, transmit_actions: 12, P: [0.375, 0.875, 0.65625, 0.84375, 0.0625, 0.0, 0.71875, 0.84375, 0.4375, 0.6875, 0.375, 0.28125, 0.40625, 0.6875, 0.0, 0.90625, 0.8125, 0.65625, 0.75, 0.09375]
[TRAIN]: (20/1600): reward: -16.471498906612396, rates: 0.5285010868351732, loss: 1.9261131733315964, rho: 0.55625, transmit_actions: 8, P: [0.375, 0.28125, 0.28125, 0.75, 0.875, 0.46875, 0.53125, 0.1875, 1.0, 0.96875, 0.5, 0.46875, 0.9375, 0.96875, 0.40625, 0.28125, 0.5, 0.90625, 0.375, 0.71875]
[TRAIN]: (21/1600): reward: -18.0, rates: 0, loss: 1.6606245586694997, rho: 0.53125, transmit_actions: 6, P: [0.5, 0.5, 0.8125, 0.15625, 0.375, 0.96875, 0.46875, 0.21875, 0.65625, 0.6875, 0.53125, 0.46875, 0.25, 0.4375, 0.75, 1.0, 0.75, 0.90625, 0.59375, 0.71875]
[TRAIN]: (22/1600): reward: -13.96662700176239, rates: 1.0333730058374784, loss: 1.8887967392456957, rho: 0.44375, transmit_actions: 6, P: [1.0, 0.625, 0.625, 1.0, 0.71875, 0.71875, 1.0, 0.21875, 1.0, 0.53125, 0.25, 0.0625, 0.0, 0.09375, 0.96875, 0.0625, 0.6875, 0.1875, 0.84375, 0.375]
[TRAIN]: (23/1600): reward: -3.652137815952301, rates: 9.347862389838243, loss: 1.7576526761054994, rho: 0.51875, transmit_actions: 13, P: [0.03125, 0.75, 0.78125, 0.46875, 0.15625, 0.875, 0.90625, 0.3125, 0.75, 0.1875, 0.5, 0.9375, 0.4375, 0.5625, 0.125, 0.375, 0.9375, 0.9375, 0.03125, 0.25]
[TRAIN]: (24/1600): reward: -0.20784468948841095, rates: 12.792155250745072, loss: 1.7086288799230562, rho: 0.48125, transmit_actions: 10, P: [0.84375, 0.21875, 0.46875, 0.28125, 0.0, 0.8125, 0.25, 0.6875, 0.5625, 0.90625, 0.65625, 0.59375, 0.0, 0.625, 0.28125, 0.3125, 0.40625, 0.46875, 0.65625, 0.5]
[TRAIN]: (25/1600): reward: -3.305222887545824, rates: 13.694776987304042, loss: 1.8600929141044618, rho: 0.5875, transmit_actions: 12, P: [0.09375, 0.5, 0.5, 0.46875, 0.34375, 0.84375, 0.15625, 0.5625, 0.0625, 0.40625, 1.0, 0.3125, 0.65625, 0.5625, 0.90625, 0.71875, 0.75, 0.28125, 0.90625, 0.84375]
[TRAIN]: (26/1600): reward: -4.398550033569336, rates: 8.601449924767635, loss: 2.225759470462799, rho: 0.4125, transmit_actions: 11, P: [0.96875, 0.21875, 0.5, 0.875, 0.0625, 0.65625, 0.4375, 0.1875, 0.34375, 1.0, 0.78125, 0.46875, 0.84375, 0.5, 0.84375, 0.8125, 0.25, 0.375, 0.9375, 0.03125]
[TRAIN]: (27/1600): reward: -14.861670330166817, rates: 0.1383296676935231, loss: 1.8352872461080552, rho: 0.5625, transmit_actions: 6, P: [0.375, 0.375, 0.28125, 0.21875, 0.9375, 0.6875, 0.0625, 0.78125, 0.59375, 0.71875, 0.90625, 0.25, 0.65625, 0.03125, 0.09375, 0.75, 0.40625, 0.25, 0.28125, 0.3125]
[TRAIN]: (28/1600): reward: -6.871031131595373, rates: 7.128969011532648, loss: 2.282311260700226, rho: 0.45625, transmit_actions: 8, P: [1.0, 0.53125, 0.53125, 0.3125, 0.71875, 0.625, 0.03125, 0.75, 0.46875, 1.0, 0.0, 0.875, 0.125, 0.90625, 0.46875, 0.40625, 0.1875, 0.46875, 0.09375, 0.125]
[TRAIN]: (29/1600): reward: 0.2650243937969208, rates: 13.26502483808206, loss: 2.038765609264374, rho: 0.45, transmit_actions: 10, P: [0.4375, 0.9375, 0.6875, 0.8125, 0.40625, 0.71875, 0.5, 0.53125, 0.78125, 0.21875, 0.40625, 0.65625, 0.6875, 0.53125, 0.5625, 0.3125, 0.5625, 0.4375, 0.5625, 0.71875]
