[MAIN]: START
[ENV]: Started init Environment
[ENV]: ACTIONS_SPACE: 66
[ENV]: Finished init Environment
[TRAIN]: actions: 66, observations: 12
[TRAIN]: CUDA: True
[TRAIN]: (1/1600): reward: -14.717289388179779, rates: 0.2827106194849325, loss: 0, rho: 0.4000000000000001, transmit_actions: 7, P: [0.875, 0.4375, 0.40625, 0.71875, 0.75, 0.3125, 0.34375, 0.21875, 0.21875, 0.5625, 0.4375, 0.78125, 0.5625, 0.71875, 0.71875, 0.03125, 0.34375, 0.90625, 0.625, 0.46875]
[TRAIN]: (2/1600): reward: -6.452646836638451, rates: 7.5473533081326405, loss: 0, rho: 0.4000000000000001, transmit_actions: 13, P: [0.53125, 0.34375, 0.34375, 0.40625, 0.46875, 0.78125, 0.71875, 0.21875, 0.84375, 0.1875, 1.0, 0.6875, 1.0, 0.0, 0.6875, 0.28125, 0.90625, 0.9375, 0.0, 0.25]
[TRAIN]: (3/1600): reward: -7.888859689235687, rates: 6.111140545170613, loss: 0, rho: 0.4000000000000001, transmit_actions: 10, P: [0.90625, 0.40625, 0.78125, 0.6875, 0.5, 0.46875, 0.6875, 0.84375, 0.84375, 0.0, 0.40625, 0.59375, 0.0625, 0.25, 0.375, 0.59375, 0.5625, 0.09375, 0.84375, 0.75]
[TRAIN]: (4/1600): reward: 5.144989728927612, rates: 18.144989495825534, loss: 3.041558959904839, rho: 0.4000000000000001, transmit_actions: 13, P: [0.8125, 0.8125, 0.1875, 0.09375, 0.125, 0.5625, 0.40625, 0.65625, 0.46875, 0.09375, 0.78125, 0.25, 0.03125, 1.0, 0.71875, 0.59375, 0.46875, 0.28125, 0.5625, 0.625]
[TRAIN]: (5/1600): reward: 6.661081314086914, rates: 20.66108134550874, loss: 4.274091947078705, rho: 0.4000000000000001, transmit_actions: 10, P: [0.875, 0.65625, 0.9375, 0.71875, 0.5, 0.875, 0.0, 0.59375, 0.28125, 0.8125, 0.0625, 0.71875, 0.21875, 0.03125, 0.125, 1.0, 0.625, 0.625, 0.15625, 0.09375]
[TRAIN]: (6/1600): reward: -5.986002027988434, rates: 7.013997801891296, loss: 4.1452945351600645, rho: 0.4000000000000001, transmit_actions: 12, P: [0.25, 0.6875, 0.75, 0.46875, 0.8125, 0.8125, 0.34375, 0.4375, 0.5625, 0.9375, 0.21875, 0.46875, 0.40625, 0.9375, 0.65625, 0.1875, 0.75, 0.0625, 0.9375, 0.84375]
[TRAIN]: (7/1600): reward: 4.202283948659897, rates: 17.20228389176301, loss: 3.622314476966858, rho: 0.4000000000000001, transmit_actions: 11, P: [0.75, 0.5, 0.75, 0.09375, 0.65625, 0.46875, 0.125, 0.40625, 0.8125, 0.25, 0.21875, 0.5, 0.375, 0.0, 0.4375, 0.09375, 0.1875, 0.9375, 0.0, 0.15625]
[TRAIN]: (8/1600): reward: -6.583714544773102, rates: 7.41628526493437, loss: 3.3797295451164246, rho: 0.4000000000000001, transmit_actions: 8, P: [0.59375, 0.4375, 0.5625, 0.46875, 0.3125, 0.15625, 0.78125, 0.59375, 0.5, 0.21875, 0.09375, 0.28125, 0.15625, 0.1875, 0.4375, 0.625, 0.84375, 0.09375, 0.96875, 0.84375]
[TRAIN]: (9/1600): reward: 0.7041722536087036, rates: 14.704172461385717, loss: 2.7819983422756196, rho: 0.4000000000000001, transmit_actions: 8, P: [0.53125, 0.84375, 0.46875, 0.09375, 0.40625, 0.4375, 0.0, 0.46875, 0.96875, 0.09375, 0.28125, 0.6875, 0.40625, 0.71875, 0.4375, 0.78125, 0.1875, 0.09375, 0.03125, 0.59375]
[TRAIN]: (10/1600): reward: 1.7062934190034866, rates: 8.70629356819498, loss: 2.613257974386215, rho: 0.4000000000000001, transmit_actions: 8, P: [0.84375, 0.46875, 0.1875, 0.71875, 0.71875, 1.0, 0.25, 0.84375, 0.0625, 0.4375, 0.25, 0.78125, 0.0625, 0.96875, 0.75, 0.96875, 0.96875, 0.0625, 0.90625, 0.0625]
[TRAIN]: (11/1600): reward: -10.491802334785461, rates: 4.508197702472458, loss: 2.0341954052448274, rho: 0.4000000000000001, transmit_actions: 8, P: [0.15625, 0.0, 0.59375, 0.9375, 0.5625, 0.3125, 0.53125, 0.21875, 0.5625, 0.125, 0.84375, 0.90625, 0.625, 0.625, 0.15625, 0.71875, 0.53125, 0.0625, 0.9375, 0.8125]
[TRAIN]: (12/1600): reward: -8.154735192656517, rates: 4.845264654196099, loss: 2.061092680692673, rho: 0.4000000000000001, transmit_actions: 12, P: [0.71875, 0.625, 0.5, 0.0625, 0.4375, 0.1875, 0.21875, 0.0, 0.125, 0.15625, 0.375, 0.5, 0.46875, 0.8125, 0.53125, 0.125, 0.9375, 0.90625, 0.65625, 0.0]
[TRAIN]: (13/1600): reward: -8.28254845738411, rates: 6.717451379331827, loss: 2.268312174081802, rho: 0.4000000000000001, transmit_actions: 8, P: [0.03125, 0.25, 0.65625, 0.5, 0.4375, 0.90625, 0.40625, 0.21875, 0.75, 0.34375, 0.8125, 0.4375, 0.375, 0.875, 0.21875, 0.125, 0.4375, 0.65625, 0.59375, 0.125]
[TRAIN]: (14/1600): reward: -11.425919968634844, rates: 0.574080023211145, loss: 1.853280383348465, rho: 0.4000000000000001, transmit_actions: 8, P: [0.1875, 0.0625, 0.21875, 0.28125, 0.625, 0.75, 0.875, 0.75, 0.40625, 0.9375, 0.84375, 0.90625, 0.0625, 0.71875, 1.0, 0.875, 0.3125, 0.6875, 0.875, 0.4375]
[TRAIN]: (15/1600): reward: 1.276932742446661, rates: 12.27693279227231, loss: 1.948906624317169, rho: 0.4000000000000001, transmit_actions: 11, P: [0.4375, 0.0, 0.4375, 0.09375, 0.875, 0.15625, 0.125, 0.15625, 0.4375, 0.125, 0.96875, 0.75, 1.0, 0.71875, 0.25, 0.6875, 0.59375, 0.625, 0.75, 0.21875]
[TRAIN]: (16/1600): reward: -10.129747450351715, rates: 1.8702525507463457, loss: 2.1483040273189546, rho: 0.4000000000000001, transmit_actions: 12, P: [0.0, 0.4375, 0.78125, 0.1875, 0.78125, 0.09375, 0.71875, 0.375, 0.71875, 0.90625, 0.5625, 0.90625, 0.34375, 0.5625, 0.59375, 0.0625, 0.78125, 0.0, 0.875, 0.75]
[TRAIN]: (17/1600): reward: -7.958425924181938, rates: 6.041574238631657, loss: 1.9240724682807921, rho: 0.4000000000000001, transmit_actions: 9, P: [0.25, 0.28125, 0.8125, 0.3125, 0.3125, 0.4375, 0.53125, 0.65625, 0.6875, 0.03125, 0.4375, 0.09375, 0.84375, 0.46875, 0.3125, 0.65625, 0.78125, 0.46875, 0.3125, 0.25]
[TRAIN]: (18/1600): reward: -3.9048955887556076, rates: 10.095104448034338, loss: 2.023436892032623, rho: 0.4000000000000001, transmit_actions: 12, P: [0.625, 0.53125, 0.1875, 0.625, 0.875, 0.53125, 0.90625, 0.46875, 0.0625, 0.5, 0.21875, 0.78125, 0.0625, 0.65625, 0.34375, 0.5, 0.46875, 0.5625, 0.9375, 0.5625]
[TRAIN]: (19/1600): reward: -9.302012771368027, rates: 5.697987326827987, loss: 2.1810796797275542, rho: 0.4000000000000001, transmit_actions: 9, P: [0.9375, 0.75, 0.6875, 0.25, 0.25, 0.3125, 0.84375, 0.15625, 0.875, 0.21875, 0.1875, 0.90625, 0.5625, 0.84375, 0.34375, 0.3125, 0.65625, 0.53125, 0.4375, 0.25]
[TRAIN]: (20/1600): reward: -11.827618822455406, rates: 0.17238117793179322, loss: 1.8326466381549835, rho: 0.4000000000000001, transmit_actions: 6, P: [0.65625, 0.15625, 0.90625, 0.03125, 0.8125, 0.4375, 0.375, 0.9375, 1.0, 0.84375, 0.1875, 0.21875, 0.25, 0.25, 0.9375, 0.90625, 0.3125, 0.875, 1.0, 0.75]
[TRAIN]: (21/1600): reward: -13.362422406673431, rates: 0.6375775876348013, loss: 2.0684493839740754, rho: 0.4000000000000001, transmit_actions: 7, P: [0.34375, 0.03125, 0.875, 0.53125, 0.1875, 0.84375, 0.46875, 0.0625, 0.625, 0.0, 0.625, 0.21875, 0.65625, 0.625, 0.5, 0.1875, 0.875, 0.3125, 0.8125, 0.59375]
[TRAIN]: (22/1600): reward: -11.830697536468506, rates: 4.1693024988445595, loss: 1.7140950798988341, rho: 0.4000000000000001, transmit_actions: 12, P: [0.0, 0.78125, 0.34375, 0.21875, 0.1875, 0.59375, 0.6875, 0.03125, 0.375, 0.125, 0.03125, 0.9375, 0.65625, 0.84375, 0.875, 0.96875, 0.3125, 0.4375, 0.125, 0.78125]
[TRAIN]: (23/1600): reward: 1.8728121519088745, rates: 11.87281189953967, loss: 1.827508419752121, rho: 0.4000000000000001, transmit_actions: 11, P: [0.90625, 0.75, 0.125, 0.15625, 0.84375, 0.75, 0.5, 1.0, 1.0, 0.40625, 0.375, 0.5625, 1.0, 0.84375, 0.6875, 0.125, 0.0, 0.375, 0.59375, 0.65625]
[TRAIN]: (24/1600): reward: 7.907750815153122, rates: 18.907750936233136, loss: 1.8387092232704163, rho: 0.4000000000000001, transmit_actions: 13, P: [0.90625, 0.8125, 0.03125, 0.25, 1.0, 0.0625, 0.9375, 0.28125, 0.0625, 0.9375, 0.71875, 0.875, 0.5, 0.21875, 0.3125, 0.875, 0.5625, 0.34375, 0.40625, 0.125]
[TRAIN]: (25/1600): reward: -6.948470778763294, rates: 5.051529185710403, loss: 1.935907045006752, rho: 0.4000000000000001, transmit_actions: 11, P: [0.28125, 0.5625, 0.0, 0.28125, 0.8125, 0.96875, 0.34375, 0.0, 0.1875, 0.0625, 0.46875, 0.5625, 0.6875, 0.75, 0.0, 0.78125, 0.71875, 0.0, 0.59375, 0.125]
[TRAIN]: (26/1600): reward: -8.98161494731903, rates: 6.018384821808998, loss: 1.9646662950515748, rho: 0.4000000000000001, transmit_actions: 9, P: [0.5, 0.5, 1.0, 0.4375, 0.28125, 0.9375, 0.375, 0.375, 0.625, 0.25, 0.59375, 0.25, 0.34375, 0.6875, 0.28125, 0.96875, 0.09375, 1.0, 0.375, 0.25]
[TRAIN]: (27/1600): reward: -1.3417460322380066, rates: 11.658254226138421, loss: 2.1091953098773955, rho: 0.4000000000000001, transmit_actions: 12, P: [0.84375, 0.71875, 0.09375, 0.8125, 0.25, 0.40625, 0.0, 0.4375, 0.15625, 0.28125, 0.15625, 0.3125, 1.0, 0.0625, 0.34375, 0.8125, 0.21875, 0.0, 0.65625, 0.78125]
[TRAIN]: (28/1600): reward: -11.81167060136795, rates: 4.1883296332186655, loss: 1.9622599244117738, rho: 0.4000000000000001, transmit_actions: 17, P: [0.0, 0.3125, 0.96875, 0.53125, 1.0, 0.59375, 0.125, 0.5, 0.8125, 0.0625, 0.875, 0.53125, 0.4375, 0.4375, 0.9375, 0.90625, 0.03125, 0.71875, 0.75, 0.9375]
[TRAIN]: (29/1600): reward: -0.8878998905420303, rates: 11.112099974750784, loss: 2.0865247011184693, rho: 0.4000000000000001, transmit_actions: 10, P: [0.15625, 0.25, 0.0, 0.59375, 0.96875, 0.15625, 1.0, 0.0625, 0.5625, 0.25, 0.59375, 0.625, 0.9375, 0.28125, 0.71875, 0.125, 0.875, 0.46875, 0.96875, 0.0]
[TRAIN]: (30/1600): reward: -3.485442817211151, rates: 11.514556814652897, loss: 2.0111820459365846, rho: 0.4000000000000001, transmit_actions: 6, P: [0.25, 0.1875, 0.5, 0.4375, 0.53125, 0.78125, 0.8125, 0.03125, 0.75, 0.375, 0.40625, 0.15625, 0.46875, 0.5625, 0.53125, 0.96875, 0.90625, 0.09375, 0.15625, 0.15625]
[TRAIN]: (31/1600): reward: -10.945259355008602, rates: 0.054740644315856686, loss: 1.9582137167453766, rho: 0.4000000000000001, transmit_actions: 8, P: [0.90625, 0.625, 0.0625, 0.96875, 0.59375, 0.8125, 0.34375, 0.28125, 0.5625, 0.78125, 0.125, 0.9375, 0.75, 1.0, 0.9375, 0.65625, 1.0, 0.9375, 1.0, 0.46875]
[TRAIN]: (32/1600): reward: -9.91517162322998, rates: 5.084828419171859, loss: 1.933625966310501, rho: 0.4000000000000001, transmit_actions: 11, P: [0.1875, 0.34375, 0.84375, 0.9375, 0.71875, 0.8125, 0.46875, 0.78125, 0.53125, 0.4375, 0.6875, 0.59375, 0.96875, 0.875, 0.6875, 0.875, 0.75, 1.0, 0.65625, 0.1875]
[TRAIN]: (33/1600): reward: -9.213829681277275, rates: 5.786170318514653, loss: 1.8698553830385207, rho: 0.4000000000000001, transmit_actions: 10, P: [0.15625, 0.9375, 0.09375, 0.03125, 0.8125, 0.15625, 0.65625, 0.8125, 0.3125, 0.375, 0.28125, 0.75, 0.0625, 0.3125, 0.625, 0.375, 0.65625, 0.53125, 0.9375, 0.96875]
[TRAIN]: (34/1600): reward: 7.720086183398962, rates: 16.720086251318186, loss: 1.7980138540267945, rho: 0.4000000000000001, transmit_actions: 10, P: [0.90625, 0.0625, 0.40625, 0.375, 0.15625, 0.6875, 0.625, 0.40625, 0.25, 0.0625, 0.59375, 0.96875, 0.5625, 0.0625, 0.0625, 0.9375, 0.3125, 0.03125, 0.15625, 0.375]
[TRAIN]: (35/1600): reward: -3.4530926570296288, rates: 10.546907310724286, loss: 1.8194555163383483, rho: 0.4000000000000001, transmit_actions: 12, P: [0.71875, 0.6875, 0.5, 0.09375, 0.28125, 0.125, 0.59375, 0.875, 0.9375, 0.21875, 0.90625, 0.4375, 0.84375, 0.21875, 0.84375, 0.3125, 0.375, 0.5625, 0.71875, 0.75]
[TRAIN]: (36/1600): reward: 4.012634575366974, rates: 16.012634256462338, loss: 1.6795979201793672, rho: 0.4000000000000001, transmit_actions: 8, P: [0.59375, 0.59375, 0.625, 0.5625, 0.8125, 0.125, 0.78125, 0.03125, 0.375, 0.28125, 0.125, 0.53125, 0.0, 0.5, 0.25, 0.59375, 0.25, 0.46875, 0.46875, 0.21875]
[TRAIN]: (37/1600): reward: -7.172913551330566, rates: 8.827086521967182, loss: 2.0540300607681274, rho: 0.4000000000000001, transmit_actions: 14, P: [0.90625, 0.9375, 0.28125, 0.21875, 1.0, 0.4375, 0.84375, 0.0, 0.78125, 0.84375, 0.75, 0.625, 0.03125, 0.21875, 0.65625, 0.59375, 0.5625, 1.0, 0.59375, 0.6875]
[TRAIN]: (38/1600): reward: -17.50500899553299, rates: 0.4949909974459899, loss: 2.010934901237488, rho: 0.4000000000000001, transmit_actions: 8, P: [0.78125, 0.28125, 0.1875, 0.34375, 0.59375, 0.5, 0.15625, 0.375, 0.1875, 0.8125, 0.5625, 0.09375, 0.21875, 0.1875, 0.53125, 0.09375, 0.5625, 0.40625, 0.71875, 0.875]
[TRAIN]: (39/1600): reward: -7.6992309875786304, rates: 5.300768835726722, loss: 2.1056279838085175, rho: 0.4000000000000001, transmit_actions: 12, P: [0.375, 0.84375, 0.25, 0.375, 0.40625, 0.9375, 1.0, 0.0, 0.09375, 0.875, 0.0625, 0.34375, 0.75, 0.71875, 0.28125, 0.875, 0.5, 0.8125, 0.65625, 0.5]
[TRAIN]: (40/1600): reward: -12.770432472229004, rates: 4.229567325977947, loss: 2.032337337732315, rho: 0.4000000000000001, transmit_actions: 11, P: [0.8125, 0.5625, 0.84375, 0.28125, 0.1875, 0.65625, 0.59375, 0.28125, 0.8125, 0.3125, 0.8125, 0.78125, 0.125, 0.09375, 0.75, 0.1875, 0.65625, 0.40625, 0.75, 0.65625]
[TRAIN]: (41/1600): reward: -6.865911640226841, rates: 7.134088097138058, loss: 2.288118803501129, rho: 0.4000000000000001, transmit_actions: 9, P: [0.9375, 0.4375, 1.0, 0.5, 0.59375, 0.90625, 0.71875, 0.21875, 0.46875, 0.0625, 0.59375, 0.5, 0.53125, 0.59375, 0.625, 0.625, 0.90625, 0.40625, 0.4375, 0.5625]
[TRAIN]: (42/1600): reward: -11.768831871449947, rates: 5.231167923231713, loss: 1.9045136988162994, rho: 0.4000000000000001, transmit_actions: 8, P: [0.84375, 0.4375, 0.40625, 0.8125, 0.5625, 0.03125, 0.84375, 0.15625, 0.25, 0.34375, 0.40625, 0.125, 0.25, 0.59375, 0.4375, 0.5625, 0.5, 0.125, 0.28125, 0.84375]
[TRAIN]: (43/1600): reward: -12.15902355313301, rates: 0.8409764739449267, loss: 1.8020178943872451, rho: 0.4000000000000001, transmit_actions: 15, P: [0.78125, 0.34375, 0.125, 0.9375, 0.0, 0.40625, 0.28125, 0.3125, 0.0, 0.40625, 0.625, 0.875, 0.875, 0.53125, 0.625, 0.875, 0.6875, 0.875, 0.5625, 0.78125]
[TRAIN]: (44/1600): reward: -13.815514519810677, rates: 0.1844854771249693, loss: 1.9342712581157684, rho: 0.4000000000000001, transmit_actions: 9, P: [0.5625, 0.4375, 0.25, 0.6875, 0.84375, 0.03125, 0.875, 0.875, 0.0, 0.03125, 0.0625, 0.625, 0.875, 0.375, 0.65625, 0.4375, 0.09375, 0.78125, 0.59375, 0.53125]
[TRAIN]: (45/1600): reward: -10.32925045862794, rates: 4.670749539104535, loss: 1.7754352152347566, rho: 0.4000000000000001, transmit_actions: 7, P: [0.3125, 0.25, 0.28125, 0.6875, 0.90625, 0.875, 0.625, 0.09375, 0.625, 0.78125, 0.71875, 0.03125, 0.34375, 0.90625, 0.53125, 0.0625, 0.71875, 0.4375, 0.75, 0.0625]
[TRAIN]: (46/1600): reward: -1.1498892307281494, rates: 12.850110647423573, loss: 2.0535874903202056, rho: 0.4000000000000001, transmit_actions: 8, P: [0.34375, 0.15625, 0.84375, 0.375, 0.84375, 0.84375, 0.1875, 0.375, 0.71875, 0.78125, 0.4375, 0.375, 0.0625, 0.90625, 0.78125, 0.21875, 0.8125, 0.09375, 0.875, 0.9375]
[TRAIN]: (47/1600): reward: -3.500679314136505, rates: 11.499320572219915, loss: 1.9332278609275817, rho: 0.4000000000000001, transmit_actions: 12, P: [0.84375, 0.1875, 0.96875, 0.1875, 0.71875, 0.09375, 0.25, 0.78125, 0.15625, 0.09375, 0.0625, 0.5625, 0.96875, 0.1875, 0.90625, 0.0625, 0.09375, 0.6875, 0.84375, 0.25]
[TRAIN]: (48/1600): reward: 6.629318207502365, rates: 17.629317823713798, loss: 2.1351259142160415, rho: 0.4000000000000001, transmit_actions: 10, P: [0.46875, 0.46875, 0.84375, 0.9375, 0.3125, 0.96875, 0.1875, 0.4375, 0.0, 0.125, 0.5625, 0.375, 0.90625, 0.125, 0.625, 0.1875, 0.53125, 0.03125, 0.59375, 0.78125]
[TRAIN]: (49/1600): reward: -9.221320152282715, rates: 5.7786799520590195, loss: 1.7282226473093032, rho: 0.4000000000000001, transmit_actions: 9, P: [0.1875, 0.15625, 0.8125, 0.1875, 0.46875, 0.4375, 0.96875, 0.5625, 1.0, 0.5625, 0.6875, 0.65625, 0.9375, 0.78125, 0.46875, 0.0, 1.0, 0.65625, 0.71875, 0.59375]
[TRAIN]: (50/1600): reward: -14.320547580718994, rates: 1.679452365616937, loss: 1.8604143261909485, rho: 0.4000000000000001, transmit_actions: 11, P: [0.03125, 0.96875, 0.90625, 0.0, 0.84375, 0.1875, 0.34375, 0.25, 0.78125, 0.8125, 0.5, 0.96875, 0.46875, 0.09375, 0.09375, 1.0, 0.65625, 0.1875, 0.28125, 0.25]
[TRAIN]: (51/1600): reward: -12.747016485780478, rates: 4.2529836836033565, loss: 1.9208591759204865, rho: 0.4000000000000001, transmit_actions: 12, P: [0.3125, 0.15625, 0.21875, 0.625, 0.53125, 0.53125, 0.375, 0.65625, 0.25, 0.09375, 0.5, 0.125, 0.21875, 0.65625, 0.53125, 0.8125, 0.5, 0.9375, 0.9375, 0.90625]
[TRAIN]: (52/1600): reward: 1.1895177960395813, rates: 13.189517913753185, loss: 1.8795950174331666, rho: 0.4000000000000001, transmit_actions: 10, P: [0.5, 0.1875, 0.59375, 0.78125, 0.40625, 0.46875, 0.90625, 0.5, 0.3125, 0.78125, 0.1875, 0.96875, 0.5625, 0.8125, 0.3125, 0.125, 0.15625, 0.71875, 0.90625, 0.96875]
[TRAIN]: (53/1600): reward: -10.151564434170723, rates: 4.848435392706777, loss: 1.911622589826584, rho: 0.4000000000000001, transmit_actions: 12, P: [0.5, 0.21875, 0.0, 0.96875, 0.1875, 0.875, 0.8125, 0.34375, 0.375, 0.375, 0.5625, 0.875, 0.5625, 0.0, 0.875, 0.9375, 0.28125, 0.78125, 0.0, 0.0625]
[TRAIN]: (54/1600): reward: -8.444969892501831, rates: 8.555030350348295, loss: 1.7526692509651185, rho: 0.4000000000000001, transmit_actions: 12, P: [0.09375, 0.25, 0.625, 0.21875, 0.375, 1.0, 0.5, 0.9375, 0.5625, 0.25, 0.34375, 0.8125, 0.34375, 0.0625, 0.65625, 0.0, 0.53125, 0.5, 0.4375, 0.09375]
[TRAIN]: (55/1600): reward: -11.831686675548553, rates: 2.1683132769149935, loss: 1.7139971792697906, rho: 0.4000000000000001, transmit_actions: 14, P: [0.25, 0.5, 0.09375, 0.4375, 0.46875, 1.0, 0.59375, 0.09375, 1.0, 0.3125, 0.875, 0.65625, 0.0, 0.90625, 0.90625, 0.75, 0.9375, 0.46875, 0.46875, 0.15625]
[TRAIN]: (56/1600): reward: -0.3489423245191574, rates: 12.651057528891894, loss: 1.8878723114728928, rho: 0.4000000000000001, transmit_actions: 9, P: [0.3125, 0.625, 0.125, 0.53125, 0.0625, 0.0, 0.15625, 0.53125, 0.5625, 0.5, 0.03125, 0.1875, 0.6875, 0.75, 0.40625, 0.5625, 0.5, 0.34375, 0.9375, 0.75]
[TRAIN]: (57/1600): reward: 2.551405817270279, rates: 13.55140607508946, loss: 1.7104784488677978, rho: 0.4000000000000001, transmit_actions: 9, P: [0.8125, 0.15625, 0.84375, 0.0, 0.71875, 0.15625, 0.59375, 0.8125, 0.21875, 1.0, 0.34375, 0.125, 0.8125, 0.1875, 0.46875, 0.5625, 0.125, 0.21875, 0.5, 0.84375]
[TRAIN]: (58/1600): reward: -12.848025798797607, rates: 0.15197420863568817, loss: 1.8736253559589386, rho: 0.4000000000000001, transmit_actions: 11, P: [0.1875, 0.71875, 0.5625, 0.59375, 0.46875, 0.0625, 0.53125, 0.9375, 0.8125, 0.875, 0.71875, 0.96875, 0.9375, 0.34375, 0.75, 0.75, 0.625, 0.8125, 0.59375, 0.875]
[TRAIN]: (59/1600): reward: -14.137980431318283, rates: 0.8620195827907146, loss: 1.831911763548851, rho: 0.4000000000000001, transmit_actions: 9, P: [0.21875, 0.28125, 0.6875, 0.71875, 1.0, 0.03125, 0.53125, 0.5625, 0.4375, 0.90625, 0.1875, 0.28125, 0.28125, 0.78125, 0.84375, 0.75, 0.65625, 0.625, 0.34375, 0.75]
[TRAIN]: (60/1600): reward: -5.734187126159668, rates: 11.26581264044717, loss: 1.7377392411231996, rho: 0.4000000000000001, transmit_actions: 9, P: [0.28125, 0.03125, 0.6875, 0.15625, 0.71875, 0.1875, 0.125, 0.625, 0.25, 0.5, 0.53125, 0.1875, 0.0, 0.28125, 0.15625, 0.375, 0.65625, 0.09375, 0.59375, 0.84375]
[TRAIN]: (61/1600): reward: -8.21785581111908, rates: 5.782144364326885, loss: 1.7648695945739745, rho: 0.4000000000000001, transmit_actions: 7, P: [0.15625, 0.9375, 0.59375, 0.90625, 0.0, 0.09375, 0.1875, 0.78125, 0.09375, 0.59375, 0.65625, 0.59375, 0.53125, 0.75, 0.96875, 0.09375, 0.09375, 0.78125, 0.75, 0.0]
[TRAIN]: (62/1600): reward: 2.7041343450546265, rates: 14.70413426927562, loss: 2.0019567966461183, rho: 0.4000000000000001, transmit_actions: 9, P: [0.125, 0.1875, 0.40625, 0.6875, 0.375, 0.15625, 0.8125, 0.59375, 0.46875, 0.75, 0.0, 0.375, 0.40625, 0.28125, 0.15625, 0.375, 0.0, 0.09375, 0.34375, 0.96875]
[TRAIN]: (63/1600): reward: 1.6123389825224876, rates: 12.612338829946353, loss: 1.5818695306777955, rho: 0.4000000000000001, transmit_actions: 9, P: [0.96875, 0.375, 0.03125, 0.90625, 0.0625, 0.78125, 0.8125, 0.40625, 0.0, 0.84375, 0.71875, 0.1875, 0.78125, 0.15625, 0.125, 0.03125, 0.09375, 0.0625, 0.9375, 0.46875]
[TRAIN]: (64/1600): reward: -3.525543361902237, rates: 8.474456844104118, loss: 1.7854554176330566, rho: 0.4000000000000001, transmit_actions: 9, P: [0.84375, 0.53125, 0.46875, 0.5625, 0.46875, 0.5, 0.9375, 0.34375, 0.25, 0.21875, 0.03125, 0.5, 0.5, 0.4375, 0.1875, 0.9375, 0.8125, 0.375, 0.4375, 0.0625]
[TRAIN]: (65/1600): reward: -15.0, rates: 0, loss: 1.6654147922992706, rho: 0.4000000000000001, transmit_actions: 8, P: [0.125, 0.625, 0.59375, 0.65625, 0.3125, 1.0, 0.625, 0.84375, 0.25, 0.59375, 0.96875, 0.0, 1.0, 1.0, 0.46875, 0.59375, 0.25, 0.40625, 0.625, 0.9375]
[TRAIN]: (66/1600): reward: -7.001204878091812, rates: 6.998795254514051, loss: 1.7451921582221985, rho: 0.4000000000000001, transmit_actions: 9, P: [0.03125, 0.09375, 0.5625, 0.09375, 0.25, 0.78125, 0.53125, 0.6875, 0.65625, 0.34375, 0.71875, 0.78125, 0.40625, 0.1875, 0.46875, 0.59375, 0.25, 0.125, 0.25, 0.15625]
[TRAIN]: (67/1600): reward: -3.002777576446533, rates: 9.99722228692589, loss: 1.769539225101471, rho: 0.4000000000000001, transmit_actions: 10, P: [0.5, 0.21875, 0.59375, 0.59375, 0.0, 0.96875, 0.96875, 0.71875, 0.0625, 0.75, 0.90625, 0.25, 0.1875, 0.53125, 0.96875, 0.5, 0.0, 0.59375, 0.09375, 0.0]
[TRAIN]: (68/1600): reward: 7.094404980540276, rates: 17.094404819223058, loss: 1.874889063835144, rho: 0.4000000000000001, transmit_actions: 9, P: [0.5625, 0.4375, 0.09375, 0.09375, 0.9375, 0.90625, 0.1875, 0.375, 0.75, 0.25, 0.34375, 1.0, 0.0625, 0.5, 0.75, 0.3125, 0.25, 0.90625, 0.125, 0.03125]
[TRAIN]: (69/1600): reward: -14.088742543011904, rates: 0.9112574653739121, loss: 1.9033142924308777, rho: 0.4000000000000001, transmit_actions: 10, P: [0.3125, 0.71875, 0.71875, 0.96875, 0.71875, 0.65625, 0.25, 0.71875, 0.0625, 0.875, 0.6875, 0.5625, 0.5625, 0.5, 0.5625, 0.375, 0.40625, 0.6875, 0.875, 0.90625]
[TRAIN]: (70/1600): reward: 12.086320059373975, rates: 25.086319970002208, loss: 1.7944135308265685, rho: 0.4000000000000001, transmit_actions: 7, P: [0.96875, 0.28125, 0.03125, 0.53125, 0.15625, 0.375, 0.34375, 0.40625, 0.96875, 0.59375, 0.75, 0.8125, 0.125, 0.59375, 0.46875, 0.25, 0.5625, 0.6875, 0.78125, 0.46875]
[TRAIN]: (71/1600): reward: 1.3188109397888184, rates: 13.318810832112167, loss: 1.9979728579521179, rho: 0.4000000000000001, transmit_actions: 9, P: [0.75, 0.1875, 0.8125, 0.3125, 0.78125, 0.0625, 0.59375, 0.8125, 0.0, 0.15625, 0.03125, 0.40625, 0.09375, 0.78125, 0.90625, 0.6875, 0.71875, 0.15625, 0.625, 0.71875]
[TRAIN]: (72/1600): reward: -3.0216748267412186, rates: 9.97832512500376, loss: 1.763001450896263, rho: 0.4000000000000001, transmit_actions: 10, P: [0.28125, 0.09375, 0.46875, 0.46875, 0.40625, 0.15625, 0.5, 0.4375, 0.5625, 0.4375, 0.34375, 0.0, 0.53125, 0.125, 0.96875, 0.1875, 0.59375, 0.90625, 0.28125, 0.90625]
[TRAIN]: (73/1600): reward: -5.770581364631653, rates: 9.229418768179771, loss: 1.9270425975322723, rho: 0.4000000000000001, transmit_actions: 14, P: [0.0625, 0.03125, 0.8125, 0.375, 0.40625, 0.125, 1.0, 0.03125, 0.28125, 0.15625, 0.28125, 1.0, 0.84375, 0.6875, 0.6875, 0.71875, 0.0625, 0.65625, 0.28125, 0.15625]
[TRAIN]: (74/1600): reward: 0.2627980411052704, rates: 14.262798281830364, loss: 2.19207524061203, rho: 0.4000000000000001, transmit_actions: 11, P: [0.375, 0.03125, 0.8125, 0.40625, 0.0, 0.625, 0.75, 1.0, 0.3125, 0.75, 0.4375, 0.15625, 0.90625, 0.09375, 0.09375, 0.4375, 0.40625, 0.5, 0.15625, 0.5625]
[TRAIN]: (75/1600): reward: -7.563690721988678, rates: 7.436309444157195, loss: 2.0295377552509306, rho: 0.4000000000000001, transmit_actions: 11, P: [0.75, 0.15625, 0.09375, 0.75, 0.59375, 0.09375, 0.8125, 0.78125, 0.15625, 0.15625, 0.5, 0.21875, 0.53125, 1.0, 0.28125, 0.25, 1.0, 0.53125, 0.1875, 0.125]
[TRAIN]: (76/1600): reward: -1.6565065383911133, rates: 14.343493948355285, loss: 1.9464159429073333, rho: 0.4000000000000001, transmit_actions: 10, P: [0.75, 0.625, 0.71875, 0.21875, 0.625, 0.53125, 0.03125, 0.4375, 0.59375, 0.125, 0.0625, 0.0625, 0.0625, 0.65625, 0.0, 0.03125, 0.0625, 0.625, 0.0625, 0.40625]
[TRAIN]: (77/1600): reward: -5.251358062028885, rates: 8.748641772189256, loss: 2.198670333623886, rho: 0.4000000000000001, transmit_actions: 10, P: [0.875, 0.28125, 0.90625, 0.625, 0.09375, 0.3125, 0.84375, 0.15625, 0.96875, 0.0625, 0.6875, 0.0, 0.625, 0.59375, 0.53125, 0.46875, 0.5, 0.46875, 0.0625, 0.40625]
[TRAIN]: (78/1600): reward: -9.411634545773268, rates: 5.588365559283424, loss: 1.7526209592819213, rho: 0.4000000000000001, transmit_actions: 12, P: [0.59375, 0.34375, 0.90625, 0.3125, 0.0625, 0.90625, 0.09375, 0.625, 0.1875, 0.03125, 0.09375, 0.96875, 0.09375, 0.96875, 0.1875, 0.03125, 0.75, 1.0, 1.0, 0.125]
[TRAIN]: (79/1600): reward: -14.458179295063019, rates: 0.5418207090045681, loss: 2.012315368652344, rho: 0.4000000000000001, transmit_actions: 8, P: [0.8125, 0.09375, 0.28125, 0.0, 0.40625, 0.40625, 0.96875, 0.3125, 0.46875, 0.25, 0.75, 0.96875, 0.875, 0.46875, 0.15625, 0.40625, 1.0, 0.1875, 0.78125, 0.28125]
[TRAIN]: (80/1600): reward: -16.0, rates: 0, loss: 1.6841905802488326, rho: 0.4000000000000001, transmit_actions: 10, P: [0.125, 0.4375, 0.875, 0.625, 0.90625, 0.71875, 0.5, 0.5625, 0.375, 0.3125, 0.90625, 0.78125, 0.9375, 0.3125, 0.59375, 0.625, 0.75, 0.53125, 0.875, 0.15625]
[TRAIN]: (81/1600): reward: -7.408550303429365, rates: 6.591449699634603, loss: 1.8969470381736755, rho: 0.4000000000000001, transmit_actions: 12, P: [0.15625, 0.28125, 0.0625, 0.4375, 0.1875, 0.34375, 1.0, 0.03125, 0.71875, 0.96875, 0.1875, 0.0, 0.34375, 0.75, 0.28125, 1.0, 0.34375, 0.125, 1.0, 0.9375]
[TRAIN]: (82/1600): reward: -1.7659540539607406, rates: 11.234045747259383, loss: 1.8863700091838838, rho: 0.4000000000000001, transmit_actions: 9, P: [0.96875, 0.53125, 0.71875, 0.625, 0.5625, 0.21875, 1.0, 0.03125, 0.65625, 0.5625, 0.65625, 0.59375, 0.5, 0.875, 0.1875, 0.9375, 0.03125, 0.15625, 0.03125, 0.65625]
[TRAIN]: (83/1600): reward: -0.005970939993858337, rates: 11.99402922879169, loss: 2.0543868482112884, rho: 0.4000000000000001, transmit_actions: 12, P: [0.25, 0.75, 0.84375, 0.15625, 0.46875, 0.8125, 0.84375, 0.15625, 0.59375, 1.0, 0.15625, 0.90625, 0.25, 0.46875, 0.375, 0.1875, 0.6875, 0.71875, 0.09375, 0.96875]
[TRAIN]: (84/1600): reward: -11.649981796741486, rates: 5.350018119958899, loss: 1.8061740338802337, rho: 0.4000000000000001, transmit_actions: 8, P: [0.6875, 0.375, 1.0, 0.34375, 0.0625, 0.1875, 0.53125, 0.15625, 0.03125, 0.65625, 0.6875, 0.4375, 0.09375, 0.3125, 0.34375, 0.1875, 0.40625, 0.96875, 0.5625, 0.15625]
[TRAIN]: (85/1600): reward: -0.8814371824264526, rates: 11.118562995160149, loss: 2.0089398980140687, rho: 0.4000000000000001, transmit_actions: 10, P: [1.0, 0.71875, 0.0625, 0.46875, 0.28125, 0.4375, 0.90625, 0.59375, 0.4375, 0.4375, 0.96875, 0.3125, 1.0, 0.15625, 0.40625, 0.625, 0.15625, 0.1875, 0.25, 0.0625]
[TRAIN]: (86/1600): reward: -9.714789763092995, rates: 5.285210271684843, loss: 1.8564606070518495, rho: 0.4000000000000001, transmit_actions: 5, P: [0.84375, 1.0, 0.15625, 0.21875, 0.9375, 0.21875, 0.75, 0.1875, 0.28125, 0.34375, 0.75, 0.5, 0.59375, 0.125, 0.90625, 0.40625, 0.375, 0.71875, 0.40625, 0.40625]
[TRAIN]: (87/1600): reward: -14.349145203828812, rates: 0.6508547957602482, loss: 1.842783236503601, rho: 0.4000000000000001, transmit_actions: 9, P: [0.59375, 0.03125, 0.25, 0.46875, 0.09375, 0.59375, 0.34375, 0.5625, 0.25, 0.46875, 0.90625, 0.0, 0.65625, 0.875, 0.84375, 0.46875, 0.40625, 0.3125, 0.125, 0.5]
[TRAIN]: (88/1600): reward: 8.265778243541718, rates: 17.265778372179554, loss: 1.7390536159276961, rho: 0.4000000000000001, transmit_actions: 10, P: [0.5, 0.3125, 0.4375, 0.9375, 0.5625, 0.0, 0.40625, 0.78125, 0.0625, 0.03125, 0.03125, 0.75, 0.5625, 0.15625, 0.15625, 0.8125, 0.125, 1.0, 0.15625, 0.15625]
[TRAIN]: (89/1600): reward: -4.632513325661421, rates: 9.367486619838179, loss: 1.9553399980068207, rho: 0.4000000000000001, transmit_actions: 11, P: [0.0, 0.5625, 0.28125, 0.15625, 0.1875, 0.875, 0.4375, 0.0, 0.875, 0.3125, 0.8125, 0.09375, 0.59375, 0.875, 0.40625, 0.65625, 0.1875, 0.53125, 0.125, 0.0]
[TRAIN]: (90/1600): reward: -4.7092761397361755, rates: 9.290723819772577, loss: 1.852916619181633, rho: 0.4000000000000001, transmit_actions: 13, P: [0.25, 0.1875, 0.78125, 0.15625, 0.96875, 0.25, 1.0, 0.5625, 0.375, 1.0, 0.5625, 0.34375, 0.65625, 0.90625, 0.46875, 0.03125, 0.40625, 0.8125, 0.375, 0.375]
[TRAIN]: (91/1600): reward: -15.0, rates: 0, loss: 1.6813152492046357, rho: 0.4000000000000001, transmit_actions: 8, P: [0.65625, 0.28125, 0.34375, 0.875, 0.53125, 0.71875, 0.46875, 0.1875, 0.375, 0.0625, 0.78125, 0.59375, 0.625, 0.09375, 0.59375, 0.96875, 0.9375, 0.125, 0.90625, 0.9375]
[TRAIN]: (92/1600): reward: -10.327352702617645, rates: 5.672647253701063, loss: 1.783986884355545, rho: 0.4000000000000001, transmit_actions: 7, P: [0.0, 0.40625, 0.4375, 0.1875, 0.21875, 0.71875, 0.65625, 0.59375, 0.625, 0.65625, 0.875, 0.65625, 0.625, 0.28125, 0.46875, 0.8125, 0.53125, 0.71875, 0.46875, 0.375]
[TRAIN]: (93/1600): reward: -5.338505160063505, rates: 9.66149454901582, loss: 1.7658268213272095, rho: 0.4000000000000001, transmit_actions: 11, P: [0.4375, 0.09375, 0.5, 0.96875, 0.875, 0.28125, 0.46875, 0.09375, 0.78125, 0.65625, 0.21875, 0.78125, 0.125, 0.5, 0.90625, 0.96875, 0.375, 0.65625, 0.40625, 0.09375]
[TRAIN]: (94/1600): reward: -11.867624163627625, rates: 4.132375851949997, loss: 1.8865265667438507, rho: 0.4000000000000001, transmit_actions: 8, P: [0.03125, 0.8125, 0.46875, 0.125, 0.78125, 0.5, 0.46875, 0.3125, 0.5625, 0.34375, 0.6875, 0.375, 0.875, 0.75, 1.0, 0.1875, 0.5625, 1.0, 0.0625, 0.03125]
[TRAIN]: (95/1600): reward: 0.16224269568920135, rates: 12.162242580410712, loss: 1.9210383981466292, rho: 0.4000000000000001, transmit_actions: 13, P: [0.46875, 0.78125, 0.1875, 0.1875, 1.0, 0.21875, 0.625, 0.6875, 0.8125, 0.84375, 0.84375, 0.53125, 0.9375, 0.21875, 0.6875, 0.125, 0.21875, 0.8125, 0.90625, 0.75]
[TRAIN]: (96/1600): reward: 7.27077454328537, rates: 19.27077438878713, loss: 1.9405322343111038, rho: 0.4000000000000001, transmit_actions: 14, P: [0.625, 0.125, 0.59375, 0.15625, 0.8125, 0.875, 0.125, 0.96875, 0.21875, 0.78125, 0.40625, 0.875, 0.75, 0.875, 0.3125, 0.46875, 0.46875, 0.0625, 0.03125, 0.375]
[TRAIN]: (97/1600): reward: -17.0, rates: 0, loss: 1.769596916437149, rho: 0.4000000000000001, transmit_actions: 8, P: [0.1875, 0.625, 0.25, 0.1875, 0.96875, 0.40625, 0.625, 0.3125, 0.09375, 0.65625, 0.46875, 0.25, 0.96875, 0.6875, 0.8125, 0.28125, 0.71875, 0.09375, 0.40625, 0.40625]
[TRAIN]: (98/1600): reward: -1.0166049897670746, rates: 11.983394945512593, loss: 1.9978545904159546, rho: 0.4000000000000001, transmit_actions: 14, P: [0.375, 0.53125, 0.65625, 0.78125, 0.4375, 0.15625, 0.03125, 0.625, 0.1875, 0.65625, 0.71875, 0.28125, 0.40625, 0.75, 0.90625, 0.09375, 0.28125, 1.0, 0.625, 0.3125]
[TRAIN]: (99/1600): reward: -9.885062217712402, rates: 4.1149379135941855, loss: 2.0383662641048432, rho: 0.4000000000000001, transmit_actions: 8, P: [0.65625, 0.34375, 0.6875, 0.78125, 0.78125, 0.71875, 0.75, 0.6875, 0.6875, 0.78125, 0.875, 0.09375, 0.21875, 0.375, 0.28125, 0.96875, 0.5625, 0.09375, 0.28125, 0.90625]
[TRAIN]: (100/1600): reward: -3.091698497533798, rates: 8.908301558311578, loss: 1.8190145522356034, rho: 0.4000000000000001, transmit_actions: 9, P: [0.8125, 0.65625, 0.875, 0.53125, 0.03125, 0.90625, 0.65625, 0.875, 0.46875, 0.28125, 0.90625, 0.875, 0.34375, 0.15625, 0.03125, 0.34375, 0.0625, 0.25, 0.53125, 0.875]
[TRAIN]: (101/1600): reward: -5.3689698949456215, rates: 9.63102997327814, loss: 1.8916777968406677, rho: 0.4000000000000001, transmit_actions: 11, P: [0.84375, 0.3125, 0.375, 0.625, 0.4375, 0.03125, 0.96875, 0.90625, 0.53125, 0.0, 0.0, 0.40625, 0.5625, 0.59375, 0.15625, 0.78125, 0.03125, 0.96875, 0.5625, 0.03125]
[TRAIN]: (102/1600): reward: 7.075417518615723, rates: 17.07541760131128, loss: 1.786586582660675, rho: 0.4000000000000001, transmit_actions: 7, P: [0.4375, 0.90625, 0.84375, 0.875, 0.90625, 0.6875, 0.9375, 0.375, 0.625, 0.96875, 0.28125, 0.78125, 0.25, 0.0625, 0.65625, 0.0625, 0.3125, 0.8125, 0.0625, 0.03125]
[TRAIN]: (103/1600): reward: -9.116031140089035, rates: 6.883969045882519, loss: 1.7858812302350997, rho: 0.4000000000000001, transmit_actions: 7, P: [0.6875, 0.125, 0.15625, 0.46875, 0.6875, 0.53125, 0.0, 0.40625, 0.625, 0.53125, 0.6875, 0.5625, 0.90625, 0.59375, 0.84375, 0.53125, 0.125, 0.5, 0.71875, 0.65625]
[TRAIN]: (104/1600): reward: -12.950565412640572, rates: 0.049434586073017185, loss: 1.9463781774044038, rho: 0.4000000000000001, transmit_actions: 11, P: [0.46875, 0.3125, 0.28125, 0.0, 1.0, 0.59375, 0.9375, 0.6875, 0.4375, 0.1875, 0.59375, 0.53125, 0.5, 0.03125, 0.90625, 1.0, 0.59375, 0.0625, 0.96875, 1.0]
[TRAIN]: (105/1600): reward: -8.315696686506271, rates: 5.684303470578071, loss: 1.7633354365825653, rho: 0.4000000000000001, transmit_actions: 10, P: [0.6875, 0.28125, 0.5, 0.40625, 0.1875, 0.1875, 0.78125, 0.15625, 0.625, 0.125, 0.75, 0.6875, 0.96875, 0.6875, 0.9375, 0.28125, 0.25, 0.0625, 0.9375, 0.5]
[TRAIN]: (106/1600): reward: -9.64036799967289, rates: 4.359632123451971, loss: 1.925738775730133, rho: 0.4000000000000001, transmit_actions: 13, P: [0.84375, 0.34375, 0.96875, 0.03125, 0.0625, 0.40625, 0.6875, 0.15625, 0.15625, 0.96875, 0.0625, 0.21875, 0.84375, 0.8125, 0.71875, 1.0, 1.0, 0.0625, 0.84375, 0.5625]
[TRAIN]: (107/1600): reward: -13.81257758103311, rates: 0.18742242041105717, loss: 1.8715046286582946, rho: 0.4000000000000001, transmit_actions: 9, P: [0.25, 0.8125, 0.8125, 0.4375, 0.90625, 0.65625, 0.4375, 0.25, 0.875, 0.09375, 0.71875, 0.46875, 0.625, 0.78125, 1.0, 0.53125, 0.28125, 0.1875, 1.0, 0.125]
[TRAIN]: (108/1600): reward: -8.789254665374756, rates: 5.2107455658923945, loss: 1.7953309565782547, rho: 0.4000000000000001, transmit_actions: 4, P: [0.75, 0.6875, 0.90625, 0.59375, 0.84375, 0.46875, 0.15625, 0.46875, 0.4375, 0.78125, 0.90625, 0.15625, 0.3125, 0.34375, 0.53125, 0.65625, 0.84375, 0.96875, 0.4375, 0.875]
[TRAIN]: (109/1600): reward: -9.869584035128355, rates: 4.130415740552584, loss: 1.7485157907009126, rho: 0.4000000000000001, transmit_actions: 11, P: [0.25, 0.84375, 0.3125, 0.59375, 0.96875, 0.03125, 0.46875, 0.09375, 0.375, 0.8125, 0.5, 0.09375, 0.09375, 0.96875, 0.1875, 0.21875, 0.6875, 0.21875, 0.21875, 0.0625]
[TRAIN]: (110/1600): reward: -6.863632619380951, rates: 4.136367383895434, loss: 1.8178402781486511, rho: 0.4000000000000001, transmit_actions: 8, P: [0.0625, 0.9375, 0.71875, 0.40625, 0.75, 0.375, 0.40625, 0.6875, 0.8125, 0.78125, 0.375, 0.53125, 0.59375, 0.875, 0.59375, 1.0, 0.1875, 0.0625, 0.3125, 0.75]
[TRAIN]: (111/1600): reward: -6.300434231758118, rates: 8.699565571443568, loss: 1.8598217368125916, rho: 0.4000000000000001, transmit_actions: 12, P: [0.0, 0.0625, 0.125, 0.71875, 0.78125, 0.0, 0.40625, 0.71875, 0.25, 0.46875, 0.4375, 0.40625, 0.71875, 0.1875, 0.40625, 0.125, 0.84375, 0.6875, 0.78125, 0.09375]
[TRAIN]: (112/1600): reward: -8.692712539806962, rates: 5.307287632447942, loss: 1.8386855483055116, rho: 0.4000000000000001, transmit_actions: 9, P: [0.53125, 0.40625, 0.96875, 0.03125, 0.0, 0.59375, 0.75, 0.9375, 0.625, 0.0, 0.5, 0.8125, 0.5, 0.46875, 0.15625, 0.125, 0.65625, 0.0625, 1.0, 0.25]
[TRAIN]: (113/1600): reward: -5.198369741439819, rates: 7.801630339448398, loss: 1.727341189980507, rho: 0.4000000000000001, transmit_actions: 8, P: [0.375, 0.46875, 0.875, 0.90625, 0.65625, 0.25, 0.125, 0.0, 0.21875, 0.65625, 0.90625, 0.0625, 0.0625, 0.8125, 0.96875, 0.75, 0.65625, 0.40625, 0.375, 0.0625]
[TRAIN]: (114/1600): reward: -0.9641590714454651, rates: 12.03584091160581, loss: 1.6771253198385239, rho: 0.4000000000000001, transmit_actions: 13, P: [0.75, 0.1875, 0.78125, 0.3125, 0.03125, 0.1875, 0.53125, 0.71875, 0.625, 0.6875, 0.5, 0.03125, 0.03125, 0.90625, 0.59375, 0.75, 0.90625, 0.9375, 0.28125, 0.0625]
[TRAIN]: (115/1600): reward: -14.0, rates: 0, loss: 1.8837886095046996, rho: 0.4000000000000001, transmit_actions: 7, P: [1.0, 0.5, 0.40625, 0.875, 0.96875, 0.625, 0.84375, 0.96875, 0.03125, 0.53125, 0.40625, 0.25, 0.5, 0.5, 0.5, 0.65625, 0.8125, 0.65625, 0.40625, 0.9375]
[TRAIN]: (116/1600): reward: -15.660546004772186, rates: 0.33945400993108726, loss: 1.6613923132419586, rho: 0.4000000000000001, transmit_actions: 12, P: [0.84375, 0.1875, 0.59375, 0.90625, 0.375, 0.1875, 0.5625, 0.8125, 0.40625, 0.375, 1.0, 0.5, 0.3125, 0.40625, 0.78125, 0.71875, 0.6875, 0.75, 0.78125, 0.28125]
[TRAIN]: (117/1600): reward: -1.0136274471879005, rates: 11.986372496066881, loss: 1.8912699222564697, rho: 0.4000000000000001, transmit_actions: 13, P: [0.875, 0.53125, 0.40625, 0.84375, 0.28125, 0.65625, 0.03125, 0.0625, 0.84375, 0.5, 0.0, 0.65625, 0.0, 0.15625, 0.375, 0.21875, 0.71875, 0.65625, 0.53125, 0.78125]
[TRAIN]: (118/1600): reward: -0.3997159004211426, rates: 11.60028401206987, loss: 1.9030983865261077, rho: 0.4000000000000001, transmit_actions: 9, P: [1.0, 0.28125, 0.0, 0.03125, 0.84375, 0.90625, 0.40625, 0.21875, 0.71875, 0.1875, 1.0, 0.53125, 0.5, 0.78125, 1.0, 0.90625, 0.15625, 0.28125, 0.4375, 0.71875]
[TRAIN]: (119/1600): reward: -8.007234374061227, rates: 4.992765389848553, loss: 1.903875732421875, rho: 0.4000000000000001, transmit_actions: 12, P: [0.71875, 0.90625, 0.03125, 1.0, 0.84375, 0.09375, 0.28125, 0.5, 0.875, 0.59375, 0.625, 0.78125, 0.875, 0.6875, 0.15625, 0.46875, 0.3125, 0.1875, 0.84375, 0.4375]
[TRAIN]: (120/1600): reward: -2.3455933779478073, rates: 10.654407043993569, loss: 1.7669965028762817, rho: 0.4000000000000001, transmit_actions: 10, P: [0.125, 0.625, 0.09375, 0.15625, 0.40625, 0.90625, 0.25, 0.15625, 0.8125, 0.9375, 0.40625, 0.46875, 0.4375, 0.8125, 0.46875, 0.65625, 0.09375, 0.5625, 0.28125, 0.375]
[TRAIN]: (121/1600): reward: -10.589019291102886, rates: 5.410980505153894, loss: 1.8166386306285858, rho: 0.4000000000000001, transmit_actions: 10, P: [0.21875, 0.84375, 0.6875, 0.75, 0.96875, 0.625, 0.375, 0.1875, 1.0, 0.0625, 0.71875, 0.125, 0.8125, 0.46875, 0.71875, 0.4375, 0.625, 0.90625, 0.9375, 0.40625]
[TRAIN]: (122/1600): reward: 1.3458327949047089, rates: 11.345833027902685, loss: 1.8703542590141295, rho: 0.4000000000000001, transmit_actions: 11, P: [0.84375, 0.15625, 0.59375, 0.1875, 0.1875, 0.96875, 0.8125, 0.21875, 0.0625, 0.40625, 0.65625, 0.34375, 0.09375, 0.5625, 0.65625, 0.3125, 0.5, 0.0625, 0.15625, 0.0]
[TRAIN]: (123/1600): reward: -10.93012523651123, rates: 5.06987492141037, loss: 1.6883951634168626, rho: 0.4000000000000001, transmit_actions: 8, P: [0.53125, 0.9375, 0.0, 0.5, 0.375, 0.3125, 0.90625, 0.40625, 0.5625, 0.84375, 0.03125, 0.40625, 0.59375, 0.15625, 0.1875, 0.0, 0.5625, 0.6875, 1.0, 0.53125]
[TRAIN]: (124/1600): reward: -10.962629936635494, rates: 1.0373700619311452, loss: 1.8025329172611237, rho: 0.4000000000000001, transmit_actions: 9, P: [0.875, 0.5, 0.3125, 0.5625, 0.125, 0.65625, 0.46875, 1.0, 0.28125, 0.96875, 0.40625, 0.03125, 1.0, 0.40625, 1.0, 0.625, 0.59375, 0.625, 0.3125, 0.9375]
[TRAIN]: (125/1600): reward: -6.849197149276733, rates: 8.150802905590858, loss: 1.916187846660614, rho: 0.4000000000000001, transmit_actions: 13, P: [0.8125, 0.28125, 0.71875, 0.75, 0.5625, 0.125, 0.9375, 0.84375, 0.03125, 0.9375, 1.0, 0.5625, 0.34375, 0.875, 1.0, 0.0, 0.28125, 0.0625, 0.15625, 0.5]
[TRAIN]: (126/1600): reward: -6.582604184746742, rates: 4.417395908959939, loss: 1.5015597850084306, rho: 0.4000000000000001, transmit_actions: 9, P: [0.28125, 0.53125, 0.03125, 0.1875, 0.9375, 0.4375, 0.09375, 0.96875, 0.84375, 0.03125, 0.40625, 0.90625, 0.75, 0.34375, 0.4375, 0.0, 0.90625, 0.40625, 0.53125, 0.03125]
[TRAIN]: (127/1600): reward: -5.003937169909477, rates: 9.996062817360428, loss: 1.6518787771463395, rho: 0.4000000000000001, transmit_actions: 7, P: [0.3125, 0.03125, 0.4375, 0.71875, 0.0, 0.21875, 0.78125, 0.875, 0.25, 0.5, 0.15625, 0.90625, 0.75, 0.0625, 0.5625, 0.75, 0.53125, 0.0625, 0.25, 0.1875]
[TRAIN]: (128/1600): reward: -1.975801706314087, rates: 10.024198417443417, loss: 1.7501814186573028, rho: 0.4000000000000001, transmit_actions: 6, P: [0.09375, 0.96875, 0.65625, 0.40625, 0.5625, 0.0, 0.21875, 0.9375, 0.34375, 0.90625, 0.375, 0.75, 0.65625, 0.03125, 0.40625, 0.125, 1.0, 0.9375, 0.03125, 0.15625]
[TRAIN]: (129/1600): reward: -1.2427320517599583, rates: 11.757268187380987, loss: 1.964768832921982, rho: 0.4000000000000001, transmit_actions: 12, P: [0.4375, 0.40625, 0.875, 0.375, 0.59375, 0.71875, 0.03125, 0.78125, 0.46875, 0.09375, 0.53125, 0.34375, 0.34375, 0.90625, 0.8125, 0.625, 0.21875, 0.15625, 0.75, 0.6875]
[TRAIN]: (130/1600): reward: 12.515219122171402, rates: 22.51521923657059, loss: 1.7088648438453675, rho: 0.4000000000000001, transmit_actions: 12, P: [0.34375, 0.78125, 0.90625, 0.5, 0.0625, 0.5, 0.46875, 0.59375, 0.09375, 0.40625, 0.1875, 0.03125, 0.09375, 0.53125, 0.9375, 0.3125, 0.3125, 0.9375, 0.25, 0.78125]
[TRAIN]: (131/1600): reward: -7.444850325584412, rates: 7.555149507699788, loss: 1.8723111689090728, rho: 0.4000000000000001, transmit_actions: 9, P: [0.78125, 0.21875, 0.71875, 0.21875, 0.25, 0.25, 0.875, 0.21875, 0.9375, 0.5625, 0.03125, 0.0625, 0.8125, 0.03125, 0.34375, 0.1875, 0.8125, 0.28125, 0.34375, 0.5]
[TRAIN]: (132/1600): reward: 16.91811180114746, rates: 27.9181118654678, loss: 1.7068915158510207, rho: 0.4000000000000001, transmit_actions: 15, P: [0.78125, 0.09375, 0.75, 0.78125, 0.5625, 0.46875, 0.1875, 0.4375, 0.625, 0.15625, 1.0, 0.15625, 0.5, 0.25, 0.8125, 0.25, 0.5625, 0.71875, 0.125, 0.9375]
[TRAIN]: (133/1600): reward: -11.899774309247732, rates: 3.1002257854344686, loss: 1.9588789880275725, rho: 0.4000000000000001, transmit_actions: 13, P: [0.53125, 0.0625, 0.71875, 0.0, 0.71875, 0.3125, 0.78125, 0.5625, 0.78125, 0.03125, 0.4375, 0.09375, 0.59375, 0.71875, 0.4375, 0.0, 0.71875, 0.65625, 0.59375, 0.6875]
[TRAIN]: (134/1600): reward: -3.979798510670662, rates: 9.02020147642096, loss: 1.850629836320877, rho: 0.4000000000000001, transmit_actions: 9, P: [0.40625, 0.6875, 0.0625, 0.3125, 0.09375, 0.75, 0.9375, 0.90625, 0.40625, 0.59375, 0.4375, 0.40625, 0.40625, 0.25, 1.0, 0.375, 0.46875, 0.03125, 0.96875, 0.90625]
[TRAIN]: (135/1600): reward: -4.559707224369049, rates: 9.440292577982607, loss: 1.7044685930013657, rho: 0.4000000000000001, transmit_actions: 13, P: [0.09375, 0.6875, 0.75, 0.1875, 0.34375, 0.9375, 0.125, 0.75, 0.15625, 0.25, 0.71875, 0.5, 0.5625, 0.40625, 0.5, 0.375, 0.90625, 0.96875, 0.03125, 0.53125]
[TRAIN]: (136/1600): reward: -9.33526462316513, rates: 5.664735384721294, loss: 1.7242618650197983, rho: 0.4000000000000001, transmit_actions: 12, P: [0.125, 0.0, 0.8125, 0.46875, 0.96875, 0.65625, 0.5625, 0.3125, 0.8125, 0.6875, 1.0, 0.78125, 0.15625, 0.15625, 0.65625, 0.71875, 0.875, 0.03125, 0.84375, 0.53125]
[TRAIN]: (137/1600): reward: 2.113130221143365, rates: 16.11313029471793, loss: 1.7513768792152404, rho: 0.4000000000000001, transmit_actions: 13, P: [0.0625, 0.3125, 0.4375, 0.8125, 0.75, 0.4375, 0.03125, 0.0625, 0.3125, 0.28125, 0.53125, 0.1875, 0.21875, 0.21875, 0.5, 0.71875, 0.25, 0.84375, 0.3125, 0.0625]
[TRAIN]: (138/1600): reward: -14.648173600435257, rates: 1.351826424206773, loss: 1.8462370753288269, rho: 0.4000000000000001, transmit_actions: 14, P: [0.0625, 0.5, 0.125, 0.78125, 0.1875, 0.75, 0.6875, 1.0, 0.71875, 0.34375, 0.9375, 0.8125, 0.875, 0.84375, 0.84375, 0.09375, 1.0, 0.8125, 0.8125, 0.5]
[TRAIN]: (139/1600): reward: -9.881004810333252, rates: 5.118995268968143, loss: 1.6830405414104461, rho: 0.4000000000000001, transmit_actions: 10, P: [1.0, 0.96875, 0.6875, 0.15625, 0.375, 0.34375, 0.75, 0.40625, 0.40625, 0.53125, 0.21875, 1.0, 0.46875, 0.9375, 0.15625, 0.15625, 0.5625, 0.1875, 0.96875, 1.0]
[TRAIN]: (140/1600): reward: 10.328214406967163, rates: 24.32821440677011, loss: 1.9129080399870872, rho: 0.4000000000000001, transmit_actions: 12, P: [0.1875, 0.34375, 0.6875, 0.46875, 0.28125, 0.34375, 0.8125, 0.84375, 1.0, 0.0625, 0.0625, 0.09375, 0.4375, 0.78125, 0.125, 0.71875, 0.46875, 0.21875, 0.8125, 0.21875]
[TRAIN]: (141/1600): reward: -10.831359326839447, rates: 5.168640641564766, loss: 1.9902307033538817, rho: 0.4000000000000001, transmit_actions: 9, P: [0.34375, 0.40625, 0.65625, 0.21875, 0.96875, 0.125, 0.15625, 0.28125, 0.3125, 0.375, 0.84375, 0.6875, 0.375, 0.65625, 0.15625, 0.0625, 0.09375, 0.9375, 0.65625, 0.1875]
[TRAIN]: (142/1600): reward: 3.042942613363266, rates: 13.042942416767918, loss: 2.001783072948456, rho: 0.4000000000000001, transmit_actions: 11, P: [0.84375, 0.65625, 0.90625, 0.46875, 0.53125, 0.1875, 0.25, 0.46875, 0.0, 0.375, 0.59375, 1.0, 0.59375, 0.75, 0.28125, 0.625, 0.59375, 0.34375, 0.0, 0.96875]
[TRAIN]: (143/1600): reward: -3.1866023801267147, rates: 6.813397534795435, loss: 1.9476775616407394, rho: 0.4000000000000001, transmit_actions: 10, P: [0.59375, 0.96875, 0.09375, 0.6875, 0.65625, 0.03125, 0.0, 0.90625, 0.25, 0.90625, 0.5625, 0.84375, 0.1875, 0.625, 0.65625, 0.03125, 0.6875, 0.71875, 0.46875, 0.59375]
[TRAIN]: (144/1600): reward: -4.648387551307678, rates: 9.351612369223984, loss: 2.047002947330475, rho: 0.4000000000000001, transmit_actions: 8, P: [0.59375, 0.625, 0.0, 0.1875, 0.375, 0.6875, 0.59375, 0.15625, 0.28125, 0.90625, 0.40625, 0.1875, 0.25, 0.03125, 0.9375, 0.53125, 0.125, 0.65625, 0.3125, 0.96875]
[TRAIN]: (145/1600): reward: -7.726183598861098, rates: 5.273816543347055, loss: 1.6807251691818237, rho: 0.4000000000000001, transmit_actions: 9, P: [0.0625, 0.5, 0.0, 0.0625, 0.84375, 0.09375, 0.15625, 0.15625, 0.65625, 0.9375, 0.09375, 0.15625, 0.0625, 0.65625, 0.875, 0.21875, 0.5625, 0.1875, 0.3125, 0.71875]
[TRAIN]: (146/1600): reward: 10.990672692656517, rates: 20.990672046419625, loss: 1.660385113954544, rho: 0.4000000000000001, transmit_actions: 11, P: [0.9375, 0.84375, 0.84375, 0.03125, 0.34375, 0.9375, 0.09375, 0.53125, 0.34375, 0.6875, 0.75, 0.78125, 0.28125, 0.09375, 0.53125, 0.875, 0.4375, 0.71875, 0.9375, 0.03125]
[TRAIN]: (147/1600): reward: -10.287500381469727, rates: 5.712499824243566, loss: 1.7237278997898102, rho: 0.4000000000000001, transmit_actions: 9, P: [0.28125, 0.5, 0.3125, 0.8125, 0.65625, 0.0, 0.46875, 0.90625, 0.5625, 0.9375, 0.4375, 0.59375, 0.3125, 0.4375, 0.8125, 0.8125, 0.59375, 0.3125, 0.0, 0.46875]
[TRAIN]: (148/1600): reward: -8.951206684112549, rates: 5.048793389677416, loss: 1.8194706082344054, rho: 0.4000000000000001, transmit_actions: 9, P: [0.90625, 0.25, 0.625, 0.84375, 0.625, 0.75, 0.4375, 0.8125, 0.875, 0.34375, 0.78125, 0.3125, 0.5, 0.84375, 0.75, 0.09375, 0.375, 0.5, 0.9375, 0.6875]
[TRAIN]: (149/1600): reward: 7.178598318248987, rates: 18.178598266424284, loss: 1.8500592827796936, rho: 0.4000000000000001, transmit_actions: 12, P: [1.0, 0.0, 0.75, 0.0625, 0.90625, 0.5, 1.0, 0.4375, 0.65625, 0.65625, 0.40625, 0.71875, 0.46875, 0.09375, 0.21875, 0.34375, 0.40625, 1.0, 0.34375, 0.8125]
[TRAIN]: (150/1600): reward: -10.376074314117432, rates: 4.62392583722119, loss: 1.8387958139181138, rho: 0.4000000000000001, transmit_actions: 9, P: [0.46875, 0.625, 0.3125, 0.3125, 0.40625, 0.5625, 0.875, 0.96875, 0.4375, 0.21875, 0.5, 0.375, 0.625, 0.6875, 0.1875, 0.9375, 0.34375, 0.34375, 0.625, 0.6875]
[TRAIN]: (151/1600): reward: -12.116223767399788, rates: 4.883776191774001, loss: 1.6692405074834824, rho: 0.4000000000000001, transmit_actions: 10, P: [0.65625, 0.75, 0.28125, 0.375, 0.28125, 0.53125, 0.5, 0.5625, 0.625, 0.5, 0.46875, 0.8125, 0.59375, 0.125, 0.9375, 0.375, 0.8125, 0.09375, 0.375, 0.40625]
[TRAIN]: (152/1600): reward: -7.931009836494923, rates: 6.068990078866444, loss: 1.9102470517158507, rho: 0.4000000000000001, transmit_actions: 14, P: [0.5, 0.90625, 0.53125, 0.09375, 0.03125, 0.34375, 0.71875, 0.375, 0.125, 0.25, 1.0, 0.53125, 0.75, 0.90625, 0.21875, 0.21875, 1.0, 0.375, 0.4375, 1.0]
[TRAIN]: (153/1600): reward: 8.78365182876587, rates: 18.783651647621234, loss: 1.809867364168167, rho: 0.4000000000000001, transmit_actions: 11, P: [0.0625, 0.75, 0.4375, 0.1875, 0.0625, 0.65625, 0.40625, 0.1875, 0.9375, 0.25, 0.0, 0.78125, 0.15625, 0.90625, 0.28125, 1.0, 0.25, 0.15625, 0.25, 0.9375]
[TRAIN]: (154/1600): reward: -1.8477767705917358, rates: 12.152223245157888, loss: 1.8578065440058709, rho: 0.4000000000000001, transmit_actions: 12, P: [0.34375, 0.875, 0.21875, 0.28125, 0.3125, 0.4375, 0.53125, 0.21875, 0.9375, 0.46875, 0.59375, 0.09375, 0.46875, 0.0625, 0.25, 0.34375, 0.28125, 0.96875, 0.59375, 0.8125]
[TRAIN]: (155/1600): reward: -13.538363218307495, rates: 3.461636763335763, loss: 1.970068109035492, rho: 0.4000000000000001, transmit_actions: 10, P: [0.78125, 0.40625, 0.25, 0.1875, 0.96875, 0.34375, 0.6875, 0.65625, 0.34375, 0.84375, 0.65625, 0.84375, 0.8125, 0.21875, 0.03125, 0.25, 0.84375, 0.09375, 0.4375, 0.25]
[TRAIN]: (156/1600): reward: -8.885968074202538, rates: 5.1140320358161055, loss: 1.8231149315834045, rho: 0.4000000000000001, transmit_actions: 9, P: [0.1875, 0.375, 0.625, 0.03125, 0.0625, 0.28125, 0.6875, 0.5, 0.5625, 0.21875, 0.9375, 0.1875, 0.625, 0.3125, 0.75, 0.59375, 0.0, 0.8125, 0.8125, 0.0]
[TRAIN]: (157/1600): reward: -0.009073257446289062, rates: 12.99092685057397, loss: 1.8114459812641144, rho: 0.4000000000000001, transmit_actions: 12, P: [0.75, 0.5, 0.90625, 0.03125, 0.90625, 0.15625, 0.65625, 0.625, 0.625, 0.4375, 0.15625, 0.0625, 0.90625, 0.46875, 0.8125, 0.4375, 0.9375, 0.0625, 0.0625, 0.875]
[TRAIN]: (158/1600): reward: -14.954773150384426, rates: 0.045226850035317616, loss: 1.7559446424245835, rho: 0.4000000000000001, transmit_actions: 9, P: [0.71875, 0.5, 0.15625, 0.46875, 0.3125, 0.21875, 0.0625, 0.5625, 0.75, 1.0, 0.96875, 0.5625, 0.59375, 0.46875, 0.9375, 0.125, 0.4375, 0.0625, 0.46875, 0.40625]
[TRAIN]: (159/1600): reward: -9.648994415998459, rates: 5.351005392363553, loss: 1.8388928294181823, rho: 0.4000000000000001, transmit_actions: 11, P: [1.0, 0.5625, 0.125, 0.625, 0.65625, 0.71875, 0.25, 0.4375, 0.28125, 0.625, 0.71875, 0.75, 0.875, 0.84375, 0.4375, 0.03125, 0.75, 0.3125, 0.1875, 0.4375]
[TRAIN]: (160/1600): reward: -3.835140824317932, rates: 7.164859225508321, loss: 1.9887683689594269, rho: 0.4000000000000001, transmit_actions: 10, P: [0.125, 1.0, 0.28125, 0.84375, 0.6875, 0.59375, 0.71875, 0.1875, 0.375, 0.65625, 0.84375, 0.5625, 0.25, 0.78125, 0.25, 0.59375, 0.71875, 0.09375, 0.9375, 0.0]
[TRAIN]: (161/1600): reward: -4.841317176818848, rates: 6.158682842788989, loss: 1.8348282039165498, rho: 0.4000000000000001, transmit_actions: 9, P: [0.15625, 0.25, 0.75, 0.75, 0.96875, 0.5625, 0.75, 0.84375, 0.71875, 0.59375, 0.03125, 0.84375, 0.4375, 1.0, 0.09375, 0.71875, 0.71875, 0.9375, 0.90625, 0.875]
[TRAIN]: (162/1600): reward: -15.0, rates: 0, loss: 1.5993132293224335, rho: 0.4000000000000001, transmit_actions: 7, P: [0.09375, 0.15625, 0.65625, 0.28125, 0.40625, 0.375, 0.9375, 0.90625, 0.6875, 0.21875, 1.0, 0.96875, 0.46875, 0.28125, 0.625, 0.78125, 0.0, 0.875, 0.21875, 0.8125]
[TRAIN]: (163/1600): reward: 1.9510297179222107, rates: 14.951029361637971, loss: 1.7931734561920165, rho: 0.4000000000000001, transmit_actions: 12, P: [0.59375, 0.53125, 0.9375, 0.6875, 0.96875, 0.4375, 0.6875, 0.4375, 0.5625, 0.28125, 0.40625, 0.84375, 0.28125, 0.625, 0.5, 0.03125, 0.375, 0.15625, 0.21875, 0.375]
[TRAIN]: (164/1600): reward: -11.695532947778702, rates: 1.304467038953783, loss: 1.7952899247407914, rho: 0.4000000000000001, transmit_actions: 6, P: [0.03125, 0.25, 0.09375, 1.0, 0.40625, 0.71875, 0.4375, 0.71875, 0.53125, 0.09375, 0.21875, 0.90625, 0.1875, 0.46875, 0.8125, 0.78125, 0.8125, 0.5, 0.09375, 0.1875]
[TRAIN]: (165/1600): reward: 10.85447745025158, rates: 17.854477557103564, loss: 1.6917846351861954, rho: 0.4000000000000001, transmit_actions: 11, P: [0.9375, 0.90625, 0.03125, 0.1875, 0.03125, 0.25, 0.53125, 0.1875, 0.59375, 0.0625, 0.15625, 0.5625, 0.0, 0.125, 0.40625, 0.65625, 0.25, 0.84375, 0.0625, 0.0]
[TRAIN]: (166/1600): reward: -7.884174168109894, rates: 8.115826015451278, loss: 1.8145608216524125, rho: 0.4000000000000001, transmit_actions: 10, P: [0.96875, 0.03125, 0.5625, 0.46875, 0.0625, 0.3125, 0.21875, 0.625, 0.5, 0.65625, 0.03125, 0.28125, 0.59375, 0.34375, 0.59375, 1.0, 0.0625, 0.4375, 0.21875, 0.8125]
[TRAIN]: (167/1600): reward: -8.458351388573647, rates: 5.5416483816436575, loss: 1.6669146955013274, rho: 0.4000000000000001, transmit_actions: 7, P: [0.3125, 0.03125, 0.96875, 0.25, 0.875, 0.90625, 0.46875, 0.5625, 0.8125, 0.53125, 0.46875, 0.40625, 0.78125, 0.5, 0.6875, 0.46875, 0.3125, 0.1875, 0.25, 0.40625]
[TRAIN]: (168/1600): reward: -13.737718343734741, rates: 0.26228166898043964, loss: 2.117030793428421, rho: 0.4000000000000001, transmit_actions: 9, P: [0.75, 0.75, 0.5, 0.125, 0.09375, 0.84375, 0.25, 0.09375, 0.75, 0.96875, 0.875, 0.3125, 0.78125, 0.75, 0.375, 0.875, 0.875, 0.6875, 0.65625, 0.71875]
[TRAIN]: (169/1600): reward: 3.274177074432373, rates: 15.274177067581668, loss: 1.8119367420673371, rho: 0.4000000000000001, transmit_actions: 9, P: [0.65625, 0.875, 0.9375, 0.875, 0.53125, 0.96875, 0.125, 0.09375, 0.5, 0.46875, 0.5625, 0.0625, 0.84375, 0.84375, 0.6875, 0.9375, 0.59375, 0.1875, 0.53125, 0.3125]
[TRAIN]: (170/1600): reward: -5.1706755347549915, rates: 9.829324363031416, loss: 1.6921362459659577, rho: 0.4000000000000001, transmit_actions: 10, P: [0.4375, 0.0625, 0.71875, 0.09375, 0.5625, 0.375, 0.84375, 0.59375, 0.40625, 0.34375, 0.84375, 0.0625, 0.34375, 0.25, 0.03125, 1.0, 0.375, 0.125, 0.65625, 0.46875]
[TRAIN]: (171/1600): reward: 1.0020103603601456, rates: 13.002009902337011, loss: 1.8475346207618712, rho: 0.4000000000000001, transmit_actions: 8, P: [0.25, 0.84375, 0.6875, 0.84375, 0.65625, 0.6875, 0.5625, 0.125, 0.03125, 0.25, 0.125, 0.6875, 0.90625, 0.40625, 0.625, 1.0, 0.21875, 0.625, 0.40625, 0.03125]
[TRAIN]: (172/1600): reward: -0.9057909250259399, rates: 12.094209415955625, loss: 1.7718517154455184, rho: 0.4000000000000001, transmit_actions: 11, P: [0.375, 0.9375, 0.28125, 0.625, 0.875, 0.25, 0.28125, 0.1875, 0.71875, 0.75, 0.84375, 0.15625, 1.0, 0.78125, 0.3125, 0.5, 0.0, 0.71875, 0.28125, 0.53125]
[TRAIN]: (173/1600): reward: -7.34050190448761, rates: 6.659498049286516, loss: 1.663929107785225, rho: 0.4000000000000001, transmit_actions: 7, P: [0.78125, 0.25, 0.40625, 0.5625, 0.28125, 0.59375, 0.34375, 0.5, 0.5, 0.6875, 0.625, 0.46875, 0.0, 0.21875, 0.78125, 0.53125, 0.53125, 0.90625, 0.03125, 0.03125]
[TRAIN]: (174/1600): reward: 0.8876320868730545, rates: 12.887632223716235, loss: 1.846958827972412, rho: 0.4000000000000001, transmit_actions: 13, P: [0.25, 0.09375, 0.28125, 0.875, 0.71875, 0.125, 0.96875, 0.53125, 0.3125, 1.0, 0.96875, 0.09375, 0.59375, 0.9375, 0.03125, 0.625, 0.375, 0.40625, 0.5625, 0.25]
[TRAIN]: (175/1600): reward: -9.14622974395752, rates: 5.853770034545138, loss: 1.8390730947256089, rho: 0.4000000000000001, transmit_actions: 13, P: [0.5, 1.0, 0.84375, 0.8125, 0.78125, 0.75, 0.78125, 0.53125, 1.0, 0.8125, 0.09375, 0.71875, 0.5625, 0.25, 0.15625, 0.3125, 0.84375, 0.90625, 0.71875, 0.28125]
[TRAIN]: (176/1600): reward: 2.5613365173339844, rates: 14.561336885012604, loss: 1.8117632746696473, rho: 0.4000000000000001, transmit_actions: 7, P: [0.25, 0.0625, 0.5625, 0.53125, 0.1875, 0.5625, 0.6875, 0.875, 0.71875, 0.96875, 0.84375, 0.03125, 0.09375, 0.15625, 0.65625, 0.5, 0.15625, 0.3125, 0.375, 0.875]
