[ENV]: Started init Environment
[ENV]: ACTIONS_SPACE: 66, [(0.0, 0.09375, 0.4), (0.0, 0.6875, 0.4), (1.0, 0.09375, 0.4), (1.0, 0.59375, 0.4), (0.0, 0.46875, 0.4), (0.0, 0.5625, 0.4), (0.0, 0.28125, 0.4), (1.0, 0.6875, 0.4), (0.0, 0.375, 0.4), (0.0, 0.1875, 0.4), (1.0, 0.0625, 0.4), (1.0, 0.5, 0.4), (0.0, 0.4375, 0.4), (1.0, 0.0, 0.4), (0.0, 0.25, 0.4), (1.0, 0.96875, 0.4), (0.0, 0.8125, 0.4), (1.0, 0.25, 0.4), (0.0, 0.125, 0.4), (0.0, 0.65625, 0.4), (1.0, 0.8125, 0.4), (1.0, 0.34375, 0.4), (0.0, 0.0, 0.4), (1.0, 0.1875, 0.4), (1.0, 1.0, 0.4), (0.0, 0.96875, 0.4), (1.0, 0.78125, 0.4), (0.0, 0.15625, 0.4), (1.0, 0.71875, 0.4), (0.0, 0.9375, 0.4), (1.0, 0.375, 0.4), (1.0, 0.40625, 0.4), (0.0, 0.75, 0.4), (0.0, 0.625, 0.4), (0.0, 0.90625, 0.4), (1.0, 0.75, 0.4), (0.0, 0.03125, 0.4), (1.0, 0.53125, 0.4), (0.0, 0.53125, 0.4), (1.0, 0.46875, 0.4), (0.0, 0.875, 0.4), (1.0, 0.03125, 0.4), (1.0, 0.90625, 0.4), (0.0, 1.0, 0.4), (0.0, 0.78125, 0.4), (1.0, 0.21875, 0.4), (0.0, 0.84375, 0.4), (1.0, 0.84375, 0.4), (1.0, 0.3125, 0.4), (1.0, 0.125, 0.4), (0.0, 0.0625, 0.4), (1.0, 0.875, 0.4), (0.0, 0.40625, 0.4), (1.0, 0.15625, 0.4), (0.0, 0.5, 0.4), (0.0, 0.59375, 0.4), (1.0, 0.65625, 0.4), (1.0, 0.28125, 0.4), (1.0, 0.5625, 0.4), (1.0, 0.4375, 0.4), (1.0, 0.9375, 0.4), (1.0, 0.625, 0.4), (0.0, 0.71875, 0.4), (0.0, 0.3125, 0.4), (0.0, 0.34375, 0.4), (0.0, 0.21875, 0.4)]
[ENV]: Finished init Environment
[TRAIN]: actions: 66, observations: 75
[TRAIN]: CUDA: True
[TRAIN]: (1/1600): reward: -57.0, rates: 0, loss: 0, rho: 0.4000000000000001
[TRAIN]: (2/1600): reward: -72.24543660879135, rates: 0.7545633940466778, loss: 0, rho: 0.4000000000000001
[TRAIN]: (3/1600): reward: -46.949941262602806, rates: 1.0500587435752116, loss: 0, rho: 0.4000000000000001
[TRAIN]: (4/1600): reward: -33.356783390045166, rates: 4.6432165037912165, loss: 8.798451872432933, rho: 0.4000000000000001
[TRAIN]: (5/1600): reward: -46.093361258506775, rates: 0.9066386792570618, loss: 6.65949273109436, rho: 0.4000000000000001
[TRAIN]: (6/1600): reward: -44.488521218299866, rates: 2.5114787198459614, loss: 4.676832544803619, rho: 0.4000000000000001
[TRAIN]: (7/1600): reward: -34.00611385703087, rates: 1.9938861223820212, loss: 2.73233847618103, rho: 0.4000000000000001
[TRAIN]: (8/1600): reward: -57.011959075927734, rates: 0.9880409907295628, loss: 1.7155043065547944, rho: 0.4000000000000001
[TRAIN]: (9/1600): reward: -23.772781670093536, rates: 3.2272182373487706, loss: 1.660825526714325, rho: 0.4000000000000001
[TRAIN]: (10/1600): reward: -45.23687335848808, rates: 1.7631267024646522, loss: 1.6595477163791656, rho: 0.4000000000000001
[TRAIN]: (11/1600): reward: -58.909475326538086, rates: 0.09052462437503654, loss: 1.7659232795238495, rho: 0.4000000000000001
[TRAIN]: (12/1600): reward: -63.926798701286316, rates: 1.0732012551298935, loss: 1.75974400639534, rho: 0.4000000000000001
[TRAIN]: (13/1600): reward: -40.66453868150711, rates: 0.3354612997393637, loss: 1.6284115582704544, rho: 0.4000000000000001
[TRAIN]: (14/1600): reward: -38.55391728878021, rates: 2.446082689165709, loss: 1.812181729078293, rho: 0.4000000000000001
[TRAIN]: (15/1600): reward: -38.895794451236725, rates: 1.1042054709905598, loss: 1.7530993461608886, rho: 0.4000000000000001
[TRAIN]: (16/1600): reward: -44.218656450510025, rates: 1.7813435088442986, loss: 1.6766763567924499, rho: 0.4000000000000001
[TRAIN]: (17/1600): reward: -63.16162699460983, rates: 0.8383729938866742, loss: 1.5461924046278, rho: 0.4000000000000001
[TRAIN]: (18/1600): reward: -48.313293397426605, rates: 0.6867066501435122, loss: 1.7427657067775726, rho: 0.4000000000000001
[TRAIN]: (19/1600): reward: -45.118874073028564, rates: 1.881125954218077, loss: 1.7317149579524993, rho: 0.4000000000000001
[TRAIN]: (20/1600): reward: -48.45187836885452, rates: 1.5481215793897303, loss: 1.7350934326648713, rho: 0.4000000000000001
[TRAIN]: (21/1600): reward: -53.62505728006363, rates: 0.3749427117640883, loss: 1.9426535487174987, rho: 0.4000000000000001
[TRAIN]: (22/1600): reward: -50.199310913681984, rates: 0.8006890845261956, loss: 1.7248373448848724, rho: 0.4000000000000001
[TRAIN]: (23/1600): reward: -70.84462803602219, rates: 1.1553720737169684, loss: 1.7750208616256713, rho: 0.4000000000000001
[TRAIN]: (24/1600): reward: -52.80518262088299, rates: 1.1948173695461008, loss: 1.7748176395893096, rho: 0.4000000000000001
[TRAIN]: (25/1600): reward: -65.05600881576538, rates: 0.9439910605049265, loss: 1.8952918529510498, rho: 0.4000000000000001
[TRAIN]: (26/1600): reward: -58.10252869129181, rates: 1.8974712666885019, loss: 1.7831689298152924, rho: 0.4000000000000001
[TRAIN]: (27/1600): reward: -41.604177832603455, rates: 0.395822180702868, loss: 1.8892701506614684, rho: 0.4000000000000001
[TRAIN]: (28/1600): reward: -45.5712354183197, rates: 0.42876449307786274, loss: 2.018836259841919, rho: 0.4000000000000001
[TRAIN]: (29/1600): reward: -63.82985043525696, rates: 0.170149581849692, loss: 1.985587340593338, rho: 0.4000000000000001
[TRAIN]: (30/1600): reward: -39.13163864612579, rates: 3.8683614991314195, loss: 1.6924674749374389, rho: 0.4000000000000001
[MAIN]: END
